2026-08-12T10:41:07.731969547Z
+------------------------------------------------------------------------------------------------+
| npu-smi 25.5.2                   Version: 25.5.2                                               |
+---------------------------+---------------+----------------------------------------------------+
| NPU   Name                | Health        | Power(W)    Temp(C)           Hugepages-Usage(page)|
| Chip                      | Bus-Id        | AICore(%)   Memory-Usage(MB)  HBM-Usage(MB)        |
+===========================+===============+====================================================+
| 4     910B4               | OK            | 92.6        47                0    / 0             |
| 0                         | 0000:01:00.0  | 0           0    / 0          30694/ 32768         |
+===========================+===============+====================================================+
| 5     910B4               | OK            | 91.3        47                0    / 0             |
| 0                         | 0000:02:00.0  | 0           0    / 0          30564/ 32768         |
+===========================+===============+====================================================+
+---------------------------+---------------+----------------------------------------------------+
| NPU     Chip              | Process id    | Process name             | Process memory(MB)      |
+===========================+===============+====================================================+
| 4       0                 | 132           | VLLMEngineCor            | 184                     |
| 4       0                 | 164           | VLLMWorker_TP            | 27738                   |
+===========================+===============+====================================================+
| 5       0                 | 189           | VLLMWorker_TP            | 27738                   |
+===========================+===============+====================================================+
2026-08-12T10:41:18.460784900Z
+------------------------------------------------------------------------------------------------+
| npu-smi 25.5.2                   Version: 25.5.2                                               |
+---------------------------+---------------+----------------------------------------------------+
| NPU   Name                | Health        | Power(W)    Temp(C)           Hugepages-Usage(page)|
| Chip                      | Bus-Id        | AICore(%)   Memory-Usage(MB)  HBM-Usage(MB)        |
+===========================+===============+====================================================+
| 4     910B4               | OK            | 92.4        47                0    / 0             |
| 0                         | 0000:01:00.0  | 0           0    / 0          30694/ 32768         |
+===========================+===============+====================================================+
| 5     910B4               | OK            | 90.9        45                0    / 0             |
| 0                         | 0000:02:00.0  | 0           0    / 0          30563/ 32768         |
+===========================+===============+====================================================+
+---------------------------+---------------+----------------------------------------------------+
| NPU     Chip              | Process id    | Process name             | Process memory(MB)      |
+===========================+===============+====================================================+
| 4       0                 | 132           | VLLMEngineCor            | 184                     |
| 4       0                 | 164           | VLLMWorker_TP            | 27738                   |
+===========================+===============+====================================================+
| 5       0                 | 189           | VLLMWorker_TP            | 27738                   |
+===========================+===============+====================================================+
2026-08-12T10:41:29.180179995Z
+------------------------------------------------------------------------------------------------+
| npu-smi 25.5.2                   Version: 25.5.2                                               |
+---------------------------+---------------+----------------------------------------------------+
| NPU   Name                | Health        | Power(W)    Temp(C)           Hugepages-Usage(page)|
| Chip                      | Bus-Id        | AICore(%)   Memory-Usage(MB)  HBM-Usage(MB)        |
+===========================+===============+====================================================+
| 4     910B4               | OK            | 92.2        47                0    / 0             |
| 0                         | 0000:01:00.0  | 0           0    / 0          30695/ 32768         |
+===========================+===============+====================================================+
| 5     910B4               | OK            | 91.2        45                0    / 0             |
| 0                         | 0000:02:00.0  | 0           0    / 0          30564/ 32768         |
+===========================+===============+====================================================+
+---------------------------+---------------+----------------------------------------------------+
| NPU     Chip              | Process id    | Process name             | Process memory(MB)      |
+===========================+===============+====================================================+
| 4       0                 | 132           | VLLMEngineCor            | 184                     |
| 4       0                 | 164           | VLLMWorker_TP            | 27738                   |
+===========================+===============+====================================================+
| 5       0                 | 189           | VLLMWorker_TP            | 27738                   |
+===========================+===============+====================================================+
2026-08-12T10:41:40.023762616Z
+------------------------------------------------------------------------------------------------+
| npu-smi 25.5.2                   Version: 25.5.2                                               |
+---------------------------+---------------+----------------------------------------------------+
| NPU   Name                | Health        | Power(W)    Temp(C)           Hugepages-Usage(page)|
| Chip                      | Bus-Id        | AICore(%)   Memory-Usage(MB)  HBM-Usage(MB)        |
+===========================+===============+====================================================+
| 4     910B4               | OK            | 99.8        47                0    / 0             |
| 0                         | 0000:01:00.0  | 0           0    / 0          30695/ 32768         |
+===========================+===============+====================================================+
| 5     910B4               | OK            | 97.7        45                0    / 0             |
| 0                         | 0000:02:00.0  | 0           0    / 0          30564/ 32768         |
+===========================+===============+====================================================+
+---------------------------+---------------+----------------------------------------------------+
| NPU     Chip              | Process id    | Process name             | Process memory(MB)      |
+===========================+===============+====================================================+
| 4       0                 | 132           | VLLMEngineCor            | 184                     |
| 4       0                 | 164           | VLLMWorker_TP            | 27738                   |
+===========================+===============+====================================================+
| 5       0                 | 189           | VLLMWorker_TP            | 27738                   |
+===========================+===============+====================================================+
2026-08-12T10:41:50.750832941Z
+------------------------------------------------------------------------------------------------+
| npu-smi 25.5.2                   Version: 25.5.2                                               |
+---------------------------+---------------+----------------------------------------------------+
| NPU   Name                | Health        | Power(W)    Temp(C)           Hugepages-Usage(page)|
| Chip                      | Bus-Id        | AICore(%)   Memory-Usage(MB)  HBM-Usage(MB)        |
+===========================+===============+====================================================+
| 4     910B4               | OK            | 101.3       47                0    / 0             |
| 0                         | 0000:01:00.0  | 0           0    / 0          30695/ 32768         |
+===========================+===============+====================================================+
| 5     910B4               | OK            | 98.7        45                0    / 0             |
| 0                         | 0000:02:00.0  | 6           0    / 0          30564/ 32768         |
+===========================+===============+====================================================+
+---------------------------+---------------+----------------------------------------------------+
| NPU     Chip              | Process id    | Process name             | Process memory(MB)      |
+===========================+===============+====================================================+
| 4       0                 | 132           | VLLMEngineCor            | 184                     |
| 4       0                 | 164           | VLLMWorker_TP            | 27738                   |
+===========================+===============+====================================================+
| 5       0                 | 189           | VLLMWorker_TP            | 27738                   |
+===========================+===============+====================================================+
2026-08-12T10:42:01.477607953Z
+------------------------------------------------------------------------------------------------+
| npu-smi 25.5.2                   Version: 25.5.2                                               |
+---------------------------+---------------+----------------------------------------------------+
| NPU   Name                | Health        | Power(W)    Temp(C)           Hugepages-Usage(page)|
| Chip                      | Bus-Id        | AICore(%)   Memory-Usage(MB)  HBM-Usage(MB)        |
+===========================+===============+====================================================+
| 4     910B4               | OK            | 94.9        47                0    / 0             |
| 0                         | 0000:01:00.0  | 0           0    / 0          30695/ 32768         |
+===========================+===============+====================================================+
| 5     910B4               | OK            | 91.8        45                0    / 0             |
| 0                         | 0000:02:00.0  | 0           0    / 0          30564/ 32768         |
+===========================+===============+====================================================+
+---------------------------+---------------+----------------------------------------------------+
| NPU     Chip              | Process id    | Process name             | Process memory(MB)      |
+===========================+===============+====================================================+
| 4       0                 | 132           | VLLMEngineCor            | 184                     |
| 4       0                 | 164           | VLLMWorker_TP            | 27738                   |
+===========================+===============+====================================================+
| 5       0                 | 189           | VLLMWorker_TP            | 27738                   |
+===========================+===============+====================================================+
