2026-08-12T11:01:26.650694311Z
+------------------------------------------------------------------------------------------------+
| npu-smi 25.5.2                   Version: 25.5.2                                               |
+---------------------------+---------------+----------------------------------------------------+
| NPU   Name                | Health        | Power(W)    Temp(C)           Hugepages-Usage(page)|
| Chip                      | Bus-Id        | AICore(%)   Memory-Usage(MB)  HBM-Usage(MB)        |
+===========================+===============+====================================================+
| 4     910B4               | OK            | 92.5        48                0    / 0             |
| 0                         | 0000:01:00.0  | 0           0    / 0          30692/ 32768         |
+===========================+===============+====================================================+
| 5     910B4               | OK            | 91.3        46                0    / 0             |
| 0                         | 0000:02:00.0  | 0           0    / 0          30561/ 32768         |
+===========================+===============+====================================================+
+---------------------------+---------------+----------------------------------------------------+
| NPU     Chip              | Process id    | Process name             | Process memory(MB)      |
+===========================+===============+====================================================+
| 4       0                 | 131           | VLLMEngineCor            | 184                     |
| 4       0                 | 171           | VLLMWorker_TP            | 27738                   |
+===========================+===============+====================================================+
| 5       0                 | 195           | VLLMWorker_TP            | 27738                   |
+===========================+===============+====================================================+
2026-08-12T11:01:37.419292658Z
+------------------------------------------------------------------------------------------------+
| npu-smi 25.5.2                   Version: 25.5.2                                               |
+---------------------------+---------------+----------------------------------------------------+
| NPU   Name                | Health        | Power(W)    Temp(C)           Hugepages-Usage(page)|
| Chip                      | Bus-Id        | AICore(%)   Memory-Usage(MB)  HBM-Usage(MB)        |
+===========================+===============+====================================================+
| 4     910B4               | OK            | 92.5        47                0    / 0             |
| 0                         | 0000:01:00.0  | 0           0    / 0          30692/ 32768         |
+===========================+===============+====================================================+
| 5     910B4               | OK            | 91.4        46                0    / 0             |
| 0                         | 0000:02:00.0  | 0           0    / 0          30561/ 32768         |
+===========================+===============+====================================================+
+---------------------------+---------------+----------------------------------------------------+
| NPU     Chip              | Process id    | Process name             | Process memory(MB)      |
+===========================+===============+====================================================+
| 4       0                 | 131           | VLLMEngineCor            | 184                     |
| 4       0                 | 171           | VLLMWorker_TP            | 27738                   |
+===========================+===============+====================================================+
| 5       0                 | 195           | VLLMWorker_TP            | 27738                   |
+===========================+===============+====================================================+
2026-08-12T11:01:48.145265527Z
+------------------------------------------------------------------------------------------------+
| npu-smi 25.5.2                   Version: 25.5.2                                               |
+---------------------------+---------------+----------------------------------------------------+
| NPU   Name                | Health        | Power(W)    Temp(C)           Hugepages-Usage(page)|
| Chip                      | Bus-Id        | AICore(%)   Memory-Usage(MB)  HBM-Usage(MB)        |
+===========================+===============+====================================================+
| 4     910B4               | OK            | 92.4        47                0    / 0             |
| 0                         | 0000:01:00.0  | 0           0    / 0          30692/ 32768         |
+===========================+===============+====================================================+
| 5     910B4               | OK            | 90.8        45                0    / 0             |
| 0                         | 0000:02:00.0  | 0           0    / 0          30561/ 32768         |
+===========================+===============+====================================================+
+---------------------------+---------------+----------------------------------------------------+
| NPU     Chip              | Process id    | Process name             | Process memory(MB)      |
+===========================+===============+====================================================+
| 4       0                 | 131           | VLLMEngineCor            | 184                     |
| 4       0                 | 171           | VLLMWorker_TP            | 27738                   |
+===========================+===============+====================================================+
| 5       0                 | 195           | VLLMWorker_TP            | 27738                   |
+===========================+===============+====================================================+
2026-08-12T11:01:58.881648939Z
+------------------------------------------------------------------------------------------------+
| npu-smi 25.5.2                   Version: 25.5.2                                               |
+---------------------------+---------------+----------------------------------------------------+
| NPU   Name                | Health        | Power(W)    Temp(C)           Hugepages-Usage(page)|
| Chip                      | Bus-Id        | AICore(%)   Memory-Usage(MB)  HBM-Usage(MB)        |
+===========================+===============+====================================================+
| 4     910B4               | OK            | 100.2       47                0    / 0             |
| 0                         | 0000:01:00.0  | 0           0    / 0          30692/ 32768         |
+===========================+===============+====================================================+
| 5     910B4               | OK            | 97.2        45                0    / 0             |
| 0                         | 0000:02:00.0  | 0           0    / 0          30561/ 32768         |
+===========================+===============+====================================================+
+---------------------------+---------------+----------------------------------------------------+
| NPU     Chip              | Process id    | Process name             | Process memory(MB)      |
+===========================+===============+====================================================+
| 4       0                 | 131           | VLLMEngineCor            | 184                     |
| 4       0                 | 171           | VLLMWorker_TP            | 27738                   |
+===========================+===============+====================================================+
| 5       0                 | 195           | VLLMWorker_TP            | 27738                   |
+===========================+===============+====================================================+
2026-08-12T11:02:09.619967960Z
+------------------------------------------------------------------------------------------------+
| npu-smi 25.5.2                   Version: 25.5.2                                               |
+---------------------------+---------------+----------------------------------------------------+
| NPU   Name                | Health        | Power(W)    Temp(C)           Hugepages-Usage(page)|
| Chip                      | Bus-Id        | AICore(%)   Memory-Usage(MB)  HBM-Usage(MB)        |
+===========================+===============+====================================================+
| 4     910B4               | OK            | 100.3       47                0    / 0             |
| 0                         | 0000:01:00.0  | 0           0    / 0          30691/ 32768         |
+===========================+===============+====================================================+
| 5     910B4               | OK            | 98.2        46                0    / 0             |
| 0                         | 0000:02:00.0  | 5           0    / 0          30561/ 32768         |
+===========================+===============+====================================================+
+---------------------------+---------------+----------------------------------------------------+
| NPU     Chip              | Process id    | Process name             | Process memory(MB)      |
+===========================+===============+====================================================+
| 4       0                 | 131           | VLLMEngineCor            | 184                     |
| 4       0                 | 171           | VLLMWorker_TP            | 27738                   |
+===========================+===============+====================================================+
| 5       0                 | 195           | VLLMWorker_TP            | 27738                   |
+===========================+===============+====================================================+
2026-08-12T11:02:20.351510127Z
+------------------------------------------------------------------------------------------------+
| npu-smi 25.5.2                   Version: 25.5.2                                               |
+---------------------------+---------------+----------------------------------------------------+
| NPU   Name                | Health        | Power(W)    Temp(C)           Hugepages-Usage(page)|
| Chip                      | Bus-Id        | AICore(%)   Memory-Usage(MB)  HBM-Usage(MB)        |
+===========================+===============+====================================================+
| 4     910B4               | OK            | 100.4       47                0    / 0             |
| 0                         | 0000:01:00.0  | 0           0    / 0          30692/ 32768         |
+===========================+===============+====================================================+
| 5     910B4               | OK            | 97.4        45                0    / 0             |
| 0                         | 0000:02:00.0  | 0           0    / 0          30561/ 32768         |
+===========================+===============+====================================================+
+---------------------------+---------------+----------------------------------------------------+
| NPU     Chip              | Process id    | Process name             | Process memory(MB)      |
+===========================+===============+====================================================+
| 4       0                 | 131           | VLLMEngineCor            | 184                     |
| 4       0                 | 171           | VLLMWorker_TP            | 27738                   |
+===========================+===============+====================================================+
| 5       0                 | 195           | VLLMWorker_TP            | 27738                   |
+===========================+===============+====================================================+
