2026-08-09T18:50:34.264340999Z
+------------------------------------------------------------------------------------------------+
| npu-smi 25.5.2                   Version: 25.5.2                                               |
+---------------------------+---------------+----------------------------------------------------+
| NPU   Name                | Health        | Power(W)    Temp(C)           Hugepages-Usage(page)|
| Chip                      | Bus-Id        | AICore(%)   Memory-Usage(MB)  HBM-Usage(MB)        |
+===========================+===============+====================================================+
| 1     910B4               | OK            | 83.3        43                0    / 0             |
| 0                         | 0000:C2:00.0  | 0           0    / 0          30694/ 32768         |
+===========================+===============+====================================================+
| 7     910B4               | OK            | 88.6        44                0    / 0             |
| 0                         | 0000:42:00.0  | 0           0    / 0          30564/ 32768         |
+===========================+===============+====================================================+
+---------------------------+---------------+----------------------------------------------------+
| NPU     Chip              | Process id    | Process name             | Process memory(MB)      |
+===========================+===============+====================================================+
| 1       0                 | 157           | VLLMWorker_TP            | 27738                   |
| 1       0                 | 125           | VLLMEngineCor            | 184                     |
+===========================+===============+====================================================+
| 7       0                 | 181           | VLLMWorker_TP            | 27738                   |
+===========================+===============+====================================================+
2026-08-09T18:50:45.015871347Z
+------------------------------------------------------------------------------------------------+
| npu-smi 25.5.2                   Version: 25.5.2                                               |
+---------------------------+---------------+----------------------------------------------------+
| NPU   Name                | Health        | Power(W)    Temp(C)           Hugepages-Usage(page)|
| Chip                      | Bus-Id        | AICore(%)   Memory-Usage(MB)  HBM-Usage(MB)        |
+===========================+===============+====================================================+
| 1     910B4               | OK            | 83.2        43                0    / 0             |
| 0                         | 0000:C2:00.0  | 0           0    / 0          30694/ 32768         |
+===========================+===============+====================================================+
| 7     910B4               | OK            | 88.5        44                0    / 0             |
| 0                         | 0000:42:00.0  | 0           0    / 0          30564/ 32768         |
+===========================+===============+====================================================+
+---------------------------+---------------+----------------------------------------------------+
| NPU     Chip              | Process id    | Process name             | Process memory(MB)      |
+===========================+===============+====================================================+
| 1       0                 | 157           | VLLMWorker_TP            | 27738                   |
| 1       0                 | 125           | VLLMEngineCor            | 184                     |
+===========================+===============+====================================================+
| 7       0                 | 181           | VLLMWorker_TP            | 27738                   |
+===========================+===============+====================================================+
2026-08-09T18:50:55.792647408Z
+------------------------------------------------------------------------------------------------+
| npu-smi 25.5.2                   Version: 25.5.2                                               |
+---------------------------+---------------+----------------------------------------------------+
| NPU   Name                | Health        | Power(W)    Temp(C)           Hugepages-Usage(page)|
| Chip                      | Bus-Id        | AICore(%)   Memory-Usage(MB)  HBM-Usage(MB)        |
+===========================+===============+====================================================+
| 1     910B4               | OK            | 83.4        43                0    / 0             |
| 0                         | 0000:C2:00.0  | 0           0    / 0          30694/ 32768         |
+===========================+===============+====================================================+
| 7     910B4               | OK            | 88.5        44                0    / 0             |
| 0                         | 0000:42:00.0  | 0           0    / 0          30564/ 32768         |
+===========================+===============+====================================================+
+---------------------------+---------------+----------------------------------------------------+
| NPU     Chip              | Process id    | Process name             | Process memory(MB)      |
+===========================+===============+====================================================+
| 1       0                 | 157           | VLLMWorker_TP            | 27738                   |
| 1       0                 | 125           | VLLMEngineCor            | 184                     |
+===========================+===============+====================================================+
| 7       0                 | 181           | VLLMWorker_TP            | 27738                   |
+===========================+===============+====================================================+
2026-08-09T18:51:06.572545144Z
+------------------------------------------------------------------------------------------------+
| npu-smi 25.5.2                   Version: 25.5.2                                               |
+---------------------------+---------------+----------------------------------------------------+
| NPU   Name                | Health        | Power(W)    Temp(C)           Hugepages-Usage(page)|
| Chip                      | Bus-Id        | AICore(%)   Memory-Usage(MB)  HBM-Usage(MB)        |
+===========================+===============+====================================================+
| 1     910B4               | OK            | 93.0        43                0    / 0             |
| 0                         | 0000:C2:00.0  | 19          0    / 0          30695/ 32768         |
+===========================+===============+====================================================+
| 7     910B4               | OK            | 97.9        45                0    / 0             |
| 0                         | 0000:42:00.0  | 8           0    / 0          30564/ 32768         |
+===========================+===============+====================================================+
+---------------------------+---------------+----------------------------------------------------+
| NPU     Chip              | Process id    | Process name             | Process memory(MB)      |
+===========================+===============+====================================================+
| 1       0                 | 157           | VLLMWorker_TP            | 27738                   |
| 1       0                 | 125           | VLLMEngineCor            | 184                     |
+===========================+===============+====================================================+
| 7       0                 | 181           | VLLMWorker_TP            | 27738                   |
+===========================+===============+====================================================+
2026-08-09T18:51:17.311284366Z
+------------------------------------------------------------------------------------------------+
| npu-smi 25.5.2                   Version: 25.5.2                                               |
+---------------------------+---------------+----------------------------------------------------+
| NPU   Name                | Health        | Power(W)    Temp(C)           Hugepages-Usage(page)|
| Chip                      | Bus-Id        | AICore(%)   Memory-Usage(MB)  HBM-Usage(MB)        |
+===========================+===============+====================================================+
| 1     910B4               | OK            | 97.1        43                0    / 0             |
| 0                         | 0000:C2:00.0  | 42          0    / 0          30694/ 32768         |
+===========================+===============+====================================================+
| 7     910B4               | OK            | 99.0        46                0    / 0             |
| 0                         | 0000:42:00.0  | 18          0    / 0          30564/ 32768         |
+===========================+===============+====================================================+
+---------------------------+---------------+----------------------------------------------------+
| NPU     Chip              | Process id    | Process name             | Process memory(MB)      |
+===========================+===============+====================================================+
| 1       0                 | 157           | VLLMWorker_TP            | 27738                   |
| 1       0                 | 125           | VLLMEngineCor            | 184                     |
+===========================+===============+====================================================+
| 7       0                 | 181           | VLLMWorker_TP            | 27738                   |
+===========================+===============+====================================================+
2026-08-09T18:51:28.040773198Z
+------------------------------------------------------------------------------------------------+
| npu-smi 25.5.2                   Version: 25.5.2                                               |
+---------------------------+---------------+----------------------------------------------------+
| NPU   Name                | Health        | Power(W)    Temp(C)           Hugepages-Usage(page)|
| Chip                      | Bus-Id        | AICore(%)   Memory-Usage(MB)  HBM-Usage(MB)        |
+===========================+===============+====================================================+
| 1     910B4               | OK            | 95.7        44                0    / 0             |
| 0                         | 0000:C2:00.0  | 34          0    / 0          30694/ 32768         |
+===========================+===============+====================================================+
| 7     910B4               | OK            | 99.5        46                0    / 0             |
| 0                         | 0000:42:00.0  | 14          0    / 0          30564/ 32768         |
+===========================+===============+====================================================+
+---------------------------+---------------+----------------------------------------------------+
| NPU     Chip              | Process id    | Process name             | Process memory(MB)      |
+===========================+===============+====================================================+
| 1       0                 | 157           | VLLMWorker_TP            | 27738                   |
| 1       0                 | 125           | VLLMEngineCor            | 184                     |
+===========================+===============+====================================================+
| 7       0                 | 181           | VLLMWorker_TP            | 27738                   |
+===========================+===============+====================================================+
2026-08-09T18:51:38.807901658Z
+------------------------------------------------------------------------------------------------+
| npu-smi 25.5.2                   Version: 25.5.2                                               |
+---------------------------+---------------+----------------------------------------------------+
| NPU   Name                | Health        | Power(W)    Temp(C)           Hugepages-Usage(page)|
| Chip                      | Bus-Id        | AICore(%)   Memory-Usage(MB)  HBM-Usage(MB)        |
+===========================+===============+====================================================+
| 1     910B4               | OK            | 92.0        43                0    / 0             |
| 0                         | 0000:C2:00.0  | 12          0    / 0          30694/ 32768         |
+===========================+===============+====================================================+
| 7     910B4               | OK            | 96.7        45                0    / 0             |
| 0                         | 0000:42:00.0  | 7           0    / 0          30564/ 32768         |
+===========================+===============+====================================================+
+---------------------------+---------------+----------------------------------------------------+
| NPU     Chip              | Process id    | Process name             | Process memory(MB)      |
+===========================+===============+====================================================+
| 1       0                 | 157           | VLLMWorker_TP            | 27738                   |
| 1       0                 | 125           | VLLMEngineCor            | 184                     |
+===========================+===============+====================================================+
| 7       0                 | 181           | VLLMWorker_TP            | 27738                   |
+===========================+===============+====================================================+
