2026-08-12T10:36:52.333294460Z
+------------------------------------------------------------------------------------------------+
| npu-smi 25.5.2                   Version: 25.5.2                                               |
+---------------------------+---------------+----------------------------------------------------+
| NPU   Name                | Health        | Power(W)    Temp(C)           Hugepages-Usage(page)|
| Chip                      | Bus-Id        | AICore(%)   Memory-Usage(MB)  HBM-Usage(MB)        |
+===========================+===============+====================================================+
| 4     910B4               | OK            | 92.3        47                0    / 0             |
| 0                         | 0000:01:00.0  | 0           0    / 0          30695/ 32768         |
+===========================+===============+====================================================+
| 5     910B4               | OK            | 90.5        45                0    / 0             |
| 0                         | 0000:02:00.0  | 0           0    / 0          30564/ 32768         |
+===========================+===============+====================================================+
+---------------------------+---------------+----------------------------------------------------+
| NPU     Chip              | Process id    | Process name             | Process memory(MB)      |
+===========================+===============+====================================================+
| 4       0                 | 132           | VLLMEngineCor            | 184                     |
| 4       0                 | 164           | VLLMWorker_TP            | 27738                   |
+===========================+===============+====================================================+
| 5       0                 | 189           | VLLMWorker_TP            | 27738                   |
+===========================+===============+====================================================+
2026-08-12T10:37:03.093297452Z
+------------------------------------------------------------------------------------------------+
| npu-smi 25.5.2                   Version: 25.5.2                                               |
+---------------------------+---------------+----------------------------------------------------+
| NPU   Name                | Health        | Power(W)    Temp(C)           Hugepages-Usage(page)|
| Chip                      | Bus-Id        | AICore(%)   Memory-Usage(MB)  HBM-Usage(MB)        |
+===========================+===============+====================================================+
| 4     910B4               | OK            | 92.1        47                0    / 0             |
| 0                         | 0000:01:00.0  | 0           0    / 0          30695/ 32768         |
+===========================+===============+====================================================+
| 5     910B4               | OK            | 90.5        44                0    / 0             |
| 0                         | 0000:02:00.0  | 0           0    / 0          30564/ 32768         |
+===========================+===============+====================================================+
+---------------------------+---------------+----------------------------------------------------+
| NPU     Chip              | Process id    | Process name             | Process memory(MB)      |
+===========================+===============+====================================================+
| 4       0                 | 132           | VLLMEngineCor            | 184                     |
| 4       0                 | 164           | VLLMWorker_TP            | 27738                   |
+===========================+===============+====================================================+
| 5       0                 | 189           | VLLMWorker_TP            | 27738                   |
+===========================+===============+====================================================+
2026-08-12T10:37:13.887563201Z
+------------------------------------------------------------------------------------------------+
| npu-smi 25.5.2                   Version: 25.5.2                                               |
+---------------------------+---------------+----------------------------------------------------+
| NPU   Name                | Health        | Power(W)    Temp(C)           Hugepages-Usage(page)|
| Chip                      | Bus-Id        | AICore(%)   Memory-Usage(MB)  HBM-Usage(MB)        |
+===========================+===============+====================================================+
| 4     910B4               | OK            | 92.1        47                0    / 0             |
| 0                         | 0000:01:00.0  | 0           0    / 0          30695/ 32768         |
+===========================+===============+====================================================+
| 5     910B4               | OK            | 90.5        45                0    / 0             |
| 0                         | 0000:02:00.0  | 0           0    / 0          30564/ 32768         |
+===========================+===============+====================================================+
+---------------------------+---------------+----------------------------------------------------+
| NPU     Chip              | Process id    | Process name             | Process memory(MB)      |
+===========================+===============+====================================================+
| 4       0                 | 132           | VLLMEngineCor            | 184                     |
| 4       0                 | 164           | VLLMWorker_TP            | 27738                   |
+===========================+===============+====================================================+
| 5       0                 | 189           | VLLMWorker_TP            | 27738                   |
+===========================+===============+====================================================+
2026-08-12T10:37:24.605066426Z
+------------------------------------------------------------------------------------------------+
| npu-smi 25.5.2                   Version: 25.5.2                                               |
+---------------------------+---------------+----------------------------------------------------+
| NPU   Name                | Health        | Power(W)    Temp(C)           Hugepages-Usage(page)|
| Chip                      | Bus-Id        | AICore(%)   Memory-Usage(MB)  HBM-Usage(MB)        |
+===========================+===============+====================================================+
| 4     910B4               | OK            | 102.2       47                0    / 0             |
| 0                         | 0000:01:00.0  | 7           0    / 0          30694/ 32768         |
+===========================+===============+====================================================+
| 5     910B4               | OK            | 99.3        45                0    / 0             |
| 0                         | 0000:02:00.0  | 7           0    / 0          30564/ 32768         |
+===========================+===============+====================================================+
+---------------------------+---------------+----------------------------------------------------+
| NPU     Chip              | Process id    | Process name             | Process memory(MB)      |
+===========================+===============+====================================================+
| 4       0                 | 132           | VLLMEngineCor            | 184                     |
| 4       0                 | 164           | VLLMWorker_TP            | 27738                   |
+===========================+===============+====================================================+
| 5       0                 | 189           | VLLMWorker_TP            | 27738                   |
+===========================+===============+====================================================+
2026-08-12T10:37:35.314545370Z
+------------------------------------------------------------------------------------------------+
| npu-smi 25.5.2                   Version: 25.5.2                                               |
+---------------------------+---------------+----------------------------------------------------+
| NPU   Name                | Health        | Power(W)    Temp(C)           Hugepages-Usage(page)|
| Chip                      | Bus-Id        | AICore(%)   Memory-Usage(MB)  HBM-Usage(MB)        |
+===========================+===============+====================================================+
| 4     910B4               | OK            | 104.7       47                0    / 0             |
| 0                         | 0000:01:00.0  | 15          0    / 0          30694/ 32768         |
+===========================+===============+====================================================+
| 5     910B4               | OK            | 105.3       45                0    / 0             |
| 0                         | 0000:02:00.0  | 14          0    / 0          30564/ 32768         |
+===========================+===============+====================================================+
+---------------------------+---------------+----------------------------------------------------+
| NPU     Chip              | Process id    | Process name             | Process memory(MB)      |
+===========================+===============+====================================================+
| 4       0                 | 132           | VLLMEngineCor            | 184                     |
| 4       0                 | 164           | VLLMWorker_TP            | 27738                   |
+===========================+===============+====================================================+
| 5       0                 | 189           | VLLMWorker_TP            | 27738                   |
+===========================+===============+====================================================+
2026-08-12T10:37:46.097441880Z
+------------------------------------------------------------------------------------------------+
| npu-smi 25.5.2                   Version: 25.5.2                                               |
+---------------------------+---------------+----------------------------------------------------+
| NPU   Name                | Health        | Power(W)    Temp(C)           Hugepages-Usage(page)|
| Chip                      | Bus-Id        | AICore(%)   Memory-Usage(MB)  HBM-Usage(MB)        |
+===========================+===============+====================================================+
| 4     910B4               | OK            | 106.5       47                0    / 0             |
| 0                         | 0000:01:00.0  | 16          0    / 0          30695/ 32768         |
+===========================+===============+====================================================+
| 5     910B4               | OK            | 104.2       45                0    / 0             |
| 0                         | 0000:02:00.0  | 18          0    / 0          30564/ 32768         |
+===========================+===============+====================================================+
+---------------------------+---------------+----------------------------------------------------+
| NPU     Chip              | Process id    | Process name             | Process memory(MB)      |
+===========================+===============+====================================================+
| 4       0                 | 132           | VLLMEngineCor            | 184                     |
| 4       0                 | 164           | VLLMWorker_TP            | 27738                   |
+===========================+===============+====================================================+
| 5       0                 | 189           | VLLMWorker_TP            | 27738                   |
+===========================+===============+====================================================+
2026-08-12T10:37:56.827373559Z
+------------------------------------------------------------------------------------------------+
| npu-smi 25.5.2                   Version: 25.5.2                                               |
+---------------------------+---------------+----------------------------------------------------+
| NPU   Name                | Health        | Power(W)    Temp(C)           Hugepages-Usage(page)|
| Chip                      | Bus-Id        | AICore(%)   Memory-Usage(MB)  HBM-Usage(MB)        |
+===========================+===============+====================================================+
| 4     910B4               | OK            | 106.4       47                0    / 0             |
| 0                         | 0000:01:00.0  | 19          0    / 0          30694/ 32768         |
+===========================+===============+====================================================+
| 5     910B4               | OK            | 104.1       46                0    / 0             |
| 0                         | 0000:02:00.0  | 17          0    / 0          30564/ 32768         |
+===========================+===============+====================================================+
+---------------------------+---------------+----------------------------------------------------+
| NPU     Chip              | Process id    | Process name             | Process memory(MB)      |
+===========================+===============+====================================================+
| 4       0                 | 132           | VLLMEngineCor            | 184                     |
| 4       0                 | 164           | VLLMWorker_TP            | 27738                   |
+===========================+===============+====================================================+
| 5       0                 | 189           | VLLMWorker_TP            | 27738                   |
+===========================+===============+====================================================+
2026-08-12T10:38:07.603659535Z
+------------------------------------------------------------------------------------------------+
| npu-smi 25.5.2                   Version: 25.5.2                                               |
+---------------------------+---------------+----------------------------------------------------+
| NPU   Name                | Health        | Power(W)    Temp(C)           Hugepages-Usage(page)|
| Chip                      | Bus-Id        | AICore(%)   Memory-Usage(MB)  HBM-Usage(MB)        |
+===========================+===============+====================================================+
| 4     910B4               | OK            | 105.3       47                0    / 0             |
| 0                         | 0000:01:00.0  | 16          0    / 0          30694/ 32768         |
+===========================+===============+====================================================+
| 5     910B4               | OK            | 103.8       46                0    / 0             |
| 0                         | 0000:02:00.0  | 18          0    / 0          30564/ 32768         |
+===========================+===============+====================================================+
+---------------------------+---------------+----------------------------------------------------+
| NPU     Chip              | Process id    | Process name             | Process memory(MB)      |
+===========================+===============+====================================================+
| 4       0                 | 132           | VLLMEngineCor            | 184                     |
| 4       0                 | 164           | VLLMWorker_TP            | 27738                   |
+===========================+===============+====================================================+
| 5       0                 | 189           | VLLMWorker_TP            | 27738                   |
+===========================+===============+====================================================+
2026-08-12T10:38:18.441243175Z
+------------------------------------------------------------------------------------------------+
| npu-smi 25.5.2                   Version: 25.5.2                                               |
+---------------------------+---------------+----------------------------------------------------+
| NPU   Name                | Health        | Power(W)    Temp(C)           Hugepages-Usage(page)|
| Chip                      | Bus-Id        | AICore(%)   Memory-Usage(MB)  HBM-Usage(MB)        |
+===========================+===============+====================================================+
| 4     910B4               | OK            | 102.2       47                0    / 0             |
| 0                         | 0000:01:00.0  | 0           0    / 0          30695/ 32768         |
+===========================+===============+====================================================+
| 5     910B4               | OK            | 98.3        46                0    / 0             |
| 0                         | 0000:02:00.0  | 0           0    / 0          30564/ 32768         |
+===========================+===============+====================================================+
+---------------------------+---------------+----------------------------------------------------+
| NPU     Chip              | Process id    | Process name             | Process memory(MB)      |
+===========================+===============+====================================================+
| 4       0                 | 132           | VLLMEngineCor            | 184                     |
| 4       0                 | 164           | VLLMWorker_TP            | 27738                   |
+===========================+===============+====================================================+
| 5       0                 | 189           | VLLMWorker_TP            | 27738                   |
+===========================+===============+====================================================+
2026-08-12T10:38:29.344441162Z
+------------------------------------------------------------------------------------------------+
| npu-smi 25.5.2                   Version: 25.5.2                                               |
+---------------------------+---------------+----------------------------------------------------+
| NPU   Name                | Health        | Power(W)    Temp(C)           Hugepages-Usage(page)|
| Chip                      | Bus-Id        | AICore(%)   Memory-Usage(MB)  HBM-Usage(MB)        |
+===========================+===============+====================================================+
| 4     910B4               | OK            | 105.9       48                0    / 0             |
| 0                         | 0000:01:00.0  | 18          0    / 0          30694/ 32768         |
+===========================+===============+====================================================+
| 5     910B4               | OK            | 105.7       46                0    / 0             |
| 0                         | 0000:02:00.0  | 18          0    / 0          30564/ 32768         |
+===========================+===============+====================================================+
+---------------------------+---------------+----------------------------------------------------+
| NPU     Chip              | Process id    | Process name             | Process memory(MB)      |
+===========================+===============+====================================================+
| 4       0                 | 132           | VLLMEngineCor            | 184                     |
| 4       0                 | 164           | VLLMWorker_TP            | 27738                   |
+===========================+===============+====================================================+
| 5       0                 | 189           | VLLMWorker_TP            | 27738                   |
+===========================+===============+====================================================+
2026-08-12T10:38:40.177582039Z
+------------------------------------------------------------------------------------------------+
| npu-smi 25.5.2                   Version: 25.5.2                                               |
+---------------------------+---------------+----------------------------------------------------+
| NPU   Name                | Health        | Power(W)    Temp(C)           Hugepages-Usage(page)|
| Chip                      | Bus-Id        | AICore(%)   Memory-Usage(MB)  HBM-Usage(MB)        |
+===========================+===============+====================================================+
| 4     910B4               | OK            | 105.8       48                0    / 0             |
| 0                         | 0000:01:00.0  | 15          0    / 0          30695/ 32768         |
+===========================+===============+====================================================+
| 5     910B4               | OK            | 104.2       47                0    / 0             |
| 0                         | 0000:02:00.0  | 15          0    / 0          30564/ 32768         |
+===========================+===============+====================================================+
+---------------------------+---------------+----------------------------------------------------+
| NPU     Chip              | Process id    | Process name             | Process memory(MB)      |
+===========================+===============+====================================================+
| 4       0                 | 132           | VLLMEngineCor            | 184                     |
| 4       0                 | 164           | VLLMWorker_TP            | 27738                   |
+===========================+===============+====================================================+
| 5       0                 | 189           | VLLMWorker_TP            | 27738                   |
+===========================+===============+====================================================+
2026-08-12T10:38:50.946187976Z
+------------------------------------------------------------------------------------------------+
| npu-smi 25.5.2                   Version: 25.5.2                                               |
+---------------------------+---------------+----------------------------------------------------+
| NPU   Name                | Health        | Power(W)    Temp(C)           Hugepages-Usage(page)|
| Chip                      | Bus-Id        | AICore(%)   Memory-Usage(MB)  HBM-Usage(MB)        |
+===========================+===============+====================================================+
| 4     910B4               | OK            | 106.6       47                0    / 0             |
| 0                         | 0000:01:00.0  | 17          0    / 0          30695/ 32768         |
+===========================+===============+====================================================+
| 5     910B4               | OK            | 104.9       47                0    / 0             |
| 0                         | 0000:02:00.0  | 14          0    / 0          30564/ 32768         |
+===========================+===============+====================================================+
+---------------------------+---------------+----------------------------------------------------+
| NPU     Chip              | Process id    | Process name             | Process memory(MB)      |
+===========================+===============+====================================================+
| 4       0                 | 132           | VLLMEngineCor            | 184                     |
| 4       0                 | 164           | VLLMWorker_TP            | 27738                   |
+===========================+===============+====================================================+
| 5       0                 | 189           | VLLMWorker_TP            | 27738                   |
+===========================+===============+====================================================+
2026-08-12T10:39:01.738428434Z
+------------------------------------------------------------------------------------------------+
| npu-smi 25.5.2                   Version: 25.5.2                                               |
+---------------------------+---------------+----------------------------------------------------+
| NPU   Name                | Health        | Power(W)    Temp(C)           Hugepages-Usage(page)|
| Chip                      | Bus-Id        | AICore(%)   Memory-Usage(MB)  HBM-Usage(MB)        |
+===========================+===============+====================================================+
| 4     910B4               | OK            | 106.4       48                0    / 0             |
| 0                         | 0000:01:00.0  | 15          0    / 0          30695/ 32768         |
+===========================+===============+====================================================+
| 5     910B4               | OK            | 105.0       47                0    / 0             |
| 0                         | 0000:02:00.0  | 15          0    / 0          30564/ 32768         |
+===========================+===============+====================================================+
+---------------------------+---------------+----------------------------------------------------+
| NPU     Chip              | Process id    | Process name             | Process memory(MB)      |
+===========================+===============+====================================================+
| 4       0                 | 132           | VLLMEngineCor            | 184                     |
| 4       0                 | 164           | VLLMWorker_TP            | 27738                   |
+===========================+===============+====================================================+
| 5       0                 | 189           | VLLMWorker_TP            | 27738                   |
+===========================+===============+====================================================+
2026-08-12T10:39:12.485260669Z
+------------------------------------------------------------------------------------------------+
| npu-smi 25.5.2                   Version: 25.5.2                                               |
+---------------------------+---------------+----------------------------------------------------+
| NPU   Name                | Health        | Power(W)    Temp(C)           Hugepages-Usage(page)|
| Chip                      | Bus-Id        | AICore(%)   Memory-Usage(MB)  HBM-Usage(MB)        |
+===========================+===============+====================================================+
| 4     910B4               | OK            | 107.7       47                0    / 0             |
| 0                         | 0000:01:00.0  | 16          0    / 0          30695/ 32768         |
+===========================+===============+====================================================+
| 5     910B4               | OK            | 106.0       47                0    / 0             |
| 0                         | 0000:02:00.0  | 16          0    / 0          30564/ 32768         |
+===========================+===============+====================================================+
+---------------------------+---------------+----------------------------------------------------+
| NPU     Chip              | Process id    | Process name             | Process memory(MB)      |
+===========================+===============+====================================================+
| 4       0                 | 132           | VLLMEngineCor            | 184                     |
| 4       0                 | 164           | VLLMWorker_TP            | 27738                   |
+===========================+===============+====================================================+
| 5       0                 | 189           | VLLMWorker_TP            | 27738                   |
+===========================+===============+====================================================+
2026-08-12T10:39:23.207301558Z
+------------------------------------------------------------------------------------------------+
| npu-smi 25.5.2                   Version: 25.5.2                                               |
+---------------------------+---------------+----------------------------------------------------+
| NPU   Name                | Health        | Power(W)    Temp(C)           Hugepages-Usage(page)|
| Chip                      | Bus-Id        | AICore(%)   Memory-Usage(MB)  HBM-Usage(MB)        |
+===========================+===============+====================================================+
| 4     910B4               | OK            | 108.3       48                0    / 0             |
| 0                         | 0000:01:00.0  | 18          0    / 0          30695/ 32768         |
+===========================+===============+====================================================+
| 5     910B4               | OK            | 102.5       47                0    / 0             |
| 0                         | 0000:02:00.0  | 14          0    / 0          30564/ 32768         |
+===========================+===============+====================================================+
+---------------------------+---------------+----------------------------------------------------+
| NPU     Chip              | Process id    | Process name             | Process memory(MB)      |
+===========================+===============+====================================================+
| 4       0                 | 132           | VLLMEngineCor            | 184                     |
| 4       0                 | 164           | VLLMWorker_TP            | 27738                   |
+===========================+===============+====================================================+
| 5       0                 | 189           | VLLMWorker_TP            | 27738                   |
+===========================+===============+====================================================+
2026-08-12T10:39:33.954753266Z
+------------------------------------------------------------------------------------------------+
| npu-smi 25.5.2                   Version: 25.5.2                                               |
+---------------------------+---------------+----------------------------------------------------+
| NPU   Name                | Health        | Power(W)    Temp(C)           Hugepages-Usage(page)|
| Chip                      | Bus-Id        | AICore(%)   Memory-Usage(MB)  HBM-Usage(MB)        |
+===========================+===============+====================================================+
| 4     910B4               | OK            | 106.3       47                0    / 0             |
| 0                         | 0000:01:00.0  | 18          0    / 0          30694/ 32768         |
+===========================+===============+====================================================+
| 5     910B4               | OK            | 103.4       46                0    / 0             |
| 0                         | 0000:02:00.0  | 18          0    / 0          30564/ 32768         |
+===========================+===============+====================================================+
+---------------------------+---------------+----------------------------------------------------+
| NPU     Chip              | Process id    | Process name             | Process memory(MB)      |
+===========================+===============+====================================================+
| 4       0                 | 132           | VLLMEngineCor            | 184                     |
| 4       0                 | 164           | VLLMWorker_TP            | 27738                   |
+===========================+===============+====================================================+
| 5       0                 | 189           | VLLMWorker_TP            | 27738                   |
+===========================+===============+====================================================+
2026-08-12T10:39:44.704149685Z
+------------------------------------------------------------------------------------------------+
| npu-smi 25.5.2                   Version: 25.5.2                                               |
+---------------------------+---------------+----------------------------------------------------+
| NPU   Name                | Health        | Power(W)    Temp(C)           Hugepages-Usage(page)|
| Chip                      | Bus-Id        | AICore(%)   Memory-Usage(MB)  HBM-Usage(MB)        |
+===========================+===============+====================================================+
| 4     910B4               | OK            | 107.4       48                0    / 0             |
| 0                         | 0000:01:00.0  | 18          0    / 0          30695/ 32768         |
+===========================+===============+====================================================+
| 5     910B4               | OK            | 104.9       47                0    / 0             |
| 0                         | 0000:02:00.0  | 17          0    / 0          30564/ 32768         |
+===========================+===============+====================================================+
+---------------------------+---------------+----------------------------------------------------+
| NPU     Chip              | Process id    | Process name             | Process memory(MB)      |
+===========================+===============+====================================================+
| 4       0                 | 132           | VLLMEngineCor            | 184                     |
| 4       0                 | 164           | VLLMWorker_TP            | 27738                   |
+===========================+===============+====================================================+
| 5       0                 | 189           | VLLMWorker_TP            | 27738                   |
+===========================+===============+====================================================+
2026-08-12T10:39:55.437206480Z
+------------------------------------------------------------------------------------------------+
| npu-smi 25.5.2                   Version: 25.5.2                                               |
+---------------------------+---------------+----------------------------------------------------+
| NPU   Name                | Health        | Power(W)    Temp(C)           Hugepages-Usage(page)|
| Chip                      | Bus-Id        | AICore(%)   Memory-Usage(MB)  HBM-Usage(MB)        |
+===========================+===============+====================================================+
| 4     910B4               | OK            | 105.5       47                0    / 0             |
| 0                         | 0000:01:00.0  | 14          0    / 0          30695/ 32768         |
+===========================+===============+====================================================+
| 5     910B4               | OK            | 101.5       47                0    / 0             |
| 0                         | 0000:02:00.0  | 0           0    / 0          30564/ 32768         |
+===========================+===============+====================================================+
+---------------------------+---------------+----------------------------------------------------+
| NPU     Chip              | Process id    | Process name             | Process memory(MB)      |
+===========================+===============+====================================================+
| 4       0                 | 132           | VLLMEngineCor            | 184                     |
| 4       0                 | 164           | VLLMWorker_TP            | 27738                   |
+===========================+===============+====================================================+
| 5       0                 | 189           | VLLMWorker_TP            | 27738                   |
+===========================+===============+====================================================+
2026-08-12T10:40:06.168740727Z
+------------------------------------------------------------------------------------------------+
| npu-smi 25.5.2                   Version: 25.5.2                                               |
+---------------------------+---------------+----------------------------------------------------+
| NPU   Name                | Health        | Power(W)    Temp(C)           Hugepages-Usage(page)|
| Chip                      | Bus-Id        | AICore(%)   Memory-Usage(MB)  HBM-Usage(MB)        |
+===========================+===============+====================================================+
| 4     910B4               | OK            | 110.3       48                0    / 0             |
| 0                         | 0000:01:00.0  | 18          0    / 0          30695/ 32768         |
+===========================+===============+====================================================+
| 5     910B4               | OK            | 104.2       47                0    / 0             |
| 0                         | 0000:02:00.0  | 16          0    / 0          30564/ 32768         |
+===========================+===============+====================================================+
+---------------------------+---------------+----------------------------------------------------+
| NPU     Chip              | Process id    | Process name             | Process memory(MB)      |
+===========================+===============+====================================================+
| 4       0                 | 132           | VLLMEngineCor            | 184                     |
| 4       0                 | 164           | VLLMWorker_TP            | 27738                   |
+===========================+===============+====================================================+
| 5       0                 | 189           | VLLMWorker_TP            | 27738                   |
+===========================+===============+====================================================+
2026-08-12T10:40:16.924371557Z
+------------------------------------------------------------------------------------------------+
| npu-smi 25.5.2                   Version: 25.5.2                                               |
+---------------------------+---------------+----------------------------------------------------+
| NPU   Name                | Health        | Power(W)    Temp(C)           Hugepages-Usage(page)|
| Chip                      | Bus-Id        | AICore(%)   Memory-Usage(MB)  HBM-Usage(MB)        |
+===========================+===============+====================================================+
| 4     910B4               | OK            | 106.5       48                0    / 0             |
| 0                         | 0000:01:00.0  | 15          0    / 0          30695/ 32768         |
+===========================+===============+====================================================+
| 5     910B4               | OK            | 103.9       47                0    / 0             |
| 0                         | 0000:02:00.0  | 13          0    / 0          30564/ 32768         |
+===========================+===============+====================================================+
+---------------------------+---------------+----------------------------------------------------+
| NPU     Chip              | Process id    | Process name             | Process memory(MB)      |
+===========================+===============+====================================================+
| 4       0                 | 132           | VLLMEngineCor            | 184                     |
| 4       0                 | 164           | VLLMWorker_TP            | 27738                   |
+===========================+===============+====================================================+
| 5       0                 | 189           | VLLMWorker_TP            | 27738                   |
+===========================+===============+====================================================+
2026-08-12T10:40:27.672225548Z
+------------------------------------------------------------------------------------------------+
| npu-smi 25.5.2                   Version: 25.5.2                                               |
+---------------------------+---------------+----------------------------------------------------+
| NPU   Name                | Health        | Power(W)    Temp(C)           Hugepages-Usage(page)|
| Chip                      | Bus-Id        | AICore(%)   Memory-Usage(MB)  HBM-Usage(MB)        |
+===========================+===============+====================================================+
| 4     910B4               | OK            | 107.2       48                0    / 0             |
| 0                         | 0000:01:00.0  | 16          0    / 0          30694/ 32768         |
+===========================+===============+====================================================+
| 5     910B4               | OK            | 105.5       47                0    / 0             |
| 0                         | 0000:02:00.0  | 16          0    / 0          30564/ 32768         |
+===========================+===============+====================================================+
+---------------------------+---------------+----------------------------------------------------+
| NPU     Chip              | Process id    | Process name             | Process memory(MB)      |
+===========================+===============+====================================================+
| 4       0                 | 132           | VLLMEngineCor            | 184                     |
| 4       0                 | 164           | VLLMWorker_TP            | 27738                   |
+===========================+===============+====================================================+
| 5       0                 | 189           | VLLMWorker_TP            | 27738                   |
+===========================+===============+====================================================+
2026-08-12T10:40:38.400571549Z
+------------------------------------------------------------------------------------------------+
| npu-smi 25.5.2                   Version: 25.5.2                                               |
+---------------------------+---------------+----------------------------------------------------+
| NPU   Name                | Health        | Power(W)    Temp(C)           Hugepages-Usage(page)|
| Chip                      | Bus-Id        | AICore(%)   Memory-Usage(MB)  HBM-Usage(MB)        |
+===========================+===============+====================================================+
| 4     910B4               | OK            | 106.1       48                0    / 0             |
| 0                         | 0000:01:00.0  | 15          0    / 0          30694/ 32768         |
+===========================+===============+====================================================+
| 5     910B4               | OK            | 104.2       47                0    / 0             |
| 0                         | 0000:02:00.0  | 13          0    / 0          30564/ 32768         |
+===========================+===============+====================================================+
+---------------------------+---------------+----------------------------------------------------+
| NPU     Chip              | Process id    | Process name             | Process memory(MB)      |
+===========================+===============+====================================================+
| 4       0                 | 132           | VLLMEngineCor            | 184                     |
| 4       0                 | 164           | VLLMWorker_TP            | 27738                   |
+===========================+===============+====================================================+
| 5       0                 | 189           | VLLMWorker_TP            | 27738                   |
+===========================+===============+====================================================+
2026-08-12T10:40:49.146484300Z
+------------------------------------------------------------------------------------------------+
| npu-smi 25.5.2                   Version: 25.5.2                                               |
+---------------------------+---------------+----------------------------------------------------+
| NPU   Name                | Health        | Power(W)    Temp(C)           Hugepages-Usage(page)|
| Chip                      | Bus-Id        | AICore(%)   Memory-Usage(MB)  HBM-Usage(MB)        |
+===========================+===============+====================================================+
| 4     910B4               | OK            | 105.5       48                0    / 0             |
| 0                         | 0000:01:00.0  | 11          0    / 0          30694/ 32768         |
+===========================+===============+====================================================+
| 5     910B4               | OK            | 102.7       47                0    / 0             |
| 0                         | 0000:02:00.0  | 13          0    / 0          30564/ 32768         |
+===========================+===============+====================================================+
+---------------------------+---------------+----------------------------------------------------+
| NPU     Chip              | Process id    | Process name             | Process memory(MB)      |
+===========================+===============+====================================================+
| 4       0                 | 132           | VLLMEngineCor            | 184                     |
| 4       0                 | 164           | VLLMWorker_TP            | 27738                   |
+===========================+===============+====================================================+
| 5       0                 | 189           | VLLMWorker_TP            | 27738                   |
+===========================+===============+====================================================+
2026-08-12T10:40:59.876326228Z
+------------------------------------------------------------------------------------------------+
| npu-smi 25.5.2                   Version: 25.5.2                                               |
+---------------------------+---------------+----------------------------------------------------+
| NPU   Name                | Health        | Power(W)    Temp(C)           Hugepages-Usage(page)|
| Chip                      | Bus-Id        | AICore(%)   Memory-Usage(MB)  HBM-Usage(MB)        |
+===========================+===============+====================================================+
| 4     910B4               | OK            | 92.6        48                0    / 0             |
| 0                         | 0000:01:00.0  | 0           0    / 0          30695/ 32768         |
+===========================+===============+====================================================+
| 5     910B4               | OK            | 91.5        47                0    / 0             |
| 0                         | 0000:02:00.0  | 0           0    / 0          30564/ 32768         |
+===========================+===============+====================================================+
+---------------------------+---------------+----------------------------------------------------+
| NPU     Chip              | Process id    | Process name             | Process memory(MB)      |
+===========================+===============+====================================================+
| 4       0                 | 132           | VLLMEngineCor            | 184                     |
| 4       0                 | 164           | VLLMWorker_TP            | 27738                   |
+===========================+===============+====================================================+
| 5       0                 | 189           | VLLMWorker_TP            | 27738                   |
+===========================+===============+====================================================+
