2026-08-12T14:07:34.423396145Z
+------------------------------------------------------------------------------------------------+
| npu-smi 25.5.2                   Version: 25.5.2                                               |
+---------------------------+---------------+----------------------------------------------------+
| NPU   Name                | Health        | Power(W)    Temp(C)           Hugepages-Usage(page)|
| Chip                      | Bus-Id        | AICore(%)   Memory-Usage(MB)  HBM-Usage(MB)        |
+===========================+===============+====================================================+
| 3     910B4               | OK            | 94.1        42                0    / 0             |
| 0                         | 0000:82:00.0  | 0           0    / 0          30691/ 32768         |
+===========================+===============+====================================================+
| 6     910B4               | OK            | 91.3        43                0    / 0             |
| 0                         | 0000:41:00.0  | 0           0    / 0          30561/ 32768         |
+===========================+===============+====================================================+
+---------------------------+---------------+----------------------------------------------------+
| NPU     Chip              | Process id    | Process name             | Process memory(MB)      |
+===========================+===============+====================================================+
| 3       0                 | 126           | VLLMEngineCor            | 184                     |
| 3       0                 | 159           | VLLMWorker_TP            | 27736                   |
+===========================+===============+====================================================+
| 6       0                 | 183           | VLLMWorker_TP            | 27736                   |
+===========================+===============+====================================================+
2026-08-12T14:07:45.144393681Z
+------------------------------------------------------------------------------------------------+
| npu-smi 25.5.2                   Version: 25.5.2                                               |
+---------------------------+---------------+----------------------------------------------------+
| NPU   Name                | Health        | Power(W)    Temp(C)           Hugepages-Usage(page)|
| Chip                      | Bus-Id        | AICore(%)   Memory-Usage(MB)  HBM-Usage(MB)        |
+===========================+===============+====================================================+
| 3     910B4               | OK            | 94.3        42                0    / 0             |
| 0                         | 0000:82:00.0  | 0           0    / 0          30692/ 32768         |
+===========================+===============+====================================================+
| 6     910B4               | OK            | 91.3        43                0    / 0             |
| 0                         | 0000:41:00.0  | 0           0    / 0          30561/ 32768         |
+===========================+===============+====================================================+
+---------------------------+---------------+----------------------------------------------------+
| NPU     Chip              | Process id    | Process name             | Process memory(MB)      |
+===========================+===============+====================================================+
| 3       0                 | 126           | VLLMEngineCor            | 184                     |
| 3       0                 | 159           | VLLMWorker_TP            | 27736                   |
+===========================+===============+====================================================+
| 6       0                 | 183           | VLLMWorker_TP            | 27736                   |
+===========================+===============+====================================================+
2026-08-12T14:07:55.870621075Z
+------------------------------------------------------------------------------------------------+
| npu-smi 25.5.2                   Version: 25.5.2                                               |
+---------------------------+---------------+----------------------------------------------------+
| NPU   Name                | Health        | Power(W)    Temp(C)           Hugepages-Usage(page)|
| Chip                      | Bus-Id        | AICore(%)   Memory-Usage(MB)  HBM-Usage(MB)        |
+===========================+===============+====================================================+
| 3     910B4               | OK            | 94.2        42                0    / 0             |
| 0                         | 0000:82:00.0  | 0           0    / 0          30692/ 32768         |
+===========================+===============+====================================================+
| 6     910B4               | OK            | 91.3        43                0    / 0             |
| 0                         | 0000:41:00.0  | 0           0    / 0          30561/ 32768         |
+===========================+===============+====================================================+
+---------------------------+---------------+----------------------------------------------------+
| NPU     Chip              | Process id    | Process name             | Process memory(MB)      |
+===========================+===============+====================================================+
| 3       0                 | 126           | VLLMEngineCor            | 184                     |
| 3       0                 | 159           | VLLMWorker_TP            | 27736                   |
+===========================+===============+====================================================+
| 6       0                 | 183           | VLLMWorker_TP            | 27736                   |
+===========================+===============+====================================================+
2026-08-12T14:08:06.590803997Z
+------------------------------------------------------------------------------------------------+
| npu-smi 25.5.2                   Version: 25.5.2                                               |
+---------------------------+---------------+----------------------------------------------------+
| NPU   Name                | Health        | Power(W)    Temp(C)           Hugepages-Usage(page)|
| Chip                      | Bus-Id        | AICore(%)   Memory-Usage(MB)  HBM-Usage(MB)        |
+===========================+===============+====================================================+
| 3     910B4               | OK            | 100.4       42                0    / 0             |
| 0                         | 0000:82:00.0  | 0           0    / 0          30692/ 32768         |
+===========================+===============+====================================================+
| 6     910B4               | OK            | 98.4        43                0    / 0             |
| 0                         | 0000:41:00.0  | 0           0    / 0          30562/ 32768         |
+===========================+===============+====================================================+
+---------------------------+---------------+----------------------------------------------------+
| NPU     Chip              | Process id    | Process name             | Process memory(MB)      |
+===========================+===============+====================================================+
| 3       0                 | 126           | VLLMEngineCor            | 184                     |
| 3       0                 | 159           | VLLMWorker_TP            | 27736                   |
+===========================+===============+====================================================+
| 6       0                 | 183           | VLLMWorker_TP            | 27736                   |
+===========================+===============+====================================================+
2026-08-12T14:08:17.382081131Z
+------------------------------------------------------------------------------------------------+
| npu-smi 25.5.2                   Version: 25.5.2                                               |
+---------------------------+---------------+----------------------------------------------------+
| NPU   Name                | Health        | Power(W)    Temp(C)           Hugepages-Usage(page)|
| Chip                      | Bus-Id        | AICore(%)   Memory-Usage(MB)  HBM-Usage(MB)        |
+===========================+===============+====================================================+
| 3     910B4               | OK            | 100.8       43                0    / 0             |
| 0                         | 0000:82:00.0  | 0           0    / 0          30692/ 32768         |
+===========================+===============+====================================================+
| 6     910B4               | OK            | 97.4        43                0    / 0             |
| 0                         | 0000:41:00.0  | 0           0    / 0          30562/ 32768         |
+===========================+===============+====================================================+
+---------------------------+---------------+----------------------------------------------------+
| NPU     Chip              | Process id    | Process name             | Process memory(MB)      |
+===========================+===============+====================================================+
| 3       0                 | 126           | VLLMEngineCor            | 184                     |
| 3       0                 | 159           | VLLMWorker_TP            | 27736                   |
+===========================+===============+====================================================+
| 6       0                 | 183           | VLLMWorker_TP            | 27736                   |
+===========================+===============+====================================================+
2026-08-12T14:08:28.105313599Z
+------------------------------------------------------------------------------------------------+
| npu-smi 25.5.2                   Version: 25.5.2                                               |
+---------------------------+---------------+----------------------------------------------------+
| NPU   Name                | Health        | Power(W)    Temp(C)           Hugepages-Usage(page)|
| Chip                      | Bus-Id        | AICore(%)   Memory-Usage(MB)  HBM-Usage(MB)        |
+===========================+===============+====================================================+
| 3     910B4               | OK            | 94.2        42                0    / 0             |
| 0                         | 0000:82:00.0  | 0           0    / 0          30692/ 32768         |
+===========================+===============+====================================================+
| 6     910B4               | OK            | 91.3        43                0    / 0             |
| 0                         | 0000:41:00.0  | 0           0    / 0          30562/ 32768         |
+===========================+===============+====================================================+
+---------------------------+---------------+----------------------------------------------------+
| NPU     Chip              | Process id    | Process name             | Process memory(MB)      |
+===========================+===============+====================================================+
| 3       0                 | 126           | VLLMEngineCor            | 184                     |
| 3       0                 | 159           | VLLMWorker_TP            | 27736                   |
+===========================+===============+====================================================+
| 6       0                 | 183           | VLLMWorker_TP            | 27736                   |
+===========================+===============+====================================================+
