2026-08-12T14:07:34.423207654Z
+------------------------------------------------------------------------------------------------+
| npu-smi 25.5.2                   Version: 25.5.2                                               |
+---------------------------+---------------+----------------------------------------------------+
| NPU   Name                | Health        | Power(W)    Temp(C)           Hugepages-Usage(page)|
| Chip                      | Bus-Id        | AICore(%)   Memory-Usage(MB)  HBM-Usage(MB)        |
+===========================+===============+====================================================+
| 4     910B4               | OK            | 92.3        47                0    / 0             |
| 0                         | 0000:01:00.0  | 0           0    / 0          30933/ 32768         |
+===========================+===============+====================================================+
| 5     910B4               | OK            | 90.3        45                0    / 0             |
| 0                         | 0000:02:00.0  | 0           0    / 0          30801/ 32768         |
+===========================+===============+====================================================+
+---------------------------+---------------+----------------------------------------------------+
| NPU     Chip              | Process id    | Process name             | Process memory(MB)      |
+===========================+===============+====================================================+
| 4       0                 | 125           | VLLMEngineCor            | 184                     |
| 4       0                 | 157           | VLLMWorker_TP            | 27976                   |
+===========================+===============+====================================================+
| 5       0                 | 182           | VLLMWorker_TP            | 27976                   |
+===========================+===============+====================================================+
2026-08-12T14:07:45.153644928Z
+------------------------------------------------------------------------------------------------+
| npu-smi 25.5.2                   Version: 25.5.2                                               |
+---------------------------+---------------+----------------------------------------------------+
| NPU   Name                | Health        | Power(W)    Temp(C)           Hugepages-Usage(page)|
| Chip                      | Bus-Id        | AICore(%)   Memory-Usage(MB)  HBM-Usage(MB)        |
+===========================+===============+====================================================+
| 4     910B4               | OK            | 92.3        47                0    / 0             |
| 0                         | 0000:01:00.0  | 0           0    / 0          30932/ 32768         |
+===========================+===============+====================================================+
| 5     910B4               | OK            | 90.1        44                0    / 0             |
| 0                         | 0000:02:00.0  | 0           0    / 0          30802/ 32768         |
+===========================+===============+====================================================+
+---------------------------+---------------+----------------------------------------------------+
| NPU     Chip              | Process id    | Process name             | Process memory(MB)      |
+===========================+===============+====================================================+
| 4       0                 | 125           | VLLMEngineCor            | 184                     |
| 4       0                 | 157           | VLLMWorker_TP            | 27976                   |
+===========================+===============+====================================================+
| 5       0                 | 182           | VLLMWorker_TP            | 27976                   |
+===========================+===============+====================================================+
2026-08-12T14:07:55.883576430Z
+------------------------------------------------------------------------------------------------+
| npu-smi 25.5.2                   Version: 25.5.2                                               |
+---------------------------+---------------+----------------------------------------------------+
| NPU   Name                | Health        | Power(W)    Temp(C)           Hugepages-Usage(page)|
| Chip                      | Bus-Id        | AICore(%)   Memory-Usage(MB)  HBM-Usage(MB)        |
+===========================+===============+====================================================+
| 4     910B4               | OK            | 92.2        47                0    / 0             |
| 0                         | 0000:01:00.0  | 0           0    / 0          30932/ 32768         |
+===========================+===============+====================================================+
| 5     910B4               | OK            | 90.3        45                0    / 0             |
| 0                         | 0000:02:00.0  | 0           0    / 0          30802/ 32768         |
+===========================+===============+====================================================+
+---------------------------+---------------+----------------------------------------------------+
| NPU     Chip              | Process id    | Process name             | Process memory(MB)      |
+===========================+===============+====================================================+
| 4       0                 | 125           | VLLMEngineCor            | 184                     |
| 4       0                 | 157           | VLLMWorker_TP            | 27976                   |
+===========================+===============+====================================================+
| 5       0                 | 182           | VLLMWorker_TP            | 27976                   |
+===========================+===============+====================================================+
2026-08-12T14:08:06.640064228Z
+------------------------------------------------------------------------------------------------+
| npu-smi 25.5.2                   Version: 25.5.2                                               |
+---------------------------+---------------+----------------------------------------------------+
| NPU   Name                | Health        | Power(W)    Temp(C)           Hugepages-Usage(page)|
| Chip                      | Bus-Id        | AICore(%)   Memory-Usage(MB)  HBM-Usage(MB)        |
+===========================+===============+====================================================+
| 4     910B4               | OK            | 124.1       49                0    / 0             |
| 0                         | 0000:01:00.0  | 27          0    / 0          30933/ 32768         |
+===========================+===============+====================================================+
| 5     910B4               | OK            | 115.6       47                0    / 0             |
| 0                         | 0000:02:00.0  | 37          0    / 0          30801/ 32768         |
+===========================+===============+====================================================+
+---------------------------+---------------+----------------------------------------------------+
| NPU     Chip              | Process id    | Process name             | Process memory(MB)      |
+===========================+===============+====================================================+
| 4       0                 | 125           | VLLMEngineCor            | 184                     |
| 4       0                 | 157           | VLLMWorker_TP            | 27976                   |
+===========================+===============+====================================================+
| 5       0                 | 182           | VLLMWorker_TP            | 27976                   |
+===========================+===============+====================================================+
2026-08-12T14:08:17.485999710Z
+------------------------------------------------------------------------------------------------+
| npu-smi 25.5.2                   Version: 25.5.2                                               |
+---------------------------+---------------+----------------------------------------------------+
| NPU   Name                | Health        | Power(W)    Temp(C)           Hugepages-Usage(page)|
| Chip                      | Bus-Id        | AICore(%)   Memory-Usage(MB)  HBM-Usage(MB)        |
+===========================+===============+====================================================+
| 4     910B4               | OK            | 139.5       51                0    / 0             |
| 0                         | 0000:01:00.0  | 39          0    / 0          30932/ 32768         |
+===========================+===============+====================================================+
| 5     910B4               | OK            | 123.8       47                0    / 0             |
| 0                         | 0000:02:00.0  | 28          0    / 0          30801/ 32768         |
+===========================+===============+====================================================+
+---------------------------+---------------+----------------------------------------------------+
| NPU     Chip              | Process id    | Process name             | Process memory(MB)      |
+===========================+===============+====================================================+
| 4       0                 | 125           | VLLMEngineCor            | 184                     |
| 4       0                 | 157           | VLLMWorker_TP            | 27976                   |
+===========================+===============+====================================================+
| 5       0                 | 182           | VLLMWorker_TP            | 27976                   |
+===========================+===============+====================================================+
2026-08-12T14:08:28.314606054Z
+------------------------------------------------------------------------------------------------+
| npu-smi 25.5.2                   Version: 25.5.2                                               |
+---------------------------+---------------+----------------------------------------------------+
| NPU   Name                | Health        | Power(W)    Temp(C)           Hugepages-Usage(page)|
| Chip                      | Bus-Id        | AICore(%)   Memory-Usage(MB)  HBM-Usage(MB)        |
+===========================+===============+====================================================+
| 4     910B4               | OK            | 93.2        48                0    / 0             |
| 0                         | 0000:01:00.0  | 0           0    / 0          30933/ 32768         |
+===========================+===============+====================================================+
| 5     910B4               | OK            | 91.1        46                0    / 0             |
| 0                         | 0000:02:00.0  | 0           0    / 0          30801/ 32768         |
+===========================+===============+====================================================+
+---------------------------+---------------+----------------------------------------------------+
| NPU     Chip              | Process id    | Process name             | Process memory(MB)      |
+===========================+===============+====================================================+
| 4       0                 | 125           | VLLMEngineCor            | 184                     |
| 4       0                 | 157           | VLLMWorker_TP            | 27976                   |
+===========================+===============+====================================================+
| 5       0                 | 182           | VLLMWorker_TP            | 27976                   |
+===========================+===============+====================================================+
