2026-08-09T19:18:44.750343985Z
NAME                             CPU(cores)   MEMORY(bytes)   
layerwise-performance-aisbench   14m          4129Mi          
Inter-|   Receive                                                |  Transmit
 face |bytes    packets errs drop fifo frame compressed multicast|bytes    packets errs drop fifo colls carrier compressed
    lo:       0       0    0    0    0     0          0         0        0       0    0    0    0     0       0          0
  eth0: 2371112491 2638518    0    0    0     0          0         0 797936645 2709330    0    0    0     0       0          0
2026-08-09T19:18:55.085757914Z
NAME                             CPU(cores)   MEMORY(bytes)   
layerwise-performance-aisbench   302m         3214Mi          
Inter-|   Receive                                                |  Transmit
 face |bytes    packets errs drop fifo frame compressed multicast|bytes    packets errs drop fifo colls carrier compressed
    lo:       0       0    0    0    0     0          0         0        0       0    0    0    0     0       0          0
  eth0: 2371139128 2638528    0    0    0     0          0         0 797937588 2709341    0    0    0     0       0          0
2026-08-09T19:19:05.348854594Z
NAME                             CPU(cores)   MEMORY(bytes)   
layerwise-performance-aisbench   890m         3545Mi          
Inter-|   Receive                                                |  Transmit
 face |bytes    packets errs drop fifo frame compressed multicast|bytes    packets errs drop fifo colls carrier compressed
    lo:       0       0    0    0    0     0          0         0        0       0    0    0    0     0       0          0
  eth0: 2371139128 2638528    0    0    0     0          0         0 797937588 2709341    0    0    0     0       0          0
2026-08-09T19:19:15.580010137Z
NAME                             CPU(cores)   MEMORY(bytes)   
layerwise-performance-aisbench   890m         3545Mi          
Inter-|   Receive                                                |  Transmit
 face |bytes    packets errs drop fifo frame compressed multicast|bytes    packets errs drop fifo colls carrier compressed
    lo:       0       0    0    0    0     0          0         0        0       0    0    0    0     0       0          0
  eth0: 2371171608 2638621    0    0    0     0          0         0 798741881 2709454    0    0    0     0       0          0
2026-08-09T19:19:25.854502727Z
NAME                             CPU(cores)   MEMORY(bytes)   
layerwise-performance-aisbench   947m         4135Mi          
Inter-|   Receive                                                |  Transmit
 face |bytes    packets errs drop fifo frame compressed multicast|bytes    packets errs drop fifo colls carrier compressed
    lo:       0       0    0    0    0     0          0         0        0       0    0    0    0     0       0          0
  eth0: 2371201772 2638645    0    0    0     0          0         0 798743970 2709482    0    0    0     0       0          0
2026-08-09T19:19:36.104968221Z
NAME                             CPU(cores)   MEMORY(bytes)   
layerwise-performance-aisbench   20m          4136Mi          
Inter-|   Receive                                                |  Transmit
 face |bytes    packets errs drop fifo frame compressed multicast|bytes    packets errs drop fifo colls carrier compressed
    lo:       0       0    0    0    0     0          0         0        0       0    0    0    0     0       0          0
  eth0: 2371231980 2638670    0    0    0     0          0         0 798746077 2709511    0    0    0     0       0          0
2026-08-09T19:19:46.384119525Z
NAME                             CPU(cores)   MEMORY(bytes)   
layerwise-performance-aisbench   20m          4136Mi          
Inter-|   Receive                                                |  Transmit
 face |bytes    packets errs drop fifo frame compressed multicast|bytes    packets errs drop fifo colls carrier compressed
    lo:       0       0    0    0    0     0          0         0        0       0    0    0    0     0       0          0
  eth0: 2371261038 2638690    0    0    0     0          0         0 798747824 2709534    0    0    0     0       0          0
