2026-08-09T19:18:44.750262995Z
+------------------------------------------------------------------------------------------------+
| npu-smi 25.5.2                   Version: 25.5.2                                               |
+---------------------------+---------------+----------------------------------------------------+
| NPU   Name                | Health        | Power(W)    Temp(C)           Hugepages-Usage(page)|
| Chip                      | Bus-Id        | AICore(%)   Memory-Usage(MB)  HBM-Usage(MB)        |
+===========================+===============+====================================================+
| 2     910B4               | OK            | 90.1        42                0    / 0             |
| 0                         | 0000:81:00.0  | 0           0    / 0          30689/ 32768         |
+===========================+===============+====================================================+
| 5     910B4               | OK            | 91.5        47                0    / 0             |
| 0                         | 0000:02:00.0  | 0           0    / 0          30560/ 32768         |
+===========================+===============+====================================================+
+---------------------------+---------------+----------------------------------------------------+
| NPU     Chip              | Process id    | Process name             | Process memory(MB)      |
+===========================+===============+====================================================+
| 2       0                 | 125           | VLLMEngineCor            | 184                     |
| 2       0                 | 157           | VLLMWorker_TP            | 27736                   |
+===========================+===============+====================================================+
| 5       0                 | 182           | VLLMWorker_TP            | 27736                   |
+===========================+===============+====================================================+
2026-08-09T19:18:55.559246674Z
+------------------------------------------------------------------------------------------------+
| npu-smi 25.5.2                   Version: 25.5.2                                               |
+---------------------------+---------------+----------------------------------------------------+
| NPU   Name                | Health        | Power(W)    Temp(C)           Hugepages-Usage(page)|
| Chip                      | Bus-Id        | AICore(%)   Memory-Usage(MB)  HBM-Usage(MB)        |
+===========================+===============+====================================================+
| 2     910B4               | OK            | 90.2        42                0    / 0             |
| 0                         | 0000:81:00.0  | 0           0    / 0          30689/ 32768         |
+===========================+===============+====================================================+
| 5     910B4               | OK            | 91.7        47                0    / 0             |
| 0                         | 0000:02:00.0  | 0           0    / 0          30559/ 32768         |
+===========================+===============+====================================================+
+---------------------------+---------------+----------------------------------------------------+
| NPU     Chip              | Process id    | Process name             | Process memory(MB)      |
+===========================+===============+====================================================+
| 2       0                 | 125           | VLLMEngineCor            | 184                     |
| 2       0                 | 157           | VLLMWorker_TP            | 27736                   |
+===========================+===============+====================================================+
| 5       0                 | 182           | VLLMWorker_TP            | 27736                   |
+===========================+===============+====================================================+
2026-08-09T19:19:06.290094604Z
+------------------------------------------------------------------------------------------------+
| npu-smi 25.5.2                   Version: 25.5.2                                               |
+---------------------------+---------------+----------------------------------------------------+
| NPU   Name                | Health        | Power(W)    Temp(C)           Hugepages-Usage(page)|
| Chip                      | Bus-Id        | AICore(%)   Memory-Usage(MB)  HBM-Usage(MB)        |
+===========================+===============+====================================================+
| 2     910B4               | OK            | 90.2        43                0    / 0             |
| 0                         | 0000:81:00.0  | 0           0    / 0          30689/ 32768         |
+===========================+===============+====================================================+
| 5     910B4               | OK            | 91.4        46                0    / 0             |
| 0                         | 0000:02:00.0  | 0           0    / 0          30559/ 32768         |
+===========================+===============+====================================================+
+---------------------------+---------------+----------------------------------------------------+
| NPU     Chip              | Process id    | Process name             | Process memory(MB)      |
+===========================+===============+====================================================+
| 2       0                 | 125           | VLLMEngineCor            | 184                     |
| 2       0                 | 157           | VLLMWorker_TP            | 27736                   |
+===========================+===============+====================================================+
| 5       0                 | 182           | VLLMWorker_TP            | 27736                   |
+===========================+===============+====================================================+
2026-08-09T19:19:16.994961908Z
+------------------------------------------------------------------------------------------------+
| npu-smi 25.5.2                   Version: 25.5.2                                               |
+---------------------------+---------------+----------------------------------------------------+
| NPU   Name                | Health        | Power(W)    Temp(C)           Hugepages-Usage(page)|
| Chip                      | Bus-Id        | AICore(%)   Memory-Usage(MB)  HBM-Usage(MB)        |
+===========================+===============+====================================================+
| 2     910B4               | OK            | 98.2        42                0    / 0             |
| 0                         | 0000:81:00.0  | 0           0    / 0          30689/ 32768         |
+===========================+===============+====================================================+
| 5     910B4               | OK            | 97.7        47                0    / 0             |
| 0                         | 0000:02:00.0  | 0           0    / 0          30560/ 32768         |
+===========================+===============+====================================================+
+---------------------------+---------------+----------------------------------------------------+
| NPU     Chip              | Process id    | Process name             | Process memory(MB)      |
+===========================+===============+====================================================+
| 2       0                 | 125           | VLLMEngineCor            | 184                     |
| 2       0                 | 157           | VLLMWorker_TP            | 27736                   |
+===========================+===============+====================================================+
| 5       0                 | 182           | VLLMWorker_TP            | 27736                   |
+===========================+===============+====================================================+
2026-08-09T19:19:27.731531157Z
+------------------------------------------------------------------------------------------------+
| npu-smi 25.5.2                   Version: 25.5.2                                               |
+---------------------------+---------------+----------------------------------------------------+
| NPU   Name                | Health        | Power(W)    Temp(C)           Hugepages-Usage(page)|
| Chip                      | Bus-Id        | AICore(%)   Memory-Usage(MB)  HBM-Usage(MB)        |
+===========================+===============+====================================================+
| 2     910B4               | OK            | 98.1        43                0    / 0             |
| 0                         | 0000:81:00.0  | 0           0    / 0          30689/ 32768         |
+===========================+===============+====================================================+
| 5     910B4               | OK            | 98.3        46                0    / 0             |
| 0                         | 0000:02:00.0  | 0           0    / 0          30560/ 32768         |
+===========================+===============+====================================================+
+---------------------------+---------------+----------------------------------------------------+
| NPU     Chip              | Process id    | Process name             | Process memory(MB)      |
+===========================+===============+====================================================+
| 2       0                 | 125           | VLLMEngineCor            | 184                     |
| 2       0                 | 157           | VLLMWorker_TP            | 27736                   |
+===========================+===============+====================================================+
| 5       0                 | 182           | VLLMWorker_TP            | 27736                   |
+===========================+===============+====================================================+
2026-08-09T19:19:38.472721952Z
+------------------------------------------------------------------------------------------------+
| npu-smi 25.5.2                   Version: 25.5.2                                               |
+---------------------------+---------------+----------------------------------------------------+
| NPU   Name                | Health        | Power(W)    Temp(C)           Hugepages-Usage(page)|
| Chip                      | Bus-Id        | AICore(%)   Memory-Usage(MB)  HBM-Usage(MB)        |
+===========================+===============+====================================================+
| 2     910B4               | OK            | 98.4        42                0    / 0             |
| 0                         | 0000:81:00.0  | 0           0    / 0          30689/ 32768         |
+===========================+===============+====================================================+
| 5     910B4               | OK            | 98.2        47                0    / 0             |
| 0                         | 0000:02:00.0  | 0           0    / 0          30559/ 32768         |
+===========================+===============+====================================================+
+---------------------------+---------------+----------------------------------------------------+
| NPU     Chip              | Process id    | Process name             | Process memory(MB)      |
+===========================+===============+====================================================+
| 2       0                 | 125           | VLLMEngineCor            | 184                     |
| 2       0                 | 157           | VLLMWorker_TP            | 27736                   |
+===========================+===============+====================================================+
| 5       0                 | 182           | VLLMWorker_TP            | 27736                   |
+===========================+===============+====================================================+
2026-08-09T19:19:49.231613678Z
+------------------------------------------------------------------------------------------------+
| npu-smi 25.5.2                   Version: 25.5.2                                               |
+---------------------------+---------------+----------------------------------------------------+
| NPU   Name                | Health        | Power(W)    Temp(C)           Hugepages-Usage(page)|
| Chip                      | Bus-Id        | AICore(%)   Memory-Usage(MB)  HBM-Usage(MB)        |
+===========================+===============+====================================================+
| 2     910B4               | OK            | 90.4        42                0    / 0             |
| 0                         | 0000:81:00.0  | 0           0    / 0          30689/ 32768         |
+===========================+===============+====================================================+
| 5     910B4               | OK            | 91.4        47                0    / 0             |
| 0                         | 0000:02:00.0  | 0           0    / 0          30560/ 32768         |
+===========================+===============+====================================================+
+---------------------------+---------------+----------------------------------------------------+
| NPU     Chip              | Process id    | Process name             | Process memory(MB)      |
+===========================+===============+====================================================+
| 2       0                 | 125           | VLLMEngineCor            | 184                     |
| 2       0                 | 157           | VLLMWorker_TP            | 27736                   |
+===========================+===============+====================================================+
| 5       0                 | 182           | VLLMWorker_TP            | 27736                   |
+===========================+===============+====================================================+
