2026-08-09T19:18:44.750256215Z
+------------------------------------------------------------------------------------------------+
| npu-smi 25.5.2                   Version: 25.5.2                                               |
+---------------------------+---------------+----------------------------------------------------+
| NPU   Name                | Health        | Power(W)    Temp(C)           Hugepages-Usage(page)|
| Chip                      | Bus-Id        | AICore(%)   Memory-Usage(MB)  HBM-Usage(MB)        |
+===========================+===============+====================================================+
| 3     910B4               | OK            | 95.3        44                0    / 0             |
| 0                         | 0000:82:00.0  | 0           0    / 0          30850/ 32768         |
+===========================+===============+====================================================+
| 7     910B4               | OK            | 89.0        45                0    / 0             |
| 0                         | 0000:42:00.0  | 0           0    / 0          30719/ 32768         |
+===========================+===============+====================================================+
+---------------------------+---------------+----------------------------------------------------+
| NPU     Chip              | Process id    | Process name             | Process memory(MB)      |
+===========================+===============+====================================================+
| 3       0                 | 126           | VLLMEngineCor            | 184                     |
| 3       0                 | 158           | VLLMWorker_TP            | 27896                   |
+===========================+===============+====================================================+
| 7       0                 | 182           | VLLMWorker_TP            | 27896                   |
+===========================+===============+====================================================+
2026-08-09T19:18:55.469208702Z
+------------------------------------------------------------------------------------------------+
| npu-smi 25.5.2                   Version: 25.5.2                                               |
+---------------------------+---------------+----------------------------------------------------+
| NPU   Name                | Health        | Power(W)    Temp(C)           Hugepages-Usage(page)|
| Chip                      | Bus-Id        | AICore(%)   Memory-Usage(MB)  HBM-Usage(MB)        |
+===========================+===============+====================================================+
| 3     910B4               | OK            | 95.3        44                0    / 0             |
| 0                         | 0000:82:00.0  | 0           0    / 0          30851/ 32768         |
+===========================+===============+====================================================+
| 7     910B4               | OK            | 88.7        45                0    / 0             |
| 0                         | 0000:42:00.0  | 0           0    / 0          30719/ 32768         |
+===========================+===============+====================================================+
+---------------------------+---------------+----------------------------------------------------+
| NPU     Chip              | Process id    | Process name             | Process memory(MB)      |
+===========================+===============+====================================================+
| 3       0                 | 126           | VLLMEngineCor            | 184                     |
| 3       0                 | 158           | VLLMWorker_TP            | 27896                   |
+===========================+===============+====================================================+
| 7       0                 | 182           | VLLMWorker_TP            | 27896                   |
+===========================+===============+====================================================+
2026-08-09T19:19:06.217981676Z
+------------------------------------------------------------------------------------------------+
| npu-smi 25.5.2                   Version: 25.5.2                                               |
+---------------------------+---------------+----------------------------------------------------+
| NPU   Name                | Health        | Power(W)    Temp(C)           Hugepages-Usage(page)|
| Chip                      | Bus-Id        | AICore(%)   Memory-Usage(MB)  HBM-Usage(MB)        |
+===========================+===============+====================================================+
| 3     910B4               | OK            | 95.0        44                0    / 0             |
| 0                         | 0000:82:00.0  | 0           0    / 0          30851/ 32768         |
+===========================+===============+====================================================+
| 7     910B4               | OK            | 88.6        44                0    / 0             |
| 0                         | 0000:42:00.0  | 0           0    / 0          30718/ 32768         |
+===========================+===============+====================================================+
+---------------------------+---------------+----------------------------------------------------+
| NPU     Chip              | Process id    | Process name             | Process memory(MB)      |
+===========================+===============+====================================================+
| 3       0                 | 126           | VLLMEngineCor            | 184                     |
| 3       0                 | 158           | VLLMWorker_TP            | 27896                   |
+===========================+===============+====================================================+
| 7       0                 | 182           | VLLMWorker_TP            | 27896                   |
+===========================+===============+====================================================+
2026-08-09T19:19:16.973350854Z
+------------------------------------------------------------------------------------------------+
| npu-smi 25.5.2                   Version: 25.5.2                                               |
+---------------------------+---------------+----------------------------------------------------+
| NPU   Name                | Health        | Power(W)    Temp(C)           Hugepages-Usage(page)|
| Chip                      | Bus-Id        | AICore(%)   Memory-Usage(MB)  HBM-Usage(MB)        |
+===========================+===============+====================================================+
| 3     910B4               | OK            | 126.1       46                0    / 0             |
| 0                         | 0000:82:00.0  | 33          0    / 0          30850/ 32768         |
+===========================+===============+====================================================+
| 7     910B4               | OK            | 118.6       47                0    / 0             |
| 0                         | 0000:42:00.0  | 25          0    / 0          30719/ 32768         |
+===========================+===============+====================================================+
+---------------------------+---------------+----------------------------------------------------+
| NPU     Chip              | Process id    | Process name             | Process memory(MB)      |
+===========================+===============+====================================================+
| 3       0                 | 126           | VLLMEngineCor            | 184                     |
| 3       0                 | 158           | VLLMWorker_TP            | 27896                   |
+===========================+===============+====================================================+
| 7       0                 | 182           | VLLMWorker_TP            | 27896                   |
+===========================+===============+====================================================+
2026-08-09T19:19:27.713028461Z
+------------------------------------------------------------------------------------------------+
| npu-smi 25.5.2                   Version: 25.5.2                                               |
+---------------------------+---------------+----------------------------------------------------+
| NPU   Name                | Health        | Power(W)    Temp(C)           Hugepages-Usage(page)|
| Chip                      | Bus-Id        | AICore(%)   Memory-Usage(MB)  HBM-Usage(MB)        |
+===========================+===============+====================================================+
| 3     910B4               | OK            | 120.2       45                0    / 0             |
| 0                         | 0000:82:00.0  | 22          0    / 0          30850/ 32768         |
+===========================+===============+====================================================+
| 7     910B4               | OK            | 113.3       48                0    / 0             |
| 0                         | 0000:42:00.0  | 29          0    / 0          30719/ 32768         |
+===========================+===============+====================================================+
+---------------------------+---------------+----------------------------------------------------+
| NPU     Chip              | Process id    | Process name             | Process memory(MB)      |
+===========================+===============+====================================================+
| 3       0                 | 126           | VLLMEngineCor            | 184                     |
| 3       0                 | 158           | VLLMWorker_TP            | 27896                   |
+===========================+===============+====================================================+
| 7       0                 | 182           | VLLMWorker_TP            | 27896                   |
+===========================+===============+====================================================+
2026-08-09T19:19:38.471949787Z
+------------------------------------------------------------------------------------------------+
| npu-smi 25.5.2                   Version: 25.5.2                                               |
+---------------------------+---------------+----------------------------------------------------+
| NPU   Name                | Health        | Power(W)    Temp(C)           Hugepages-Usage(page)|
| Chip                      | Bus-Id        | AICore(%)   Memory-Usage(MB)  HBM-Usage(MB)        |
+===========================+===============+====================================================+
| 3     910B4               | OK            | 142.3       50                0    / 0             |
| 0                         | 0000:82:00.0  | 54          0    / 0          30850/ 32768         |
+===========================+===============+====================================================+
| 7     910B4               | OK            | 135.5       52                0    / 0             |
| 0                         | 0000:42:00.0  | 58          0    / 0          30718/ 32768         |
+===========================+===============+====================================================+
+---------------------------+---------------+----------------------------------------------------+
| NPU     Chip              | Process id    | Process name             | Process memory(MB)      |
+===========================+===============+====================================================+
| 3       0                 | 126           | VLLMEngineCor            | 184                     |
| 3       0                 | 158           | VLLMWorker_TP            | 27896                   |
+===========================+===============+====================================================+
| 7       0                 | 182           | VLLMWorker_TP            | 27896                   |
+===========================+===============+====================================================+
2026-08-09T19:19:49.228142880Z
+------------------------------------------------------------------------------------------------+
| npu-smi 25.5.2                   Version: 25.5.2                                               |
+---------------------------+---------------+----------------------------------------------------+
| NPU   Name                | Health        | Power(W)    Temp(C)           Hugepages-Usage(page)|
| Chip                      | Bus-Id        | AICore(%)   Memory-Usage(MB)  HBM-Usage(MB)        |
+===========================+===============+====================================================+
| 3     910B4               | OK            | 95.6        45                0    / 0             |
| 0                         | 0000:82:00.0  | 0           0    / 0          30850/ 32768         |
+===========================+===============+====================================================+
| 7     910B4               | OK            | 89.0        46                0    / 0             |
| 0                         | 0000:42:00.0  | 0           0    / 0          30719/ 32768         |
+===========================+===============+====================================================+
+---------------------------+---------------+----------------------------------------------------+
| NPU     Chip              | Process id    | Process name             | Process memory(MB)      |
+===========================+===============+====================================================+
| 3       0                 | 126           | VLLMEngineCor            | 184                     |
| 3       0                 | 158           | VLLMWorker_TP            | 27896                   |
+===========================+===============+====================================================+
| 7       0                 | 182           | VLLMWorker_TP            | 27896                   |
+===========================+===============+====================================================+
