2026-08-12T14:08:34.931672357Z
+------------------------------------------------------------------------------------------------+
| npu-smi 25.5.2                   Version: 25.5.2                                               |
+---------------------------+---------------+----------------------------------------------------+
| NPU   Name                | Health        | Power(W)    Temp(C)           Hugepages-Usage(page)|
| Chip                      | Bus-Id        | AICore(%)   Memory-Usage(MB)  HBM-Usage(MB)        |
+===========================+===============+====================================================+
| 3     910B4               | OK            | 94.3        43                0    / 0             |
| 0                         | 0000:82:00.0  | 0           0    / 0          30692/ 32768         |
+===========================+===============+====================================================+
| 6     910B4               | OK            | 91.4        43                0    / 0             |
| 0                         | 0000:41:00.0  | 0           0    / 0          30561/ 32768         |
+===========================+===============+====================================================+
+---------------------------+---------------+----------------------------------------------------+
| NPU     Chip              | Process id    | Process name             | Process memory(MB)      |
+===========================+===============+====================================================+
| 3       0                 | 126           | VLLMEngineCor            | 184                     |
| 3       0                 | 159           | VLLMWorker_TP            | 27736                   |
+===========================+===============+====================================================+
| 6       0                 | 183           | VLLMWorker_TP            | 27736                   |
+===========================+===============+====================================================+
2026-08-12T14:08:45.684853367Z
+------------------------------------------------------------------------------------------------+
| npu-smi 25.5.2                   Version: 25.5.2                                               |
+---------------------------+---------------+----------------------------------------------------+
| NPU   Name                | Health        | Power(W)    Temp(C)           Hugepages-Usage(page)|
| Chip                      | Bus-Id        | AICore(%)   Memory-Usage(MB)  HBM-Usage(MB)        |
+===========================+===============+====================================================+
| 3     910B4               | OK            | 94.4        42                0    / 0             |
| 0                         | 0000:82:00.0  | 0           0    / 0          30692/ 32768         |
+===========================+===============+====================================================+
| 6     910B4               | OK            | 91.3        43                0    / 0             |
| 0                         | 0000:41:00.0  | 0           0    / 0          30561/ 32768         |
+===========================+===============+====================================================+
+---------------------------+---------------+----------------------------------------------------+
| NPU     Chip              | Process id    | Process name             | Process memory(MB)      |
+===========================+===============+====================================================+
| 3       0                 | 126           | VLLMEngineCor            | 184                     |
| 3       0                 | 159           | VLLMWorker_TP            | 27736                   |
+===========================+===============+====================================================+
| 6       0                 | 183           | VLLMWorker_TP            | 27736                   |
+===========================+===============+====================================================+
2026-08-12T14:08:56.461401507Z
+------------------------------------------------------------------------------------------------+
| npu-smi 25.5.2                   Version: 25.5.2                                               |
+---------------------------+---------------+----------------------------------------------------+
| NPU   Name                | Health        | Power(W)    Temp(C)           Hugepages-Usage(page)|
| Chip                      | Bus-Id        | AICore(%)   Memory-Usage(MB)  HBM-Usage(MB)        |
+===========================+===============+====================================================+
| 3     910B4               | OK            | 94.3        43                0    / 0             |
| 0                         | 0000:82:00.0  | 0           0    / 0          30692/ 32768         |
+===========================+===============+====================================================+
| 6     910B4               | OK            | 91.3        43                0    / 0             |
| 0                         | 0000:41:00.0  | 0           0    / 0          30561/ 32768         |
+===========================+===============+====================================================+
+---------------------------+---------------+----------------------------------------------------+
| NPU     Chip              | Process id    | Process name             | Process memory(MB)      |
+===========================+===============+====================================================+
| 3       0                 | 126           | VLLMEngineCor            | 184                     |
| 3       0                 | 159           | VLLMWorker_TP            | 27736                   |
+===========================+===============+====================================================+
| 6       0                 | 183           | VLLMWorker_TP            | 27736                   |
+===========================+===============+====================================================+
2026-08-12T14:09:07.174817555Z
+------------------------------------------------------------------------------------------------+
| npu-smi 25.5.2                   Version: 25.5.2                                               |
+---------------------------+---------------+----------------------------------------------------+
| NPU   Name                | Health        | Power(W)    Temp(C)           Hugepages-Usage(page)|
| Chip                      | Bus-Id        | AICore(%)   Memory-Usage(MB)  HBM-Usage(MB)        |
+===========================+===============+====================================================+
| 3     910B4               | OK            | 100.9       42                0    / 0             |
| 0                         | 0000:82:00.0  | 0           0    / 0          30692/ 32768         |
+===========================+===============+====================================================+
| 6     910B4               | OK            | 97.0        43                0    / 0             |
| 0                         | 0000:41:00.0  | 0           0    / 0          30561/ 32768         |
+===========================+===============+====================================================+
+---------------------------+---------------+----------------------------------------------------+
| NPU     Chip              | Process id    | Process name             | Process memory(MB)      |
+===========================+===============+====================================================+
| 3       0                 | 126           | VLLMEngineCor            | 184                     |
| 3       0                 | 159           | VLLMWorker_TP            | 27736                   |
+===========================+===============+====================================================+
| 6       0                 | 183           | VLLMWorker_TP            | 27736                   |
+===========================+===============+====================================================+
2026-08-12T14:09:17.947945467Z
+------------------------------------------------------------------------------------------------+
| npu-smi 25.5.2                   Version: 25.5.2                                               |
+---------------------------+---------------+----------------------------------------------------+
| NPU   Name                | Health        | Power(W)    Temp(C)           Hugepages-Usage(page)|
| Chip                      | Bus-Id        | AICore(%)   Memory-Usage(MB)  HBM-Usage(MB)        |
+===========================+===============+====================================================+
| 3     910B4               | OK            | 100.5       43                0    / 0             |
| 0                         | 0000:82:00.0  | 0           0    / 0          30692/ 32768         |
+===========================+===============+====================================================+
| 6     910B4               | OK            | 98.0        43                0    / 0             |
| 0                         | 0000:41:00.0  | 0           0    / 0          30561/ 32768         |
+===========================+===============+====================================================+
+---------------------------+---------------+----------------------------------------------------+
| NPU     Chip              | Process id    | Process name             | Process memory(MB)      |
+===========================+===============+====================================================+
| 3       0                 | 126           | VLLMEngineCor            | 184                     |
| 3       0                 | 159           | VLLMWorker_TP            | 27736                   |
+===========================+===============+====================================================+
| 6       0                 | 183           | VLLMWorker_TP            | 27736                   |
+===========================+===============+====================================================+
2026-08-12T14:09:28.703766581Z
+------------------------------------------------------------------------------------------------+
| npu-smi 25.5.2                   Version: 25.5.2                                               |
+---------------------------+---------------+----------------------------------------------------+
| NPU   Name                | Health        | Power(W)    Temp(C)           Hugepages-Usage(page)|
| Chip                      | Bus-Id        | AICore(%)   Memory-Usage(MB)  HBM-Usage(MB)        |
+===========================+===============+====================================================+
| 3     910B4               | OK            | 100.0       42                0    / 0             |
| 0                         | 0000:82:00.0  | 0           0    / 0          30691/ 32768         |
+===========================+===============+====================================================+
| 6     910B4               | OK            | 97.9        43                0    / 0             |
| 0                         | 0000:41:00.0  | 0           0    / 0          30561/ 32768         |
+===========================+===============+====================================================+
+---------------------------+---------------+----------------------------------------------------+
| NPU     Chip              | Process id    | Process name             | Process memory(MB)      |
+===========================+===============+====================================================+
| 3       0                 | 126           | VLLMEngineCor            | 184                     |
| 3       0                 | 159           | VLLMWorker_TP            | 27736                   |
+===========================+===============+====================================================+
| 6       0                 | 183           | VLLMWorker_TP            | 27736                   |
+===========================+===============+====================================================+
2026-08-12T14:09:39.434478827Z
+------------------------------------------------------------------------------------------------+
| npu-smi 25.5.2                   Version: 25.5.2                                               |
+---------------------------+---------------+----------------------------------------------------+
| NPU   Name                | Health        | Power(W)    Temp(C)           Hugepages-Usage(page)|
| Chip                      | Bus-Id        | AICore(%)   Memory-Usage(MB)  HBM-Usage(MB)        |
+===========================+===============+====================================================+
| 3     910B4               | OK            | 100.4       42                0    / 0             |
| 0                         | 0000:82:00.0  | 0           0    / 0          30691/ 32768         |
+===========================+===============+====================================================+
| 6     910B4               | OK            | 97.8        43                0    / 0             |
| 0                         | 0000:41:00.0  | 0           0    / 0          30561/ 32768         |
+===========================+===============+====================================================+
+---------------------------+---------------+----------------------------------------------------+
| NPU     Chip              | Process id    | Process name             | Process memory(MB)      |
+===========================+===============+====================================================+
| 3       0                 | 126           | VLLMEngineCor            | 184                     |
| 3       0                 | 159           | VLLMWorker_TP            | 27736                   |
+===========================+===============+====================================================+
| 6       0                 | 183           | VLLMWorker_TP            | 27736                   |
+===========================+===============+====================================================+
2026-08-12T14:09:50.172683771Z
+------------------------------------------------------------------------------------------------+
| npu-smi 25.5.2                   Version: 25.5.2                                               |
+---------------------------+---------------+----------------------------------------------------+
| NPU   Name                | Health        | Power(W)    Temp(C)           Hugepages-Usage(page)|
| Chip                      | Bus-Id        | AICore(%)   Memory-Usage(MB)  HBM-Usage(MB)        |
+===========================+===============+====================================================+
| 3     910B4               | OK            | 100.5       42                0    / 0             |
| 0                         | 0000:82:00.0  | 0           0    / 0          30692/ 32768         |
+===========================+===============+====================================================+
| 6     910B4               | OK            | 97.8        43                0    / 0             |
| 0                         | 0000:41:00.0  | 0           0    / 0          30561/ 32768         |
+===========================+===============+====================================================+
+---------------------------+---------------+----------------------------------------------------+
| NPU     Chip              | Process id    | Process name             | Process memory(MB)      |
+===========================+===============+====================================================+
| 3       0                 | 126           | VLLMEngineCor            | 184                     |
| 3       0                 | 159           | VLLMWorker_TP            | 27736                   |
+===========================+===============+====================================================+
| 6       0                 | 183           | VLLMWorker_TP            | 27736                   |
+===========================+===============+====================================================+
2026-08-12T14:10:00.930389014Z
+------------------------------------------------------------------------------------------------+
| npu-smi 25.5.2                   Version: 25.5.2                                               |
+---------------------------+---------------+----------------------------------------------------+
| NPU   Name                | Health        | Power(W)    Temp(C)           Hugepages-Usage(page)|
| Chip                      | Bus-Id        | AICore(%)   Memory-Usage(MB)  HBM-Usage(MB)        |
+===========================+===============+====================================================+
| 3     910B4               | OK            | 100.2       43                0    / 0             |
| 0                         | 0000:82:00.0  | 0           0    / 0          30692/ 32768         |
+===========================+===============+====================================================+
| 6     910B4               | OK            | 98.2        43                0    / 0             |
| 0                         | 0000:41:00.0  | 0           0    / 0          30561/ 32768         |
+===========================+===============+====================================================+
+---------------------------+---------------+----------------------------------------------------+
| NPU     Chip              | Process id    | Process name             | Process memory(MB)      |
+===========================+===============+====================================================+
| 3       0                 | 126           | VLLMEngineCor            | 184                     |
| 3       0                 | 159           | VLLMWorker_TP            | 27736                   |
+===========================+===============+====================================================+
| 6       0                 | 183           | VLLMWorker_TP            | 27736                   |
+===========================+===============+====================================================+
2026-08-12T14:10:11.646694327Z
+------------------------------------------------------------------------------------------------+
| npu-smi 25.5.2                   Version: 25.5.2                                               |
+---------------------------+---------------+----------------------------------------------------+
| NPU   Name                | Health        | Power(W)    Temp(C)           Hugepages-Usage(page)|
| Chip                      | Bus-Id        | AICore(%)   Memory-Usage(MB)  HBM-Usage(MB)        |
+===========================+===============+====================================================+
| 3     910B4               | OK            | 100.0       43                0    / 0             |
| 0                         | 0000:82:00.0  | 0           0    / 0          30692/ 32768         |
+===========================+===============+====================================================+
| 6     910B4               | OK            | 97.9        44                0    / 0             |
| 0                         | 0000:41:00.0  | 0           0    / 0          30561/ 32768         |
+===========================+===============+====================================================+
+---------------------------+---------------+----------------------------------------------------+
| NPU     Chip              | Process id    | Process name             | Process memory(MB)      |
+===========================+===============+====================================================+
| 3       0                 | 126           | VLLMEngineCor            | 184                     |
| 3       0                 | 159           | VLLMWorker_TP            | 27736                   |
+===========================+===============+====================================================+
| 6       0                 | 183           | VLLMWorker_TP            | 27736                   |
+===========================+===============+====================================================+
2026-08-12T14:10:22.425316897Z
+------------------------------------------------------------------------------------------------+
| npu-smi 25.5.2                   Version: 25.5.2                                               |
+---------------------------+---------------+----------------------------------------------------+
| NPU   Name                | Health        | Power(W)    Temp(C)           Hugepages-Usage(page)|
| Chip                      | Bus-Id        | AICore(%)   Memory-Usage(MB)  HBM-Usage(MB)        |
+===========================+===============+====================================================+
| 3     910B4               | OK            | 101.6       43                0    / 0             |
| 0                         | 0000:82:00.0  | 0           0    / 0          30692/ 32768         |
+===========================+===============+====================================================+
| 6     910B4               | OK            | 97.7        43                0    / 0             |
| 0                         | 0000:41:00.0  | 0           0    / 0          30561/ 32768         |
+===========================+===============+====================================================+
+---------------------------+---------------+----------------------------------------------------+
| NPU     Chip              | Process id    | Process name             | Process memory(MB)      |
+===========================+===============+====================================================+
| 3       0                 | 126           | VLLMEngineCor            | 184                     |
| 3       0                 | 159           | VLLMWorker_TP            | 27736                   |
+===========================+===============+====================================================+
| 6       0                 | 183           | VLLMWorker_TP            | 27736                   |
+===========================+===============+====================================================+
2026-08-12T14:10:33.171482412Z
+------------------------------------------------------------------------------------------------+
| npu-smi 25.5.2                   Version: 25.5.2                                               |
+---------------------------+---------------+----------------------------------------------------+
| NPU   Name                | Health        | Power(W)    Temp(C)           Hugepages-Usage(page)|
| Chip                      | Bus-Id        | AICore(%)   Memory-Usage(MB)  HBM-Usage(MB)        |
+===========================+===============+====================================================+
| 3     910B4               | OK            | 101.0       42                0    / 0             |
| 0                         | 0000:82:00.0  | 0           0    / 0          30692/ 32768         |
+===========================+===============+====================================================+
| 6     910B4               | OK            | 97.8        43                0    / 0             |
| 0                         | 0000:41:00.0  | 0           0    / 0          30561/ 32768         |
+===========================+===============+====================================================+
+---------------------------+---------------+----------------------------------------------------+
| NPU     Chip              | Process id    | Process name             | Process memory(MB)      |
+===========================+===============+====================================================+
| 3       0                 | 126           | VLLMEngineCor            | 184                     |
| 3       0                 | 159           | VLLMWorker_TP            | 27736                   |
+===========================+===============+====================================================+
| 6       0                 | 183           | VLLMWorker_TP            | 27736                   |
+===========================+===============+====================================================+
2026-08-12T14:10:43.886094236Z
+------------------------------------------------------------------------------------------------+
| npu-smi 25.5.2                   Version: 25.5.2                                               |
+---------------------------+---------------+----------------------------------------------------+
| NPU   Name                | Health        | Power(W)    Temp(C)           Hugepages-Usage(page)|
| Chip                      | Bus-Id        | AICore(%)   Memory-Usage(MB)  HBM-Usage(MB)        |
+===========================+===============+====================================================+
| 3     910B4               | OK            | 101.9       43                0    / 0             |
| 0                         | 0000:82:00.0  | 2           0    / 0          30692/ 32768         |
+===========================+===============+====================================================+
| 6     910B4               | OK            | 97.8        43                0    / 0             |
| 0                         | 0000:41:00.0  | 0           0    / 0          30561/ 32768         |
+===========================+===============+====================================================+
+---------------------------+---------------+----------------------------------------------------+
| NPU     Chip              | Process id    | Process name             | Process memory(MB)      |
+===========================+===============+====================================================+
| 3       0                 | 126           | VLLMEngineCor            | 184                     |
| 3       0                 | 159           | VLLMWorker_TP            | 27736                   |
+===========================+===============+====================================================+
| 6       0                 | 183           | VLLMWorker_TP            | 27736                   |
+===========================+===============+====================================================+
2026-08-12T14:10:54.624848373Z
+------------------------------------------------------------------------------------------------+
| npu-smi 25.5.2                   Version: 25.5.2                                               |
+---------------------------+---------------+----------------------------------------------------+
| NPU   Name                | Health        | Power(W)    Temp(C)           Hugepages-Usage(page)|
| Chip                      | Bus-Id        | AICore(%)   Memory-Usage(MB)  HBM-Usage(MB)        |
+===========================+===============+====================================================+
| 3     910B4               | OK            | 100.7       43                0    / 0             |
| 0                         | 0000:82:00.0  | 0           0    / 0          30692/ 32768         |
+===========================+===============+====================================================+
| 6     910B4               | OK            | 98.4        43                0    / 0             |
| 0                         | 0000:41:00.0  | 0           0    / 0          30561/ 32768         |
+===========================+===============+====================================================+
+---------------------------+---------------+----------------------------------------------------+
| NPU     Chip              | Process id    | Process name             | Process memory(MB)      |
+===========================+===============+====================================================+
| 3       0                 | 126           | VLLMEngineCor            | 184                     |
| 3       0                 | 159           | VLLMWorker_TP            | 27736                   |
+===========================+===============+====================================================+
| 6       0                 | 183           | VLLMWorker_TP            | 27736                   |
+===========================+===============+====================================================+
2026-08-12T14:11:05.390230385Z
+------------------------------------------------------------------------------------------------+
| npu-smi 25.5.2                   Version: 25.5.2                                               |
+---------------------------+---------------+----------------------------------------------------+
| NPU   Name                | Health        | Power(W)    Temp(C)           Hugepages-Usage(page)|
| Chip                      | Bus-Id        | AICore(%)   Memory-Usage(MB)  HBM-Usage(MB)        |
+===========================+===============+====================================================+
| 3     910B4               | OK            | 101.4       42                0    / 0             |
| 0                         | 0000:82:00.0  | 0           0    / 0          30692/ 32768         |
+===========================+===============+====================================================+
| 6     910B4               | OK            | 97.8        44                0    / 0             |
| 0                         | 0000:41:00.0  | 0           0    / 0          30561/ 32768         |
+===========================+===============+====================================================+
+---------------------------+---------------+----------------------------------------------------+
| NPU     Chip              | Process id    | Process name             | Process memory(MB)      |
+===========================+===============+====================================================+
| 3       0                 | 126           | VLLMEngineCor            | 184                     |
| 3       0                 | 159           | VLLMWorker_TP            | 27736                   |
+===========================+===============+====================================================+
| 6       0                 | 183           | VLLMWorker_TP            | 27736                   |
+===========================+===============+====================================================+
2026-08-12T14:11:16.130914612Z
+------------------------------------------------------------------------------------------------+
| npu-smi 25.5.2                   Version: 25.5.2                                               |
+---------------------------+---------------+----------------------------------------------------+
| NPU   Name                | Health        | Power(W)    Temp(C)           Hugepages-Usage(page)|
| Chip                      | Bus-Id        | AICore(%)   Memory-Usage(MB)  HBM-Usage(MB)        |
+===========================+===============+====================================================+
| 3     910B4               | OK            | 101.7       42                0    / 0             |
| 0                         | 0000:82:00.0  | 0           0    / 0          30691/ 32768         |
+===========================+===============+====================================================+
| 6     910B4               | OK            | 99.3        43                0    / 0             |
| 0                         | 0000:41:00.0  | 5           0    / 0          30561/ 32768         |
+===========================+===============+====================================================+
+---------------------------+---------------+----------------------------------------------------+
| NPU     Chip              | Process id    | Process name             | Process memory(MB)      |
+===========================+===============+====================================================+
| 3       0                 | 126           | VLLMEngineCor            | 184                     |
| 3       0                 | 159           | VLLMWorker_TP            | 27736                   |
+===========================+===============+====================================================+
| 6       0                 | 183           | VLLMWorker_TP            | 27736                   |
+===========================+===============+====================================================+
2026-08-12T14:11:26.853829909Z
+------------------------------------------------------------------------------------------------+
| npu-smi 25.5.2                   Version: 25.5.2                                               |
+---------------------------+---------------+----------------------------------------------------+
| NPU   Name                | Health        | Power(W)    Temp(C)           Hugepages-Usage(page)|
| Chip                      | Bus-Id        | AICore(%)   Memory-Usage(MB)  HBM-Usage(MB)        |
+===========================+===============+====================================================+
| 3     910B4               | OK            | 94.3        43                0    / 0             |
| 0                         | 0000:82:00.0  | 0           0    / 0          30691/ 32768         |
+===========================+===============+====================================================+
| 6     910B4               | OK            | 91.5        43                0    / 0             |
| 0                         | 0000:41:00.0  | 0           0    / 0          30561/ 32768         |
+===========================+===============+====================================================+
+---------------------------+---------------+----------------------------------------------------+
| NPU     Chip              | Process id    | Process name             | Process memory(MB)      |
+===========================+===============+====================================================+
| 3       0                 | 126           | VLLMEngineCor            | 184                     |
| 3       0                 | 159           | VLLMWorker_TP            | 27736                   |
+===========================+===============+====================================================+
| 6       0                 | 183           | VLLMWorker_TP            | 27736                   |
+===========================+===============+====================================================+
