2026-08-12T14:08:34.931433466Z
+------------------------------------------------------------------------------------------------+
| npu-smi 25.5.2                   Version: 25.5.2                                               |
+---------------------------+---------------+----------------------------------------------------+
| NPU   Name                | Health        | Power(W)    Temp(C)           Hugepages-Usage(page)|
| Chip                      | Bus-Id        | AICore(%)   Memory-Usage(MB)  HBM-Usage(MB)        |
+===========================+===============+====================================================+
| 4     910B4               | OK            | 93.0        48                0    / 0             |
| 0                         | 0000:01:00.0  | 0           0    / 0          30933/ 32768         |
+===========================+===============+====================================================+
| 5     910B4               | OK            | 90.8        45                0    / 0             |
| 0                         | 0000:02:00.0  | 0           0    / 0          30802/ 32768         |
+===========================+===============+====================================================+
+---------------------------+---------------+----------------------------------------------------+
| NPU     Chip              | Process id    | Process name             | Process memory(MB)      |
+===========================+===============+====================================================+
| 4       0                 | 125           | VLLMEngineCor            | 184                     |
| 4       0                 | 157           | VLLMWorker_TP            | 27976                   |
+===========================+===============+====================================================+
| 5       0                 | 182           | VLLMWorker_TP            | 27976                   |
+===========================+===============+====================================================+
2026-08-12T14:08:45.683146799Z
+------------------------------------------------------------------------------------------------+
| npu-smi 25.5.2                   Version: 25.5.2                                               |
+---------------------------+---------------+----------------------------------------------------+
| NPU   Name                | Health        | Power(W)    Temp(C)           Hugepages-Usage(page)|
| Chip                      | Bus-Id        | AICore(%)   Memory-Usage(MB)  HBM-Usage(MB)        |
+===========================+===============+====================================================+
| 4     910B4               | OK            | 92.7        48                0    / 0             |
| 0                         | 0000:01:00.0  | 0           0    / 0          30933/ 32768         |
+===========================+===============+====================================================+
| 5     910B4               | OK            | 90.9        45                0    / 0             |
| 0                         | 0000:02:00.0  | 0           0    / 0          30801/ 32768         |
+===========================+===============+====================================================+
+---------------------------+---------------+----------------------------------------------------+
| NPU     Chip              | Process id    | Process name             | Process memory(MB)      |
+===========================+===============+====================================================+
| 4       0                 | 125           | VLLMEngineCor            | 184                     |
| 4       0                 | 157           | VLLMWorker_TP            | 27976                   |
+===========================+===============+====================================================+
| 5       0                 | 182           | VLLMWorker_TP            | 27976                   |
+===========================+===============+====================================================+
2026-08-12T14:08:56.433764996Z
+------------------------------------------------------------------------------------------------+
| npu-smi 25.5.2                   Version: 25.5.2                                               |
+---------------------------+---------------+----------------------------------------------------+
| NPU   Name                | Health        | Power(W)    Temp(C)           Hugepages-Usage(page)|
| Chip                      | Bus-Id        | AICore(%)   Memory-Usage(MB)  HBM-Usage(MB)        |
+===========================+===============+====================================================+
| 4     910B4               | OK            | 92.8        47                0    / 0             |
| 0                         | 0000:01:00.0  | 0           0    / 0          30932/ 32768         |
+===========================+===============+====================================================+
| 5     910B4               | OK            | 90.7        45                0    / 0             |
| 0                         | 0000:02:00.0  | 0           0    / 0          30801/ 32768         |
+===========================+===============+====================================================+
+---------------------------+---------------+----------------------------------------------------+
| NPU     Chip              | Process id    | Process name             | Process memory(MB)      |
+===========================+===============+====================================================+
| 4       0                 | 125           | VLLMEngineCor            | 184                     |
| 4       0                 | 157           | VLLMWorker_TP            | 27976                   |
+===========================+===============+====================================================+
| 5       0                 | 182           | VLLMWorker_TP            | 27976                   |
+===========================+===============+====================================================+
2026-08-12T14:09:07.163948420Z
+------------------------------------------------------------------------------------------------+
| npu-smi 25.5.2                   Version: 25.5.2                                               |
+---------------------------+---------------+----------------------------------------------------+
| NPU   Name                | Health        | Power(W)    Temp(C)           Hugepages-Usage(page)|
| Chip                      | Bus-Id        | AICore(%)   Memory-Usage(MB)  HBM-Usage(MB)        |
+===========================+===============+====================================================+
| 4     910B4               | OK            | 139.0       51                0    / 0             |
| 0                         | 0000:01:00.0  | 54          0    / 0          30932/ 32768         |
+===========================+===============+====================================================+
| 5     910B4               | OK            | 131.3       47                0    / 0             |
| 0                         | 0000:02:00.0  | 55          0    / 0          30801/ 32768         |
+===========================+===============+====================================================+
+---------------------------+---------------+----------------------------------------------------+
| NPU     Chip              | Process id    | Process name             | Process memory(MB)      |
+===========================+===============+====================================================+
| 4       0                 | 125           | VLLMEngineCor            | 184                     |
| 4       0                 | 157           | VLLMWorker_TP            | 27976                   |
+===========================+===============+====================================================+
| 5       0                 | 182           | VLLMWorker_TP            | 27976                   |
+===========================+===============+====================================================+
2026-08-12T14:09:17.941062852Z
+------------------------------------------------------------------------------------------------+
| npu-smi 25.5.2                   Version: 25.5.2                                               |
+---------------------------+---------------+----------------------------------------------------+
| NPU   Name                | Health        | Power(W)    Temp(C)           Hugepages-Usage(page)|
| Chip                      | Bus-Id        | AICore(%)   Memory-Usage(MB)  HBM-Usage(MB)        |
+===========================+===============+====================================================+
| 4     910B4               | OK            | 137.6       51                0    / 0             |
| 0                         | 0000:01:00.0  | 44          0    / 0          30933/ 32768         |
+===========================+===============+====================================================+
| 5     910B4               | OK            | 136.8       48                0    / 0             |
| 0                         | 0000:02:00.0  | 56          0    / 0          30801/ 32768         |
+===========================+===============+====================================================+
+---------------------------+---------------+----------------------------------------------------+
| NPU     Chip              | Process id    | Process name             | Process memory(MB)      |
+===========================+===============+====================================================+
| 4       0                 | 125           | VLLMEngineCor            | 184                     |
| 4       0                 | 157           | VLLMWorker_TP            | 27976                   |
+===========================+===============+====================================================+
| 5       0                 | 182           | VLLMWorker_TP            | 27976                   |
+===========================+===============+====================================================+
2026-08-12T14:09:28.713446700Z
+------------------------------------------------------------------------------------------------+
| npu-smi 25.5.2                   Version: 25.5.2                                               |
+---------------------------+---------------+----------------------------------------------------+
| NPU   Name                | Health        | Power(W)    Temp(C)           Hugepages-Usage(page)|
| Chip                      | Bus-Id        | AICore(%)   Memory-Usage(MB)  HBM-Usage(MB)        |
+===========================+===============+====================================================+
| 4     910B4               | OK            | 137.6       52                0    / 0             |
| 0                         | 0000:01:00.0  | 50          0    / 0          30932/ 32768         |
+===========================+===============+====================================================+
| 5     910B4               | OK            | 133.7       48                0    / 0             |
| 0                         | 0000:02:00.0  | 43          0    / 0          30801/ 32768         |
+===========================+===============+====================================================+
+---------------------------+---------------+----------------------------------------------------+
| NPU     Chip              | Process id    | Process name             | Process memory(MB)      |
+===========================+===============+====================================================+
| 4       0                 | 125           | VLLMEngineCor            | 184                     |
| 4       0                 | 157           | VLLMWorker_TP            | 27976                   |
+===========================+===============+====================================================+
| 5       0                 | 182           | VLLMWorker_TP            | 27976                   |
+===========================+===============+====================================================+
2026-08-12T14:09:39.432764658Z
+------------------------------------------------------------------------------------------------+
| npu-smi 25.5.2                   Version: 25.5.2                                               |
+---------------------------+---------------+----------------------------------------------------+
| NPU   Name                | Health        | Power(W)    Temp(C)           Hugepages-Usage(page)|
| Chip                      | Bus-Id        | AICore(%)   Memory-Usage(MB)  HBM-Usage(MB)        |
+===========================+===============+====================================================+
| 4     910B4               | OK            | 139.8       51                0    / 0             |
| 0                         | 0000:01:00.0  | 39          0    / 0          30932/ 32768         |
+===========================+===============+====================================================+
| 5     910B4               | OK            | 131.9       48                0    / 0             |
| 0                         | 0000:02:00.0  | 48          0    / 0          30802/ 32768         |
+===========================+===============+====================================================+
+---------------------------+---------------+----------------------------------------------------+
| NPU     Chip              | Process id    | Process name             | Process memory(MB)      |
+===========================+===============+====================================================+
| 4       0                 | 125           | VLLMEngineCor            | 184                     |
| 4       0                 | 157           | VLLMWorker_TP            | 27976                   |
+===========================+===============+====================================================+
| 5       0                 | 182           | VLLMWorker_TP            | 27976                   |
+===========================+===============+====================================================+
2026-08-12T14:09:50.150090996Z
+------------------------------------------------------------------------------------------------+
| npu-smi 25.5.2                   Version: 25.5.2                                               |
+---------------------------+---------------+----------------------------------------------------+
| NPU   Name                | Health        | Power(W)    Temp(C)           Hugepages-Usage(page)|
| Chip                      | Bus-Id        | AICore(%)   Memory-Usage(MB)  HBM-Usage(MB)        |
+===========================+===============+====================================================+
| 4     910B4               | OK            | 127.1       51                0    / 0             |
| 0                         | 0000:01:00.0  | 45          0    / 0          30933/ 32768         |
+===========================+===============+====================================================+
| 5     910B4               | OK            | 125.3       48                0    / 0             |
| 0                         | 0000:02:00.0  | 41          0    / 0          30801/ 32768         |
+===========================+===============+====================================================+
+---------------------------+---------------+----------------------------------------------------+
| NPU     Chip              | Process id    | Process name             | Process memory(MB)      |
+===========================+===============+====================================================+
| 4       0                 | 125           | VLLMEngineCor            | 184                     |
| 4       0                 | 157           | VLLMWorker_TP            | 27976                   |
+===========================+===============+====================================================+
| 5       0                 | 182           | VLLMWorker_TP            | 27976                   |
+===========================+===============+====================================================+
2026-08-12T14:10:00.911673729Z
+------------------------------------------------------------------------------------------------+
| npu-smi 25.5.2                   Version: 25.5.2                                               |
+---------------------------+---------------+----------------------------------------------------+
| NPU   Name                | Health        | Power(W)    Temp(C)           Hugepages-Usage(page)|
| Chip                      | Bus-Id        | AICore(%)   Memory-Usage(MB)  HBM-Usage(MB)        |
+===========================+===============+====================================================+
| 4     910B4               | OK            | 131.7       51                0    / 0             |
| 0                         | 0000:01:00.0  | 41          0    / 0          30933/ 32768         |
+===========================+===============+====================================================+
| 5     910B4               | OK            | 130.6       48                0    / 0             |
| 0                         | 0000:02:00.0  | 46          0    / 0          30802/ 32768         |
+===========================+===============+====================================================+
+---------------------------+---------------+----------------------------------------------------+
| NPU     Chip              | Process id    | Process name             | Process memory(MB)      |
+===========================+===============+====================================================+
| 4       0                 | 125           | VLLMEngineCor            | 184                     |
| 4       0                 | 157           | VLLMWorker_TP            | 27976                   |
+===========================+===============+====================================================+
| 5       0                 | 182           | VLLMWorker_TP            | 27976                   |
+===========================+===============+====================================================+
2026-08-12T14:10:11.630203353Z
+------------------------------------------------------------------------------------------------+
| npu-smi 25.5.2                   Version: 25.5.2                                               |
+---------------------------+---------------+----------------------------------------------------+
| NPU   Name                | Health        | Power(W)    Temp(C)           Hugepages-Usage(page)|
| Chip                      | Bus-Id        | AICore(%)   Memory-Usage(MB)  HBM-Usage(MB)        |
+===========================+===============+====================================================+
| 4     910B4               | OK            | 130.0       51                0    / 0             |
| 0                         | 0000:01:00.0  | 40          0    / 0          30932/ 32768         |
+===========================+===============+====================================================+
| 5     910B4               | OK            | 127.9       48                0    / 0             |
| 0                         | 0000:02:00.0  | 43          0    / 0          30801/ 32768         |
+===========================+===============+====================================================+
+---------------------------+---------------+----------------------------------------------------+
| NPU     Chip              | Process id    | Process name             | Process memory(MB)      |
+===========================+===============+====================================================+
| 4       0                 | 125           | VLLMEngineCor            | 184                     |
| 4       0                 | 157           | VLLMWorker_TP            | 27976                   |
+===========================+===============+====================================================+
| 5       0                 | 182           | VLLMWorker_TP            | 27976                   |
+===========================+===============+====================================================+
2026-08-12T14:10:22.370488348Z
+------------------------------------------------------------------------------------------------+
| npu-smi 25.5.2                   Version: 25.5.2                                               |
+---------------------------+---------------+----------------------------------------------------+
| NPU   Name                | Health        | Power(W)    Temp(C)           Hugepages-Usage(page)|
| Chip                      | Bus-Id        | AICore(%)   Memory-Usage(MB)  HBM-Usage(MB)        |
+===========================+===============+====================================================+
| 4     910B4               | OK            | 126.0       51                0    / 0             |
| 0                         | 0000:01:00.0  | 42          0    / 0          30932/ 32768         |
+===========================+===============+====================================================+
| 5     910B4               | OK            | 121.9       48                0    / 0             |
| 0                         | 0000:02:00.0  | 43          0    / 0          30802/ 32768         |
+===========================+===============+====================================================+
+---------------------------+---------------+----------------------------------------------------+
| NPU     Chip              | Process id    | Process name             | Process memory(MB)      |
+===========================+===============+====================================================+
| 4       0                 | 125           | VLLMEngineCor            | 184                     |
| 4       0                 | 157           | VLLMWorker_TP            | 27976                   |
+===========================+===============+====================================================+
| 5       0                 | 182           | VLLMWorker_TP            | 27976                   |
+===========================+===============+====================================================+
2026-08-12T14:10:33.115639048Z
+------------------------------------------------------------------------------------------------+
| npu-smi 25.5.2                   Version: 25.5.2                                               |
+---------------------------+---------------+----------------------------------------------------+
| NPU   Name                | Health        | Power(W)    Temp(C)           Hugepages-Usage(page)|
| Chip                      | Bus-Id        | AICore(%)   Memory-Usage(MB)  HBM-Usage(MB)        |
+===========================+===============+====================================================+
| 4     910B4               | OK            | 124.0       52                0    / 0             |
| 0                         | 0000:01:00.0  | 42          0    / 0          30933/ 32768         |
+===========================+===============+====================================================+
| 5     910B4               | OK            | 119.8       48                0    / 0             |
| 0                         | 0000:02:00.0  | 30          0    / 0          30801/ 32768         |
+===========================+===============+====================================================+
+---------------------------+---------------+----------------------------------------------------+
| NPU     Chip              | Process id    | Process name             | Process memory(MB)      |
+===========================+===============+====================================================+
| 4       0                 | 125           | VLLMEngineCor            | 184                     |
| 4       0                 | 157           | VLLMWorker_TP            | 27976                   |
+===========================+===============+====================================================+
| 5       0                 | 182           | VLLMWorker_TP            | 27976                   |
+===========================+===============+====================================================+
2026-08-12T14:10:43.865530971Z
+------------------------------------------------------------------------------------------------+
| npu-smi 25.5.2                   Version: 25.5.2                                               |
+---------------------------+---------------+----------------------------------------------------+
| NPU   Name                | Health        | Power(W)    Temp(C)           Hugepages-Usage(page)|
| Chip                      | Bus-Id        | AICore(%)   Memory-Usage(MB)  HBM-Usage(MB)        |
+===========================+===============+====================================================+
| 4     910B4               | OK            | 123.9       51                0    / 0             |
| 0                         | 0000:01:00.0  | 41          0    / 0          30933/ 32768         |
+===========================+===============+====================================================+
| 5     910B4               | OK            | 121.1       48                0    / 0             |
| 0                         | 0000:02:00.0  | 39          0    / 0          30801/ 32768         |
+===========================+===============+====================================================+
+---------------------------+---------------+----------------------------------------------------+
| NPU     Chip              | Process id    | Process name             | Process memory(MB)      |
+===========================+===============+====================================================+
| 4       0                 | 125           | VLLMEngineCor            | 184                     |
| 4       0                 | 157           | VLLMWorker_TP            | 27976                   |
+===========================+===============+====================================================+
| 5       0                 | 182           | VLLMWorker_TP            | 27976                   |
+===========================+===============+====================================================+
2026-08-12T14:10:54.631923529Z
+------------------------------------------------------------------------------------------------+
| npu-smi 25.5.2                   Version: 25.5.2                                               |
+---------------------------+---------------+----------------------------------------------------+
| NPU   Name                | Health        | Power(W)    Temp(C)           Hugepages-Usage(page)|
| Chip                      | Bus-Id        | AICore(%)   Memory-Usage(MB)  HBM-Usage(MB)        |
+===========================+===============+====================================================+
| 4     910B4               | OK            | 132.0       51                0    / 0             |
| 0                         | 0000:01:00.0  | 44          0    / 0          30933/ 32768         |
+===========================+===============+====================================================+
| 5     910B4               | OK            | 127.0       48                0    / 0             |
| 0                         | 0000:02:00.0  | 44          0    / 0          30801/ 32768         |
+===========================+===============+====================================================+
+---------------------------+---------------+----------------------------------------------------+
| NPU     Chip              | Process id    | Process name             | Process memory(MB)      |
+===========================+===============+====================================================+
| 4       0                 | 125           | VLLMEngineCor            | 184                     |
| 4       0                 | 157           | VLLMWorker_TP            | 27976                   |
+===========================+===============+====================================================+
| 5       0                 | 182           | VLLMWorker_TP            | 27976                   |
+===========================+===============+====================================================+
2026-08-12T14:11:05.420098757Z
+------------------------------------------------------------------------------------------------+
| npu-smi 25.5.2                   Version: 25.5.2                                               |
+---------------------------+---------------+----------------------------------------------------+
| NPU   Name                | Health        | Power(W)    Temp(C)           Hugepages-Usage(page)|
| Chip                      | Bus-Id        | AICore(%)   Memory-Usage(MB)  HBM-Usage(MB)        |
+===========================+===============+====================================================+
| 4     910B4               | OK            | 123.6       50                0    / 0             |
| 0                         | 0000:01:00.0  | 30          0    / 0          30933/ 32768         |
+===========================+===============+====================================================+
| 5     910B4               | OK            | 126.0       48                0    / 0             |
| 0                         | 0000:02:00.0  | 45          0    / 0          30801/ 32768         |
+===========================+===============+====================================================+
+---------------------------+---------------+----------------------------------------------------+
| NPU     Chip              | Process id    | Process name             | Process memory(MB)      |
+===========================+===============+====================================================+
| 4       0                 | 125           | VLLMEngineCor            | 184                     |
| 4       0                 | 157           | VLLMWorker_TP            | 27976                   |
+===========================+===============+====================================================+
| 5       0                 | 182           | VLLMWorker_TP            | 27976                   |
+===========================+===============+====================================================+
2026-08-12T14:11:16.180597825Z
+------------------------------------------------------------------------------------------------+
| npu-smi 25.5.2                   Version: 25.5.2                                               |
+---------------------------+---------------+----------------------------------------------------+
| NPU   Name                | Health        | Power(W)    Temp(C)           Hugepages-Usage(page)|
| Chip                      | Bus-Id        | AICore(%)   Memory-Usage(MB)  HBM-Usage(MB)        |
+===========================+===============+====================================================+
| 4     910B4               | OK            | 127.8       52                0    / 0             |
| 0                         | 0000:01:00.0  | 39          0    / 0          30932/ 32768         |
+===========================+===============+====================================================+
| 5     910B4               | OK            | 118.6       48                0    / 0             |
| 0                         | 0000:02:00.0  | 28          0    / 0          30802/ 32768         |
+===========================+===============+====================================================+
+---------------------------+---------------+----------------------------------------------------+
| NPU     Chip              | Process id    | Process name             | Process memory(MB)      |
+===========================+===============+====================================================+
| 4       0                 | 125           | VLLMEngineCor            | 184                     |
| 4       0                 | 157           | VLLMWorker_TP            | 27976                   |
+===========================+===============+====================================================+
| 5       0                 | 182           | VLLMWorker_TP            | 27976                   |
+===========================+===============+====================================================+
2026-08-12T14:11:26.876379623Z
+------------------------------------------------------------------------------------------------+
| npu-smi 25.5.2                   Version: 25.5.2                                               |
+---------------------------+---------------+----------------------------------------------------+
| NPU   Name                | Health        | Power(W)    Temp(C)           Hugepages-Usage(page)|
| Chip                      | Bus-Id        | AICore(%)   Memory-Usage(MB)  HBM-Usage(MB)        |
+===========================+===============+====================================================+
| 4     910B4               | OK            | 94.2        49                0    / 0             |
| 0                         | 0000:01:00.0  | 0           0    / 0          30932/ 32768         |
+===========================+===============+====================================================+
| 5     910B4               | OK            | 91.7        47                0    / 0             |
| 0                         | 0000:02:00.0  | 0           0    / 0          30802/ 32768         |
+===========================+===============+====================================================+
+---------------------------+---------------+----------------------------------------------------+
| NPU     Chip              | Process id    | Process name             | Process memory(MB)      |
+===========================+===============+====================================================+
| 4       0                 | 125           | VLLMEngineCor            | 184                     |
| 4       0                 | 157           | VLLMWorker_TP            | 27976                   |
+===========================+===============+====================================================+
| 5       0                 | 182           | VLLMWorker_TP            | 27976                   |
+===========================+===============+====================================================+
