2026-08-12T11:16:54.552434113Z
+------------------------------------------------------------------------------------------------+
| npu-smi 25.5.2                   Version: 25.5.2                                               |
+---------------------------+---------------+----------------------------------------------------+
| NPU   Name                | Health        | Power(W)    Temp(C)           Hugepages-Usage(page)|
| Chip                      | Bus-Id        | AICore(%)   Memory-Usage(MB)  HBM-Usage(MB)        |
+===========================+===============+====================================================+
| 4     910B4               | OK            | 92.4        47                0    / 0             |
| 0                         | 0000:01:00.0  | 0           0    / 0          30689/ 32768         |
+===========================+===============+====================================================+
| 5     910B4               | OK            | 90.9        45                0    / 0             |
| 0                         | 0000:02:00.0  | 0           0    / 0          30559/ 32768         |
+===========================+===============+====================================================+
+---------------------------+---------------+----------------------------------------------------+
| NPU     Chip              | Process id    | Process name             | Process memory(MB)      |
+===========================+===============+====================================================+
| 4       0                 | 163           | VLLMWorker_TP            | 27736                   |
| 4       0                 | 131           | VLLMEngineCor            | 184                     |
+===========================+===============+====================================================+
| 5       0                 | 195           | VLLMWorker_TP            | 27736                   |
+===========================+===============+====================================================+
2026-08-12T11:17:05.301758081Z
+------------------------------------------------------------------------------------------------+
| npu-smi 25.5.2                   Version: 25.5.2                                               |
+---------------------------+---------------+----------------------------------------------------+
| NPU   Name                | Health        | Power(W)    Temp(C)           Hugepages-Usage(page)|
| Chip                      | Bus-Id        | AICore(%)   Memory-Usage(MB)  HBM-Usage(MB)        |
+===========================+===============+====================================================+
| 4     910B4               | OK            | 92.3        47                0    / 0             |
| 0                         | 0000:01:00.0  | 0           0    / 0          30690/ 32768         |
+===========================+===============+====================================================+
| 5     910B4               | OK            | 90.6        45                0    / 0             |
| 0                         | 0000:02:00.0  | 0           0    / 0          30559/ 32768         |
+===========================+===============+====================================================+
+---------------------------+---------------+----------------------------------------------------+
| NPU     Chip              | Process id    | Process name             | Process memory(MB)      |
+===========================+===============+====================================================+
| 4       0                 | 163           | VLLMWorker_TP            | 27736                   |
| 4       0                 | 131           | VLLMEngineCor            | 184                     |
+===========================+===============+====================================================+
| 5       0                 | 195           | VLLMWorker_TP            | 27736                   |
+===========================+===============+====================================================+
2026-08-12T11:17:16.071508084Z
+------------------------------------------------------------------------------------------------+
| npu-smi 25.5.2                   Version: 25.5.2                                               |
+---------------------------+---------------+----------------------------------------------------+
| NPU   Name                | Health        | Power(W)    Temp(C)           Hugepages-Usage(page)|
| Chip                      | Bus-Id        | AICore(%)   Memory-Usage(MB)  HBM-Usage(MB)        |
+===========================+===============+====================================================+
| 4     910B4               | OK            | 92.4        47                0    / 0             |
| 0                         | 0000:01:00.0  | 0           0    / 0          30690/ 32768         |
+===========================+===============+====================================================+
| 5     910B4               | OK            | 90.8        45                0    / 0             |
| 0                         | 0000:02:00.0  | 0           0    / 0          30559/ 32768         |
+===========================+===============+====================================================+
+---------------------------+---------------+----------------------------------------------------+
| NPU     Chip              | Process id    | Process name             | Process memory(MB)      |
+===========================+===============+====================================================+
| 4       0                 | 163           | VLLMWorker_TP            | 27736                   |
| 4       0                 | 131           | VLLMEngineCor            | 184                     |
+===========================+===============+====================================================+
| 5       0                 | 195           | VLLMWorker_TP            | 27736                   |
+===========================+===============+====================================================+
2026-08-12T11:17:26.891289523Z
+------------------------------------------------------------------------------------------------+
| npu-smi 25.5.2                   Version: 25.5.2                                               |
+---------------------------+---------------+----------------------------------------------------+
| NPU   Name                | Health        | Power(W)    Temp(C)           Hugepages-Usage(page)|
| Chip                      | Bus-Id        | AICore(%)   Memory-Usage(MB)  HBM-Usage(MB)        |
+===========================+===============+====================================================+
| 4     910B4               | OK            | 100.5       48                0    / 0             |
| 0                         | 0000:01:00.0  | 0           0    / 0          30689/ 32768         |
+===========================+===============+====================================================+
| 5     910B4               | OK            | 97.2        45                0    / 0             |
| 0                         | 0000:02:00.0  | 0           0    / 0          30559/ 32768         |
+===========================+===============+====================================================+
+---------------------------+---------------+----------------------------------------------------+
| NPU     Chip              | Process id    | Process name             | Process memory(MB)      |
+===========================+===============+====================================================+
| 4       0                 | 163           | VLLMWorker_TP            | 27736                   |
| 4       0                 | 131           | VLLMEngineCor            | 184                     |
+===========================+===============+====================================================+
| 5       0                 | 195           | VLLMWorker_TP            | 27736                   |
+===========================+===============+====================================================+
2026-08-12T11:17:37.629207883Z
+------------------------------------------------------------------------------------------------+
| npu-smi 25.5.2                   Version: 25.5.2                                               |
+---------------------------+---------------+----------------------------------------------------+
| NPU   Name                | Health        | Power(W)    Temp(C)           Hugepages-Usage(page)|
| Chip                      | Bus-Id        | AICore(%)   Memory-Usage(MB)  HBM-Usage(MB)        |
+===========================+===============+====================================================+
| 4     910B4               | OK            | 101.1       47                0    / 0             |
| 0                         | 0000:01:00.0  | 6           0    / 0          30689/ 32768         |
+===========================+===============+====================================================+
| 5     910B4               | OK            | 98.1        45                0    / 0             |
| 0                         | 0000:02:00.0  | 0           0    / 0          30559/ 32768         |
+===========================+===============+====================================================+
+---------------------------+---------------+----------------------------------------------------+
| NPU     Chip              | Process id    | Process name             | Process memory(MB)      |
+===========================+===============+====================================================+
| 4       0                 | 163           | VLLMWorker_TP            | 27736                   |
| 4       0                 | 131           | VLLMEngineCor            | 184                     |
+===========================+===============+====================================================+
| 5       0                 | 195           | VLLMWorker_TP            | 27736                   |
+===========================+===============+====================================================+
2026-08-12T11:17:48.359967256Z
+------------------------------------------------------------------------------------------------+
| npu-smi 25.5.2                   Version: 25.5.2                                               |
+---------------------------+---------------+----------------------------------------------------+
| NPU   Name                | Health        | Power(W)    Temp(C)           Hugepages-Usage(page)|
| Chip                      | Bus-Id        | AICore(%)   Memory-Usage(MB)  HBM-Usage(MB)        |
+===========================+===============+====================================================+
| 4     910B4               | OK            | 100.6       47                0    / 0             |
| 0                         | 0000:01:00.0  | 0           0    / 0          30690/ 32768         |
+===========================+===============+====================================================+
| 5     910B4               | OK            | 97.2        45                0    / 0             |
| 0                         | 0000:02:00.0  | 0           0    / 0          30559/ 32768         |
+===========================+===============+====================================================+
+---------------------------+---------------+----------------------------------------------------+
| NPU     Chip              | Process id    | Process name             | Process memory(MB)      |
+===========================+===============+====================================================+
| 4       0                 | 163           | VLLMWorker_TP            | 27736                   |
| 4       0                 | 131           | VLLMEngineCor            | 184                     |
+===========================+===============+====================================================+
| 5       0                 | 195           | VLLMWorker_TP            | 27736                   |
+===========================+===============+====================================================+
2026-08-12T11:17:59.130821764Z
+------------------------------------------------------------------------------------------------+
| npu-smi 25.5.2                   Version: 25.5.2                                               |
+---------------------------+---------------+----------------------------------------------------+
| NPU   Name                | Health        | Power(W)    Temp(C)           Hugepages-Usage(page)|
| Chip                      | Bus-Id        | AICore(%)   Memory-Usage(MB)  HBM-Usage(MB)        |
+===========================+===============+====================================================+
| 4     910B4               | OK            | 100.2       47                0    / 0             |
| 0                         | 0000:01:00.0  | 0           0    / 0          30689/ 32768         |
+===========================+===============+====================================================+
| 5     910B4               | OK            | 97.6        45                0    / 0             |
| 0                         | 0000:02:00.0  | 0           0    / 0          30558/ 32768         |
+===========================+===============+====================================================+
+---------------------------+---------------+----------------------------------------------------+
| NPU     Chip              | Process id    | Process name             | Process memory(MB)      |
+===========================+===============+====================================================+
| 4       0                 | 163           | VLLMWorker_TP            | 27736                   |
| 4       0                 | 131           | VLLMEngineCor            | 184                     |
+===========================+===============+====================================================+
| 5       0                 | 195           | VLLMWorker_TP            | 27736                   |
+===========================+===============+====================================================+
2026-08-12T11:18:09.839713555Z
+------------------------------------------------------------------------------------------------+
| npu-smi 25.5.2                   Version: 25.5.2                                               |
+---------------------------+---------------+----------------------------------------------------+
| NPU   Name                | Health        | Power(W)    Temp(C)           Hugepages-Usage(page)|
| Chip                      | Bus-Id        | AICore(%)   Memory-Usage(MB)  HBM-Usage(MB)        |
+===========================+===============+====================================================+
| 4     910B4               | OK            | 100.6       47                0    / 0             |
| 0                         | 0000:01:00.0  | 0           0    / 0          30689/ 32768         |
+===========================+===============+====================================================+
| 5     910B4               | OK            | 97.4        46                0    / 0             |
| 0                         | 0000:02:00.0  | 0           0    / 0          30559/ 32768         |
+===========================+===============+====================================================+
+---------------------------+---------------+----------------------------------------------------+
| NPU     Chip              | Process id    | Process name             | Process memory(MB)      |
+===========================+===============+====================================================+
| 4       0                 | 163           | VLLMWorker_TP            | 27736                   |
| 4       0                 | 131           | VLLMEngineCor            | 184                     |
+===========================+===============+====================================================+
| 5       0                 | 195           | VLLMWorker_TP            | 27736                   |
+===========================+===============+====================================================+
2026-08-12T11:18:20.617946852Z
+------------------------------------------------------------------------------------------------+
| npu-smi 25.5.2                   Version: 25.5.2                                               |
+---------------------------+---------------+----------------------------------------------------+
| NPU   Name                | Health        | Power(W)    Temp(C)           Hugepages-Usage(page)|
| Chip                      | Bus-Id        | AICore(%)   Memory-Usage(MB)  HBM-Usage(MB)        |
+===========================+===============+====================================================+
| 4     910B4               | OK            | 100.4       48                0    / 0             |
| 0                         | 0000:01:00.0  | 0           0    / 0          30690/ 32768         |
+===========================+===============+====================================================+
| 5     910B4               | OK            | 97.8        45                0    / 0             |
| 0                         | 0000:02:00.0  | 0           0    / 0          30559/ 32768         |
+===========================+===============+====================================================+
+---------------------------+---------------+----------------------------------------------------+
| NPU     Chip              | Process id    | Process name             | Process memory(MB)      |
+===========================+===============+====================================================+
| 4       0                 | 163           | VLLMWorker_TP            | 27736                   |
| 4       0                 | 131           | VLLMEngineCor            | 184                     |
+===========================+===============+====================================================+
| 5       0                 | 195           | VLLMWorker_TP            | 27736                   |
+===========================+===============+====================================================+
2026-08-12T11:18:31.381116461Z
+------------------------------------------------------------------------------------------------+
| npu-smi 25.5.2                   Version: 25.5.2                                               |
+---------------------------+---------------+----------------------------------------------------+
| NPU   Name                | Health        | Power(W)    Temp(C)           Hugepages-Usage(page)|
| Chip                      | Bus-Id        | AICore(%)   Memory-Usage(MB)  HBM-Usage(MB)        |
+===========================+===============+====================================================+
| 4     910B4               | OK            | 100.6       47                0    / 0             |
| 0                         | 0000:01:00.0  | 0           0    / 0          30690/ 32768         |
+===========================+===============+====================================================+
| 5     910B4               | OK            | 97.5        46                0    / 0             |
| 0                         | 0000:02:00.0  | 0           0    / 0          30559/ 32768         |
+===========================+===============+====================================================+
+---------------------------+---------------+----------------------------------------------------+
| NPU     Chip              | Process id    | Process name             | Process memory(MB)      |
+===========================+===============+====================================================+
| 4       0                 | 163           | VLLMWorker_TP            | 27736                   |
| 4       0                 | 131           | VLLMEngineCor            | 184                     |
+===========================+===============+====================================================+
| 5       0                 | 195           | VLLMWorker_TP            | 27736                   |
+===========================+===============+====================================================+
2026-08-12T11:18:42.109643302Z
+------------------------------------------------------------------------------------------------+
| npu-smi 25.5.2                   Version: 25.5.2                                               |
+---------------------------+---------------+----------------------------------------------------+
| NPU   Name                | Health        | Power(W)    Temp(C)           Hugepages-Usage(page)|
| Chip                      | Bus-Id        | AICore(%)   Memory-Usage(MB)  HBM-Usage(MB)        |
+===========================+===============+====================================================+
| 4     910B4               | OK            | 100.4       47                0    / 0             |
| 0                         | 0000:01:00.0  | 0           0    / 0          30689/ 32768         |
+===========================+===============+====================================================+
| 5     910B4               | OK            | 97.9        46                0    / 0             |
| 0                         | 0000:02:00.0  | 0           0    / 0          30559/ 32768         |
+===========================+===============+====================================================+
+---------------------------+---------------+----------------------------------------------------+
| NPU     Chip              | Process id    | Process name             | Process memory(MB)      |
+===========================+===============+====================================================+
| 4       0                 | 163           | VLLMWorker_TP            | 27736                   |
| 4       0                 | 131           | VLLMEngineCor            | 184                     |
+===========================+===============+====================================================+
| 5       0                 | 195           | VLLMWorker_TP            | 27736                   |
+===========================+===============+====================================================+
2026-08-12T11:18:52.884224770Z
+------------------------------------------------------------------------------------------------+
| npu-smi 25.5.2                   Version: 25.5.2                                               |
+---------------------------+---------------+----------------------------------------------------+
| NPU   Name                | Health        | Power(W)    Temp(C)           Hugepages-Usage(page)|
| Chip                      | Bus-Id        | AICore(%)   Memory-Usage(MB)  HBM-Usage(MB)        |
+===========================+===============+====================================================+
| 4     910B4               | OK            | 101.0       47                0    / 0             |
| 0                         | 0000:01:00.0  | 0           0    / 0          30690/ 32768         |
+===========================+===============+====================================================+
| 5     910B4               | OK            | 97.6        46                0    / 0             |
| 0                         | 0000:02:00.0  | 0           0    / 0          30559/ 32768         |
+===========================+===============+====================================================+
+---------------------------+---------------+----------------------------------------------------+
| NPU     Chip              | Process id    | Process name             | Process memory(MB)      |
+===========================+===============+====================================================+
| 4       0                 | 163           | VLLMWorker_TP            | 27736                   |
| 4       0                 | 131           | VLLMEngineCor            | 184                     |
+===========================+===============+====================================================+
| 5       0                 | 195           | VLLMWorker_TP            | 27736                   |
+===========================+===============+====================================================+
2026-08-12T11:19:03.621706227Z
+------------------------------------------------------------------------------------------------+
| npu-smi 25.5.2                   Version: 25.5.2                                               |
+---------------------------+---------------+----------------------------------------------------+
| NPU   Name                | Health        | Power(W)    Temp(C)           Hugepages-Usage(page)|
| Chip                      | Bus-Id        | AICore(%)   Memory-Usage(MB)  HBM-Usage(MB)        |
+===========================+===============+====================================================+
| 4     910B4               | OK            | 100.4       48                0    / 0             |
| 0                         | 0000:01:00.0  | 0           0    / 0          30690/ 32768         |
+===========================+===============+====================================================+
| 5     910B4               | OK            | 97.2        46                0    / 0             |
| 0                         | 0000:02:00.0  | 0           0    / 0          30559/ 32768         |
+===========================+===============+====================================================+
+---------------------------+---------------+----------------------------------------------------+
| NPU     Chip              | Process id    | Process name             | Process memory(MB)      |
+===========================+===============+====================================================+
| 4       0                 | 163           | VLLMWorker_TP            | 27736                   |
| 4       0                 | 131           | VLLMEngineCor            | 184                     |
+===========================+===============+====================================================+
| 5       0                 | 195           | VLLMWorker_TP            | 27736                   |
+===========================+===============+====================================================+
2026-08-12T11:19:14.358686942Z
+------------------------------------------------------------------------------------------------+
| npu-smi 25.5.2                   Version: 25.5.2                                               |
+---------------------------+---------------+----------------------------------------------------+
| NPU   Name                | Health        | Power(W)    Temp(C)           Hugepages-Usage(page)|
| Chip                      | Bus-Id        | AICore(%)   Memory-Usage(MB)  HBM-Usage(MB)        |
+===========================+===============+====================================================+
| 4     910B4               | OK            | 100.6       47                0    / 0             |
| 0                         | 0000:01:00.0  | 0           0    / 0          30690/ 32768         |
+===========================+===============+====================================================+
| 5     910B4               | OK            | 97.9        46                0    / 0             |
| 0                         | 0000:02:00.0  | 0           0    / 0          30559/ 32768         |
+===========================+===============+====================================================+
+---------------------------+---------------+----------------------------------------------------+
| NPU     Chip              | Process id    | Process name             | Process memory(MB)      |
+===========================+===============+====================================================+
| 4       0                 | 163           | VLLMWorker_TP            | 27736                   |
| 4       0                 | 131           | VLLMEngineCor            | 184                     |
+===========================+===============+====================================================+
| 5       0                 | 195           | VLLMWorker_TP            | 27736                   |
+===========================+===============+====================================================+
2026-08-12T11:19:25.086625561Z
+------------------------------------------------------------------------------------------------+
| npu-smi 25.5.2                   Version: 25.5.2                                               |
+---------------------------+---------------+----------------------------------------------------+
| NPU   Name                | Health        | Power(W)    Temp(C)           Hugepages-Usage(page)|
| Chip                      | Bus-Id        | AICore(%)   Memory-Usage(MB)  HBM-Usage(MB)        |
+===========================+===============+====================================================+
| 4     910B4               | OK            | 100.4       47                0    / 0             |
| 0                         | 0000:01:00.0  | 0           0    / 0          30690/ 32768         |
+===========================+===============+====================================================+
| 5     910B4               | OK            | 97.7        46                0    / 0             |
| 0                         | 0000:02:00.0  | 0           0    / 0          30559/ 32768         |
+===========================+===============+====================================================+
+---------------------------+---------------+----------------------------------------------------+
| NPU     Chip              | Process id    | Process name             | Process memory(MB)      |
+===========================+===============+====================================================+
| 4       0                 | 163           | VLLMWorker_TP            | 27736                   |
| 4       0                 | 131           | VLLMEngineCor            | 184                     |
+===========================+===============+====================================================+
| 5       0                 | 195           | VLLMWorker_TP            | 27736                   |
+===========================+===============+====================================================+
2026-08-12T11:19:35.809979236Z
+------------------------------------------------------------------------------------------------+
| npu-smi 25.5.2                   Version: 25.5.2                                               |
+---------------------------+---------------+----------------------------------------------------+
| NPU   Name                | Health        | Power(W)    Temp(C)           Hugepages-Usage(page)|
| Chip                      | Bus-Id        | AICore(%)   Memory-Usage(MB)  HBM-Usage(MB)        |
+===========================+===============+====================================================+
| 4     910B4               | OK            | 100.7       47                0    / 0             |
| 0                         | 0000:01:00.0  | 0           0    / 0          30690/ 32768         |
+===========================+===============+====================================================+
| 5     910B4               | OK            | 97.9        47                0    / 0             |
| 0                         | 0000:02:00.0  | 0           0    / 0          30559/ 32768         |
+===========================+===============+====================================================+
+---------------------------+---------------+----------------------------------------------------+
| NPU     Chip              | Process id    | Process name             | Process memory(MB)      |
+===========================+===============+====================================================+
| 4       0                 | 163           | VLLMWorker_TP            | 27736                   |
| 4       0                 | 131           | VLLMEngineCor            | 184                     |
+===========================+===============+====================================================+
| 5       0                 | 195           | VLLMWorker_TP            | 27736                   |
+===========================+===============+====================================================+
2026-08-12T11:19:46.525723652Z
+------------------------------------------------------------------------------------------------+
| npu-smi 25.5.2                   Version: 25.5.2                                               |
+---------------------------+---------------+----------------------------------------------------+
| NPU   Name                | Health        | Power(W)    Temp(C)           Hugepages-Usage(page)|
| Chip                      | Bus-Id        | AICore(%)   Memory-Usage(MB)  HBM-Usage(MB)        |
+===========================+===============+====================================================+
| 4     910B4               | OK            | 100.7       47                0    / 0             |
| 0                         | 0000:01:00.0  | 0           0    / 0          30690/ 32768         |
+===========================+===============+====================================================+
| 5     910B4               | OK            | 97.4        46                0    / 0             |
| 0                         | 0000:02:00.0  | 0           0    / 0          30559/ 32768         |
+===========================+===============+====================================================+
+---------------------------+---------------+----------------------------------------------------+
| NPU     Chip              | Process id    | Process name             | Process memory(MB)      |
+===========================+===============+====================================================+
| 4       0                 | 163           | VLLMWorker_TP            | 27736                   |
| 4       0                 | 131           | VLLMEngineCor            | 184                     |
+===========================+===============+====================================================+
| 5       0                 | 195           | VLLMWorker_TP            | 27736                   |
+===========================+===============+====================================================+
2026-08-12T11:19:57.237457318Z
+------------------------------------------------------------------------------------------------+
| npu-smi 25.5.2                   Version: 25.5.2                                               |
+---------------------------+---------------+----------------------------------------------------+
| NPU   Name                | Health        | Power(W)    Temp(C)           Hugepages-Usage(page)|
| Chip                      | Bus-Id        | AICore(%)   Memory-Usage(MB)  HBM-Usage(MB)        |
+===========================+===============+====================================================+
| 4     910B4               | OK            | 100.1       47                0    / 0             |
| 0                         | 0000:01:00.0  | 0           0    / 0          30689/ 32768         |
+===========================+===============+====================================================+
| 5     910B4               | OK            | 97.6        46                0    / 0             |
| 0                         | 0000:02:00.0  | 0           0    / 0          30559/ 32768         |
+===========================+===============+====================================================+
+---------------------------+---------------+----------------------------------------------------+
| NPU     Chip              | Process id    | Process name             | Process memory(MB)      |
+===========================+===============+====================================================+
| 4       0                 | 163           | VLLMWorker_TP            | 27736                   |
| 4       0                 | 131           | VLLMEngineCor            | 184                     |
+===========================+===============+====================================================+
| 5       0                 | 195           | VLLMWorker_TP            | 27736                   |
+===========================+===============+====================================================+
2026-08-12T11:20:07.989775332Z
+------------------------------------------------------------------------------------------------+
| npu-smi 25.5.2                   Version: 25.5.2                                               |
+---------------------------+---------------+----------------------------------------------------+
| NPU   Name                | Health        | Power(W)    Temp(C)           Hugepages-Usage(page)|
| Chip                      | Bus-Id        | AICore(%)   Memory-Usage(MB)  HBM-Usage(MB)        |
+===========================+===============+====================================================+
| 4     910B4               | OK            | 100.7       47                0    / 0             |
| 0                         | 0000:01:00.0  | 0           0    / 0          30689/ 32768         |
+===========================+===============+====================================================+
| 5     910B4               | OK            | 97.8        46                0    / 0             |
| 0                         | 0000:02:00.0  | 2           0    / 0          30559/ 32768         |
+===========================+===============+====================================================+
+---------------------------+---------------+----------------------------------------------------+
| NPU     Chip              | Process id    | Process name             | Process memory(MB)      |
+===========================+===============+====================================================+
| 4       0                 | 163           | VLLMWorker_TP            | 27736                   |
| 4       0                 | 131           | VLLMEngineCor            | 184                     |
+===========================+===============+====================================================+
| 5       0                 | 195           | VLLMWorker_TP            | 27736                   |
+===========================+===============+====================================================+
2026-08-12T11:20:18.725536610Z
+------------------------------------------------------------------------------------------------+
| npu-smi 25.5.2                   Version: 25.5.2                                               |
+---------------------------+---------------+----------------------------------------------------+
| NPU   Name                | Health        | Power(W)    Temp(C)           Hugepages-Usage(page)|
| Chip                      | Bus-Id        | AICore(%)   Memory-Usage(MB)  HBM-Usage(MB)        |
+===========================+===============+====================================================+
| 4     910B4               | OK            | 100.3       47                0    / 0             |
| 0                         | 0000:01:00.0  | 0           0    / 0          30689/ 32768         |
+===========================+===============+====================================================+
| 5     910B4               | OK            | 97.6        47                0    / 0             |
| 0                         | 0000:02:00.0  | 0           0    / 0          30558/ 32768         |
+===========================+===============+====================================================+
+---------------------------+---------------+----------------------------------------------------+
| NPU     Chip              | Process id    | Process name             | Process memory(MB)      |
+===========================+===============+====================================================+
| 4       0                 | 163           | VLLMWorker_TP            | 27736                   |
| 4       0                 | 131           | VLLMEngineCor            | 184                     |
+===========================+===============+====================================================+
| 5       0                 | 195           | VLLMWorker_TP            | 27736                   |
+===========================+===============+====================================================+
2026-08-12T11:20:29.490893081Z
+------------------------------------------------------------------------------------------------+
| npu-smi 25.5.2                   Version: 25.5.2                                               |
+---------------------------+---------------+----------------------------------------------------+
| NPU   Name                | Health        | Power(W)    Temp(C)           Hugepages-Usage(page)|
| Chip                      | Bus-Id        | AICore(%)   Memory-Usage(MB)  HBM-Usage(MB)        |
+===========================+===============+====================================================+
| 4     910B4               | OK            | 100.5       47                0    / 0             |
| 0                         | 0000:01:00.0  | 0           0    / 0          30689/ 32768         |
+===========================+===============+====================================================+
| 5     910B4               | OK            | 97.9        47                0    / 0             |
| 0                         | 0000:02:00.0  | 0           0    / 0          30559/ 32768         |
+===========================+===============+====================================================+
+---------------------------+---------------+----------------------------------------------------+
| NPU     Chip              | Process id    | Process name             | Process memory(MB)      |
+===========================+===============+====================================================+
| 4       0                 | 163           | VLLMWorker_TP            | 27736                   |
| 4       0                 | 131           | VLLMEngineCor            | 184                     |
+===========================+===============+====================================================+
| 5       0                 | 195           | VLLMWorker_TP            | 27736                   |
+===========================+===============+====================================================+
2026-08-12T11:20:40.211135010Z
+------------------------------------------------------------------------------------------------+
| npu-smi 25.5.2                   Version: 25.5.2                                               |
+---------------------------+---------------+----------------------------------------------------+
| NPU   Name                | Health        | Power(W)    Temp(C)           Hugepages-Usage(page)|
| Chip                      | Bus-Id        | AICore(%)   Memory-Usage(MB)  HBM-Usage(MB)        |
+===========================+===============+====================================================+
| 4     910B4               | OK            | 100.6       48                0    / 0             |
| 0                         | 0000:01:00.0  | 0           0    / 0          30690/ 32768         |
+===========================+===============+====================================================+
| 5     910B4               | OK            | 97.3        47                0    / 0             |
| 0                         | 0000:02:00.0  | 0           0    / 0          30559/ 32768         |
+===========================+===============+====================================================+
+---------------------------+---------------+----------------------------------------------------+
| NPU     Chip              | Process id    | Process name             | Process memory(MB)      |
+===========================+===============+====================================================+
| 4       0                 | 163           | VLLMWorker_TP            | 27736                   |
| 4       0                 | 131           | VLLMEngineCor            | 184                     |
+===========================+===============+====================================================+
| 5       0                 | 195           | VLLMWorker_TP            | 27736                   |
+===========================+===============+====================================================+
2026-08-12T11:20:50.936795857Z
+------------------------------------------------------------------------------------------------+
| npu-smi 25.5.2                   Version: 25.5.2                                               |
+---------------------------+---------------+----------------------------------------------------+
| NPU   Name                | Health        | Power(W)    Temp(C)           Hugepages-Usage(page)|
| Chip                      | Bus-Id        | AICore(%)   Memory-Usage(MB)  HBM-Usage(MB)        |
+===========================+===============+====================================================+
| 4     910B4               | OK            | 100.2       47                0    / 0             |
| 0                         | 0000:01:00.0  | 0           0    / 0          30690/ 32768         |
+===========================+===============+====================================================+
| 5     910B4               | OK            | 97.4        46                0    / 0             |
| 0                         | 0000:02:00.0  | 0           0    / 0          30559/ 32768         |
+===========================+===============+====================================================+
+---------------------------+---------------+----------------------------------------------------+
| NPU     Chip              | Process id    | Process name             | Process memory(MB)      |
+===========================+===============+====================================================+
| 4       0                 | 163           | VLLMWorker_TP            | 27736                   |
| 4       0                 | 131           | VLLMEngineCor            | 184                     |
+===========================+===============+====================================================+
| 5       0                 | 195           | VLLMWorker_TP            | 27736                   |
+===========================+===============+====================================================+
2026-08-12T11:21:01.689622003Z
+------------------------------------------------------------------------------------------------+
| npu-smi 25.5.2                   Version: 25.5.2                                               |
+---------------------------+---------------+----------------------------------------------------+
| NPU   Name                | Health        | Power(W)    Temp(C)           Hugepages-Usage(page)|
| Chip                      | Bus-Id        | AICore(%)   Memory-Usage(MB)  HBM-Usage(MB)        |
+===========================+===============+====================================================+
| 4     910B4               | OK            | 101.5       47                0    / 0             |
| 0                         | 0000:01:00.0  | 6           0    / 0          30689/ 32768         |
+===========================+===============+====================================================+
| 5     910B4               | OK            | 98.7        45                0    / 0             |
| 0                         | 0000:02:00.0  | 0           0    / 0          30559/ 32768         |
+===========================+===============+====================================================+
+---------------------------+---------------+----------------------------------------------------+
| NPU     Chip              | Process id    | Process name             | Process memory(MB)      |
+===========================+===============+====================================================+
| 4       0                 | 163           | VLLMWorker_TP            | 27736                   |
| 4       0                 | 131           | VLLMEngineCor            | 184                     |
+===========================+===============+====================================================+
| 5       0                 | 195           | VLLMWorker_TP            | 27736                   |
+===========================+===============+====================================================+
2026-08-12T11:21:12.490784037Z
+------------------------------------------------------------------------------------------------+
| npu-smi 25.5.2                   Version: 25.5.2                                               |
+---------------------------+---------------+----------------------------------------------------+
| NPU   Name                | Health        | Power(W)    Temp(C)           Hugepages-Usage(page)|
| Chip                      | Bus-Id        | AICore(%)   Memory-Usage(MB)  HBM-Usage(MB)        |
+===========================+===============+====================================================+
| 4     910B4               | OK            | 100.3       47                0    / 0             |
| 0                         | 0000:01:00.0  | 0           0    / 0          30690/ 32768         |
+===========================+===============+====================================================+
| 5     910B4               | OK            | 97.9        46                0    / 0             |
| 0                         | 0000:02:00.0  | 0           0    / 0          30559/ 32768         |
+===========================+===============+====================================================+
+---------------------------+---------------+----------------------------------------------------+
| NPU     Chip              | Process id    | Process name             | Process memory(MB)      |
+===========================+===============+====================================================+
| 4       0                 | 163           | VLLMWorker_TP            | 27736                   |
| 4       0                 | 131           | VLLMEngineCor            | 184                     |
+===========================+===============+====================================================+
| 5       0                 | 195           | VLLMWorker_TP            | 27736                   |
+===========================+===============+====================================================+
2026-08-12T11:21:23.184357959Z
+------------------------------------------------------------------------------------------------+
| npu-smi 25.5.2                   Version: 25.5.2                                               |
+---------------------------+---------------+----------------------------------------------------+
| NPU   Name                | Health        | Power(W)    Temp(C)           Hugepages-Usage(page)|
| Chip                      | Bus-Id        | AICore(%)   Memory-Usage(MB)  HBM-Usage(MB)        |
+===========================+===============+====================================================+
| 4     910B4               | OK            | 100.7       47                0    / 0             |
| 0                         | 0000:01:00.0  | 0           0    / 0          30690/ 32768         |
+===========================+===============+====================================================+
| 5     910B4               | OK            | 97.3        47                0    / 0             |
| 0                         | 0000:02:00.0  | 0           0    / 0          30559/ 32768         |
+===========================+===============+====================================================+
+---------------------------+---------------+----------------------------------------------------+
| NPU     Chip              | Process id    | Process name             | Process memory(MB)      |
+===========================+===============+====================================================+
| 4       0                 | 163           | VLLMWorker_TP            | 27736                   |
| 4       0                 | 131           | VLLMEngineCor            | 184                     |
+===========================+===============+====================================================+
| 5       0                 | 195           | VLLMWorker_TP            | 27736                   |
+===========================+===============+====================================================+
2026-08-12T11:21:33.918378869Z
+------------------------------------------------------------------------------------------------+
| npu-smi 25.5.2                   Version: 25.5.2                                               |
+---------------------------+---------------+----------------------------------------------------+
| NPU   Name                | Health        | Power(W)    Temp(C)           Hugepages-Usage(page)|
| Chip                      | Bus-Id        | AICore(%)   Memory-Usage(MB)  HBM-Usage(MB)        |
+===========================+===============+====================================================+
| 4     910B4               | OK            | 100.6       47                0    / 0             |
| 0                         | 0000:01:00.0  | 0           0    / 0          30689/ 32768         |
+===========================+===============+====================================================+
| 5     910B4               | OK            | 97.9        47                0    / 0             |
| 0                         | 0000:02:00.0  | 0           0    / 0          30559/ 32768         |
+===========================+===============+====================================================+
+---------------------------+---------------+----------------------------------------------------+
| NPU     Chip              | Process id    | Process name             | Process memory(MB)      |
+===========================+===============+====================================================+
| 4       0                 | 163           | VLLMWorker_TP            | 27736                   |
| 4       0                 | 131           | VLLMEngineCor            | 184                     |
+===========================+===============+====================================================+
| 5       0                 | 195           | VLLMWorker_TP            | 27736                   |
+===========================+===============+====================================================+
2026-08-12T11:21:44.717778844Z
+------------------------------------------------------------------------------------------------+
| npu-smi 25.5.2                   Version: 25.5.2                                               |
+---------------------------+---------------+----------------------------------------------------+
| NPU   Name                | Health        | Power(W)    Temp(C)           Hugepages-Usage(page)|
| Chip                      | Bus-Id        | AICore(%)   Memory-Usage(MB)  HBM-Usage(MB)        |
+===========================+===============+====================================================+
| 4     910B4               | OK            | 100.5       47                0    / 0             |
| 0                         | 0000:01:00.0  | 0           0    / 0          30690/ 32768         |
+===========================+===============+====================================================+
| 5     910B4               | OK            | 98.0        47                0    / 0             |
| 0                         | 0000:02:00.0  | 0           0    / 0          30559/ 32768         |
+===========================+===============+====================================================+
+---------------------------+---------------+----------------------------------------------------+
| NPU     Chip              | Process id    | Process name             | Process memory(MB)      |
+===========================+===============+====================================================+
| 4       0                 | 163           | VLLMWorker_TP            | 27736                   |
| 4       0                 | 131           | VLLMEngineCor            | 184                     |
+===========================+===============+====================================================+
| 5       0                 | 195           | VLLMWorker_TP            | 27736                   |
+===========================+===============+====================================================+
2026-08-12T11:21:55.469605865Z
+------------------------------------------------------------------------------------------------+
| npu-smi 25.5.2                   Version: 25.5.2                                               |
+---------------------------+---------------+----------------------------------------------------+
| NPU   Name                | Health        | Power(W)    Temp(C)           Hugepages-Usage(page)|
| Chip                      | Bus-Id        | AICore(%)   Memory-Usage(MB)  HBM-Usage(MB)        |
+===========================+===============+====================================================+
| 4     910B4               | OK            | 92.5        47                0    / 0             |
| 0                         | 0000:01:00.0  | 0           0    / 0          30690/ 32768         |
+===========================+===============+====================================================+
| 5     910B4               | OK            | 91.4        47                0    / 0             |
| 0                         | 0000:02:00.0  | 0           0    / 0          30559/ 32768         |
+===========================+===============+====================================================+
+---------------------------+---------------+----------------------------------------------------+
| NPU     Chip              | Process id    | Process name             | Process memory(MB)      |
+===========================+===============+====================================================+
| 4       0                 | 163           | VLLMWorker_TP            | 27736                   |
| 4       0                 | 131           | VLLMEngineCor            | 184                     |
+===========================+===============+====================================================+
| 5       0                 | 195           | VLLMWorker_TP            | 27736                   |
+===========================+===============+====================================================+
