2026-08-12T11:16:54.551561368Z
+------------------------------------------------------------------------------------------------+
| npu-smi 25.5.2                   Version: 25.5.2                                               |
+---------------------------+---------------+----------------------------------------------------+
| NPU   Name                | Health        | Power(W)    Temp(C)           Hugepages-Usage(page)|
| Chip                      | Bus-Id        | AICore(%)   Memory-Usage(MB)  HBM-Usage(MB)        |
+===========================+===============+====================================================+
| 1     910B4               | OK            | 83.0        41                0    / 0             |
| 0                         | 0000:C2:00.0  | 0           0    / 0          30850/ 32768         |
+===========================+===============+====================================================+
| 2     910B4               | OK            | 89.9        41                0    / 0             |
| 0                         | 0000:81:00.0  | 0           0    / 0          30719/ 32768         |
+===========================+===============+====================================================+
+---------------------------+---------------+----------------------------------------------------+
| NPU     Chip              | Process id    | Process name             | Process memory(MB)      |
+===========================+===============+====================================================+
| 1       0                 | 126           | VLLMEngineCor            | 184                     |
| 1       0                 | 159           | VLLMWorker_TP            | 27896                   |
+===========================+===============+====================================================+
| 2       0                 | 184           | VLLMWorker_TP            | 27896                   |
+===========================+===============+====================================================+
2026-08-12T11:17:05.300009172Z
+------------------------------------------------------------------------------------------------+
| npu-smi 25.5.2                   Version: 25.5.2                                               |
+---------------------------+---------------+----------------------------------------------------+
| NPU   Name                | Health        | Power(W)    Temp(C)           Hugepages-Usage(page)|
| Chip                      | Bus-Id        | AICore(%)   Memory-Usage(MB)  HBM-Usage(MB)        |
+===========================+===============+====================================================+
| 1     910B4               | OK            | 82.8        41                0    / 0             |
| 0                         | 0000:C2:00.0  | 0           0    / 0          30850/ 32768         |
+===========================+===============+====================================================+
| 2     910B4               | OK            | 89.9        41                0    / 0             |
| 0                         | 0000:81:00.0  | 0           0    / 0          30718/ 32768         |
+===========================+===============+====================================================+
+---------------------------+---------------+----------------------------------------------------+
| NPU     Chip              | Process id    | Process name             | Process memory(MB)      |
+===========================+===============+====================================================+
| 1       0                 | 126           | VLLMEngineCor            | 184                     |
| 1       0                 | 159           | VLLMWorker_TP            | 27896                   |
+===========================+===============+====================================================+
| 2       0                 | 184           | VLLMWorker_TP            | 27896                   |
+===========================+===============+====================================================+
2026-08-12T11:17:16.060405927Z
+------------------------------------------------------------------------------------------------+
| npu-smi 25.5.2                   Version: 25.5.2                                               |
+---------------------------+---------------+----------------------------------------------------+
| NPU   Name                | Health        | Power(W)    Temp(C)           Hugepages-Usage(page)|
| Chip                      | Bus-Id        | AICore(%)   Memory-Usage(MB)  HBM-Usage(MB)        |
+===========================+===============+====================================================+
| 1     910B4               | OK            | 82.9        41                0    / 0             |
| 0                         | 0000:C2:00.0  | 0           0    / 0          30850/ 32768         |
+===========================+===============+====================================================+
| 2     910B4               | OK            | 89.5        41                0    / 0             |
| 0                         | 0000:81:00.0  | 0           0    / 0          30719/ 32768         |
+===========================+===============+====================================================+
+---------------------------+---------------+----------------------------------------------------+
| NPU     Chip              | Process id    | Process name             | Process memory(MB)      |
+===========================+===============+====================================================+
| 1       0                 | 126           | VLLMEngineCor            | 184                     |
| 1       0                 | 159           | VLLMWorker_TP            | 27896                   |
+===========================+===============+====================================================+
| 2       0                 | 184           | VLLMWorker_TP            | 27896                   |
+===========================+===============+====================================================+
2026-08-12T11:17:26.862270534Z
+------------------------------------------------------------------------------------------------+
| npu-smi 25.5.2                   Version: 25.5.2                                               |
+---------------------------+---------------+----------------------------------------------------+
| NPU   Name                | Health        | Power(W)    Temp(C)           Hugepages-Usage(page)|
| Chip                      | Bus-Id        | AICore(%)   Memory-Usage(MB)  HBM-Usage(MB)        |
+===========================+===============+====================================================+
| 1     910B4               | OK            | 115.7       42                0    / 0             |
| 0                         | 0000:C2:00.0  | 69          0    / 0          30851/ 32768         |
+===========================+===============+====================================================+
| 2     910B4               | OK            | 128.5       44                0    / 0             |
| 0                         | 0000:81:00.0  | 81          0    / 0          30718/ 32768         |
+===========================+===============+====================================================+
+---------------------------+---------------+----------------------------------------------------+
| NPU     Chip              | Process id    | Process name             | Process memory(MB)      |
+===========================+===============+====================================================+
| 1       0                 | 126           | VLLMEngineCor            | 184                     |
| 1       0                 | 159           | VLLMWorker_TP            | 27896                   |
+===========================+===============+====================================================+
| 2       0                 | 184           | VLLMWorker_TP            | 27896                   |
+===========================+===============+====================================================+
2026-08-12T11:17:37.628026046Z
+------------------------------------------------------------------------------------------------+
| npu-smi 25.5.2                   Version: 25.5.2                                               |
+---------------------------+---------------+----------------------------------------------------+
| NPU   Name                | Health        | Power(W)    Temp(C)           Hugepages-Usage(page)|
| Chip                      | Bus-Id        | AICore(%)   Memory-Usage(MB)  HBM-Usage(MB)        |
+===========================+===============+====================================================+
| 1     910B4               | OK            | 108.9       43                0    / 0             |
| 0                         | 0000:C2:00.0  | 48          0    / 0          30850/ 32768         |
+===========================+===============+====================================================+
| 2     910B4               | OK            | 118.9       43                0    / 0             |
| 0                         | 0000:81:00.0  | 49          0    / 0          30718/ 32768         |
+===========================+===============+====================================================+
+---------------------------+---------------+----------------------------------------------------+
| NPU     Chip              | Process id    | Process name             | Process memory(MB)      |
+===========================+===============+====================================================+
| 1       0                 | 126           | VLLMEngineCor            | 184                     |
| 1       0                 | 159           | VLLMWorker_TP            | 27896                   |
+===========================+===============+====================================================+
| 2       0                 | 184           | VLLMWorker_TP            | 27896                   |
+===========================+===============+====================================================+
2026-08-12T11:17:48.420064173Z
+------------------------------------------------------------------------------------------------+
| npu-smi 25.5.2                   Version: 25.5.2                                               |
+---------------------------+---------------+----------------------------------------------------+
| NPU   Name                | Health        | Power(W)    Temp(C)           Hugepages-Usage(page)|
| Chip                      | Bus-Id        | AICore(%)   Memory-Usage(MB)  HBM-Usage(MB)        |
+===========================+===============+====================================================+
| 1     910B4               | OK            | 124.3       45                0    / 0             |
| 0                         | 0000:C2:00.0  | 100         0    / 0          30851/ 32768         |
+===========================+===============+====================================================+
| 2     910B4               | OK            | 129.3       45                0    / 0             |
| 0                         | 0000:81:00.0  | 78          0    / 0          30718/ 32768         |
+===========================+===============+====================================================+
+---------------------------+---------------+----------------------------------------------------+
| NPU     Chip              | Process id    | Process name             | Process memory(MB)      |
+===========================+===============+====================================================+
| 1       0                 | 126           | VLLMEngineCor            | 184                     |
| 1       0                 | 159           | VLLMWorker_TP            | 27896                   |
+===========================+===============+====================================================+
| 2       0                 | 184           | VLLMWorker_TP            | 27896                   |
+===========================+===============+====================================================+
2026-08-12T11:17:59.142981276Z
+------------------------------------------------------------------------------------------------+
| npu-smi 25.5.2                   Version: 25.5.2                                               |
+---------------------------+---------------+----------------------------------------------------+
| NPU   Name                | Health        | Power(W)    Temp(C)           Hugepages-Usage(page)|
| Chip                      | Bus-Id        | AICore(%)   Memory-Usage(MB)  HBM-Usage(MB)        |
+===========================+===============+====================================================+
| 1     910B4               | OK            | 115.2       43                0    / 0             |
| 0                         | 0000:C2:00.0  | 78          0    / 0          30850/ 32768         |
+===========================+===============+====================================================+
| 2     910B4               | OK            | 125.7       44                0    / 0             |
| 0                         | 0000:81:00.0  | 76          0    / 0          30718/ 32768         |
+===========================+===============+====================================================+
+---------------------------+---------------+----------------------------------------------------+
| NPU     Chip              | Process id    | Process name             | Process memory(MB)      |
+===========================+===============+====================================================+
| 1       0                 | 126           | VLLMEngineCor            | 184                     |
| 1       0                 | 159           | VLLMWorker_TP            | 27896                   |
+===========================+===============+====================================================+
| 2       0                 | 184           | VLLMWorker_TP            | 27896                   |
+===========================+===============+====================================================+
2026-08-12T11:18:09.867920460Z
+------------------------------------------------------------------------------------------------+
| npu-smi 25.5.2                   Version: 25.5.2                                               |
+---------------------------+---------------+----------------------------------------------------+
| NPU   Name                | Health        | Power(W)    Temp(C)           Hugepages-Usage(page)|
| Chip                      | Bus-Id        | AICore(%)   Memory-Usage(MB)  HBM-Usage(MB)        |
+===========================+===============+====================================================+
| 1     910B4               | OK            | 123.6       45                0    / 0             |
| 0                         | 0000:C2:00.0  | 100         0    / 0          30850/ 32768         |
+===========================+===============+====================================================+
| 2     910B4               | OK            | 134.9       46                0    / 0             |
| 0                         | 0000:81:00.0  | 100         0    / 0          30719/ 32768         |
+===========================+===============+====================================================+
+---------------------------+---------------+----------------------------------------------------+
| NPU     Chip              | Process id    | Process name             | Process memory(MB)      |
+===========================+===============+====================================================+
| 1       0                 | 126           | VLLMEngineCor            | 184                     |
| 1       0                 | 159           | VLLMWorker_TP            | 27896                   |
+===========================+===============+====================================================+
| 2       0                 | 184           | VLLMWorker_TP            | 27896                   |
+===========================+===============+====================================================+
2026-08-12T11:18:20.645882825Z
+------------------------------------------------------------------------------------------------+
| npu-smi 25.5.2                   Version: 25.5.2                                               |
+---------------------------+---------------+----------------------------------------------------+
| NPU   Name                | Health        | Power(W)    Temp(C)           Hugepages-Usage(page)|
| Chip                      | Bus-Id        | AICore(%)   Memory-Usage(MB)  HBM-Usage(MB)        |
+===========================+===============+====================================================+
| 1     910B4               | OK            | 112.4       43                0    / 0             |
| 0                         | 0000:C2:00.0  | 64          0    / 0          30850/ 32768         |
+===========================+===============+====================================================+
| 2     910B4               | OK            | 123.3       45                0    / 0             |
| 0                         | 0000:81:00.0  | 72          0    / 0          30719/ 32768         |
+===========================+===============+====================================================+
+---------------------------+---------------+----------------------------------------------------+
| NPU     Chip              | Process id    | Process name             | Process memory(MB)      |
+===========================+===============+====================================================+
| 1       0                 | 126           | VLLMEngineCor            | 184                     |
| 1       0                 | 159           | VLLMWorker_TP            | 27896                   |
+===========================+===============+====================================================+
| 2       0                 | 184           | VLLMWorker_TP            | 27896                   |
+===========================+===============+====================================================+
2026-08-12T11:18:31.393852506Z
+------------------------------------------------------------------------------------------------+
| npu-smi 25.5.2                   Version: 25.5.2                                               |
+---------------------------+---------------+----------------------------------------------------+
| NPU   Name                | Health        | Power(W)    Temp(C)           Hugepages-Usage(page)|
| Chip                      | Bus-Id        | AICore(%)   Memory-Usage(MB)  HBM-Usage(MB)        |
+===========================+===============+====================================================+
| 1     910B4               | OK            | 119.3       44                0    / 0             |
| 0                         | 0000:C2:00.0  | 100         0    / 0          30851/ 32768         |
+===========================+===============+====================================================+
| 2     910B4               | OK            | 134.7       47                0    / 0             |
| 0                         | 0000:81:00.0  | 100         0    / 0          30718/ 32768         |
+===========================+===============+====================================================+
+---------------------------+---------------+----------------------------------------------------+
| NPU     Chip              | Process id    | Process name             | Process memory(MB)      |
+===========================+===============+====================================================+
| 1       0                 | 126           | VLLMEngineCor            | 184                     |
| 1       0                 | 159           | VLLMWorker_TP            | 27896                   |
+===========================+===============+====================================================+
| 2       0                 | 184           | VLLMWorker_TP            | 27896                   |
+===========================+===============+====================================================+
2026-08-12T11:18:42.134299229Z
+------------------------------------------------------------------------------------------------+
| npu-smi 25.5.2                   Version: 25.5.2                                               |
+---------------------------+---------------+----------------------------------------------------+
| NPU   Name                | Health        | Power(W)    Temp(C)           Hugepages-Usage(page)|
| Chip                      | Bus-Id        | AICore(%)   Memory-Usage(MB)  HBM-Usage(MB)        |
+===========================+===============+====================================================+
| 1     910B4               | OK            | 122.4       45                0    / 0             |
| 0                         | 0000:C2:00.0  | 100         0    / 0          30850/ 32768         |
+===========================+===============+====================================================+
| 2     910B4               | OK            | 136.2       46                0    / 0             |
| 0                         | 0000:81:00.0  | 100         0    / 0          30718/ 32768         |
+===========================+===============+====================================================+
+---------------------------+---------------+----------------------------------------------------+
| NPU     Chip              | Process id    | Process name             | Process memory(MB)      |
+===========================+===============+====================================================+
| 1       0                 | 126           | VLLMEngineCor            | 184                     |
| 1       0                 | 159           | VLLMWorker_TP            | 27896                   |
+===========================+===============+====================================================+
| 2       0                 | 184           | VLLMWorker_TP            | 27896                   |
+===========================+===============+====================================================+
2026-08-12T11:18:52.919474630Z
+------------------------------------------------------------------------------------------------+
| npu-smi 25.5.2                   Version: 25.5.2                                               |
+---------------------------+---------------+----------------------------------------------------+
| NPU   Name                | Health        | Power(W)    Temp(C)           Hugepages-Usage(page)|
| Chip                      | Bus-Id        | AICore(%)   Memory-Usage(MB)  HBM-Usage(MB)        |
+===========================+===============+====================================================+
| 1     910B4               | OK            | 106.1       43                0    / 0             |
| 0                         | 0000:C2:00.0  | 44          0    / 0          30850/ 32768         |
+===========================+===============+====================================================+
| 2     910B4               | OK            | 119.4       44                0    / 0             |
| 0                         | 0000:81:00.0  | 57          0    / 0          30719/ 32768         |
+===========================+===============+====================================================+
+---------------------------+---------------+----------------------------------------------------+
| NPU     Chip              | Process id    | Process name             | Process memory(MB)      |
+===========================+===============+====================================================+
| 1       0                 | 126           | VLLMEngineCor            | 184                     |
| 1       0                 | 159           | VLLMWorker_TP            | 27896                   |
+===========================+===============+====================================================+
| 2       0                 | 184           | VLLMWorker_TP            | 27896                   |
+===========================+===============+====================================================+
2026-08-12T11:19:03.672603158Z
+------------------------------------------------------------------------------------------------+
| npu-smi 25.5.2                   Version: 25.5.2                                               |
+---------------------------+---------------+----------------------------------------------------+
| NPU   Name                | Health        | Power(W)    Temp(C)           Hugepages-Usage(page)|
| Chip                      | Bus-Id        | AICore(%)   Memory-Usage(MB)  HBM-Usage(MB)        |
+===========================+===============+====================================================+
| 1     910B4               | OK            | 124.3       45                0    / 0             |
| 0                         | 0000:C2:00.0  | 100         0    / 0          30850/ 32768         |
+===========================+===============+====================================================+
| 2     910B4               | OK            | 132.7       46                0    / 0             |
| 0                         | 0000:81:00.0  | 100         0    / 0          30719/ 32768         |
+===========================+===============+====================================================+
+---------------------------+---------------+----------------------------------------------------+
| NPU     Chip              | Process id    | Process name             | Process memory(MB)      |
+===========================+===============+====================================================+
| 1       0                 | 126           | VLLMEngineCor            | 184                     |
| 1       0                 | 159           | VLLMWorker_TP            | 27896                   |
+===========================+===============+====================================================+
| 2       0                 | 184           | VLLMWorker_TP            | 27896                   |
+===========================+===============+====================================================+
2026-08-12T11:19:14.408430347Z
+------------------------------------------------------------------------------------------------+
| npu-smi 25.5.2                   Version: 25.5.2                                               |
+---------------------------+---------------+----------------------------------------------------+
| NPU   Name                | Health        | Power(W)    Temp(C)           Hugepages-Usage(page)|
| Chip                      | Bus-Id        | AICore(%)   Memory-Usage(MB)  HBM-Usage(MB)        |
+===========================+===============+====================================================+
| 1     910B4               | OK            | 109.9       43                0    / 0             |
| 0                         | 0000:C2:00.0  | 63          0    / 0          30850/ 32768         |
+===========================+===============+====================================================+
| 2     910B4               | OK            | 121.1       44                0    / 0             |
| 0                         | 0000:81:00.0  | 62          0    / 0          30719/ 32768         |
+===========================+===============+====================================================+
+---------------------------+---------------+----------------------------------------------------+
| NPU     Chip              | Process id    | Process name             | Process memory(MB)      |
+===========================+===============+====================================================+
| 1       0                 | 126           | VLLMEngineCor            | 184                     |
| 1       0                 | 159           | VLLMWorker_TP            | 27896                   |
+===========================+===============+====================================================+
| 2       0                 | 184           | VLLMWorker_TP            | 27896                   |
+===========================+===============+====================================================+
2026-08-12T11:19:25.114058931Z
+------------------------------------------------------------------------------------------------+
| npu-smi 25.5.2                   Version: 25.5.2                                               |
+---------------------------+---------------+----------------------------------------------------+
| NPU   Name                | Health        | Power(W)    Temp(C)           Hugepages-Usage(page)|
| Chip                      | Bus-Id        | AICore(%)   Memory-Usage(MB)  HBM-Usage(MB)        |
+===========================+===============+====================================================+
| 1     910B4               | OK            | 124.8       45                0    / 0             |
| 0                         | 0000:C2:00.0  | 100         0    / 0          30850/ 32768         |
+===========================+===============+====================================================+
| 2     910B4               | OK            | 131.6       46                0    / 0             |
| 0                         | 0000:81:00.0  | 100         0    / 0          30718/ 32768         |
+===========================+===============+====================================================+
+---------------------------+---------------+----------------------------------------------------+
| NPU     Chip              | Process id    | Process name             | Process memory(MB)      |
+===========================+===============+====================================================+
| 1       0                 | 126           | VLLMEngineCor            | 184                     |
| 1       0                 | 159           | VLLMWorker_TP            | 27896                   |
+===========================+===============+====================================================+
| 2       0                 | 184           | VLLMWorker_TP            | 27896                   |
+===========================+===============+====================================================+
2026-08-12T11:19:35.888749450Z
+------------------------------------------------------------------------------------------------+
| npu-smi 25.5.2                   Version: 25.5.2                                               |
+---------------------------+---------------+----------------------------------------------------+
| NPU   Name                | Health        | Power(W)    Temp(C)           Hugepages-Usage(page)|
| Chip                      | Bus-Id        | AICore(%)   Memory-Usage(MB)  HBM-Usage(MB)        |
+===========================+===============+====================================================+
| 1     910B4               | OK            | 107.6       43                0    / 0             |
| 0                         | 0000:C2:00.0  | 35          0    / 0          30851/ 32768         |
+===========================+===============+====================================================+
| 2     910B4               | OK            | 119.4       43                0    / 0             |
| 0                         | 0000:81:00.0  | 58          0    / 0          30718/ 32768         |
+===========================+===============+====================================================+
+---------------------------+---------------+----------------------------------------------------+
| NPU     Chip              | Process id    | Process name             | Process memory(MB)      |
+===========================+===============+====================================================+
| 1       0                 | 126           | VLLMEngineCor            | 184                     |
| 1       0                 | 159           | VLLMWorker_TP            | 27896                   |
+===========================+===============+====================================================+
| 2       0                 | 184           | VLLMWorker_TP            | 27896                   |
+===========================+===============+====================================================+
2026-08-12T11:19:46.656662773Z
+------------------------------------------------------------------------------------------------+
| npu-smi 25.5.2                   Version: 25.5.2                                               |
+---------------------------+---------------+----------------------------------------------------+
| NPU   Name                | Health        | Power(W)    Temp(C)           Hugepages-Usage(page)|
| Chip                      | Bus-Id        | AICore(%)   Memory-Usage(MB)  HBM-Usage(MB)        |
+===========================+===============+====================================================+
| 1     910B4               | OK            | 124.6       46                0    / 0             |
| 0                         | 0000:C2:00.0  | 100         0    / 0          30851/ 32768         |
+===========================+===============+====================================================+
| 2     910B4               | OK            | 135.8       47                0    / 0             |
| 0                         | 0000:81:00.0  | 100         0    / 0          30718/ 32768         |
+===========================+===============+====================================================+
+---------------------------+---------------+----------------------------------------------------+
| NPU     Chip              | Process id    | Process name             | Process memory(MB)      |
+===========================+===============+====================================================+
| 1       0                 | 126           | VLLMEngineCor            | 184                     |
| 1       0                 | 159           | VLLMWorker_TP            | 27896                   |
+===========================+===============+====================================================+
| 2       0                 | 184           | VLLMWorker_TP            | 27896                   |
+===========================+===============+====================================================+
2026-08-12T11:19:57.432438787Z
+------------------------------------------------------------------------------------------------+
| npu-smi 25.5.2                   Version: 25.5.2                                               |
+---------------------------+---------------+----------------------------------------------------+
| NPU   Name                | Health        | Power(W)    Temp(C)           Hugepages-Usage(page)|
| Chip                      | Bus-Id        | AICore(%)   Memory-Usage(MB)  HBM-Usage(MB)        |
+===========================+===============+====================================================+
| 1     910B4               | OK            | 117.2       44                0    / 0             |
| 0                         | 0000:C2:00.0  | 85          0    / 0          30851/ 32768         |
+===========================+===============+====================================================+
| 2     910B4               | OK            | 129.3       45                0    / 0             |
| 0                         | 0000:81:00.0  | 96          0    / 0          30718/ 32768         |
+===========================+===============+====================================================+
+---------------------------+---------------+----------------------------------------------------+
| NPU     Chip              | Process id    | Process name             | Process memory(MB)      |
+===========================+===============+====================================================+
| 1       0                 | 126           | VLLMEngineCor            | 184                     |
| 1       0                 | 159           | VLLMWorker_TP            | 27896                   |
+===========================+===============+====================================================+
| 2       0                 | 184           | VLLMWorker_TP            | 27896                   |
+===========================+===============+====================================================+
2026-08-12T11:20:08.168143105Z
+------------------------------------------------------------------------------------------------+
| npu-smi 25.5.2                   Version: 25.5.2                                               |
+---------------------------+---------------+----------------------------------------------------+
| NPU   Name                | Health        | Power(W)    Temp(C)           Hugepages-Usage(page)|
| Chip                      | Bus-Id        | AICore(%)   Memory-Usage(MB)  HBM-Usage(MB)        |
+===========================+===============+====================================================+
| 1     910B4               | OK            | 112.7       44                0    / 0             |
| 0                         | 0000:C2:00.0  | 56          0    / 0          30850/ 32768         |
+===========================+===============+====================================================+
| 2     910B4               | OK            | 118.9       44                0    / 0             |
| 0                         | 0000:81:00.0  | 50          0    / 0          30718/ 32768         |
+===========================+===============+====================================================+
+---------------------------+---------------+----------------------------------------------------+
| NPU     Chip              | Process id    | Process name             | Process memory(MB)      |
+===========================+===============+====================================================+
| 1       0                 | 126           | VLLMEngineCor            | 184                     |
| 1       0                 | 159           | VLLMWorker_TP            | 27896                   |
+===========================+===============+====================================================+
| 2       0                 | 184           | VLLMWorker_TP            | 27896                   |
+===========================+===============+====================================================+
2026-08-12T11:20:18.899147869Z
+------------------------------------------------------------------------------------------------+
| npu-smi 25.5.2                   Version: 25.5.2                                               |
+---------------------------+---------------+----------------------------------------------------+
| NPU   Name                | Health        | Power(W)    Temp(C)           Hugepages-Usage(page)|
| Chip                      | Bus-Id        | AICore(%)   Memory-Usage(MB)  HBM-Usage(MB)        |
+===========================+===============+====================================================+
| 1     910B4               | OK            | 123.1       45                0    / 0             |
| 0                         | 0000:C2:00.0  | 100         0    / 0          30850/ 32768         |
+===========================+===============+====================================================+
| 2     910B4               | OK            | 136.2       47                0    / 0             |
| 0                         | 0000:81:00.0  | 100         0    / 0          30718/ 32768         |
+===========================+===============+====================================================+
+---------------------------+---------------+----------------------------------------------------+
| NPU     Chip              | Process id    | Process name             | Process memory(MB)      |
+===========================+===============+====================================================+
| 1       0                 | 126           | VLLMEngineCor            | 184                     |
| 1       0                 | 159           | VLLMWorker_TP            | 27896                   |
+===========================+===============+====================================================+
| 2       0                 | 184           | VLLMWorker_TP            | 27896                   |
+===========================+===============+====================================================+
2026-08-12T11:20:29.611329087Z
+------------------------------------------------------------------------------------------------+
| npu-smi 25.5.2                   Version: 25.5.2                                               |
+---------------------------+---------------+----------------------------------------------------+
| NPU   Name                | Health        | Power(W)    Temp(C)           Hugepages-Usage(page)|
| Chip                      | Bus-Id        | AICore(%)   Memory-Usage(MB)  HBM-Usage(MB)        |
+===========================+===============+====================================================+
| 1     910B4               | OK            | 110.1       44                0    / 0             |
| 0                         | 0000:C2:00.0  | 61          0    / 0          30850/ 32768         |
+===========================+===============+====================================================+
| 2     910B4               | OK            | 124.0       45                0    / 0             |
| 0                         | 0000:81:00.0  | 82          0    / 0          30719/ 32768         |
+===========================+===============+====================================================+
+---------------------------+---------------+----------------------------------------------------+
| NPU     Chip              | Process id    | Process name             | Process memory(MB)      |
+===========================+===============+====================================================+
| 1       0                 | 126           | VLLMEngineCor            | 184                     |
| 1       0                 | 159           | VLLMWorker_TP            | 27896                   |
+===========================+===============+====================================================+
| 2       0                 | 184           | VLLMWorker_TP            | 27896                   |
+===========================+===============+====================================================+
2026-08-12T11:20:40.425139496Z
+------------------------------------------------------------------------------------------------+
| npu-smi 25.5.2                   Version: 25.5.2                                               |
+---------------------------+---------------+----------------------------------------------------+
| NPU   Name                | Health        | Power(W)    Temp(C)           Hugepages-Usage(page)|
| Chip                      | Bus-Id        | AICore(%)   Memory-Usage(MB)  HBM-Usage(MB)        |
+===========================+===============+====================================================+
| 1     910B4               | OK            | 130.3       46                0    / 0             |
| 0                         | 0000:C2:00.0  | 100         0    / 0          30850/ 32768         |
+===========================+===============+====================================================+
| 2     910B4               | OK            | 133.2       45                0    / 0             |
| 0                         | 0000:81:00.0  | 83          0    / 0          30719/ 32768         |
+===========================+===============+====================================================+
+---------------------------+---------------+----------------------------------------------------+
| NPU     Chip              | Process id    | Process name             | Process memory(MB)      |
+===========================+===============+====================================================+
| 1       0                 | 126           | VLLMEngineCor            | 184                     |
| 1       0                 | 159           | VLLMWorker_TP            | 27896                   |
+===========================+===============+====================================================+
| 2       0                 | 184           | VLLMWorker_TP            | 27896                   |
+===========================+===============+====================================================+
2026-08-12T11:20:51.146051068Z
+------------------------------------------------------------------------------------------------+
| npu-smi 25.5.2                   Version: 25.5.2                                               |
+---------------------------+---------------+----------------------------------------------------+
| NPU   Name                | Health        | Power(W)    Temp(C)           Hugepages-Usage(page)|
| Chip                      | Bus-Id        | AICore(%)   Memory-Usage(MB)  HBM-Usage(MB)        |
+===========================+===============+====================================================+
| 1     910B4               | OK            | 114.1       44                0    / 0             |
| 0                         | 0000:C2:00.0  | 77          0    / 0          30851/ 32768         |
+===========================+===============+====================================================+
| 2     910B4               | OK            | 128.1       45                0    / 0             |
| 0                         | 0000:81:00.0  | 99          0    / 0          30719/ 32768         |
+===========================+===============+====================================================+
+---------------------------+---------------+----------------------------------------------------+
| NPU     Chip              | Process id    | Process name             | Process memory(MB)      |
+===========================+===============+====================================================+
| 1       0                 | 126           | VLLMEngineCor            | 184                     |
| 1       0                 | 159           | VLLMWorker_TP            | 27896                   |
+===========================+===============+====================================================+
| 2       0                 | 184           | VLLMWorker_TP            | 27896                   |
+===========================+===============+====================================================+
2026-08-12T11:21:01.945667464Z
+------------------------------------------------------------------------------------------------+
| npu-smi 25.5.2                   Version: 25.5.2                                               |
+---------------------------+---------------+----------------------------------------------------+
| NPU   Name                | Health        | Power(W)    Temp(C)           Hugepages-Usage(page)|
| Chip                      | Bus-Id        | AICore(%)   Memory-Usage(MB)  HBM-Usage(MB)        |
+===========================+===============+====================================================+
| 1     910B4               | OK            | 106.4       44                0    / 0             |
| 0                         | 0000:C2:00.0  | 41          0    / 0          30850/ 32768         |
+===========================+===============+====================================================+
| 2     910B4               | OK            | 113.6       44                0    / 0             |
| 0                         | 0000:81:00.0  | 38          0    / 0          30718/ 32768         |
+===========================+===============+====================================================+
+---------------------------+---------------+----------------------------------------------------+
| NPU     Chip              | Process id    | Process name             | Process memory(MB)      |
+===========================+===============+====================================================+
| 1       0                 | 126           | VLLMEngineCor            | 184                     |
| 1       0                 | 159           | VLLMWorker_TP            | 27896                   |
+===========================+===============+====================================================+
| 2       0                 | 184           | VLLMWorker_TP            | 27896                   |
+===========================+===============+====================================================+
2026-08-12T11:21:12.674233296Z
+------------------------------------------------------------------------------------------------+
| npu-smi 25.5.2                   Version: 25.5.2                                               |
+---------------------------+---------------+----------------------------------------------------+
| NPU   Name                | Health        | Power(W)    Temp(C)           Hugepages-Usage(page)|
| Chip                      | Bus-Id        | AICore(%)   Memory-Usage(MB)  HBM-Usage(MB)        |
+===========================+===============+====================================================+
| 1     910B4               | OK            | 116.7       45                0    / 0             |
| 0                         | 0000:C2:00.0  | 96          0    / 0          30850/ 32768         |
+===========================+===============+====================================================+
| 2     910B4               | OK            | 129.6       46                0    / 0             |
| 0                         | 0000:81:00.0  | 100         0    / 0          30719/ 32768         |
+===========================+===============+====================================================+
+---------------------------+---------------+----------------------------------------------------+
| NPU     Chip              | Process id    | Process name             | Process memory(MB)      |
+===========================+===============+====================================================+
| 1       0                 | 126           | VLLMEngineCor            | 184                     |
| 1       0                 | 159           | VLLMWorker_TP            | 27896                   |
+===========================+===============+====================================================+
| 2       0                 | 184           | VLLMWorker_TP            | 27896                   |
+===========================+===============+====================================================+
2026-08-12T11:21:23.409001960Z
+------------------------------------------------------------------------------------------------+
| npu-smi 25.5.2                   Version: 25.5.2                                               |
+---------------------------+---------------+----------------------------------------------------+
| NPU   Name                | Health        | Power(W)    Temp(C)           Hugepages-Usage(page)|
| Chip                      | Bus-Id        | AICore(%)   Memory-Usage(MB)  HBM-Usage(MB)        |
+===========================+===============+====================================================+
| 1     910B4               | OK            | 111.6       44                0    / 0             |
| 0                         | 0000:C2:00.0  | 59          0    / 0          30850/ 32768         |
+===========================+===============+====================================================+
| 2     910B4               | OK            | 118.6       45                0    / 0             |
| 0                         | 0000:81:00.0  | 56          0    / 0          30719/ 32768         |
+===========================+===============+====================================================+
+---------------------------+---------------+----------------------------------------------------+
| NPU     Chip              | Process id    | Process name             | Process memory(MB)      |
+===========================+===============+====================================================+
| 1       0                 | 126           | VLLMEngineCor            | 184                     |
| 1       0                 | 159           | VLLMWorker_TP            | 27896                   |
+===========================+===============+====================================================+
| 2       0                 | 184           | VLLMWorker_TP            | 27896                   |
+===========================+===============+====================================================+
2026-08-12T11:21:34.164054407Z
+------------------------------------------------------------------------------------------------+
| npu-smi 25.5.2                   Version: 25.5.2                                               |
+---------------------------+---------------+----------------------------------------------------+
| NPU   Name                | Health        | Power(W)    Temp(C)           Hugepages-Usage(page)|
| Chip                      | Bus-Id        | AICore(%)   Memory-Usage(MB)  HBM-Usage(MB)        |
+===========================+===============+====================================================+
| 1     910B4               | OK            | 118.1       44                0    / 0             |
| 0                         | 0000:C2:00.0  | 72          0    / 0          30850/ 32768         |
+===========================+===============+====================================================+
| 2     910B4               | OK            | 133.9       47                0    / 0             |
| 0                         | 0000:81:00.0  | 100         0    / 0          30718/ 32768         |
+===========================+===============+====================================================+
+---------------------------+---------------+----------------------------------------------------+
| NPU     Chip              | Process id    | Process name             | Process memory(MB)      |
+===========================+===============+====================================================+
| 1       0                 | 126           | VLLMEngineCor            | 184                     |
| 1       0                 | 159           | VLLMWorker_TP            | 27896                   |
+===========================+===============+====================================================+
| 2       0                 | 184           | VLLMWorker_TP            | 27896                   |
+===========================+===============+====================================================+
2026-08-12T11:21:44.900200528Z
+------------------------------------------------------------------------------------------------+
| npu-smi 25.5.2                   Version: 25.5.2                                               |
+---------------------------+---------------+----------------------------------------------------+
| NPU   Name                | Health        | Power(W)    Temp(C)           Hugepages-Usage(page)|
| Chip                      | Bus-Id        | AICore(%)   Memory-Usage(MB)  HBM-Usage(MB)        |
+===========================+===============+====================================================+
| 1     910B4               | OK            | 111.8       44                0    / 0             |
| 0                         | 0000:C2:00.0  | 65          0    / 0          30850/ 32768         |
+===========================+===============+====================================================+
| 2     910B4               | OK            | 122.2       45                0    / 0             |
| 0                         | 0000:81:00.0  | 58          0    / 0          30718/ 32768         |
+===========================+===============+====================================================+
+---------------------------+---------------+----------------------------------------------------+
| NPU     Chip              | Process id    | Process name             | Process memory(MB)      |
+===========================+===============+====================================================+
| 1       0                 | 126           | VLLMEngineCor            | 184                     |
| 1       0                 | 159           | VLLMWorker_TP            | 27896                   |
+===========================+===============+====================================================+
| 2       0                 | 184           | VLLMWorker_TP            | 27896                   |
+===========================+===============+====================================================+
2026-08-12T11:21:55.639274394Z
+------------------------------------------------------------------------------------------------+
| npu-smi 25.5.2                   Version: 25.5.2                                               |
+---------------------------+---------------+----------------------------------------------------+
| NPU   Name                | Health        | Power(W)    Temp(C)           Hugepages-Usage(page)|
| Chip                      | Bus-Id        | AICore(%)   Memory-Usage(MB)  HBM-Usage(MB)        |
+===========================+===============+====================================================+
| 1     910B4               | OK            | 83.4        43                0    / 0             |
| 0                         | 0000:C2:00.0  | 0           0    / 0          30851/ 32768         |
+===========================+===============+====================================================+
| 2     910B4               | OK            | 90.6        42                0    / 0             |
| 0                         | 0000:81:00.0  | 0           0    / 0          30719/ 32768         |
+===========================+===============+====================================================+
+---------------------------+---------------+----------------------------------------------------+
| NPU     Chip              | Process id    | Process name             | Process memory(MB)      |
+===========================+===============+====================================================+
| 1       0                 | 126           | VLLMEngineCor            | 184                     |
| 1       0                 | 159           | VLLMWorker_TP            | 27896                   |
+===========================+===============+====================================================+
| 2       0                 | 184           | VLLMWorker_TP            | 27896                   |
+===========================+===============+====================================================+
