2026-08-10T05:02:56.578132661Z
+------------------------------------------------------------------------------------------------+
| npu-smi 25.5.2                   Version: 25.5.2                                               |
+---------------------------+---------------+----------------------------------------------------+
| NPU   Name                | Health        | Power(W)    Temp(C)           Hugepages-Usage(page)|
| Chip                      | Bus-Id        | AICore(%)   Memory-Usage(MB)  HBM-Usage(MB)        |
+===========================+===============+====================================================+
| 2     910B4               | OK            | 90.5        42                0    / 0             |
| 0                         | 0000:81:00.0  | 0           0    / 0          30691/ 32768         |
+===========================+===============+====================================================+
| 3     910B4               | OK            | 95.0        43                0    / 0             |
| 0                         | 0000:82:00.0  | 0           0    / 0          30561/ 32768         |
+===========================+===============+====================================================+
+---------------------------+---------------+----------------------------------------------------+
| NPU     Chip              | Process id    | Process name             | Process memory(MB)      |
+===========================+===============+====================================================+
| 2       0                 | 157           | VLLMWorker_TP            | 27738                   |
| 2       0                 | 125           | VLLMEngineCor            | 184                     |
+===========================+===============+====================================================+
| 3       0                 | 182           | VLLMWorker_TP            | 27738                   |
+===========================+===============+====================================================+
2026-08-10T05:03:07.327950184Z
+------------------------------------------------------------------------------------------------+
| npu-smi 25.5.2                   Version: 25.5.2                                               |
+---------------------------+---------------+----------------------------------------------------+
| NPU   Name                | Health        | Power(W)    Temp(C)           Hugepages-Usage(page)|
| Chip                      | Bus-Id        | AICore(%)   Memory-Usage(MB)  HBM-Usage(MB)        |
+===========================+===============+====================================================+
| 2     910B4               | OK            | 90.3        43                0    / 0             |
| 0                         | 0000:81:00.0  | 0           0    / 0          30691/ 32768         |
+===========================+===============+====================================================+
| 3     910B4               | OK            | 95.0        43                0    / 0             |
| 0                         | 0000:82:00.0  | 0           0    / 0          30560/ 32768         |
+===========================+===============+====================================================+
+---------------------------+---------------+----------------------------------------------------+
| NPU     Chip              | Process id    | Process name             | Process memory(MB)      |
+===========================+===============+====================================================+
| 2       0                 | 157           | VLLMWorker_TP            | 27738                   |
| 2       0                 | 125           | VLLMEngineCor            | 184                     |
+===========================+===============+====================================================+
| 3       0                 | 182           | VLLMWorker_TP            | 27738                   |
+===========================+===============+====================================================+
2026-08-10T05:03:18.125420395Z
+------------------------------------------------------------------------------------------------+
| npu-smi 25.5.2                   Version: 25.5.2                                               |
+---------------------------+---------------+----------------------------------------------------+
| NPU   Name                | Health        | Power(W)    Temp(C)           Hugepages-Usage(page)|
| Chip                      | Bus-Id        | AICore(%)   Memory-Usage(MB)  HBM-Usage(MB)        |
+===========================+===============+====================================================+
| 2     910B4               | OK            | 90.4        42                0    / 0             |
| 0                         | 0000:81:00.0  | 0           0    / 0          30691/ 32768         |
+===========================+===============+====================================================+
| 3     910B4               | OK            | 95.0        43                0    / 0             |
| 0                         | 0000:82:00.0  | 0           0    / 0          30561/ 32768         |
+===========================+===============+====================================================+
+---------------------------+---------------+----------------------------------------------------+
| NPU     Chip              | Process id    | Process name             | Process memory(MB)      |
+===========================+===============+====================================================+
| 2       0                 | 157           | VLLMWorker_TP            | 27738                   |
| 2       0                 | 125           | VLLMEngineCor            | 184                     |
+===========================+===============+====================================================+
| 3       0                 | 182           | VLLMWorker_TP            | 27738                   |
+===========================+===============+====================================================+
2026-08-10T05:03:28.859493605Z
+------------------------------------------------------------------------------------------------+
| npu-smi 25.5.2                   Version: 25.5.2                                               |
+---------------------------+---------------+----------------------------------------------------+
| NPU   Name                | Health        | Power(W)    Temp(C)           Hugepages-Usage(page)|
| Chip                      | Bus-Id        | AICore(%)   Memory-Usage(MB)  HBM-Usage(MB)        |
+===========================+===============+====================================================+
| 2     910B4               | OK            | 100.2       42                0    / 0             |
| 0                         | 0000:81:00.0  | 12          0    / 0          30691/ 32768         |
+===========================+===============+====================================================+
| 3     910B4               | OK            | 102.4       43                0    / 0             |
| 0                         | 0000:82:00.0  | 6           0    / 0          30560/ 32768         |
+===========================+===============+====================================================+
+---------------------------+---------------+----------------------------------------------------+
| NPU     Chip              | Process id    | Process name             | Process memory(MB)      |
+===========================+===============+====================================================+
| 2       0                 | 157           | VLLMWorker_TP            | 27738                   |
| 2       0                 | 125           | VLLMEngineCor            | 184                     |
+===========================+===============+====================================================+
| 3       0                 | 182           | VLLMWorker_TP            | 27738                   |
+===========================+===============+====================================================+
2026-08-10T05:03:39.612481914Z
+------------------------------------------------------------------------------------------------+
| npu-smi 25.5.2                   Version: 25.5.2                                               |
+---------------------------+---------------+----------------------------------------------------+
| NPU   Name                | Health        | Power(W)    Temp(C)           Hugepages-Usage(page)|
| Chip                      | Bus-Id        | AICore(%)   Memory-Usage(MB)  HBM-Usage(MB)        |
+===========================+===============+====================================================+
| 2     910B4               | OK            | 102.1       42                0    / 0             |
| 0                         | 0000:81:00.0  | 26          0    / 0          30691/ 32768         |
+===========================+===============+====================================================+
| 3     910B4               | OK            | 104.3       43                0    / 0             |
| 0                         | 0000:82:00.0  | 12          0    / 0          30561/ 32768         |
+===========================+===============+====================================================+
+---------------------------+---------------+----------------------------------------------------+
| NPU     Chip              | Process id    | Process name             | Process memory(MB)      |
+===========================+===============+====================================================+
| 2       0                 | 157           | VLLMWorker_TP            | 27738                   |
| 2       0                 | 125           | VLLMEngineCor            | 184                     |
+===========================+===============+====================================================+
| 3       0                 | 182           | VLLMWorker_TP            | 27738                   |
+===========================+===============+====================================================+
2026-08-10T05:03:50.343374087Z
+------------------------------------------------------------------------------------------------+
| npu-smi 25.5.2                   Version: 25.5.2                                               |
+---------------------------+---------------+----------------------------------------------------+
| NPU   Name                | Health        | Power(W)    Temp(C)           Hugepages-Usage(page)|
| Chip                      | Bus-Id        | AICore(%)   Memory-Usage(MB)  HBM-Usage(MB)        |
+===========================+===============+====================================================+
| 2     910B4               | OK            | 102.6       43                0    / 0             |
| 0                         | 0000:81:00.0  | 26          0    / 0          30691/ 32768         |
+===========================+===============+====================================================+
| 3     910B4               | OK            | 105.0       44                0    / 0             |
| 0                         | 0000:82:00.0  | 12          0    / 0          30561/ 32768         |
+===========================+===============+====================================================+
+---------------------------+---------------+----------------------------------------------------+
| NPU     Chip              | Process id    | Process name             | Process memory(MB)      |
+===========================+===============+====================================================+
| 2       0                 | 157           | VLLMWorker_TP            | 27738                   |
| 2       0                 | 125           | VLLMEngineCor            | 184                     |
+===========================+===============+====================================================+
| 3       0                 | 182           | VLLMWorker_TP            | 27738                   |
+===========================+===============+====================================================+
2026-08-10T05:04:01.085343929Z
+------------------------------------------------------------------------------------------------+
| npu-smi 25.5.2                   Version: 25.5.2                                               |
+---------------------------+---------------+----------------------------------------------------+
| NPU   Name                | Health        | Power(W)    Temp(C)           Hugepages-Usage(page)|
| Chip                      | Bus-Id        | AICore(%)   Memory-Usage(MB)  HBM-Usage(MB)        |
+===========================+===============+====================================================+
| 2     910B4               | OK            | 102.5       43                0    / 0             |
| 0                         | 0000:81:00.0  | 30          0    / 0          30691/ 32768         |
+===========================+===============+====================================================+
| 3     910B4               | OK            | 104.1       44                0    / 0             |
| 0                         | 0000:82:00.0  | 13          0    / 0          30561/ 32768         |
+===========================+===============+====================================================+
+---------------------------+---------------+----------------------------------------------------+
| NPU     Chip              | Process id    | Process name             | Process memory(MB)      |
+===========================+===============+====================================================+
| 2       0                 | 157           | VLLMWorker_TP            | 27738                   |
| 2       0                 | 125           | VLLMEngineCor            | 184                     |
+===========================+===============+====================================================+
| 3       0                 | 182           | VLLMWorker_TP            | 27738                   |
+===========================+===============+====================================================+
2026-08-10T05:04:11.833941995Z
+------------------------------------------------------------------------------------------------+
| npu-smi 25.5.2                   Version: 25.5.2                                               |
+---------------------------+---------------+----------------------------------------------------+
| NPU   Name                | Health        | Power(W)    Temp(C)           Hugepages-Usage(page)|
| Chip                      | Bus-Id        | AICore(%)   Memory-Usage(MB)  HBM-Usage(MB)        |
+===========================+===============+====================================================+
| 2     910B4               | OK            | 102.4       43                0    / 0             |
| 0                         | 0000:81:00.0  | 35          0    / 0          30691/ 32768         |
+===========================+===============+====================================================+
| 3     910B4               | OK            | 105.2       44                0    / 0             |
| 0                         | 0000:82:00.0  | 14          0    / 0          30560/ 32768         |
+===========================+===============+====================================================+
+---------------------------+---------------+----------------------------------------------------+
| NPU     Chip              | Process id    | Process name             | Process memory(MB)      |
+===========================+===============+====================================================+
| 2       0                 | 157           | VLLMWorker_TP            | 27738                   |
| 2       0                 | 125           | VLLMEngineCor            | 184                     |
+===========================+===============+====================================================+
| 3       0                 | 182           | VLLMWorker_TP            | 27738                   |
+===========================+===============+====================================================+
2026-08-10T05:04:22.625482525Z
+------------------------------------------------------------------------------------------------+
| npu-smi 25.5.2                   Version: 25.5.2                                               |
+---------------------------+---------------+----------------------------------------------------+
| NPU   Name                | Health        | Power(W)    Temp(C)           Hugepages-Usage(page)|
| Chip                      | Bus-Id        | AICore(%)   Memory-Usage(MB)  HBM-Usage(MB)        |
+===========================+===============+====================================================+
| 2     910B4               | OK            | 103.0       42                0    / 0             |
| 0                         | 0000:81:00.0  | 30          0    / 0          30691/ 32768         |
+===========================+===============+====================================================+
| 3     910B4               | OK            | 107.7       44                0    / 0             |
| 0                         | 0000:82:00.0  | 13          0    / 0          30560/ 32768         |
+===========================+===============+====================================================+
+---------------------------+---------------+----------------------------------------------------+
| NPU     Chip              | Process id    | Process name             | Process memory(MB)      |
+===========================+===============+====================================================+
| 2       0                 | 157           | VLLMWorker_TP            | 27738                   |
| 2       0                 | 125           | VLLMEngineCor            | 184                     |
+===========================+===============+====================================================+
| 3       0                 | 182           | VLLMWorker_TP            | 27738                   |
+===========================+===============+====================================================+
2026-08-10T05:04:33.450627741Z
+------------------------------------------------------------------------------------------------+
| npu-smi 25.5.2                   Version: 25.5.2                                               |
+---------------------------+---------------+----------------------------------------------------+
| NPU   Name                | Health        | Power(W)    Temp(C)           Hugepages-Usage(page)|
| Chip                      | Bus-Id        | AICore(%)   Memory-Usage(MB)  HBM-Usage(MB)        |
+===========================+===============+====================================================+
| 2     910B4               | OK            | 102.2       43                0    / 0             |
| 0                         | 0000:81:00.0  | 29          0    / 0          30691/ 32768         |
+===========================+===============+====================================================+
| 3     910B4               | OK            | 104.4       44                0    / 0             |
| 0                         | 0000:82:00.0  | 11          0    / 0          30561/ 32768         |
+===========================+===============+====================================================+
+---------------------------+---------------+----------------------------------------------------+
| NPU     Chip              | Process id    | Process name             | Process memory(MB)      |
+===========================+===============+====================================================+
| 2       0                 | 157           | VLLMWorker_TP            | 27738                   |
| 2       0                 | 125           | VLLMEngineCor            | 184                     |
+===========================+===============+====================================================+
| 3       0                 | 182           | VLLMWorker_TP            | 27738                   |
+===========================+===============+====================================================+
2026-08-10T05:04:44.202017162Z
+------------------------------------------------------------------------------------------------+
| npu-smi 25.5.2                   Version: 25.5.2                                               |
+---------------------------+---------------+----------------------------------------------------+
| NPU   Name                | Health        | Power(W)    Temp(C)           Hugepages-Usage(page)|
| Chip                      | Bus-Id        | AICore(%)   Memory-Usage(MB)  HBM-Usage(MB)        |
+===========================+===============+====================================================+
| 2     910B4               | OK            | 103.6       43                0    / 0             |
| 0                         | 0000:81:00.0  | 33          0    / 0          30692/ 32768         |
+===========================+===============+====================================================+
| 3     910B4               | OK            | 104.9       44                0    / 0             |
| 0                         | 0000:82:00.0  | 14          0    / 0          30561/ 32768         |
+===========================+===============+====================================================+
+---------------------------+---------------+----------------------------------------------------+
| NPU     Chip              | Process id    | Process name             | Process memory(MB)      |
+===========================+===============+====================================================+
| 2       0                 | 157           | VLLMWorker_TP            | 27738                   |
| 2       0                 | 125           | VLLMEngineCor            | 184                     |
+===========================+===============+====================================================+
| 3       0                 | 182           | VLLMWorker_TP            | 27738                   |
+===========================+===============+====================================================+
2026-08-10T05:04:54.977676899Z
+------------------------------------------------------------------------------------------------+
| npu-smi 25.5.2                   Version: 25.5.2                                               |
+---------------------------+---------------+----------------------------------------------------+
| NPU   Name                | Health        | Power(W)    Temp(C)           Hugepages-Usage(page)|
| Chip                      | Bus-Id        | AICore(%)   Memory-Usage(MB)  HBM-Usage(MB)        |
+===========================+===============+====================================================+
| 2     910B4               | OK            | 102.3       43                0    / 0             |
| 0                         | 0000:81:00.0  | 33          0    / 0          30691/ 32768         |
+===========================+===============+====================================================+
| 3     910B4               | OK            | 106.6       44                0    / 0             |
| 0                         | 0000:82:00.0  | 12          0    / 0          30560/ 32768         |
+===========================+===============+====================================================+
+---------------------------+---------------+----------------------------------------------------+
| NPU     Chip              | Process id    | Process name             | Process memory(MB)      |
+===========================+===============+====================================================+
| 2       0                 | 157           | VLLMWorker_TP            | 27738                   |
| 2       0                 | 125           | VLLMEngineCor            | 184                     |
+===========================+===============+====================================================+
| 3       0                 | 182           | VLLMWorker_TP            | 27738                   |
+===========================+===============+====================================================+
2026-08-10T05:05:05.744859412Z
+------------------------------------------------------------------------------------------------+
| npu-smi 25.5.2                   Version: 25.5.2                                               |
+---------------------------+---------------+----------------------------------------------------+
| NPU   Name                | Health        | Power(W)    Temp(C)           Hugepages-Usage(page)|
| Chip                      | Bus-Id        | AICore(%)   Memory-Usage(MB)  HBM-Usage(MB)        |
+===========================+===============+====================================================+
| 2     910B4               | OK            | 103.5       43                0    / 0             |
| 0                         | 0000:81:00.0  | 33          0    / 0          30691/ 32768         |
+===========================+===============+====================================================+
| 3     910B4               | OK            | 105.4       44                0    / 0             |
| 0                         | 0000:82:00.0  | 13          0    / 0          30561/ 32768         |
+===========================+===============+====================================================+
+---------------------------+---------------+----------------------------------------------------+
| NPU     Chip              | Process id    | Process name             | Process memory(MB)      |
+===========================+===============+====================================================+
| 2       0                 | 157           | VLLMWorker_TP            | 27738                   |
| 2       0                 | 125           | VLLMEngineCor            | 184                     |
+===========================+===============+====================================================+
| 3       0                 | 182           | VLLMWorker_TP            | 27738                   |
+===========================+===============+====================================================+
2026-08-10T05:05:16.507414801Z
+------------------------------------------------------------------------------------------------+
| npu-smi 25.5.2                   Version: 25.5.2                                               |
+---------------------------+---------------+----------------------------------------------------+
| NPU   Name                | Health        | Power(W)    Temp(C)           Hugepages-Usage(page)|
| Chip                      | Bus-Id        | AICore(%)   Memory-Usage(MB)  HBM-Usage(MB)        |
+===========================+===============+====================================================+
| 2     910B4               | OK            | 102.0       43                0    / 0             |
| 0                         | 0000:81:00.0  | 35          0    / 0          30692/ 32768         |
+===========================+===============+====================================================+
| 3     910B4               | OK            | 106.6       44                0    / 0             |
| 0                         | 0000:82:00.0  | 12          0    / 0          30560/ 32768         |
+===========================+===============+====================================================+
+---------------------------+---------------+----------------------------------------------------+
| NPU     Chip              | Process id    | Process name             | Process memory(MB)      |
+===========================+===============+====================================================+
| 2       0                 | 157           | VLLMWorker_TP            | 27738                   |
| 2       0                 | 125           | VLLMEngineCor            | 184                     |
+===========================+===============+====================================================+
| 3       0                 | 182           | VLLMWorker_TP            | 27738                   |
+===========================+===============+====================================================+
2026-08-10T05:05:27.260580151Z
+------------------------------------------------------------------------------------------------+
| npu-smi 25.5.2                   Version: 25.5.2                                               |
+---------------------------+---------------+----------------------------------------------------+
| NPU   Name                | Health        | Power(W)    Temp(C)           Hugepages-Usage(page)|
| Chip                      | Bus-Id        | AICore(%)   Memory-Usage(MB)  HBM-Usage(MB)        |
+===========================+===============+====================================================+
| 2     910B4               | OK            | 102.3       43                0    / 0             |
| 0                         | 0000:81:00.0  | 31          0    / 0          30691/ 32768         |
+===========================+===============+====================================================+
| 3     910B4               | OK            | 105.4       44                0    / 0             |
| 0                         | 0000:82:00.0  | 12          0    / 0          30561/ 32768         |
+===========================+===============+====================================================+
+---------------------------+---------------+----------------------------------------------------+
| NPU     Chip              | Process id    | Process name             | Process memory(MB)      |
+===========================+===============+====================================================+
| 2       0                 | 157           | VLLMWorker_TP            | 27738                   |
| 2       0                 | 125           | VLLMEngineCor            | 184                     |
+===========================+===============+====================================================+
| 3       0                 | 182           | VLLMWorker_TP            | 27738                   |
+===========================+===============+====================================================+
2026-08-10T05:05:38.002835864Z
+------------------------------------------------------------------------------------------------+
| npu-smi 25.5.2                   Version: 25.5.2                                               |
+---------------------------+---------------+----------------------------------------------------+
| NPU   Name                | Health        | Power(W)    Temp(C)           Hugepages-Usage(page)|
| Chip                      | Bus-Id        | AICore(%)   Memory-Usage(MB)  HBM-Usage(MB)        |
+===========================+===============+====================================================+
| 2     910B4               | OK            | 103.2       43                0    / 0             |
| 0                         | 0000:81:00.0  | 30          0    / 0          30692/ 32768         |
+===========================+===============+====================================================+
| 3     910B4               | OK            | 105.9       44                0    / 0             |
| 0                         | 0000:82:00.0  | 13          0    / 0          30561/ 32768         |
+===========================+===============+====================================================+
+---------------------------+---------------+----------------------------------------------------+
| NPU     Chip              | Process id    | Process name             | Process memory(MB)      |
+===========================+===============+====================================================+
| 2       0                 | 157           | VLLMWorker_TP            | 27738                   |
| 2       0                 | 125           | VLLMEngineCor            | 184                     |
+===========================+===============+====================================================+
| 3       0                 | 182           | VLLMWorker_TP            | 27738                   |
+===========================+===============+====================================================+
2026-08-10T05:05:48.777584216Z
+------------------------------------------------------------------------------------------------+
| npu-smi 25.5.2                   Version: 25.5.2                                               |
+---------------------------+---------------+----------------------------------------------------+
| NPU   Name                | Health        | Power(W)    Temp(C)           Hugepages-Usage(page)|
| Chip                      | Bus-Id        | AICore(%)   Memory-Usage(MB)  HBM-Usage(MB)        |
+===========================+===============+====================================================+
| 2     910B4               | OK            | 103.0       43                0    / 0             |
| 0                         | 0000:81:00.0  | 33          0    / 0          30691/ 32768         |
+===========================+===============+====================================================+
| 3     910B4               | OK            | 105.4       44                0    / 0             |
| 0                         | 0000:82:00.0  | 12          0    / 0          30560/ 32768         |
+===========================+===============+====================================================+
+---------------------------+---------------+----------------------------------------------------+
| NPU     Chip              | Process id    | Process name             | Process memory(MB)      |
+===========================+===============+====================================================+
| 2       0                 | 157           | VLLMWorker_TP            | 27738                   |
| 2       0                 | 125           | VLLMEngineCor            | 184                     |
+===========================+===============+====================================================+
| 3       0                 | 182           | VLLMWorker_TP            | 27738                   |
+===========================+===============+====================================================+
2026-08-10T05:05:59.513352655Z
+------------------------------------------------------------------------------------------------+
| npu-smi 25.5.2                   Version: 25.5.2                                               |
+---------------------------+---------------+----------------------------------------------------+
| NPU   Name                | Health        | Power(W)    Temp(C)           Hugepages-Usage(page)|
| Chip                      | Bus-Id        | AICore(%)   Memory-Usage(MB)  HBM-Usage(MB)        |
+===========================+===============+====================================================+
| 2     910B4               | OK            | 102.9       43                0    / 0             |
| 0                         | 0000:81:00.0  | 31          0    / 0          30691/ 32768         |
+===========================+===============+====================================================+
| 3     910B4               | OK            | 104.6       44                0    / 0             |
| 0                         | 0000:82:00.0  | 14          0    / 0          30560/ 32768         |
+===========================+===============+====================================================+
+---------------------------+---------------+----------------------------------------------------+
| NPU     Chip              | Process id    | Process name             | Process memory(MB)      |
+===========================+===============+====================================================+
| 2       0                 | 157           | VLLMWorker_TP            | 27738                   |
| 2       0                 | 125           | VLLMEngineCor            | 184                     |
+===========================+===============+====================================================+
| 3       0                 | 182           | VLLMWorker_TP            | 27738                   |
+===========================+===============+====================================================+
2026-08-10T05:06:10.364137975Z
+------------------------------------------------------------------------------------------------+
| npu-smi 25.5.2                   Version: 25.5.2                                               |
+---------------------------+---------------+----------------------------------------------------+
| NPU   Name                | Health        | Power(W)    Temp(C)           Hugepages-Usage(page)|
| Chip                      | Bus-Id        | AICore(%)   Memory-Usage(MB)  HBM-Usage(MB)        |
+===========================+===============+====================================================+
| 2     910B4               | OK            | 102.9       43                0    / 0             |
| 0                         | 0000:81:00.0  | 29          0    / 0          30691/ 32768         |
+===========================+===============+====================================================+
| 3     910B4               | OK            | 105.4       43                0    / 0             |
| 0                         | 0000:82:00.0  | 13          0    / 0          30561/ 32768         |
+===========================+===============+====================================================+
+---------------------------+---------------+----------------------------------------------------+
| NPU     Chip              | Process id    | Process name             | Process memory(MB)      |
+===========================+===============+====================================================+
| 2       0                 | 157           | VLLMWorker_TP            | 27738                   |
| 2       0                 | 125           | VLLMEngineCor            | 184                     |
+===========================+===============+====================================================+
| 3       0                 | 182           | VLLMWorker_TP            | 27738                   |
+===========================+===============+====================================================+
2026-08-10T05:06:21.084688675Z
+------------------------------------------------------------------------------------------------+
| npu-smi 25.5.2                   Version: 25.5.2                                               |
+---------------------------+---------------+----------------------------------------------------+
| NPU   Name                | Health        | Power(W)    Temp(C)           Hugepages-Usage(page)|
| Chip                      | Bus-Id        | AICore(%)   Memory-Usage(MB)  HBM-Usage(MB)        |
+===========================+===============+====================================================+
| 2     910B4               | OK            | 102.0       43                0    / 0             |
| 0                         | 0000:81:00.0  | 31          0    / 0          30691/ 32768         |
+===========================+===============+====================================================+
| 3     910B4               | OK            | 105.2       43                0    / 0             |
| 0                         | 0000:82:00.0  | 12          0    / 0          30561/ 32768         |
+===========================+===============+====================================================+
+---------------------------+---------------+----------------------------------------------------+
| NPU     Chip              | Process id    | Process name             | Process memory(MB)      |
+===========================+===============+====================================================+
| 2       0                 | 157           | VLLMWorker_TP            | 27738                   |
| 2       0                 | 125           | VLLMEngineCor            | 184                     |
+===========================+===============+====================================================+
| 3       0                 | 182           | VLLMWorker_TP            | 27738                   |
+===========================+===============+====================================================+
2026-08-10T05:06:31.841657374Z
+------------------------------------------------------------------------------------------------+
| npu-smi 25.5.2                   Version: 25.5.2                                               |
+---------------------------+---------------+----------------------------------------------------+
| NPU   Name                | Health        | Power(W)    Temp(C)           Hugepages-Usage(page)|
| Chip                      | Bus-Id        | AICore(%)   Memory-Usage(MB)  HBM-Usage(MB)        |
+===========================+===============+====================================================+
| 2     910B4               | OK            | 103.1       42                0    / 0             |
| 0                         | 0000:81:00.0  | 36          0    / 0          30692/ 32768         |
+===========================+===============+====================================================+
| 3     910B4               | OK            | 106.5       44                0    / 0             |
| 0                         | 0000:82:00.0  | 15          0    / 0          30561/ 32768         |
+===========================+===============+====================================================+
+---------------------------+---------------+----------------------------------------------------+
| NPU     Chip              | Process id    | Process name             | Process memory(MB)      |
+===========================+===============+====================================================+
| 2       0                 | 157           | VLLMWorker_TP            | 27738                   |
| 2       0                 | 125           | VLLMEngineCor            | 184                     |
+===========================+===============+====================================================+
| 3       0                 | 182           | VLLMWorker_TP            | 27738                   |
+===========================+===============+====================================================+
2026-08-10T05:06:42.618514348Z
+------------------------------------------------------------------------------------------------+
| npu-smi 25.5.2                   Version: 25.5.2                                               |
+---------------------------+---------------+----------------------------------------------------+
| NPU   Name                | Health        | Power(W)    Temp(C)           Hugepages-Usage(page)|
| Chip                      | Bus-Id        | AICore(%)   Memory-Usage(MB)  HBM-Usage(MB)        |
+===========================+===============+====================================================+
| 2     910B4               | OK            | 102.0       43                0    / 0             |
| 0                         | 0000:81:00.0  | 31          0    / 0          30691/ 32768         |
+===========================+===============+====================================================+
| 3     910B4               | OK            | 106.3       44                0    / 0             |
| 0                         | 0000:82:00.0  | 13          0    / 0          30561/ 32768         |
+===========================+===============+====================================================+
+---------------------------+---------------+----------------------------------------------------+
| NPU     Chip              | Process id    | Process name             | Process memory(MB)      |
+===========================+===============+====================================================+
| 2       0                 | 157           | VLLMWorker_TP            | 27738                   |
| 2       0                 | 125           | VLLMEngineCor            | 184                     |
+===========================+===============+====================================================+
| 3       0                 | 182           | VLLMWorker_TP            | 27738                   |
+===========================+===============+====================================================+
2026-08-10T05:06:53.342110413Z
+------------------------------------------------------------------------------------------------+
| npu-smi 25.5.2                   Version: 25.5.2                                               |
+---------------------------+---------------+----------------------------------------------------+
| NPU   Name                | Health        | Power(W)    Temp(C)           Hugepages-Usage(page)|
| Chip                      | Bus-Id        | AICore(%)   Memory-Usage(MB)  HBM-Usage(MB)        |
+===========================+===============+====================================================+
| 2     910B4               | OK            | 103.1       43                0    / 0             |
| 0                         | 0000:81:00.0  | 31          0    / 0          30691/ 32768         |
+===========================+===============+====================================================+
| 3     910B4               | OK            | 105.2       44                0    / 0             |
| 0                         | 0000:82:00.0  | 13          0    / 0          30561/ 32768         |
+===========================+===============+====================================================+
+---------------------------+---------------+----------------------------------------------------+
| NPU     Chip              | Process id    | Process name             | Process memory(MB)      |
+===========================+===============+====================================================+
| 2       0                 | 157           | VLLMWorker_TP            | 27738                   |
| 2       0                 | 125           | VLLMEngineCor            | 184                     |
+===========================+===============+====================================================+
| 3       0                 | 182           | VLLMWorker_TP            | 27738                   |
+===========================+===============+====================================================+
2026-08-10T05:07:04.072475364Z
+------------------------------------------------------------------------------------------------+
| npu-smi 25.5.2                   Version: 25.5.2                                               |
+---------------------------+---------------+----------------------------------------------------+
| NPU   Name                | Health        | Power(W)    Temp(C)           Hugepages-Usage(page)|
| Chip                      | Bus-Id        | AICore(%)   Memory-Usage(MB)  HBM-Usage(MB)        |
+===========================+===============+====================================================+
| 2     910B4               | OK            | 103.5       43                0    / 0             |
| 0                         | 0000:81:00.0  | 32          0    / 0          30691/ 32768         |
+===========================+===============+====================================================+
| 3     910B4               | OK            | 106.1       44                0    / 0             |
| 0                         | 0000:82:00.0  | 13          0    / 0          30561/ 32768         |
+===========================+===============+====================================================+
+---------------------------+---------------+----------------------------------------------------+
| NPU     Chip              | Process id    | Process name             | Process memory(MB)      |
+===========================+===============+====================================================+
| 2       0                 | 157           | VLLMWorker_TP            | 27738                   |
| 2       0                 | 125           | VLLMEngineCor            | 184                     |
+===========================+===============+====================================================+
| 3       0                 | 182           | VLLMWorker_TP            | 27738                   |
+===========================+===============+====================================================+
2026-08-10T05:07:14.830801671Z
+------------------------------------------------------------------------------------------------+
| npu-smi 25.5.2                   Version: 25.5.2                                               |
+---------------------------+---------------+----------------------------------------------------+
| NPU   Name                | Health        | Power(W)    Temp(C)           Hugepages-Usage(page)|
| Chip                      | Bus-Id        | AICore(%)   Memory-Usage(MB)  HBM-Usage(MB)        |
+===========================+===============+====================================================+
| 2     910B4               | OK            | 102.1       43                0    / 0             |
| 0                         | 0000:81:00.0  | 32          0    / 0          30691/ 32768         |
+===========================+===============+====================================================+
| 3     910B4               | OK            | 104.7       44                0    / 0             |
| 0                         | 0000:82:00.0  | 13          0    / 0          30560/ 32768         |
+===========================+===============+====================================================+
+---------------------------+---------------+----------------------------------------------------+
| NPU     Chip              | Process id    | Process name             | Process memory(MB)      |
+===========================+===============+====================================================+
| 2       0                 | 157           | VLLMWorker_TP            | 27738                   |
| 2       0                 | 125           | VLLMEngineCor            | 184                     |
+===========================+===============+====================================================+
| 3       0                 | 182           | VLLMWorker_TP            | 27738                   |
+===========================+===============+====================================================+
2026-08-10T05:07:25.575059194Z
+------------------------------------------------------------------------------------------------+
| npu-smi 25.5.2                   Version: 25.5.2                                               |
+---------------------------+---------------+----------------------------------------------------+
| NPU   Name                | Health        | Power(W)    Temp(C)           Hugepages-Usage(page)|
| Chip                      | Bus-Id        | AICore(%)   Memory-Usage(MB)  HBM-Usage(MB)        |
+===========================+===============+====================================================+
| 2     910B4               | OK            | 103.2       43                0    / 0             |
| 0                         | 0000:81:00.0  | 33          0    / 0          30691/ 32768         |
+===========================+===============+====================================================+
| 3     910B4               | OK            | 104.5       44                0    / 0             |
| 0                         | 0000:82:00.0  | 13          0    / 0          30561/ 32768         |
+===========================+===============+====================================================+
+---------------------------+---------------+----------------------------------------------------+
| NPU     Chip              | Process id    | Process name             | Process memory(MB)      |
+===========================+===============+====================================================+
| 2       0                 | 157           | VLLMWorker_TP            | 27738                   |
| 2       0                 | 125           | VLLMEngineCor            | 184                     |
+===========================+===============+====================================================+
| 3       0                 | 182           | VLLMWorker_TP            | 27738                   |
+===========================+===============+====================================================+
2026-08-10T05:07:36.332667897Z
+------------------------------------------------------------------------------------------------+
| npu-smi 25.5.2                   Version: 25.5.2                                               |
+---------------------------+---------------+----------------------------------------------------+
| NPU   Name                | Health        | Power(W)    Temp(C)           Hugepages-Usage(page)|
| Chip                      | Bus-Id        | AICore(%)   Memory-Usage(MB)  HBM-Usage(MB)        |
+===========================+===============+====================================================+
| 2     910B4               | OK            | 103.2       43                0    / 0             |
| 0                         | 0000:81:00.0  | 37          0    / 0          30691/ 32768         |
+===========================+===============+====================================================+
| 3     910B4               | OK            | 106.6       44                0    / 0             |
| 0                         | 0000:82:00.0  | 16          0    / 0          30560/ 32768         |
+===========================+===============+====================================================+
+---------------------------+---------------+----------------------------------------------------+
| NPU     Chip              | Process id    | Process name             | Process memory(MB)      |
+===========================+===============+====================================================+
| 2       0                 | 157           | VLLMWorker_TP            | 27738                   |
| 2       0                 | 125           | VLLMEngineCor            | 184                     |
+===========================+===============+====================================================+
| 3       0                 | 182           | VLLMWorker_TP            | 27738                   |
+===========================+===============+====================================================+
2026-08-10T05:07:47.102133002Z
+------------------------------------------------------------------------------------------------+
| npu-smi 25.5.2                   Version: 25.5.2                                               |
+---------------------------+---------------+----------------------------------------------------+
| NPU   Name                | Health        | Power(W)    Temp(C)           Hugepages-Usage(page)|
| Chip                      | Bus-Id        | AICore(%)   Memory-Usage(MB)  HBM-Usage(MB)        |
+===========================+===============+====================================================+
| 2     910B4               | OK            | 101.9       43                0    / 0             |
| 0                         | 0000:81:00.0  | 25          0    / 0          30691/ 32768         |
+===========================+===============+====================================================+
| 3     910B4               | OK            | 104.1       44                0    / 0             |
| 0                         | 0000:82:00.0  | 10          0    / 0          30561/ 32768         |
+===========================+===============+====================================================+
+---------------------------+---------------+----------------------------------------------------+
| NPU     Chip              | Process id    | Process name             | Process memory(MB)      |
+===========================+===============+====================================================+
| 2       0                 | 157           | VLLMWorker_TP            | 27738                   |
| 2       0                 | 125           | VLLMEngineCor            | 184                     |
+===========================+===============+====================================================+
| 3       0                 | 182           | VLLMWorker_TP            | 27738                   |
+===========================+===============+====================================================+
2026-08-10T05:07:57.859390573Z
+------------------------------------------------------------------------------------------------+
| npu-smi 25.5.2                   Version: 25.5.2                                               |
+---------------------------+---------------+----------------------------------------------------+
| NPU   Name                | Health        | Power(W)    Temp(C)           Hugepages-Usage(page)|
| Chip                      | Bus-Id        | AICore(%)   Memory-Usage(MB)  HBM-Usage(MB)        |
+===========================+===============+====================================================+
| 2     910B4               | OK            | 92.1        43                0    / 0             |
| 0                         | 0000:81:00.0  | 0           0    / 0          30691/ 32768         |
+===========================+===============+====================================================+
| 3     910B4               | OK            | 95.8        44                0    / 0             |
| 0                         | 0000:82:00.0  | 0           0    / 0          30561/ 32768         |
+===========================+===============+====================================================+
+---------------------------+---------------+----------------------------------------------------+
| NPU     Chip              | Process id    | Process name             | Process memory(MB)      |
+===========================+===============+====================================================+
| 2       0                 | 157           | VLLMWorker_TP            | 27738                   |
| 2       0                 | 125           | VLLMEngineCor            | 184                     |
+===========================+===============+====================================================+
| 3       0                 | 182           | VLLMWorker_TP            | 27738                   |
+===========================+===============+====================================================+
