2026-08-10T05:02:56.577221216Z
+------------------------------------------------------------------------------------------------+
| npu-smi 25.5.2                   Version: 25.5.2                                               |
+---------------------------+---------------+----------------------------------------------------+
| NPU   Name                | Health        | Power(W)    Temp(C)           Hugepages-Usage(page)|
| Chip                      | Bus-Id        | AICore(%)   Memory-Usage(MB)  HBM-Usage(MB)        |
+===========================+===============+====================================================+
| 1     910B4               | OK            | 83.5        43                0    / 0             |
| 0                         | 0000:C2:00.0  | 0           0    / 0          30931/ 32768         |
+===========================+===============+====================================================+
| 7     910B4               | OK            | 88.5        44                0    / 0             |
| 0                         | 0000:42:00.0  | 0           0    / 0          30798/ 32768         |
+===========================+===============+====================================================+
+---------------------------+---------------+----------------------------------------------------+
| NPU     Chip              | Process id    | Process name             | Process memory(MB)      |
+===========================+===============+====================================================+
| 1       0                 | 126           | VLLMEngineCor            | 184                     |
| 1       0                 | 159           | VLLMWorker_TP            | 27976                   |
+===========================+===============+====================================================+
| 7       0                 | 184           | VLLMWorker_TP            | 27976                   |
+===========================+===============+====================================================+
2026-08-10T05:03:07.321215798Z
+------------------------------------------------------------------------------------------------+
| npu-smi 25.5.2                   Version: 25.5.2                                               |
+---------------------------+---------------+----------------------------------------------------+
| NPU   Name                | Health        | Power(W)    Temp(C)           Hugepages-Usage(page)|
| Chip                      | Bus-Id        | AICore(%)   Memory-Usage(MB)  HBM-Usage(MB)        |
+===========================+===============+====================================================+
| 1     910B4               | OK            | 83.2        43                0    / 0             |
| 0                         | 0000:C2:00.0  | 0           0    / 0          30931/ 32768         |
+===========================+===============+====================================================+
| 7     910B4               | OK            | 88.7        45                0    / 0             |
| 0                         | 0000:42:00.0  | 0           0    / 0          30799/ 32768         |
+===========================+===============+====================================================+
+---------------------------+---------------+----------------------------------------------------+
| NPU     Chip              | Process id    | Process name             | Process memory(MB)      |
+===========================+===============+====================================================+
| 1       0                 | 126           | VLLMEngineCor            | 184                     |
| 1       0                 | 159           | VLLMWorker_TP            | 27976                   |
+===========================+===============+====================================================+
| 7       0                 | 184           | VLLMWorker_TP            | 27976                   |
+===========================+===============+====================================================+
2026-08-10T05:03:18.122702761Z
+------------------------------------------------------------------------------------------------+
| npu-smi 25.5.2                   Version: 25.5.2                                               |
+---------------------------+---------------+----------------------------------------------------+
| NPU   Name                | Health        | Power(W)    Temp(C)           Hugepages-Usage(page)|
| Chip                      | Bus-Id        | AICore(%)   Memory-Usage(MB)  HBM-Usage(MB)        |
+===========================+===============+====================================================+
| 1     910B4               | OK            | 83.4        43                0    / 0             |
| 0                         | 0000:C2:00.0  | 0           0    / 0          30931/ 32768         |
+===========================+===============+====================================================+
| 7     910B4               | OK            | 88.2        44                0    / 0             |
| 0                         | 0000:42:00.0  | 0           0    / 0          30799/ 32768         |
+===========================+===============+====================================================+
+---------------------------+---------------+----------------------------------------------------+
| NPU     Chip              | Process id    | Process name             | Process memory(MB)      |
+===========================+===============+====================================================+
| 1       0                 | 126           | VLLMEngineCor            | 184                     |
| 1       0                 | 159           | VLLMWorker_TP            | 27976                   |
+===========================+===============+====================================================+
| 7       0                 | 184           | VLLMWorker_TP            | 27976                   |
+===========================+===============+====================================================+
2026-08-10T05:03:28.868314591Z
+------------------------------------------------------------------------------------------------+
| npu-smi 25.5.2                   Version: 25.5.2                                               |
+---------------------------+---------------+----------------------------------------------------+
| NPU   Name                | Health        | Power(W)    Temp(C)           Hugepages-Usage(page)|
| Chip                      | Bus-Id        | AICore(%)   Memory-Usage(MB)  HBM-Usage(MB)        |
+===========================+===============+====================================================+
| 1     910B4               | OK            | 119.4       45                0    / 0             |
| 0                         | 0000:C2:00.0  | 100         0    / 0          30931/ 32768         |
+===========================+===============+====================================================+
| 7     910B4               | OK            | 119.2       47                0    / 0             |
| 0                         | 0000:42:00.0  | 32          0    / 0          30798/ 32768         |
+===========================+===============+====================================================+
+---------------------------+---------------+----------------------------------------------------+
| NPU     Chip              | Process id    | Process name             | Process memory(MB)      |
+===========================+===============+====================================================+
| 1       0                 | 126           | VLLMEngineCor            | 184                     |
| 1       0                 | 159           | VLLMWorker_TP            | 27976                   |
+===========================+===============+====================================================+
| 7       0                 | 184           | VLLMWorker_TP            | 27976                   |
+===========================+===============+====================================================+
2026-08-10T05:03:39.645315746Z
+------------------------------------------------------------------------------------------------+
| npu-smi 25.5.2                   Version: 25.5.2                                               |
+---------------------------+---------------+----------------------------------------------------+
| NPU   Name                | Health        | Power(W)    Temp(C)           Hugepages-Usage(page)|
| Chip                      | Bus-Id        | AICore(%)   Memory-Usage(MB)  HBM-Usage(MB)        |
+===========================+===============+====================================================+
| 1     910B4               | OK            | 106.8       44                0    / 0             |
| 0                         | 0000:C2:00.0  | 47          0    / 0          30931/ 32768         |
+===========================+===============+====================================================+
| 7     910B4               | OK            | 115.4       48                0    / 0             |
| 0                         | 0000:42:00.0  | 34          0    / 0          30798/ 32768         |
+===========================+===============+====================================================+
+---------------------------+---------------+----------------------------------------------------+
| NPU     Chip              | Process id    | Process name             | Process memory(MB)      |
+===========================+===============+====================================================+
| 1       0                 | 126           | VLLMEngineCor            | 184                     |
| 1       0                 | 159           | VLLMWorker_TP            | 27976                   |
+===========================+===============+====================================================+
| 7       0                 | 184           | VLLMWorker_TP            | 27976                   |
+===========================+===============+====================================================+
2026-08-10T05:03:50.380520401Z
+------------------------------------------------------------------------------------------------+
| npu-smi 25.5.2                   Version: 25.5.2                                               |
+---------------------------+---------------+----------------------------------------------------+
| NPU   Name                | Health        | Power(W)    Temp(C)           Hugepages-Usage(page)|
| Chip                      | Bus-Id        | AICore(%)   Memory-Usage(MB)  HBM-Usage(MB)        |
+===========================+===============+====================================================+
| 1     910B4               | OK            | 127.1       47                0    / 0             |
| 0                         | 0000:C2:00.0  | 100         0    / 0          30931/ 32768         |
+===========================+===============+====================================================+
| 7     910B4               | OK            | 131.0       50                0    / 0             |
| 0                         | 0000:42:00.0  | 47          0    / 0          30798/ 32768         |
+===========================+===============+====================================================+
+---------------------------+---------------+----------------------------------------------------+
| NPU     Chip              | Process id    | Process name             | Process memory(MB)      |
+===========================+===============+====================================================+
| 1       0                 | 126           | VLLMEngineCor            | 184                     |
| 1       0                 | 159           | VLLMWorker_TP            | 27976                   |
+===========================+===============+====================================================+
| 7       0                 | 184           | VLLMWorker_TP            | 27976                   |
+===========================+===============+====================================================+
2026-08-10T05:04:01.095845424Z
+------------------------------------------------------------------------------------------------+
| npu-smi 25.5.2                   Version: 25.5.2                                               |
+---------------------------+---------------+----------------------------------------------------+
| NPU   Name                | Health        | Power(W)    Temp(C)           Hugepages-Usage(page)|
| Chip                      | Bus-Id        | AICore(%)   Memory-Usage(MB)  HBM-Usage(MB)        |
+===========================+===============+====================================================+
| 1     910B4               | OK            | 116.5       46                0    / 0             |
| 0                         | 0000:C2:00.0  | 68          0    / 0          30931/ 32768         |
+===========================+===============+====================================================+
| 7     910B4               | OK            | 126.6       49                0    / 0             |
| 0                         | 0000:42:00.0  | 49          0    / 0          30798/ 32768         |
+===========================+===============+====================================================+
+---------------------------+---------------+----------------------------------------------------+
| NPU     Chip              | Process id    | Process name             | Process memory(MB)      |
+===========================+===============+====================================================+
| 1       0                 | 126           | VLLMEngineCor            | 184                     |
| 1       0                 | 159           | VLLMWorker_TP            | 27976                   |
+===========================+===============+====================================================+
| 7       0                 | 184           | VLLMWorker_TP            | 27976                   |
+===========================+===============+====================================================+
2026-08-10T05:04:11.908010342Z
+------------------------------------------------------------------------------------------------+
| npu-smi 25.5.2                   Version: 25.5.2                                               |
+---------------------------+---------------+----------------------------------------------------+
| NPU   Name                | Health        | Power(W)    Temp(C)           Hugepages-Usage(page)|
| Chip                      | Bus-Id        | AICore(%)   Memory-Usage(MB)  HBM-Usage(MB)        |
+===========================+===============+====================================================+
| 1     910B4               | OK            | 111.7       45                0    / 0             |
| 0                         | 0000:C2:00.0  | 76          0    / 0          30931/ 32768         |
+===========================+===============+====================================================+
| 7     910B4               | OK            | 123.2       49                0    / 0             |
| 0                         | 0000:42:00.0  | 31          0    / 0          30798/ 32768         |
+===========================+===============+====================================================+
+---------------------------+---------------+----------------------------------------------------+
| NPU     Chip              | Process id    | Process name             | Process memory(MB)      |
+===========================+===============+====================================================+
| 1       0                 | 126           | VLLMEngineCor            | 184                     |
| 1       0                 | 159           | VLLMWorker_TP            | 27976                   |
+===========================+===============+====================================================+
| 7       0                 | 184           | VLLMWorker_TP            | 27976                   |
+===========================+===============+====================================================+
2026-08-10T05:04:22.643779781Z
+------------------------------------------------------------------------------------------------+
| npu-smi 25.5.2                   Version: 25.5.2                                               |
+---------------------------+---------------+----------------------------------------------------+
| NPU   Name                | Health        | Power(W)    Temp(C)           Hugepages-Usage(page)|
| Chip                      | Bus-Id        | AICore(%)   Memory-Usage(MB)  HBM-Usage(MB)        |
+===========================+===============+====================================================+
| 1     910B4               | OK            | 124.1       47                0    / 0             |
| 0                         | 0000:C2:00.0  | 85          0    / 0          30932/ 32768         |
+===========================+===============+====================================================+
| 7     910B4               | OK            | 131.9       50                0    / 0             |
| 0                         | 0000:42:00.0  | 52          0    / 0          30798/ 32768         |
+===========================+===============+====================================================+
+---------------------------+---------------+----------------------------------------------------+
| NPU     Chip              | Process id    | Process name             | Process memory(MB)      |
+===========================+===============+====================================================+
| 1       0                 | 126           | VLLMEngineCor            | 184                     |
| 1       0                 | 159           | VLLMWorker_TP            | 27976                   |
+===========================+===============+====================================================+
| 7       0                 | 184           | VLLMWorker_TP            | 27976                   |
+===========================+===============+====================================================+
2026-08-10T05:04:33.475031389Z
+------------------------------------------------------------------------------------------------+
| npu-smi 25.5.2                   Version: 25.5.2                                               |
+---------------------------+---------------+----------------------------------------------------+
| NPU   Name                | Health        | Power(W)    Temp(C)           Hugepages-Usage(page)|
| Chip                      | Bus-Id        | AICore(%)   Memory-Usage(MB)  HBM-Usage(MB)        |
+===========================+===============+====================================================+
| 1     910B4               | OK            | 121.2       47                0    / 0             |
| 0                         | 0000:C2:00.0  | 100         0    / 0          30931/ 32768         |
+===========================+===============+====================================================+
| 7     910B4               | OK            | 122.1       48                0    / 0             |
| 0                         | 0000:42:00.0  | 29          0    / 0          30798/ 32768         |
+===========================+===============+====================================================+
+---------------------------+---------------+----------------------------------------------------+
| NPU     Chip              | Process id    | Process name             | Process memory(MB)      |
+===========================+===============+====================================================+
| 1       0                 | 126           | VLLMEngineCor            | 184                     |
| 1       0                 | 159           | VLLMWorker_TP            | 27976                   |
+===========================+===============+====================================================+
| 7       0                 | 184           | VLLMWorker_TP            | 27976                   |
+===========================+===============+====================================================+
2026-08-10T05:04:44.274677901Z
+------------------------------------------------------------------------------------------------+
| npu-smi 25.5.2                   Version: 25.5.2                                               |
+---------------------------+---------------+----------------------------------------------------+
| NPU   Name                | Health        | Power(W)    Temp(C)           Hugepages-Usage(page)|
| Chip                      | Bus-Id        | AICore(%)   Memory-Usage(MB)  HBM-Usage(MB)        |
+===========================+===============+====================================================+
| 1     910B4               | OK            | 115.9       46                0    / 0             |
| 0                         | 0000:C2:00.0  | 68          0    / 0          30931/ 32768         |
+===========================+===============+====================================================+
| 7     910B4               | OK            | 120.6       49                0    / 0             |
| 0                         | 0000:42:00.0  | 36          0    / 0          30798/ 32768         |
+===========================+===============+====================================================+
+---------------------------+---------------+----------------------------------------------------+
| NPU     Chip              | Process id    | Process name             | Process memory(MB)      |
+===========================+===============+====================================================+
| 1       0                 | 126           | VLLMEngineCor            | 184                     |
| 1       0                 | 159           | VLLMWorker_TP            | 27976                   |
+===========================+===============+====================================================+
| 7       0                 | 184           | VLLMWorker_TP            | 27976                   |
+===========================+===============+====================================================+
2026-08-10T05:04:55.012998094Z
+------------------------------------------------------------------------------------------------+
| npu-smi 25.5.2                   Version: 25.5.2                                               |
+---------------------------+---------------+----------------------------------------------------+
| NPU   Name                | Health        | Power(W)    Temp(C)           Hugepages-Usage(page)|
| Chip                      | Bus-Id        | AICore(%)   Memory-Usage(MB)  HBM-Usage(MB)        |
+===========================+===============+====================================================+
| 1     910B4               | OK            | 131.7       49                0    / 0             |
| 0                         | 0000:C2:00.0  | 100         0    / 0          30931/ 32768         |
+===========================+===============+====================================================+
| 7     910B4               | OK            | 130.6       51                0    / 0             |
| 0                         | 0000:42:00.0  | 48          0    / 0          30799/ 32768         |
+===========================+===============+====================================================+
+---------------------------+---------------+----------------------------------------------------+
| NPU     Chip              | Process id    | Process name             | Process memory(MB)      |
+===========================+===============+====================================================+
| 1       0                 | 126           | VLLMEngineCor            | 184                     |
| 1       0                 | 159           | VLLMWorker_TP            | 27976                   |
+===========================+===============+====================================================+
| 7       0                 | 184           | VLLMWorker_TP            | 27976                   |
+===========================+===============+====================================================+
2026-08-10T05:05:05.797628928Z
+------------------------------------------------------------------------------------------------+
| npu-smi 25.5.2                   Version: 25.5.2                                               |
+---------------------------+---------------+----------------------------------------------------+
| NPU   Name                | Health        | Power(W)    Temp(C)           Hugepages-Usage(page)|
| Chip                      | Bus-Id        | AICore(%)   Memory-Usage(MB)  HBM-Usage(MB)        |
+===========================+===============+====================================================+
| 1     910B4               | OK            | 122.4       47                0    / 0             |
| 0                         | 0000:C2:00.0  | 100         0    / 0          30931/ 32768         |
+===========================+===============+====================================================+
| 7     910B4               | OK            | 127.8       50                0    / 0             |
| 0                         | 0000:42:00.0  | 40          0    / 0          30798/ 32768         |
+===========================+===============+====================================================+
+---------------------------+---------------+----------------------------------------------------+
| NPU     Chip              | Process id    | Process name             | Process memory(MB)      |
+===========================+===============+====================================================+
| 1       0                 | 126           | VLLMEngineCor            | 184                     |
| 1       0                 | 159           | VLLMWorker_TP            | 27976                   |
+===========================+===============+====================================================+
| 7       0                 | 184           | VLLMWorker_TP            | 27976                   |
+===========================+===============+====================================================+
2026-08-10T05:05:16.568769012Z
+------------------------------------------------------------------------------------------------+
| npu-smi 25.5.2                   Version: 25.5.2                                               |
+---------------------------+---------------+----------------------------------------------------+
| NPU   Name                | Health        | Power(W)    Temp(C)           Hugepages-Usage(page)|
| Chip                      | Bus-Id        | AICore(%)   Memory-Usage(MB)  HBM-Usage(MB)        |
+===========================+===============+====================================================+
| 1     910B4               | OK            | 114.0       46                0    / 0             |
| 0                         | 0000:C2:00.0  | 85          0    / 0          30931/ 32768         |
+===========================+===============+====================================================+
| 7     910B4               | OK            | 122.1       49                0    / 0             |
| 0                         | 0000:42:00.0  | 38          0    / 0          30798/ 32768         |
+===========================+===============+====================================================+
+---------------------------+---------------+----------------------------------------------------+
| NPU     Chip              | Process id    | Process name             | Process memory(MB)      |
+===========================+===============+====================================================+
| 1       0                 | 126           | VLLMEngineCor            | 184                     |
| 1       0                 | 159           | VLLMWorker_TP            | 27976                   |
+===========================+===============+====================================================+
| 7       0                 | 184           | VLLMWorker_TP            | 27976                   |
+===========================+===============+====================================================+
2026-08-10T05:05:27.289932024Z
+------------------------------------------------------------------------------------------------+
| npu-smi 25.5.2                   Version: 25.5.2                                               |
+---------------------------+---------------+----------------------------------------------------+
| NPU   Name                | Health        | Power(W)    Temp(C)           Hugepages-Usage(page)|
| Chip                      | Bus-Id        | AICore(%)   Memory-Usage(MB)  HBM-Usage(MB)        |
+===========================+===============+====================================================+
| 1     910B4               | OK            | 129.4       49                0    / 0             |
| 0                         | 0000:C2:00.0  | 100         0    / 0          30931/ 32768         |
+===========================+===============+====================================================+
| 7     910B4               | OK            | 129.3       50                0    / 0             |
| 0                         | 0000:42:00.0  | 33          0    / 0          30798/ 32768         |
+===========================+===============+====================================================+
+---------------------------+---------------+----------------------------------------------------+
| NPU     Chip              | Process id    | Process name             | Process memory(MB)      |
+===========================+===============+====================================================+
| 1       0                 | 126           | VLLMEngineCor            | 184                     |
| 1       0                 | 159           | VLLMWorker_TP            | 27976                   |
+===========================+===============+====================================================+
| 7       0                 | 184           | VLLMWorker_TP            | 27976                   |
+===========================+===============+====================================================+
2026-08-10T05:05:38.028855670Z
+------------------------------------------------------------------------------------------------+
| npu-smi 25.5.2                   Version: 25.5.2                                               |
+---------------------------+---------------+----------------------------------------------------+
| NPU   Name                | Health        | Power(W)    Temp(C)           Hugepages-Usage(page)|
| Chip                      | Bus-Id        | AICore(%)   Memory-Usage(MB)  HBM-Usage(MB)        |
+===========================+===============+====================================================+
| 1     910B4               | OK            | 119.2       47                0    / 0             |
| 0                         | 0000:C2:00.0  | 70          0    / 0          30931/ 32768         |
+===========================+===============+====================================================+
| 7     910B4               | OK            | 130.3       51                0    / 0             |
| 0                         | 0000:42:00.0  | 53          0    / 0          30798/ 32768         |
+===========================+===============+====================================================+
+---------------------------+---------------+----------------------------------------------------+
| NPU     Chip              | Process id    | Process name             | Process memory(MB)      |
+===========================+===============+====================================================+
| 1       0                 | 126           | VLLMEngineCor            | 184                     |
| 1       0                 | 159           | VLLMWorker_TP            | 27976                   |
+===========================+===============+====================================================+
| 7       0                 | 184           | VLLMWorker_TP            | 27976                   |
+===========================+===============+====================================================+
2026-08-10T05:05:48.830753244Z
+------------------------------------------------------------------------------------------------+
| npu-smi 25.5.2                   Version: 25.5.2                                               |
+---------------------------+---------------+----------------------------------------------------+
| NPU   Name                | Health        | Power(W)    Temp(C)           Hugepages-Usage(page)|
| Chip                      | Bus-Id        | AICore(%)   Memory-Usage(MB)  HBM-Usage(MB)        |
+===========================+===============+====================================================+
| 1     910B4               | OK            | 117.5       46                0    / 0             |
| 0                         | 0000:C2:00.0  | 86          0    / 0          30931/ 32768         |
+===========================+===============+====================================================+
| 7     910B4               | OK            | 118.4       49                0    / 0             |
| 0                         | 0000:42:00.0  | 28          0    / 0          30798/ 32768         |
+===========================+===============+====================================================+
+---------------------------+---------------+----------------------------------------------------+
| NPU     Chip              | Process id    | Process name             | Process memory(MB)      |
+===========================+===============+====================================================+
| 1       0                 | 126           | VLLMEngineCor            | 184                     |
| 1       0                 | 159           | VLLMWorker_TP            | 27976                   |
+===========================+===============+====================================================+
| 7       0                 | 184           | VLLMWorker_TP            | 27976                   |
+===========================+===============+====================================================+
2026-08-10T05:05:59.531987933Z
+------------------------------------------------------------------------------------------------+
| npu-smi 25.5.2                   Version: 25.5.2                                               |
+---------------------------+---------------+----------------------------------------------------+
| NPU   Name                | Health        | Power(W)    Temp(C)           Hugepages-Usage(page)|
| Chip                      | Bus-Id        | AICore(%)   Memory-Usage(MB)  HBM-Usage(MB)        |
+===========================+===============+====================================================+
| 1     910B4               | OK            | 111.9       46                0    / 0             |
| 0                         | 0000:C2:00.0  | 70          0    / 0          30931/ 32768         |
+===========================+===============+====================================================+
| 7     910B4               | OK            | 113.0       49                0    / 0             |
| 0                         | 0000:42:00.0  | 22          0    / 0          30798/ 32768         |
+===========================+===============+====================================================+
+---------------------------+---------------+----------------------------------------------------+
| NPU     Chip              | Process id    | Process name             | Process memory(MB)      |
+===========================+===============+====================================================+
| 1       0                 | 126           | VLLMEngineCor            | 184                     |
| 1       0                 | 159           | VLLMWorker_TP            | 27976                   |
+===========================+===============+====================================================+
| 7       0                 | 184           | VLLMWorker_TP            | 27976                   |
+===========================+===============+====================================================+
2026-08-10T05:06:10.328665060Z
+------------------------------------------------------------------------------------------------+
| npu-smi 25.5.2                   Version: 25.5.2                                               |
+---------------------------+---------------+----------------------------------------------------+
| NPU   Name                | Health        | Power(W)    Temp(C)           Hugepages-Usage(page)|
| Chip                      | Bus-Id        | AICore(%)   Memory-Usage(MB)  HBM-Usage(MB)        |
+===========================+===============+====================================================+
| 1     910B4               | OK            | 121.9       46                0    / 0             |
| 0                         | 0000:C2:00.0  | 82          0    / 0          30931/ 32768         |
+===========================+===============+====================================================+
| 7     910B4               | OK            | 134.7       51                0    / 0             |
| 0                         | 0000:42:00.0  | 58          0    / 0          30798/ 32768         |
+===========================+===============+====================================================+
+---------------------------+---------------+----------------------------------------------------+
| NPU     Chip              | Process id    | Process name             | Process memory(MB)      |
+===========================+===============+====================================================+
| 1       0                 | 126           | VLLMEngineCor            | 184                     |
| 1       0                 | 159           | VLLMWorker_TP            | 27976                   |
+===========================+===============+====================================================+
| 7       0                 | 184           | VLLMWorker_TP            | 27976                   |
+===========================+===============+====================================================+
2026-08-10T05:06:21.078293951Z
+------------------------------------------------------------------------------------------------+
| npu-smi 25.5.2                   Version: 25.5.2                                               |
+---------------------------+---------------+----------------------------------------------------+
| NPU   Name                | Health        | Power(W)    Temp(C)           Hugepages-Usage(page)|
| Chip                      | Bus-Id        | AICore(%)   Memory-Usage(MB)  HBM-Usage(MB)        |
+===========================+===============+====================================================+
| 1     910B4               | OK            | 121.4       48                0    / 0             |
| 0                         | 0000:C2:00.0  | 100         0    / 0          30931/ 32768         |
+===========================+===============+====================================================+
| 7     910B4               | OK            | 125.8       49                0    / 0             |
| 0                         | 0000:42:00.0  | 27          0    / 0          30798/ 32768         |
+===========================+===============+====================================================+
+---------------------------+---------------+----------------------------------------------------+
| NPU     Chip              | Process id    | Process name             | Process memory(MB)      |
+===========================+===============+====================================================+
| 1       0                 | 126           | VLLMEngineCor            | 184                     |
| 1       0                 | 159           | VLLMWorker_TP            | 27976                   |
+===========================+===============+====================================================+
| 7       0                 | 184           | VLLMWorker_TP            | 27976                   |
+===========================+===============+====================================================+
2026-08-10T05:06:31.835311211Z
+------------------------------------------------------------------------------------------------+
| npu-smi 25.5.2                   Version: 25.5.2                                               |
+---------------------------+---------------+----------------------------------------------------+
| NPU   Name                | Health        | Power(W)    Temp(C)           Hugepages-Usage(page)|
| Chip                      | Bus-Id        | AICore(%)   Memory-Usage(MB)  HBM-Usage(MB)        |
+===========================+===============+====================================================+
| 1     910B4               | OK            | 112.2       46                0    / 0             |
| 0                         | 0000:C2:00.0  | 66          0    / 0          30931/ 32768         |
+===========================+===============+====================================================+
| 7     910B4               | OK            | 120.2       48                0    / 0             |
| 0                         | 0000:42:00.0  | 17          0    / 0          30799/ 32768         |
+===========================+===============+====================================================+
+---------------------------+---------------+----------------------------------------------------+
| NPU     Chip              | Process id    | Process name             | Process memory(MB)      |
+===========================+===============+====================================================+
| 1       0                 | 126           | VLLMEngineCor            | 184                     |
| 1       0                 | 159           | VLLMWorker_TP            | 27976                   |
+===========================+===============+====================================================+
| 7       0                 | 184           | VLLMWorker_TP            | 27976                   |
+===========================+===============+====================================================+
2026-08-10T05:06:42.622867801Z
+------------------------------------------------------------------------------------------------+
| npu-smi 25.5.2                   Version: 25.5.2                                               |
+---------------------------+---------------+----------------------------------------------------+
| NPU   Name                | Health        | Power(W)    Temp(C)           Hugepages-Usage(page)|
| Chip                      | Bus-Id        | AICore(%)   Memory-Usage(MB)  HBM-Usage(MB)        |
+===========================+===============+====================================================+
| 1     910B4               | OK            | 123.8       48                0    / 0             |
| 0                         | 0000:C2:00.0  | 100         0    / 0          30931/ 32768         |
+===========================+===============+====================================================+
| 7     910B4               | OK            | 128.5       52                0    / 0             |
| 0                         | 0000:42:00.0  | 58          0    / 0          30798/ 32768         |
+===========================+===============+====================================================+
+---------------------------+---------------+----------------------------------------------------+
| NPU     Chip              | Process id    | Process name             | Process memory(MB)      |
+===========================+===============+====================================================+
| 1       0                 | 126           | VLLMEngineCor            | 184                     |
| 1       0                 | 159           | VLLMWorker_TP            | 27976                   |
+===========================+===============+====================================================+
| 7       0                 | 184           | VLLMWorker_TP            | 27976                   |
+===========================+===============+====================================================+
2026-08-10T05:06:53.365504685Z
+------------------------------------------------------------------------------------------------+
| npu-smi 25.5.2                   Version: 25.5.2                                               |
+---------------------------+---------------+----------------------------------------------------+
| NPU   Name                | Health        | Power(W)    Temp(C)           Hugepages-Usage(page)|
| Chip                      | Bus-Id        | AICore(%)   Memory-Usage(MB)  HBM-Usage(MB)        |
+===========================+===============+====================================================+
| 1     910B4               | OK            | 122.5       48                0    / 0             |
| 0                         | 0000:C2:00.0  | 100         0    / 0          30931/ 32768         |
+===========================+===============+====================================================+
| 7     910B4               | OK            | 127.7       50                0    / 0             |
| 0                         | 0000:42:00.0  | 52          0    / 0          30798/ 32768         |
+===========================+===============+====================================================+
+---------------------------+---------------+----------------------------------------------------+
| NPU     Chip              | Process id    | Process name             | Process memory(MB)      |
+===========================+===============+====================================================+
| 1       0                 | 126           | VLLMEngineCor            | 184                     |
| 1       0                 | 159           | VLLMWorker_TP            | 27976                   |
+===========================+===============+====================================================+
| 7       0                 | 184           | VLLMWorker_TP            | 27976                   |
+===========================+===============+====================================================+
2026-08-10T05:07:04.096056417Z
+------------------------------------------------------------------------------------------------+
| npu-smi 25.5.2                   Version: 25.5.2                                               |
+---------------------------+---------------+----------------------------------------------------+
| NPU   Name                | Health        | Power(W)    Temp(C)           Hugepages-Usage(page)|
| Chip                      | Bus-Id        | AICore(%)   Memory-Usage(MB)  HBM-Usage(MB)        |
+===========================+===============+====================================================+
| 1     910B4               | OK            | 118.2       46                0    / 0             |
| 0                         | 0000:C2:00.0  | 73          0    / 0          30931/ 32768         |
+===========================+===============+====================================================+
| 7     910B4               | OK            | 124.0       49                0    / 0             |
| 0                         | 0000:42:00.0  | 32          0    / 0          30799/ 32768         |
+===========================+===============+====================================================+
+---------------------------+---------------+----------------------------------------------------+
| NPU     Chip              | Process id    | Process name             | Process memory(MB)      |
+===========================+===============+====================================================+
| 1       0                 | 126           | VLLMEngineCor            | 184                     |
| 1       0                 | 159           | VLLMWorker_TP            | 27976                   |
+===========================+===============+====================================================+
| 7       0                 | 184           | VLLMWorker_TP            | 27976                   |
+===========================+===============+====================================================+
2026-08-10T05:07:14.823167011Z
+------------------------------------------------------------------------------------------------+
| npu-smi 25.5.2                   Version: 25.5.2                                               |
+---------------------------+---------------+----------------------------------------------------+
| NPU   Name                | Health        | Power(W)    Temp(C)           Hugepages-Usage(page)|
| Chip                      | Bus-Id        | AICore(%)   Memory-Usage(MB)  HBM-Usage(MB)        |
+===========================+===============+====================================================+
| 1     910B4               | OK            | 122.7       47                0    / 0             |
| 0                         | 0000:C2:00.0  | 77          0    / 0          30931/ 32768         |
+===========================+===============+====================================================+
| 7     910B4               | OK            | 120.9       49                0    / 0             |
| 0                         | 0000:42:00.0  | 32          0    / 0          30798/ 32768         |
+===========================+===============+====================================================+
+---------------------------+---------------+----------------------------------------------------+
| NPU     Chip              | Process id    | Process name             | Process memory(MB)      |
+===========================+===============+====================================================+
| 1       0                 | 126           | VLLMEngineCor            | 184                     |
| 1       0                 | 159           | VLLMWorker_TP            | 27976                   |
+===========================+===============+====================================================+
| 7       0                 | 184           | VLLMWorker_TP            | 27976                   |
+===========================+===============+====================================================+
2026-08-10T05:07:25.559400692Z
+------------------------------------------------------------------------------------------------+
| npu-smi 25.5.2                   Version: 25.5.2                                               |
+---------------------------+---------------+----------------------------------------------------+
| NPU   Name                | Health        | Power(W)    Temp(C)           Hugepages-Usage(page)|
| Chip                      | Bus-Id        | AICore(%)   Memory-Usage(MB)  HBM-Usage(MB)        |
+===========================+===============+====================================================+
| 1     910B4               | OK            | 117.6       47                0    / 0             |
| 0                         | 0000:C2:00.0  | 70          0    / 0          30931/ 32768         |
+===========================+===============+====================================================+
| 7     910B4               | OK            | 128.6       50                0    / 0             |
| 0                         | 0000:42:00.0  | 48          0    / 0          30798/ 32768         |
+===========================+===============+====================================================+
+---------------------------+---------------+----------------------------------------------------+
| NPU     Chip              | Process id    | Process name             | Process memory(MB)      |
+===========================+===============+====================================================+
| 1       0                 | 126           | VLLMEngineCor            | 184                     |
| 1       0                 | 159           | VLLMWorker_TP            | 27976                   |
+===========================+===============+====================================================+
| 7       0                 | 184           | VLLMWorker_TP            | 27976                   |
+===========================+===============+====================================================+
2026-08-10T05:07:36.335989764Z
+------------------------------------------------------------------------------------------------+
| npu-smi 25.5.2                   Version: 25.5.2                                               |
+---------------------------+---------------+----------------------------------------------------+
| NPU   Name                | Health        | Power(W)    Temp(C)           Hugepages-Usage(page)|
| Chip                      | Bus-Id        | AICore(%)   Memory-Usage(MB)  HBM-Usage(MB)        |
+===========================+===============+====================================================+
| 1     910B4               | OK            | 112.8       46                0    / 0             |
| 0                         | 0000:C2:00.0  | 63          0    / 0          30931/ 32768         |
+===========================+===============+====================================================+
| 7     910B4               | OK            | 120.2       49                0    / 0             |
| 0                         | 0000:42:00.0  | 31          0    / 0          30798/ 32768         |
+===========================+===============+====================================================+
+---------------------------+---------------+----------------------------------------------------+
| NPU     Chip              | Process id    | Process name             | Process memory(MB)      |
+===========================+===============+====================================================+
| 1       0                 | 126           | VLLMEngineCor            | 184                     |
| 1       0                 | 159           | VLLMWorker_TP            | 27976                   |
+===========================+===============+====================================================+
| 7       0                 | 184           | VLLMWorker_TP            | 27976                   |
+===========================+===============+====================================================+
2026-08-10T05:07:47.097285517Z
+------------------------------------------------------------------------------------------------+
| npu-smi 25.5.2                   Version: 25.5.2                                               |
+---------------------------+---------------+----------------------------------------------------+
| NPU   Name                | Health        | Power(W)    Temp(C)           Hugepages-Usage(page)|
| Chip                      | Bus-Id        | AICore(%)   Memory-Usage(MB)  HBM-Usage(MB)        |
+===========================+===============+====================================================+
| 1     910B4               | OK            | 83.9        44                0    / 0             |
| 0                         | 0000:C2:00.0  | 0           0    / 0          30931/ 32768         |
+===========================+===============+====================================================+
| 7     910B4               | OK            | 89.1        46                0    / 0             |
| 0                         | 0000:42:00.0  | 0           0    / 0          30798/ 32768         |
+===========================+===============+====================================================+
+---------------------------+---------------+----------------------------------------------------+
| NPU     Chip              | Process id    | Process name             | Process memory(MB)      |
+===========================+===============+====================================================+
| 1       0                 | 126           | VLLMEngineCor            | 184                     |
| 1       0                 | 159           | VLLMWorker_TP            | 27976                   |
+===========================+===============+====================================================+
| 7       0                 | 184           | VLLMWorker_TP            | 27976                   |
+===========================+===============+====================================================+
2026-08-10T05:07:57.856314647Z
+------------------------------------------------------------------------------------------------+
| npu-smi 25.5.2                   Version: 25.5.2                                               |
+---------------------------+---------------+----------------------------------------------------+
| NPU   Name                | Health        | Power(W)    Temp(C)           Hugepages-Usage(page)|
| Chip                      | Bus-Id        | AICore(%)   Memory-Usage(MB)  HBM-Usage(MB)        |
+===========================+===============+====================================================+
| 1     910B4               | OK            | 83.6        43                0    / 0             |
| 0                         | 0000:C2:00.0  | 0           0    / 0          30931/ 32768         |
+===========================+===============+====================================================+
| 7     910B4               | OK            | 89.1        45                0    / 0             |
| 0                         | 0000:42:00.0  | 0           0    / 0          30799/ 32768         |
+===========================+===============+====================================================+
+---------------------------+---------------+----------------------------------------------------+
| NPU     Chip              | Process id    | Process name             | Process memory(MB)      |
+===========================+===============+====================================================+
| 1       0                 | 126           | VLLMEngineCor            | 184                     |
| 1       0                 | 159           | VLLMWorker_TP            | 27976                   |
+===========================+===============+====================================================+
| 7       0                 | 184           | VLLMWorker_TP            | 27976                   |
+===========================+===============+====================================================+
