2026-08-12T10:35:32.461143068Z
+------------------------------------------------------------------------------------------------+
| npu-smi 25.5.2                   Version: 25.5.2                                               |
+---------------------------+---------------+----------------------------------------------------+
| NPU   Name                | Health        | Power(W)    Temp(C)           Hugepages-Usage(page)|
| Chip                      | Bus-Id        | AICore(%)   Memory-Usage(MB)  HBM-Usage(MB)        |
+===========================+===============+====================================================+
| 4     910B4               | OK            | 92.4        47                0    / 0             |
| 0                         | 0000:01:00.0  | 0           0    / 0          30693/ 32768         |
+===========================+===============+====================================================+
| 5     910B4               | OK            | 90.2        45                0    / 0             |
| 0                         | 0000:02:00.0  | 0           0    / 0          30562/ 32768         |
+===========================+===============+====================================================+
+---------------------------+---------------+----------------------------------------------------+
| NPU     Chip              | Process id    | Process name             | Process memory(MB)      |
+===========================+===============+====================================================+
| 4       0                 | 132           | VLLMEngineCor            | 184                     |
| 4       0                 | 164           | VLLMWorker_TP            | 27736                   |
+===========================+===============+====================================================+
| 5       0                 | 189           | VLLMWorker_TP            | 27736                   |
+===========================+===============+====================================================+
2026-08-12T10:35:43.201845462Z
+------------------------------------------------------------------------------------------------+
| npu-smi 25.5.2                   Version: 25.5.2                                               |
+---------------------------+---------------+----------------------------------------------------+
| NPU   Name                | Health        | Power(W)    Temp(C)           Hugepages-Usage(page)|
| Chip                      | Bus-Id        | AICore(%)   Memory-Usage(MB)  HBM-Usage(MB)        |
+===========================+===============+====================================================+
| 4     910B4               | OK            | 92.1        47                0    / 0             |
| 0                         | 0000:01:00.0  | 0           0    / 0          30692/ 32768         |
+===========================+===============+====================================================+
| 5     910B4               | OK            | 90.3        44                0    / 0             |
| 0                         | 0000:02:00.0  | 0           0    / 0          30562/ 32768         |
+===========================+===============+====================================================+
+---------------------------+---------------+----------------------------------------------------+
| NPU     Chip              | Process id    | Process name             | Process memory(MB)      |
+===========================+===============+====================================================+
| 4       0                 | 132           | VLLMEngineCor            | 184                     |
| 4       0                 | 164           | VLLMWorker_TP            | 27736                   |
+===========================+===============+====================================================+
| 5       0                 | 189           | VLLMWorker_TP            | 27736                   |
+===========================+===============+====================================================+
2026-08-12T10:35:53.942182354Z
+------------------------------------------------------------------------------------------------+
| npu-smi 25.5.2                   Version: 25.5.2                                               |
+---------------------------+---------------+----------------------------------------------------+
| NPU   Name                | Health        | Power(W)    Temp(C)           Hugepages-Usage(page)|
| Chip                      | Bus-Id        | AICore(%)   Memory-Usage(MB)  HBM-Usage(MB)        |
+===========================+===============+====================================================+
| 4     910B4               | OK            | 92.1        47                0    / 0             |
| 0                         | 0000:01:00.0  | 0           0    / 0          30692/ 32768         |
+===========================+===============+====================================================+
| 5     910B4               | OK            | 90.2        44                0    / 0             |
| 0                         | 0000:02:00.0  | 0           0    / 0          30562/ 32768         |
+===========================+===============+====================================================+
+---------------------------+---------------+----------------------------------------------------+
| NPU     Chip              | Process id    | Process name             | Process memory(MB)      |
+===========================+===============+====================================================+
| 4       0                 | 132           | VLLMEngineCor            | 184                     |
| 4       0                 | 164           | VLLMWorker_TP            | 27736                   |
+===========================+===============+====================================================+
| 5       0                 | 189           | VLLMWorker_TP            | 27736                   |
+===========================+===============+====================================================+
2026-08-12T10:36:04.667409759Z
+------------------------------------------------------------------------------------------------+
| npu-smi 25.5.2                   Version: 25.5.2                                               |
+---------------------------+---------------+----------------------------------------------------+
| NPU   Name                | Health        | Power(W)    Temp(C)           Hugepages-Usage(page)|
| Chip                      | Bus-Id        | AICore(%)   Memory-Usage(MB)  HBM-Usage(MB)        |
+===========================+===============+====================================================+
| 4     910B4               | OK            | 101.4       46                0    / 0             |
| 0                         | 0000:01:00.0  | 5           0    / 0          30693/ 32768         |
+===========================+===============+====================================================+
| 5     910B4               | OK            | 98.8        45                0    / 0             |
| 0                         | 0000:02:00.0  | 7           0    / 0          30562/ 32768         |
+===========================+===============+====================================================+
+---------------------------+---------------+----------------------------------------------------+
| NPU     Chip              | Process id    | Process name             | Process memory(MB)      |
+===========================+===============+====================================================+
| 4       0                 | 132           | VLLMEngineCor            | 184                     |
| 4       0                 | 164           | VLLMWorker_TP            | 27736                   |
+===========================+===============+====================================================+
| 5       0                 | 189           | VLLMWorker_TP            | 27736                   |
+===========================+===============+====================================================+
2026-08-12T10:36:15.402244013Z
+------------------------------------------------------------------------------------------------+
| npu-smi 25.5.2                   Version: 25.5.2                                               |
+---------------------------+---------------+----------------------------------------------------+
| NPU   Name                | Health        | Power(W)    Temp(C)           Hugepages-Usage(page)|
| Chip                      | Bus-Id        | AICore(%)   Memory-Usage(MB)  HBM-Usage(MB)        |
+===========================+===============+====================================================+
| 4     910B4               | OK            | 107.3       47                0    / 0             |
| 0                         | 0000:01:00.0  | 13          0    / 0          30695/ 32768         |
+===========================+===============+====================================================+
| 5     910B4               | OK            | 103.3       45                0    / 0             |
| 0                         | 0000:02:00.0  | 15          0    / 0          30564/ 32768         |
+===========================+===============+====================================================+
+---------------------------+---------------+----------------------------------------------------+
| NPU     Chip              | Process id    | Process name             | Process memory(MB)      |
+===========================+===============+====================================================+
| 4       0                 | 132           | VLLMEngineCor            | 184                     |
| 4       0                 | 164           | VLLMWorker_TP            | 27738                   |
+===========================+===============+====================================================+
| 5       0                 | 189           | VLLMWorker_TP            | 27738                   |
+===========================+===============+====================================================+
2026-08-12T10:36:26.136184942Z
+------------------------------------------------------------------------------------------------+
| npu-smi 25.5.2                   Version: 25.5.2                                               |
+---------------------------+---------------+----------------------------------------------------+
| NPU   Name                | Health        | Power(W)    Temp(C)           Hugepages-Usage(page)|
| Chip                      | Bus-Id        | AICore(%)   Memory-Usage(MB)  HBM-Usage(MB)        |
+===========================+===============+====================================================+
| 4     910B4               | OK            | 104.2       47                0    / 0             |
| 0                         | 0000:01:00.0  | 14          0    / 0          30694/ 32768         |
+===========================+===============+====================================================+
| 5     910B4               | OK            | 103.7       45                0    / 0             |
| 0                         | 0000:02:00.0  | 14          0    / 0          30564/ 32768         |
+===========================+===============+====================================================+
+---------------------------+---------------+----------------------------------------------------+
| NPU     Chip              | Process id    | Process name             | Process memory(MB)      |
+===========================+===============+====================================================+
| 4       0                 | 132           | VLLMEngineCor            | 184                     |
| 4       0                 | 164           | VLLMWorker_TP            | 27738                   |
+===========================+===============+====================================================+
| 5       0                 | 189           | VLLMWorker_TP            | 27738                   |
+===========================+===============+====================================================+
2026-08-12T10:36:36.867198786Z
+------------------------------------------------------------------------------------------------+
| npu-smi 25.5.2                   Version: 25.5.2                                               |
+---------------------------+---------------+----------------------------------------------------+
| NPU   Name                | Health        | Power(W)    Temp(C)           Hugepages-Usage(page)|
| Chip                      | Bus-Id        | AICore(%)   Memory-Usage(MB)  HBM-Usage(MB)        |
+===========================+===============+====================================================+
| 4     910B4               | OK            | 103.9       47                0    / 0             |
| 0                         | 0000:01:00.0  | 9           0    / 0          30695/ 32768         |
+===========================+===============+====================================================+
| 5     910B4               | OK            | 100.5       45                0    / 0             |
| 0                         | 0000:02:00.0  | 8           0    / 0          30564/ 32768         |
+===========================+===============+====================================================+
+---------------------------+---------------+----------------------------------------------------+
| NPU     Chip              | Process id    | Process name             | Process memory(MB)      |
+===========================+===============+====================================================+
| 4       0                 | 132           | VLLMEngineCor            | 184                     |
| 4       0                 | 164           | VLLMWorker_TP            | 27738                   |
+===========================+===============+====================================================+
| 5       0                 | 189           | VLLMWorker_TP            | 27738                   |
+===========================+===============+====================================================+
2026-08-12T10:36:47.606173982Z
+------------------------------------------------------------------------------------------------+
| npu-smi 25.5.2                   Version: 25.5.2                                               |
+---------------------------+---------------+----------------------------------------------------+
| NPU   Name                | Health        | Power(W)    Temp(C)           Hugepages-Usage(page)|
| Chip                      | Bus-Id        | AICore(%)   Memory-Usage(MB)  HBM-Usage(MB)        |
+===========================+===============+====================================================+
| 4     910B4               | OK            | 92.3        47                0    / 0             |
| 0                         | 0000:01:00.0  | 0           0    / 0          30695/ 32768         |
+===========================+===============+====================================================+
| 5     910B4               | OK            | 90.6        45                0    / 0             |
| 0                         | 0000:02:00.0  | 0           0    / 0          30564/ 32768         |
+===========================+===============+====================================================+
+---------------------------+---------------+----------------------------------------------------+
| NPU     Chip              | Process id    | Process name             | Process memory(MB)      |
+===========================+===============+====================================================+
| 4       0                 | 132           | VLLMEngineCor            | 184                     |
| 4       0                 | 164           | VLLMWorker_TP            | 27738                   |
+===========================+===============+====================================================+
| 5       0                 | 189           | VLLMWorker_TP            | 27738                   |
+===========================+===============+====================================================+
