2026-08-12T10:35:32.460890216Z
+------------------------------------------------------------------------------------------------+
| npu-smi 25.5.2                   Version: 25.5.2                                               |
+---------------------------+---------------+----------------------------------------------------+
| NPU   Name                | Health        | Power(W)    Temp(C)           Hugepages-Usage(page)|
| Chip                      | Bus-Id        | AICore(%)   Memory-Usage(MB)  HBM-Usage(MB)        |
+===========================+===============+====================================================+
| 1     910B4               | OK            | 82.6        40                0    / 0             |
| 0                         | 0000:C2:00.0  | 0           0    / 0          30933/ 32768         |
+===========================+===============+====================================================+
| 2     910B4               | OK            | 89.5        40                0    / 0             |
| 0                         | 0000:81:00.0  | 0           0    / 0          30801/ 32768         |
+===========================+===============+====================================================+
+---------------------------+---------------+----------------------------------------------------+
| NPU     Chip              | Process id    | Process name             | Process memory(MB)      |
+===========================+===============+====================================================+
| 1       0                 | 158           | VLLMWorker_TP            | 27976                   |
| 1       0                 | 126           | VLLMEngineCor            | 184                     |
+===========================+===============+====================================================+
| 2       0                 | 183           | VLLMWorker_TP            | 27976                   |
+===========================+===============+====================================================+
2026-08-12T10:35:43.203584581Z
+------------------------------------------------------------------------------------------------+
| npu-smi 25.5.2                   Version: 25.5.2                                               |
+---------------------------+---------------+----------------------------------------------------+
| NPU   Name                | Health        | Power(W)    Temp(C)           Hugepages-Usage(page)|
| Chip                      | Bus-Id        | AICore(%)   Memory-Usage(MB)  HBM-Usage(MB)        |
+===========================+===============+====================================================+
| 1     910B4               | OK            | 82.4        40                0    / 0             |
| 0                         | 0000:C2:00.0  | 0           0    / 0          30933/ 32768         |
+===========================+===============+====================================================+
| 2     910B4               | OK            | 89.3        40                0    / 0             |
| 0                         | 0000:81:00.0  | 0           0    / 0          30801/ 32768         |
+===========================+===============+====================================================+
+---------------------------+---------------+----------------------------------------------------+
| NPU     Chip              | Process id    | Process name             | Process memory(MB)      |
+===========================+===============+====================================================+
| 1       0                 | 158           | VLLMWorker_TP            | 27976                   |
| 1       0                 | 126           | VLLMEngineCor            | 184                     |
+===========================+===============+====================================================+
| 2       0                 | 183           | VLLMWorker_TP            | 27976                   |
+===========================+===============+====================================================+
2026-08-12T10:35:53.946626547Z
+------------------------------------------------------------------------------------------------+
| npu-smi 25.5.2                   Version: 25.5.2                                               |
+---------------------------+---------------+----------------------------------------------------+
| NPU   Name                | Health        | Power(W)    Temp(C)           Hugepages-Usage(page)|
| Chip                      | Bus-Id        | AICore(%)   Memory-Usage(MB)  HBM-Usage(MB)        |
+===========================+===============+====================================================+
| 1     910B4               | OK            | 82.5        40                0    / 0             |
| 0                         | 0000:C2:00.0  | 0           0    / 0          30933/ 32768         |
+===========================+===============+====================================================+
| 2     910B4               | OK            | 89.3        40                0    / 0             |
| 0                         | 0000:81:00.0  | 0           0    / 0          30801/ 32768         |
+===========================+===============+====================================================+
+---------------------------+---------------+----------------------------------------------------+
| NPU     Chip              | Process id    | Process name             | Process memory(MB)      |
+===========================+===============+====================================================+
| 1       0                 | 158           | VLLMWorker_TP            | 27976                   |
| 1       0                 | 126           | VLLMEngineCor            | 184                     |
+===========================+===============+====================================================+
| 2       0                 | 183           | VLLMWorker_TP            | 27976                   |
+===========================+===============+====================================================+
2026-08-12T10:36:04.680575936Z
+------------------------------------------------------------------------------------------------+
| npu-smi 25.5.2                   Version: 25.5.2                                               |
+---------------------------+---------------+----------------------------------------------------+
| NPU   Name                | Health        | Power(W)    Temp(C)           Hugepages-Usage(page)|
| Chip                      | Bus-Id        | AICore(%)   Memory-Usage(MB)  HBM-Usage(MB)        |
+===========================+===============+====================================================+
| 1     910B4               | OK            | 133.7       45                0    / 0             |
| 0                         | 0000:C2:00.0  | 100         0    / 0          30933/ 32768         |
+===========================+===============+====================================================+
| 2     910B4               | OK            | 142.0       46                0    / 0             |
| 0                         | 0000:81:00.0  | 100         0    / 0          30801/ 32768         |
+===========================+===============+====================================================+
+---------------------------+---------------+----------------------------------------------------+
| NPU     Chip              | Process id    | Process name             | Process memory(MB)      |
+===========================+===============+====================================================+
| 1       0                 | 158           | VLLMWorker_TP            | 27976                   |
| 1       0                 | 126           | VLLMEngineCor            | 184                     |
+===========================+===============+====================================================+
| 2       0                 | 183           | VLLMWorker_TP            | 27976                   |
+===========================+===============+====================================================+
2026-08-12T10:36:15.402101162Z
+------------------------------------------------------------------------------------------------+
| npu-smi 25.5.2                   Version: 25.5.2                                               |
+---------------------------+---------------+----------------------------------------------------+
| NPU   Name                | Health        | Power(W)    Temp(C)           Hugepages-Usage(page)|
| Chip                      | Bus-Id        | AICore(%)   Memory-Usage(MB)  HBM-Usage(MB)        |
+===========================+===============+====================================================+
| 1     910B4               | OK            | 120.5       43                0    / 0             |
| 0                         | 0000:C2:00.0  | 86          0    / 0          30933/ 32768         |
+===========================+===============+====================================================+
| 2     910B4               | OK            | 136.7       45                0    / 0             |
| 0                         | 0000:81:00.0  | 100         0    / 0          30801/ 32768         |
+===========================+===============+====================================================+
+---------------------------+---------------+----------------------------------------------------+
| NPU     Chip              | Process id    | Process name             | Process memory(MB)      |
+===========================+===============+====================================================+
| 1       0                 | 158           | VLLMWorker_TP            | 27976                   |
| 1       0                 | 126           | VLLMEngineCor            | 184                     |
+===========================+===============+====================================================+
| 2       0                 | 183           | VLLMWorker_TP            | 27976                   |
+===========================+===============+====================================================+
2026-08-12T10:36:26.138736475Z
+------------------------------------------------------------------------------------------------+
| npu-smi 25.5.2                   Version: 25.5.2                                               |
+---------------------------+---------------+----------------------------------------------------+
| NPU   Name                | Health        | Power(W)    Temp(C)           Hugepages-Usage(page)|
| Chip                      | Bus-Id        | AICore(%)   Memory-Usage(MB)  HBM-Usage(MB)        |
+===========================+===============+====================================================+
| 1     910B4               | OK            | 83.1        42                0    / 0             |
| 0                         | 0000:C2:00.0  | 0           0    / 0          30933/ 32768         |
+===========================+===============+====================================================+
| 2     910B4               | OK            | 90.2        41                0    / 0             |
| 0                         | 0000:81:00.0  | 0           0    / 0          30801/ 32768         |
+===========================+===============+====================================================+
+---------------------------+---------------+----------------------------------------------------+
| NPU     Chip              | Process id    | Process name             | Process memory(MB)      |
+===========================+===============+====================================================+
| 1       0                 | 158           | VLLMWorker_TP            | 27976                   |
| 1       0                 | 126           | VLLMEngineCor            | 184                     |
+===========================+===============+====================================================+
| 2       0                 | 183           | VLLMWorker_TP            | 27976                   |
+===========================+===============+====================================================+
2026-08-12T10:36:36.870475143Z
+------------------------------------------------------------------------------------------------+
| npu-smi 25.5.2                   Version: 25.5.2                                               |
+---------------------------+---------------+----------------------------------------------------+
| NPU   Name                | Health        | Power(W)    Temp(C)           Hugepages-Usage(page)|
| Chip                      | Bus-Id        | AICore(%)   Memory-Usage(MB)  HBM-Usage(MB)        |
+===========================+===============+====================================================+
| 1     910B4               | OK            | 82.6        41                0    / 0             |
| 0                         | 0000:C2:00.0  | 0           0    / 0          30933/ 32768         |
+===========================+===============+====================================================+
| 2     910B4               | OK            | 89.9        41                0    / 0             |
| 0                         | 0000:81:00.0  | 0           0    / 0          30801/ 32768         |
+===========================+===============+====================================================+
+---------------------------+---------------+----------------------------------------------------+
| NPU     Chip              | Process id    | Process name             | Process memory(MB)      |
+===========================+===============+====================================================+
| 1       0                 | 158           | VLLMWorker_TP            | 27976                   |
| 1       0                 | 126           | VLLMEngineCor            | 184                     |
+===========================+===============+====================================================+
| 2       0                 | 183           | VLLMWorker_TP            | 27976                   |
+===========================+===============+====================================================+
2026-08-12T10:36:47.615283338Z
+------------------------------------------------------------------------------------------------+
| npu-smi 25.5.2                   Version: 25.5.2                                               |
+---------------------------+---------------+----------------------------------------------------+
| NPU   Name                | Health        | Power(W)    Temp(C)           Hugepages-Usage(page)|
| Chip                      | Bus-Id        | AICore(%)   Memory-Usage(MB)  HBM-Usage(MB)        |
+===========================+===============+====================================================+
| 1     910B4               | OK            | 82.7        41                0    / 0             |
| 0                         | 0000:C2:00.0  | 0           0    / 0          30933/ 32768         |
+===========================+===============+====================================================+
| 2     910B4               | OK            | 89.7        40                0    / 0             |
| 0                         | 0000:81:00.0  | 0           0    / 0          30801/ 32768         |
+===========================+===============+====================================================+
+---------------------------+---------------+----------------------------------------------------+
| NPU     Chip              | Process id    | Process name             | Process memory(MB)      |
+===========================+===============+====================================================+
| 1       0                 | 158           | VLLMWorker_TP            | 27976                   |
| 1       0                 | 126           | VLLMEngineCor            | 184                     |
+===========================+===============+====================================================+
| 2       0                 | 183           | VLLMWorker_TP            | 27976                   |
+===========================+===============+====================================================+
