2026-08-10T04:43:58.271872162Z
+------------------------------------------------------------------------------------------------+
| npu-smi 25.5.2                   Version: 25.5.2                                               |
+---------------------------+---------------+----------------------------------------------------+
| NPU   Name                | Health        | Power(W)    Temp(C)           Hugepages-Usage(page)|
| Chip                      | Bus-Id        | AICore(%)   Memory-Usage(MB)  HBM-Usage(MB)        |
+===========================+===============+====================================================+
| 2     910B4               | OK            | 90.4        42                0    / 0             |
| 0                         | 0000:81:00.0  | 0           0    / 0          30693/ 32768         |
+===========================+===============+====================================================+
| 3     910B4               | OK            | 95.0        44                0    / 0             |
| 0                         | 0000:82:00.0  | 0           0    / 0          30563/ 32768         |
+===========================+===============+====================================================+
+---------------------------+---------------+----------------------------------------------------+
| NPU     Chip              | Process id    | Process name             | Process memory(MB)      |
+===========================+===============+====================================================+
| 2       0                 | 159           | VLLMWorker_TP            | 27738                   |
| 2       0                 | 126           | VLLMEngineCor            | 184                     |
+===========================+===============+====================================================+
| 3       0                 | 184           | VLLMWorker_TP            | 27738                   |
+===========================+===============+====================================================+
2026-08-10T04:44:09.003540850Z
+------------------------------------------------------------------------------------------------+
| npu-smi 25.5.2                   Version: 25.5.2                                               |
+---------------------------+---------------+----------------------------------------------------+
| NPU   Name                | Health        | Power(W)    Temp(C)           Hugepages-Usage(page)|
| Chip                      | Bus-Id        | AICore(%)   Memory-Usage(MB)  HBM-Usage(MB)        |
+===========================+===============+====================================================+
| 2     910B4               | OK            | 90.3        42                0    / 0             |
| 0                         | 0000:81:00.0  | 0           0    / 0          30694/ 32768         |
+===========================+===============+====================================================+
| 3     910B4               | OK            | 95.0        43                0    / 0             |
| 0                         | 0000:82:00.0  | 0           0    / 0          30564/ 32768         |
+===========================+===============+====================================================+
+---------------------------+---------------+----------------------------------------------------+
| NPU     Chip              | Process id    | Process name             | Process memory(MB)      |
+===========================+===============+====================================================+
| 2       0                 | 159           | VLLMWorker_TP            | 27738                   |
| 2       0                 | 126           | VLLMEngineCor            | 184                     |
+===========================+===============+====================================================+
| 3       0                 | 184           | VLLMWorker_TP            | 27738                   |
+===========================+===============+====================================================+
2026-08-10T04:44:19.704941689Z
+------------------------------------------------------------------------------------------------+
| npu-smi 25.5.2                   Version: 25.5.2                                               |
+---------------------------+---------------+----------------------------------------------------+
| NPU   Name                | Health        | Power(W)    Temp(C)           Hugepages-Usage(page)|
| Chip                      | Bus-Id        | AICore(%)   Memory-Usage(MB)  HBM-Usage(MB)        |
+===========================+===============+====================================================+
| 2     910B4               | OK            | 90.4        42                0    / 0             |
| 0                         | 0000:81:00.0  | 0           0    / 0          30694/ 32768         |
+===========================+===============+====================================================+
| 3     910B4               | OK            | 94.9        44                0    / 0             |
| 0                         | 0000:82:00.0  | 0           0    / 0          30563/ 32768         |
+===========================+===============+====================================================+
+---------------------------+---------------+----------------------------------------------------+
| NPU     Chip              | Process id    | Process name             | Process memory(MB)      |
+===========================+===============+====================================================+
| 2       0                 | 159           | VLLMWorker_TP            | 27738                   |
| 2       0                 | 126           | VLLMEngineCor            | 184                     |
+===========================+===============+====================================================+
| 3       0                 | 184           | VLLMWorker_TP            | 27738                   |
+===========================+===============+====================================================+
2026-08-10T04:44:30.428006822Z
+------------------------------------------------------------------------------------------------+
| npu-smi 25.5.2                   Version: 25.5.2                                               |
+---------------------------+---------------+----------------------------------------------------+
| NPU   Name                | Health        | Power(W)    Temp(C)           Hugepages-Usage(page)|
| Chip                      | Bus-Id        | AICore(%)   Memory-Usage(MB)  HBM-Usage(MB)        |
+===========================+===============+====================================================+
| 2     910B4               | OK            | 99.4        42                0    / 0             |
| 0                         | 0000:81:00.0  | 18          0    / 0          30693/ 32768         |
+===========================+===============+====================================================+
| 3     910B4               | OK            | 102.7       43                0    / 0             |
| 0                         | 0000:82:00.0  | 9           0    / 0          30563/ 32768         |
+===========================+===============+====================================================+
+---------------------------+---------------+----------------------------------------------------+
| NPU     Chip              | Process id    | Process name             | Process memory(MB)      |
+===========================+===============+====================================================+
| 2       0                 | 159           | VLLMWorker_TP            | 27738                   |
| 2       0                 | 126           | VLLMEngineCor            | 184                     |
+===========================+===============+====================================================+
| 3       0                 | 184           | VLLMWorker_TP            | 27738                   |
+===========================+===============+====================================================+
2026-08-10T04:44:41.171509501Z
+------------------------------------------------------------------------------------------------+
| npu-smi 25.5.2                   Version: 25.5.2                                               |
+---------------------------+---------------+----------------------------------------------------+
| NPU   Name                | Health        | Power(W)    Temp(C)           Hugepages-Usage(page)|
| Chip                      | Bus-Id        | AICore(%)   Memory-Usage(MB)  HBM-Usage(MB)        |
+===========================+===============+====================================================+
| 2     910B4               | OK            | 106.2       43                0    / 0             |
| 0                         | 0000:81:00.0  | 45          0    / 0          30693/ 32768         |
+===========================+===============+====================================================+
| 3     910B4               | OK            | 107.9       44                0    / 0             |
| 0                         | 0000:82:00.0  | 16          0    / 0          30563/ 32768         |
+===========================+===============+====================================================+
+---------------------------+---------------+----------------------------------------------------+
| NPU     Chip              | Process id    | Process name             | Process memory(MB)      |
+===========================+===============+====================================================+
| 2       0                 | 159           | VLLMWorker_TP            | 27738                   |
| 2       0                 | 126           | VLLMEngineCor            | 184                     |
+===========================+===============+====================================================+
| 3       0                 | 184           | VLLMWorker_TP            | 27738                   |
+===========================+===============+====================================================+
2026-08-10T04:44:51.897342238Z
+------------------------------------------------------------------------------------------------+
| npu-smi 25.5.2                   Version: 25.5.2                                               |
+---------------------------+---------------+----------------------------------------------------+
| NPU   Name                | Health        | Power(W)    Temp(C)           Hugepages-Usage(page)|
| Chip                      | Bus-Id        | AICore(%)   Memory-Usage(MB)  HBM-Usage(MB)        |
+===========================+===============+====================================================+
| 2     910B4               | OK            | 106.5       43                0    / 0             |
| 0                         | 0000:81:00.0  | 49          0    / 0          30694/ 32768         |
+===========================+===============+====================================================+
| 3     910B4               | OK            | 109.0       44                0    / 0             |
| 0                         | 0000:82:00.0  | 18          0    / 0          30563/ 32768         |
+===========================+===============+====================================================+
+---------------------------+---------------+----------------------------------------------------+
| NPU     Chip              | Process id    | Process name             | Process memory(MB)      |
+===========================+===============+====================================================+
| 2       0                 | 159           | VLLMWorker_TP            | 27738                   |
| 2       0                 | 126           | VLLMEngineCor            | 184                     |
+===========================+===============+====================================================+
| 3       0                 | 184           | VLLMWorker_TP            | 27738                   |
+===========================+===============+====================================================+
2026-08-10T04:45:02.616476340Z
+------------------------------------------------------------------------------------------------+
| npu-smi 25.5.2                   Version: 25.5.2                                               |
+---------------------------+---------------+----------------------------------------------------+
| NPU   Name                | Health        | Power(W)    Temp(C)           Hugepages-Usage(page)|
| Chip                      | Bus-Id        | AICore(%)   Memory-Usage(MB)  HBM-Usage(MB)        |
+===========================+===============+====================================================+
| 2     910B4               | OK            | 107.5       43                0    / 0             |
| 0                         | 0000:81:00.0  | 47          0    / 0          30693/ 32768         |
+===========================+===============+====================================================+
| 3     910B4               | OK            | 108.8       44                0    / 0             |
| 0                         | 0000:82:00.0  | 16          0    / 0          30563/ 32768         |
+===========================+===============+====================================================+
+---------------------------+---------------+----------------------------------------------------+
| NPU     Chip              | Process id    | Process name             | Process memory(MB)      |
+===========================+===============+====================================================+
| 2       0                 | 159           | VLLMWorker_TP            | 27738                   |
| 2       0                 | 126           | VLLMEngineCor            | 184                     |
+===========================+===============+====================================================+
| 3       0                 | 184           | VLLMWorker_TP            | 27738                   |
+===========================+===============+====================================================+
2026-08-10T04:45:13.393181833Z
+------------------------------------------------------------------------------------------------+
| npu-smi 25.5.2                   Version: 25.5.2                                               |
+---------------------------+---------------+----------------------------------------------------+
| NPU   Name                | Health        | Power(W)    Temp(C)           Hugepages-Usage(page)|
| Chip                      | Bus-Id        | AICore(%)   Memory-Usage(MB)  HBM-Usage(MB)        |
+===========================+===============+====================================================+
| 2     910B4               | OK            | 106.5       43                0    / 0             |
| 0                         | 0000:81:00.0  | 45          0    / 0          30694/ 32768         |
+===========================+===============+====================================================+
| 3     910B4               | OK            | 107.7       44                0    / 0             |
| 0                         | 0000:82:00.0  | 20          0    / 0          30563/ 32768         |
+===========================+===============+====================================================+
+---------------------------+---------------+----------------------------------------------------+
| NPU     Chip              | Process id    | Process name             | Process memory(MB)      |
+===========================+===============+====================================================+
| 2       0                 | 159           | VLLMWorker_TP            | 27738                   |
| 2       0                 | 126           | VLLMEngineCor            | 184                     |
+===========================+===============+====================================================+
| 3       0                 | 184           | VLLMWorker_TP            | 27738                   |
+===========================+===============+====================================================+
2026-08-10T04:45:24.135857568Z
+------------------------------------------------------------------------------------------------+
| npu-smi 25.5.2                   Version: 25.5.2                                               |
+---------------------------+---------------+----------------------------------------------------+
| NPU   Name                | Health        | Power(W)    Temp(C)           Hugepages-Usage(page)|
| Chip                      | Bus-Id        | AICore(%)   Memory-Usage(MB)  HBM-Usage(MB)        |
+===========================+===============+====================================================+
| 2     910B4               | OK            | 106.2       43                0    / 0             |
| 0                         | 0000:81:00.0  | 43          0    / 0          30694/ 32768         |
+===========================+===============+====================================================+
| 3     910B4               | OK            | 109.8       45                0    / 0             |
| 0                         | 0000:82:00.0  | 18          0    / 0          30563/ 32768         |
+===========================+===============+====================================================+
+---------------------------+---------------+----------------------------------------------------+
| NPU     Chip              | Process id    | Process name             | Process memory(MB)      |
+===========================+===============+====================================================+
| 2       0                 | 159           | VLLMWorker_TP            | 27738                   |
| 2       0                 | 126           | VLLMEngineCor            | 184                     |
+===========================+===============+====================================================+
| 3       0                 | 184           | VLLMWorker_TP            | 27738                   |
+===========================+===============+====================================================+
2026-08-10T04:45:34.909719716Z
+------------------------------------------------------------------------------------------------+
| npu-smi 25.5.2                   Version: 25.5.2                                               |
+---------------------------+---------------+----------------------------------------------------+
| NPU   Name                | Health        | Power(W)    Temp(C)           Hugepages-Usage(page)|
| Chip                      | Bus-Id        | AICore(%)   Memory-Usage(MB)  HBM-Usage(MB)        |
+===========================+===============+====================================================+
| 2     910B4               | OK            | 104.4       44                0    / 0             |
| 0                         | 0000:81:00.0  | 49          0    / 0          30694/ 32768         |
+===========================+===============+====================================================+
| 3     910B4               | OK            | 108.5       44                0    / 0             |
| 0                         | 0000:82:00.0  | 20          0    / 0          30564/ 32768         |
+===========================+===============+====================================================+
+---------------------------+---------------+----------------------------------------------------+
| NPU     Chip              | Process id    | Process name             | Process memory(MB)      |
+===========================+===============+====================================================+
| 2       0                 | 159           | VLLMWorker_TP            | 27738                   |
| 2       0                 | 126           | VLLMEngineCor            | 184                     |
+===========================+===============+====================================================+
| 3       0                 | 184           | VLLMWorker_TP            | 27738                   |
+===========================+===============+====================================================+
2026-08-10T04:45:45.637234081Z
+------------------------------------------------------------------------------------------------+
| npu-smi 25.5.2                   Version: 25.5.2                                               |
+---------------------------+---------------+----------------------------------------------------+
| NPU   Name                | Health        | Power(W)    Temp(C)           Hugepages-Usage(page)|
| Chip                      | Bus-Id        | AICore(%)   Memory-Usage(MB)  HBM-Usage(MB)        |
+===========================+===============+====================================================+
| 2     910B4               | OK            | 106.6       43                0    / 0             |
| 0                         | 0000:81:00.0  | 40          0    / 0          30694/ 32768         |
+===========================+===============+====================================================+
| 3     910B4               | OK            | 107.0       44                0    / 0             |
| 0                         | 0000:82:00.0  | 17          0    / 0          30564/ 32768         |
+===========================+===============+====================================================+
+---------------------------+---------------+----------------------------------------------------+
| NPU     Chip              | Process id    | Process name             | Process memory(MB)      |
+===========================+===============+====================================================+
| 2       0                 | 159           | VLLMWorker_TP            | 27738                   |
| 2       0                 | 126           | VLLMEngineCor            | 184                     |
+===========================+===============+====================================================+
| 3       0                 | 184           | VLLMWorker_TP            | 27738                   |
+===========================+===============+====================================================+
2026-08-10T04:45:56.387963029Z
+------------------------------------------------------------------------------------------------+
| npu-smi 25.5.2                   Version: 25.5.2                                               |
+---------------------------+---------------+----------------------------------------------------+
| NPU   Name                | Health        | Power(W)    Temp(C)           Hugepages-Usage(page)|
| Chip                      | Bus-Id        | AICore(%)   Memory-Usage(MB)  HBM-Usage(MB)        |
+===========================+===============+====================================================+
| 2     910B4               | OK            | 105.5       43                0    / 0             |
| 0                         | 0000:81:00.0  | 43          0    / 0          30694/ 32768         |
+===========================+===============+====================================================+
| 3     910B4               | OK            | 110.2       44                0    / 0             |
| 0                         | 0000:82:00.0  | 16          0    / 0          30564/ 32768         |
+===========================+===============+====================================================+
+---------------------------+---------------+----------------------------------------------------+
| NPU     Chip              | Process id    | Process name             | Process memory(MB)      |
+===========================+===============+====================================================+
| 2       0                 | 159           | VLLMWorker_TP            | 27738                   |
| 2       0                 | 126           | VLLMEngineCor            | 184                     |
+===========================+===============+====================================================+
| 3       0                 | 184           | VLLMWorker_TP            | 27738                   |
+===========================+===============+====================================================+
2026-08-10T04:46:07.129727449Z
+------------------------------------------------------------------------------------------------+
| npu-smi 25.5.2                   Version: 25.5.2                                               |
+---------------------------+---------------+----------------------------------------------------+
| NPU   Name                | Health        | Power(W)    Temp(C)           Hugepages-Usage(page)|
| Chip                      | Bus-Id        | AICore(%)   Memory-Usage(MB)  HBM-Usage(MB)        |
+===========================+===============+====================================================+
| 2     910B4               | OK            | 104.6       43                0    / 0             |
| 0                         | 0000:81:00.0  | 43          0    / 0          30693/ 32768         |
+===========================+===============+====================================================+
| 3     910B4               | OK            | 110.2       44                0    / 0             |
| 0                         | 0000:82:00.0  | 17          0    / 0          30563/ 32768         |
+===========================+===============+====================================================+
+---------------------------+---------------+----------------------------------------------------+
| NPU     Chip              | Process id    | Process name             | Process memory(MB)      |
+===========================+===============+====================================================+
| 2       0                 | 159           | VLLMWorker_TP            | 27738                   |
| 2       0                 | 126           | VLLMEngineCor            | 184                     |
+===========================+===============+====================================================+
| 3       0                 | 184           | VLLMWorker_TP            | 27738                   |
+===========================+===============+====================================================+
2026-08-10T04:46:17.960573935Z
+------------------------------------------------------------------------------------------------+
| npu-smi 25.5.2                   Version: 25.5.2                                               |
+---------------------------+---------------+----------------------------------------------------+
| NPU   Name                | Health        | Power(W)    Temp(C)           Hugepages-Usage(page)|
| Chip                      | Bus-Id        | AICore(%)   Memory-Usage(MB)  HBM-Usage(MB)        |
+===========================+===============+====================================================+
| 2     910B4               | OK            | 107.3       43                0    / 0             |
| 0                         | 0000:81:00.0  | 42          0    / 0          30694/ 32768         |
+===========================+===============+====================================================+
| 3     910B4               | OK            | 107.4       44                0    / 0             |
| 0                         | 0000:82:00.0  | 18          0    / 0          30563/ 32768         |
+===========================+===============+====================================================+
+---------------------------+---------------+----------------------------------------------------+
| NPU     Chip              | Process id    | Process name             | Process memory(MB)      |
+===========================+===============+====================================================+
| 2       0                 | 159           | VLLMWorker_TP            | 27738                   |
| 2       0                 | 126           | VLLMEngineCor            | 184                     |
+===========================+===============+====================================================+
| 3       0                 | 184           | VLLMWorker_TP            | 27738                   |
+===========================+===============+====================================================+
2026-08-10T04:46:28.675997037Z
+------------------------------------------------------------------------------------------------+
| npu-smi 25.5.2                   Version: 25.5.2                                               |
+---------------------------+---------------+----------------------------------------------------+
| NPU   Name                | Health        | Power(W)    Temp(C)           Hugepages-Usage(page)|
| Chip                      | Bus-Id        | AICore(%)   Memory-Usage(MB)  HBM-Usage(MB)        |
+===========================+===============+====================================================+
| 2     910B4               | OK            | 105.2       43                0    / 0             |
| 0                         | 0000:81:00.0  | 40          0    / 0          30694/ 32768         |
+===========================+===============+====================================================+
| 3     910B4               | OK            | 105.9       44                0    / 0             |
| 0                         | 0000:82:00.0  | 16          0    / 0          30564/ 32768         |
+===========================+===============+====================================================+
+---------------------------+---------------+----------------------------------------------------+
| NPU     Chip              | Process id    | Process name             | Process memory(MB)      |
+===========================+===============+====================================================+
| 2       0                 | 159           | VLLMWorker_TP            | 27738                   |
| 2       0                 | 126           | VLLMEngineCor            | 184                     |
+===========================+===============+====================================================+
| 3       0                 | 184           | VLLMWorker_TP            | 27738                   |
+===========================+===============+====================================================+
2026-08-10T04:46:39.426332422Z
+------------------------------------------------------------------------------------------------+
| npu-smi 25.5.2                   Version: 25.5.2                                               |
+---------------------------+---------------+----------------------------------------------------+
| NPU   Name                | Health        | Power(W)    Temp(C)           Hugepages-Usage(page)|
| Chip                      | Bus-Id        | AICore(%)   Memory-Usage(MB)  HBM-Usage(MB)        |
+===========================+===============+====================================================+
| 2     910B4               | OK            | 106.8       43                0    / 0             |
| 0                         | 0000:81:00.0  | 46          0    / 0          30694/ 32768         |
+===========================+===============+====================================================+
| 3     910B4               | OK            | 107.0       44                0    / 0             |
| 0                         | 0000:82:00.0  | 16          0    / 0          30564/ 32768         |
+===========================+===============+====================================================+
+---------------------------+---------------+----------------------------------------------------+
| NPU     Chip              | Process id    | Process name             | Process memory(MB)      |
+===========================+===============+====================================================+
| 2       0                 | 159           | VLLMWorker_TP            | 27738                   |
| 2       0                 | 126           | VLLMEngineCor            | 184                     |
+===========================+===============+====================================================+
| 3       0                 | 184           | VLLMWorker_TP            | 27738                   |
+===========================+===============+====================================================+
2026-08-10T04:46:50.183389102Z
+------------------------------------------------------------------------------------------------+
| npu-smi 25.5.2                   Version: 25.5.2                                               |
+---------------------------+---------------+----------------------------------------------------+
| NPU   Name                | Health        | Power(W)    Temp(C)           Hugepages-Usage(page)|
| Chip                      | Bus-Id        | AICore(%)   Memory-Usage(MB)  HBM-Usage(MB)        |
+===========================+===============+====================================================+
| 2     910B4               | OK            | 106.2       43                0    / 0             |
| 0                         | 0000:81:00.0  | 44          0    / 0          30693/ 32768         |
+===========================+===============+====================================================+
| 3     910B4               | OK            | 107.5       44                0    / 0             |
| 0                         | 0000:82:00.0  | 16          0    / 0          30563/ 32768         |
+===========================+===============+====================================================+
+---------------------------+---------------+----------------------------------------------------+
| NPU     Chip              | Process id    | Process name             | Process memory(MB)      |
+===========================+===============+====================================================+
| 2       0                 | 159           | VLLMWorker_TP            | 27738                   |
| 2       0                 | 126           | VLLMEngineCor            | 184                     |
+===========================+===============+====================================================+
| 3       0                 | 184           | VLLMWorker_TP            | 27738                   |
+===========================+===============+====================================================+
2026-08-10T04:47:00.923231743Z
+------------------------------------------------------------------------------------------------+
| npu-smi 25.5.2                   Version: 25.5.2                                               |
+---------------------------+---------------+----------------------------------------------------+
| NPU   Name                | Health        | Power(W)    Temp(C)           Hugepages-Usage(page)|
| Chip                      | Bus-Id        | AICore(%)   Memory-Usage(MB)  HBM-Usage(MB)        |
+===========================+===============+====================================================+
| 2     910B4               | OK            | 106.5       43                0    / 0             |
| 0                         | 0000:81:00.0  | 38          0    / 0          30694/ 32768         |
+===========================+===============+====================================================+
| 3     910B4               | OK            | 107.3       44                0    / 0             |
| 0                         | 0000:82:00.0  | 17          0    / 0          30563/ 32768         |
+===========================+===============+====================================================+
+---------------------------+---------------+----------------------------------------------------+
| NPU     Chip              | Process id    | Process name             | Process memory(MB)      |
+===========================+===============+====================================================+
| 2       0                 | 159           | VLLMWorker_TP            | 27738                   |
| 2       0                 | 126           | VLLMEngineCor            | 184                     |
+===========================+===============+====================================================+
| 3       0                 | 184           | VLLMWorker_TP            | 27738                   |
+===========================+===============+====================================================+
2026-08-10T04:47:11.670681673Z
+------------------------------------------------------------------------------------------------+
| npu-smi 25.5.2                   Version: 25.5.2                                               |
+---------------------------+---------------+----------------------------------------------------+
| NPU   Name                | Health        | Power(W)    Temp(C)           Hugepages-Usage(page)|
| Chip                      | Bus-Id        | AICore(%)   Memory-Usage(MB)  HBM-Usage(MB)        |
+===========================+===============+====================================================+
| 2     910B4               | OK            | 105.5       43                0    / 0             |
| 0                         | 0000:81:00.0  | 42          0    / 0          30693/ 32768         |
+===========================+===============+====================================================+
| 3     910B4               | OK            | 105.0       44                0    / 0             |
| 0                         | 0000:82:00.0  | 0           0    / 0          30563/ 32768         |
+===========================+===============+====================================================+
+---------------------------+---------------+----------------------------------------------------+
| NPU     Chip              | Process id    | Process name             | Process memory(MB)      |
+===========================+===============+====================================================+
| 2       0                 | 159           | VLLMWorker_TP            | 27738                   |
| 2       0                 | 126           | VLLMEngineCor            | 184                     |
+===========================+===============+====================================================+
| 3       0                 | 184           | VLLMWorker_TP            | 27738                   |
+===========================+===============+====================================================+
2026-08-10T04:47:22.419358869Z
+------------------------------------------------------------------------------------------------+
| npu-smi 25.5.2                   Version: 25.5.2                                               |
+---------------------------+---------------+----------------------------------------------------+
| NPU   Name                | Health        | Power(W)    Temp(C)           Hugepages-Usage(page)|
| Chip                      | Bus-Id        | AICore(%)   Memory-Usage(MB)  HBM-Usage(MB)        |
+===========================+===============+====================================================+
| 2     910B4               | OK            | 104.6       43                0    / 0             |
| 0                         | 0000:81:00.0  | 33          0    / 0          30693/ 32768         |
+===========================+===============+====================================================+
| 3     910B4               | OK            | 105.7       44                0    / 0             |
| 0                         | 0000:82:00.0  | 13          0    / 0          30563/ 32768         |
+===========================+===============+====================================================+
+---------------------------+---------------+----------------------------------------------------+
| NPU     Chip              | Process id    | Process name             | Process memory(MB)      |
+===========================+===============+====================================================+
| 2       0                 | 159           | VLLMWorker_TP            | 27738                   |
| 2       0                 | 126           | VLLMEngineCor            | 184                     |
+===========================+===============+====================================================+
| 3       0                 | 184           | VLLMWorker_TP            | 27738                   |
+===========================+===============+====================================================+
2026-08-10T04:47:33.364772663Z
+------------------------------------------------------------------------------------------------+
| npu-smi 25.5.2                   Version: 25.5.2                                               |
+---------------------------+---------------+----------------------------------------------------+
| NPU   Name                | Health        | Power(W)    Temp(C)           Hugepages-Usage(page)|
| Chip                      | Bus-Id        | AICore(%)   Memory-Usage(MB)  HBM-Usage(MB)        |
+===========================+===============+====================================================+
| 2     910B4               | OK            | 90.5        43                0    / 0             |
| 0                         | 0000:81:00.0  | 0           0    / 0          30694/ 32768         |
+===========================+===============+====================================================+
| 3     910B4               | OK            | 95.3        44                0    / 0             |
| 0                         | 0000:82:00.0  | 0           0    / 0          30564/ 32768         |
+===========================+===============+====================================================+
+---------------------------+---------------+----------------------------------------------------+
| NPU     Chip              | Process id    | Process name             | Process memory(MB)      |
+===========================+===============+====================================================+
| 2       0                 | 159           | VLLMWorker_TP            | 27738                   |
| 2       0                 | 126           | VLLMEngineCor            | 184                     |
+===========================+===============+====================================================+
| 3       0                 | 184           | VLLMWorker_TP            | 27738                   |
+===========================+===============+====================================================+
