2026-08-10T04:43:58.271222029Z
+------------------------------------------------------------------------------------------------+
| npu-smi 25.5.2                   Version: 25.5.2                                               |
+---------------------------+---------------+----------------------------------------------------+
| NPU   Name                | Health        | Power(W)    Temp(C)           Hugepages-Usage(page)|
| Chip                      | Bus-Id        | AICore(%)   Memory-Usage(MB)  HBM-Usage(MB)        |
+===========================+===============+====================================================+
| 6     910B4               | OK            | 92.2        44                0    / 0             |
| 0                         | 0000:41:00.0  | 0           0    / 0          30933/ 32768         |
+===========================+===============+====================================================+
| 7     910B4               | OK            | 88.5        45                0    / 0             |
| 0                         | 0000:42:00.0  | 0           0    / 0          30800/ 32768         |
+===========================+===============+====================================================+
+---------------------------+---------------+----------------------------------------------------+
| NPU     Chip              | Process id    | Process name             | Process memory(MB)      |
+===========================+===============+====================================================+
| 6       0                 | 126           | VLLMEngineCor            | 184                     |
| 6       0                 | 159           | VLLMWorker_TP            | 27976                   |
+===========================+===============+====================================================+
| 7       0                 | 184           | VLLMWorker_TP            | 27976                   |
+===========================+===============+====================================================+
2026-08-10T04:44:08.963894753Z
+------------------------------------------------------------------------------------------------+
| npu-smi 25.5.2                   Version: 25.5.2                                               |
+---------------------------+---------------+----------------------------------------------------+
| NPU   Name                | Health        | Power(W)    Temp(C)           Hugepages-Usage(page)|
| Chip                      | Bus-Id        | AICore(%)   Memory-Usage(MB)  HBM-Usage(MB)        |
+===========================+===============+====================================================+
| 6     910B4               | OK            | 92.1        44                0    / 0             |
| 0                         | 0000:41:00.0  | 0           0    / 0          30932/ 32768         |
+===========================+===============+====================================================+
| 7     910B4               | OK            | 88.4        44                0    / 0             |
| 0                         | 0000:42:00.0  | 0           0    / 0          30801/ 32768         |
+===========================+===============+====================================================+
+---------------------------+---------------+----------------------------------------------------+
| NPU     Chip              | Process id    | Process name             | Process memory(MB)      |
+===========================+===============+====================================================+
| 6       0                 | 126           | VLLMEngineCor            | 184                     |
| 6       0                 | 159           | VLLMWorker_TP            | 27976                   |
+===========================+===============+====================================================+
| 7       0                 | 184           | VLLMWorker_TP            | 27976                   |
+===========================+===============+====================================================+
2026-08-10T04:44:19.694021632Z
+------------------------------------------------------------------------------------------------+
| npu-smi 25.5.2                   Version: 25.5.2                                               |
+---------------------------+---------------+----------------------------------------------------+
| NPU   Name                | Health        | Power(W)    Temp(C)           Hugepages-Usage(page)|
| Chip                      | Bus-Id        | AICore(%)   Memory-Usage(MB)  HBM-Usage(MB)        |
+===========================+===============+====================================================+
| 6     910B4               | OK            | 91.9        44                0    / 0             |
| 0                         | 0000:41:00.0  | 0           0    / 0          30932/ 32768         |
+===========================+===============+====================================================+
| 7     910B4               | OK            | 88.3        44                0    / 0             |
| 0                         | 0000:42:00.0  | 0           0    / 0          30801/ 32768         |
+===========================+===============+====================================================+
+---------------------------+---------------+----------------------------------------------------+
| NPU     Chip              | Process id    | Process name             | Process memory(MB)      |
+===========================+===============+====================================================+
| 6       0                 | 126           | VLLMEngineCor            | 184                     |
| 6       0                 | 159           | VLLMWorker_TP            | 27976                   |
+===========================+===============+====================================================+
| 7       0                 | 184           | VLLMWorker_TP            | 27976                   |
+===========================+===============+====================================================+
2026-08-10T04:44:30.417031904Z
+------------------------------------------------------------------------------------------------+
| npu-smi 25.5.2                   Version: 25.5.2                                               |
+---------------------------+---------------+----------------------------------------------------+
| NPU   Name                | Health        | Power(W)    Temp(C)           Hugepages-Usage(page)|
| Chip                      | Bus-Id        | AICore(%)   Memory-Usage(MB)  HBM-Usage(MB)        |
+===========================+===============+====================================================+
| 6     910B4               | OK            | 125.3       47                0    / 0             |
| 0                         | 0000:41:00.0  | 32          0    / 0          30932/ 32768         |
+===========================+===============+====================================================+
| 7     910B4               | OK            | 124.2       49                0    / 0             |
| 0                         | 0000:42:00.0  | 47          0    / 0          30801/ 32768         |
+===========================+===============+====================================================+
+---------------------------+---------------+----------------------------------------------------+
| NPU     Chip              | Process id    | Process name             | Process memory(MB)      |
+===========================+===============+====================================================+
| 6       0                 | 126           | VLLMEngineCor            | 184                     |
| 6       0                 | 159           | VLLMWorker_TP            | 27976                   |
+===========================+===============+====================================================+
| 7       0                 | 184           | VLLMWorker_TP            | 27976                   |
+===========================+===============+====================================================+
2026-08-10T04:44:41.219091720Z
+------------------------------------------------------------------------------------------------+
| npu-smi 25.5.2                   Version: 25.5.2                                               |
+---------------------------+---------------+----------------------------------------------------+
| NPU   Name                | Health        | Power(W)    Temp(C)           Hugepages-Usage(page)|
| Chip                      | Bus-Id        | AICore(%)   Memory-Usage(MB)  HBM-Usage(MB)        |
+===========================+===============+====================================================+
| 6     910B4               | OK            | 131.3       48                0    / 0             |
| 0                         | 0000:41:00.0  | 52          0    / 0          30932/ 32768         |
+===========================+===============+====================================================+
| 7     910B4               | OK            | 133.2       50                0    / 0             |
| 0                         | 0000:42:00.0  | 45          0    / 0          30801/ 32768         |
+===========================+===============+====================================================+
+---------------------------+---------------+----------------------------------------------------+
| NPU     Chip              | Process id    | Process name             | Process memory(MB)      |
+===========================+===============+====================================================+
| 6       0                 | 126           | VLLMEngineCor            | 184                     |
| 6       0                 | 159           | VLLMWorker_TP            | 27976                   |
+===========================+===============+====================================================+
| 7       0                 | 184           | VLLMWorker_TP            | 27976                   |
+===========================+===============+====================================================+
2026-08-10T04:44:51.916236137Z
+------------------------------------------------------------------------------------------------+
| npu-smi 25.5.2                   Version: 25.5.2                                               |
+---------------------------+---------------+----------------------------------------------------+
| NPU   Name                | Health        | Power(W)    Temp(C)           Hugepages-Usage(page)|
| Chip                      | Bus-Id        | AICore(%)   Memory-Usage(MB)  HBM-Usage(MB)        |
+===========================+===============+====================================================+
| 6     910B4               | OK            | 135.1       49                0    / 0             |
| 0                         | 0000:41:00.0  | 62          0    / 0          30933/ 32768         |
+===========================+===============+====================================================+
| 7     910B4               | OK            | 135.6       50                0    / 0             |
| 0                         | 0000:42:00.0  | 54          0    / 0          30801/ 32768         |
+===========================+===============+====================================================+
+---------------------------+---------------+----------------------------------------------------+
| NPU     Chip              | Process id    | Process name             | Process memory(MB)      |
+===========================+===============+====================================================+
| 6       0                 | 126           | VLLMEngineCor            | 184                     |
| 6       0                 | 159           | VLLMWorker_TP            | 27976                   |
+===========================+===============+====================================================+
| 7       0                 | 184           | VLLMWorker_TP            | 27976                   |
+===========================+===============+====================================================+
2026-08-10T04:45:02.629792209Z
+------------------------------------------------------------------------------------------------+
| npu-smi 25.5.2                   Version: 25.5.2                                               |
+---------------------------+---------------+----------------------------------------------------+
| NPU   Name                | Health        | Power(W)    Temp(C)           Hugepages-Usage(page)|
| Chip                      | Bus-Id        | AICore(%)   Memory-Usage(MB)  HBM-Usage(MB)        |
+===========================+===============+====================================================+
| 6     910B4               | OK            | 148.6       50                0    / 0             |
| 0                         | 0000:41:00.0  | 58          0    / 0          30932/ 32768         |
+===========================+===============+====================================================+
| 7     910B4               | OK            | 131.9       52                0    / 0             |
| 0                         | 0000:42:00.0  | 46          0    / 0          30801/ 32768         |
+===========================+===============+====================================================+
+---------------------------+---------------+----------------------------------------------------+
| NPU     Chip              | Process id    | Process name             | Process memory(MB)      |
+===========================+===============+====================================================+
| 6       0                 | 126           | VLLMEngineCor            | 184                     |
| 6       0                 | 159           | VLLMWorker_TP            | 27976                   |
+===========================+===============+====================================================+
| 7       0                 | 184           | VLLMWorker_TP            | 27976                   |
+===========================+===============+====================================================+
2026-08-10T04:45:13.395099073Z
+------------------------------------------------------------------------------------------------+
| npu-smi 25.5.2                   Version: 25.5.2                                               |
+---------------------------+---------------+----------------------------------------------------+
| NPU   Name                | Health        | Power(W)    Temp(C)           Hugepages-Usage(page)|
| Chip                      | Bus-Id        | AICore(%)   Memory-Usage(MB)  HBM-Usage(MB)        |
+===========================+===============+====================================================+
| 6     910B4               | OK            | 144.8       51                0    / 0             |
| 0                         | 0000:41:00.0  | 72          0    / 0          30933/ 32768         |
+===========================+===============+====================================================+
| 7     910B4               | OK            | 140.5       53                0    / 0             |
| 0                         | 0000:42:00.0  | 66          0    / 0          30801/ 32768         |
+===========================+===============+====================================================+
+---------------------------+---------------+----------------------------------------------------+
| NPU     Chip              | Process id    | Process name             | Process memory(MB)      |
+===========================+===============+====================================================+
| 6       0                 | 126           | VLLMEngineCor            | 184                     |
| 6       0                 | 159           | VLLMWorker_TP            | 27976                   |
+===========================+===============+====================================================+
| 7       0                 | 184           | VLLMWorker_TP            | 27976                   |
+===========================+===============+====================================================+
2026-08-10T04:45:24.146512943Z
+------------------------------------------------------------------------------------------------+
| npu-smi 25.5.2                   Version: 25.5.2                                               |
+---------------------------+---------------+----------------------------------------------------+
| NPU   Name                | Health        | Power(W)    Temp(C)           Hugepages-Usage(page)|
| Chip                      | Bus-Id        | AICore(%)   Memory-Usage(MB)  HBM-Usage(MB)        |
+===========================+===============+====================================================+
| 6     910B4               | OK            | 154.1       52                0    / 0             |
| 0                         | 0000:41:00.0  | 76          0    / 0          30933/ 32768         |
+===========================+===============+====================================================+
| 7     910B4               | OK            | 144.0       53                0    / 0             |
| 0                         | 0000:42:00.0  | 59          0    / 0          30801/ 32768         |
+===========================+===============+====================================================+
+---------------------------+---------------+----------------------------------------------------+
| NPU     Chip              | Process id    | Process name             | Process memory(MB)      |
+===========================+===============+====================================================+
| 6       0                 | 126           | VLLMEngineCor            | 184                     |
| 6       0                 | 159           | VLLMWorker_TP            | 27976                   |
+===========================+===============+====================================================+
| 7       0                 | 184           | VLLMWorker_TP            | 27976                   |
+===========================+===============+====================================================+
2026-08-10T04:45:34.906882161Z
+------------------------------------------------------------------------------------------------+
| npu-smi 25.5.2                   Version: 25.5.2                                               |
+---------------------------+---------------+----------------------------------------------------+
| NPU   Name                | Health        | Power(W)    Temp(C)           Hugepages-Usage(page)|
| Chip                      | Bus-Id        | AICore(%)   Memory-Usage(MB)  HBM-Usage(MB)        |
+===========================+===============+====================================================+
| 6     910B4               | OK            | 148.6       52                0    / 0             |
| 0                         | 0000:41:00.0  | 64          0    / 0          30932/ 32768         |
+===========================+===============+====================================================+
| 7     910B4               | OK            | 151.8       55                0    / 0             |
| 0                         | 0000:42:00.0  | 94          0    / 0          30801/ 32768         |
+===========================+===============+====================================================+
+---------------------------+---------------+----------------------------------------------------+
| NPU     Chip              | Process id    | Process name             | Process memory(MB)      |
+===========================+===============+====================================================+
| 6       0                 | 126           | VLLMEngineCor            | 184                     |
| 6       0                 | 159           | VLLMWorker_TP            | 27976                   |
+===========================+===============+====================================================+
| 7       0                 | 184           | VLLMWorker_TP            | 27976                   |
+===========================+===============+====================================================+
2026-08-10T04:45:45.646418829Z
+------------------------------------------------------------------------------------------------+
| npu-smi 25.5.2                   Version: 25.5.2                                               |
+---------------------------+---------------+----------------------------------------------------+
| NPU   Name                | Health        | Power(W)    Temp(C)           Hugepages-Usage(page)|
| Chip                      | Bus-Id        | AICore(%)   Memory-Usage(MB)  HBM-Usage(MB)        |
+===========================+===============+====================================================+
| 6     910B4               | OK            | 149.5       53                0    / 0             |
| 0                         | 0000:41:00.0  | 60          0    / 0          30932/ 32768         |
+===========================+===============+====================================================+
| 7     910B4               | OK            | 155.6       54                0    / 0             |
| 0                         | 0000:42:00.0  | 93          0    / 0          30801/ 32768         |
+===========================+===============+====================================================+
+---------------------------+---------------+----------------------------------------------------+
| NPU     Chip              | Process id    | Process name             | Process memory(MB)      |
+===========================+===============+====================================================+
| 6       0                 | 126           | VLLMEngineCor            | 184                     |
| 6       0                 | 159           | VLLMWorker_TP            | 27976                   |
+===========================+===============+====================================================+
| 7       0                 | 184           | VLLMWorker_TP            | 27976                   |
+===========================+===============+====================================================+
2026-08-10T04:45:56.399682470Z
+------------------------------------------------------------------------------------------------+
| npu-smi 25.5.2                   Version: 25.5.2                                               |
+---------------------------+---------------+----------------------------------------------------+
| NPU   Name                | Health        | Power(W)    Temp(C)           Hugepages-Usage(page)|
| Chip                      | Bus-Id        | AICore(%)   Memory-Usage(MB)  HBM-Usage(MB)        |
+===========================+===============+====================================================+
| 6     910B4               | OK            | 157.4       53                0    / 0             |
| 0                         | 0000:41:00.0  | 90          0    / 0          30932/ 32768         |
+===========================+===============+====================================================+
| 7     910B4               | OK            | 156.0       54                0    / 0             |
| 0                         | 0000:42:00.0  | 69          0    / 0          30801/ 32768         |
+===========================+===============+====================================================+
+---------------------------+---------------+----------------------------------------------------+
| NPU     Chip              | Process id    | Process name             | Process memory(MB)      |
+===========================+===============+====================================================+
| 6       0                 | 126           | VLLMEngineCor            | 184                     |
| 6       0                 | 159           | VLLMWorker_TP            | 27976                   |
+===========================+===============+====================================================+
| 7       0                 | 184           | VLLMWorker_TP            | 27976                   |
+===========================+===============+====================================================+
2026-08-10T04:46:07.133941721Z
+------------------------------------------------------------------------------------------------+
| npu-smi 25.5.2                   Version: 25.5.2                                               |
+---------------------------+---------------+----------------------------------------------------+
| NPU   Name                | Health        | Power(W)    Temp(C)           Hugepages-Usage(page)|
| Chip                      | Bus-Id        | AICore(%)   Memory-Usage(MB)  HBM-Usage(MB)        |
+===========================+===============+====================================================+
| 6     910B4               | OK            | 155.4       53                0    / 0             |
| 0                         | 0000:41:00.0  | 73          0    / 0          30933/ 32768         |
+===========================+===============+====================================================+
| 7     910B4               | OK            | 158.0       56                0    / 0             |
| 0                         | 0000:42:00.0  | 100         0    / 0          30801/ 32768         |
+===========================+===============+====================================================+
+---------------------------+---------------+----------------------------------------------------+
| NPU     Chip              | Process id    | Process name             | Process memory(MB)      |
+===========================+===============+====================================================+
| 6       0                 | 126           | VLLMEngineCor            | 184                     |
| 6       0                 | 159           | VLLMWorker_TP            | 27976                   |
+===========================+===============+====================================================+
| 7       0                 | 184           | VLLMWorker_TP            | 27976                   |
+===========================+===============+====================================================+
2026-08-10T04:46:17.920548645Z
+------------------------------------------------------------------------------------------------+
| npu-smi 25.5.2                   Version: 25.5.2                                               |
+---------------------------+---------------+----------------------------------------------------+
| NPU   Name                | Health        | Power(W)    Temp(C)           Hugepages-Usage(page)|
| Chip                      | Bus-Id        | AICore(%)   Memory-Usage(MB)  HBM-Usage(MB)        |
+===========================+===============+====================================================+
| 6     910B4               | OK            | 148.4       53                0    / 0             |
| 0                         | 0000:41:00.0  | 70          0    / 0          30932/ 32768         |
+===========================+===============+====================================================+
| 7     910B4               | OK            | 155.3       54                0    / 0             |
| 0                         | 0000:42:00.0  | 90          0    / 0          30801/ 32768         |
+===========================+===============+====================================================+
+---------------------------+---------------+----------------------------------------------------+
| NPU     Chip              | Process id    | Process name             | Process memory(MB)      |
+===========================+===============+====================================================+
| 6       0                 | 126           | VLLMEngineCor            | 184                     |
| 6       0                 | 159           | VLLMWorker_TP            | 27976                   |
+===========================+===============+====================================================+
| 7       0                 | 184           | VLLMWorker_TP            | 27976                   |
+===========================+===============+====================================================+
2026-08-10T04:46:28.677021623Z
+------------------------------------------------------------------------------------------------+
| npu-smi 25.5.2                   Version: 25.5.2                                               |
+---------------------------+---------------+----------------------------------------------------+
| NPU   Name                | Health        | Power(W)    Temp(C)           Hugepages-Usage(page)|
| Chip                      | Bus-Id        | AICore(%)   Memory-Usage(MB)  HBM-Usage(MB)        |
+===========================+===============+====================================================+
| 6     910B4               | OK            | 159.0       55                0    / 0             |
| 0                         | 0000:41:00.0  | 100         0    / 0          30932/ 32768         |
+===========================+===============+====================================================+
| 7     910B4               | OK            | 159.7       55                0    / 0             |
| 0                         | 0000:42:00.0  | 95          0    / 0          30801/ 32768         |
+===========================+===============+====================================================+
+---------------------------+---------------+----------------------------------------------------+
| NPU     Chip              | Process id    | Process name             | Process memory(MB)      |
+===========================+===============+====================================================+
| 6       0                 | 126           | VLLMEngineCor            | 184                     |
| 6       0                 | 159           | VLLMWorker_TP            | 27976                   |
+===========================+===============+====================================================+
| 7       0                 | 184           | VLLMWorker_TP            | 27976                   |
+===========================+===============+====================================================+
2026-08-10T04:46:39.444382327Z
+------------------------------------------------------------------------------------------------+
| npu-smi 25.5.2                   Version: 25.5.2                                               |
+---------------------------+---------------+----------------------------------------------------+
| NPU   Name                | Health        | Power(W)    Temp(C)           Hugepages-Usage(page)|
| Chip                      | Bus-Id        | AICore(%)   Memory-Usage(MB)  HBM-Usage(MB)        |
+===========================+===============+====================================================+
| 6     910B4               | OK            | 139.0       50                0    / 0             |
| 0                         | 0000:41:00.0  | 39          0    / 0          30932/ 32768         |
+===========================+===============+====================================================+
| 7     910B4               | OK            | 125.6       50                0    / 0             |
| 0                         | 0000:42:00.0  | 26          0    / 0          30801/ 32768         |
+===========================+===============+====================================================+
+---------------------------+---------------+----------------------------------------------------+
| NPU     Chip              | Process id    | Process name             | Process memory(MB)      |
+===========================+===============+====================================================+
| 6       0                 | 126           | VLLMEngineCor            | 184                     |
| 6       0                 | 159           | VLLMWorker_TP            | 27976                   |
+===========================+===============+====================================================+
| 7       0                 | 184           | VLLMWorker_TP            | 27976                   |
+===========================+===============+====================================================+
2026-08-10T04:46:50.195900038Z
+------------------------------------------------------------------------------------------------+
| npu-smi 25.5.2                   Version: 25.5.2                                               |
+---------------------------+---------------+----------------------------------------------------+
| NPU   Name                | Health        | Power(W)    Temp(C)           Hugepages-Usage(page)|
| Chip                      | Bus-Id        | AICore(%)   Memory-Usage(MB)  HBM-Usage(MB)        |
+===========================+===============+====================================================+
| 6     910B4               | OK            | 129.8       49                0    / 0             |
| 0                         | 0000:41:00.0  | 0           0    / 0          30932/ 32768         |
+===========================+===============+====================================================+
| 7     910B4               | OK            | 115.5       51                0    / 0             |
| 0                         | 0000:42:00.0  | 20          0    / 0          30801/ 32768         |
+===========================+===============+====================================================+
+---------------------------+---------------+----------------------------------------------------+
| NPU     Chip              | Process id    | Process name             | Process memory(MB)      |
+===========================+===============+====================================================+
| 6       0                 | 126           | VLLMEngineCor            | 184                     |
| 6       0                 | 159           | VLLMWorker_TP            | 27976                   |
+===========================+===============+====================================================+
| 7       0                 | 184           | VLLMWorker_TP            | 27976                   |
+===========================+===============+====================================================+
2026-08-10T04:47:00.933739617Z
+------------------------------------------------------------------------------------------------+
| npu-smi 25.5.2                   Version: 25.5.2                                               |
+---------------------------+---------------+----------------------------------------------------+
| NPU   Name                | Health        | Power(W)    Temp(C)           Hugepages-Usage(page)|
| Chip                      | Bus-Id        | AICore(%)   Memory-Usage(MB)  HBM-Usage(MB)        |
+===========================+===============+====================================================+
| 6     910B4               | OK            | 130.9       50                0    / 0             |
| 0                         | 0000:41:00.0  | 30          0    / 0          30933/ 32768         |
+===========================+===============+====================================================+
| 7     910B4               | OK            | 124.0       51                0    / 0             |
| 0                         | 0000:42:00.0  | 40          0    / 0          30801/ 32768         |
+===========================+===============+====================================================+
+---------------------------+---------------+----------------------------------------------------+
| NPU     Chip              | Process id    | Process name             | Process memory(MB)      |
+===========================+===============+====================================================+
| 6       0                 | 126           | VLLMEngineCor            | 184                     |
| 6       0                 | 159           | VLLMWorker_TP            | 27976                   |
+===========================+===============+====================================================+
| 7       0                 | 184           | VLLMWorker_TP            | 27976                   |
+===========================+===============+====================================================+
2026-08-10T04:47:11.694615718Z
+------------------------------------------------------------------------------------------------+
| npu-smi 25.5.2                   Version: 25.5.2                                               |
+---------------------------+---------------+----------------------------------------------------+
| NPU   Name                | Health        | Power(W)    Temp(C)           Hugepages-Usage(page)|
| Chip                      | Bus-Id        | AICore(%)   Memory-Usage(MB)  HBM-Usage(MB)        |
+===========================+===============+====================================================+
| 6     910B4               | OK            | 128.5       50                0    / 0             |
| 0                         | 0000:41:00.0  | 41          0    / 0          30932/ 32768         |
+===========================+===============+====================================================+
| 7     910B4               | OK            | 123.4       51                0    / 0             |
| 0                         | 0000:42:00.0  | 32          0    / 0          30800/ 32768         |
+===========================+===============+====================================================+
+---------------------------+---------------+----------------------------------------------------+
| NPU     Chip              | Process id    | Process name             | Process memory(MB)      |
+===========================+===============+====================================================+
| 6       0                 | 126           | VLLMEngineCor            | 184                     |
| 6       0                 | 159           | VLLMWorker_TP            | 27976                   |
+===========================+===============+====================================================+
| 7       0                 | 184           | VLLMWorker_TP            | 27976                   |
+===========================+===============+====================================================+
2026-08-10T04:47:22.444398320Z
+------------------------------------------------------------------------------------------------+
| npu-smi 25.5.2                   Version: 25.5.2                                               |
+---------------------------+---------------+----------------------------------------------------+
| NPU   Name                | Health        | Power(W)    Temp(C)           Hugepages-Usage(page)|
| Chip                      | Bus-Id        | AICore(%)   Memory-Usage(MB)  HBM-Usage(MB)        |
+===========================+===============+====================================================+
| 6     910B4               | OK            | 93.1        47                0    / 0             |
| 0                         | 0000:41:00.0  | 0           0    / 0          30932/ 32768         |
+===========================+===============+====================================================+
| 7     910B4               | OK            | 89.7        46                0    / 0             |
| 0                         | 0000:42:00.0  | 0           0    / 0          30801/ 32768         |
+===========================+===============+====================================================+
+---------------------------+---------------+----------------------------------------------------+
| NPU     Chip              | Process id    | Process name             | Process memory(MB)      |
+===========================+===============+====================================================+
| 6       0                 | 126           | VLLMEngineCor            | 184                     |
| 6       0                 | 159           | VLLMWorker_TP            | 27976                   |
+===========================+===============+====================================================+
| 7       0                 | 184           | VLLMWorker_TP            | 27976                   |
+===========================+===============+====================================================+
2026-08-10T04:47:33.273154585Z
+------------------------------------------------------------------------------------------------+
| npu-smi 25.5.2                   Version: 25.5.2                                               |
+---------------------------+---------------+----------------------------------------------------+
| NPU   Name                | Health        | Power(W)    Temp(C)           Hugepages-Usage(page)|
| Chip                      | Bus-Id        | AICore(%)   Memory-Usage(MB)  HBM-Usage(MB)        |
+===========================+===============+====================================================+
| 6     910B4               | OK            | 92.8        45                0    / 0             |
| 0                         | 0000:41:00.0  | 0           0    / 0          30933/ 32768         |
+===========================+===============+====================================================+
| 7     910B4               | OK            | 89.2        46                0    / 0             |
| 0                         | 0000:42:00.0  | 0           0    / 0          30801/ 32768         |
+===========================+===============+====================================================+
+---------------------------+---------------+----------------------------------------------------+
| NPU     Chip              | Process id    | Process name             | Process memory(MB)      |
+===========================+===============+====================================================+
| 6       0                 | 126           | VLLMEngineCor            | 184                     |
| 6       0                 | 159           | VLLMWorker_TP            | 27976                   |
+===========================+===============+====================================================+
| 7       0                 | 184           | VLLMWorker_TP            | 27976                   |
+===========================+===============+====================================================+
