2026-08-09T19:17:34.813384319Z
+------------------------------------------------------------------------------------------------+
| npu-smi 25.5.2                   Version: 25.5.2                                               |
+---------------------------+---------------+----------------------------------------------------+
| NPU   Name                | Health        | Power(W)    Temp(C)           Hugepages-Usage(page)|
| Chip                      | Bus-Id        | AICore(%)   Memory-Usage(MB)  HBM-Usage(MB)        |
+===========================+===============+====================================================+
| 2     910B4               | OK            | 90.2        42                0    / 0             |
| 0                         | 0000:81:00.0  | 0           0    / 0          30689/ 32768         |
+===========================+===============+====================================================+
| 5     910B4               | OK            | 91.6        47                0    / 0             |
| 0                         | 0000:02:00.0  | 0           0    / 0          30560/ 32768         |
+===========================+===============+====================================================+
+---------------------------+---------------+----------------------------------------------------+
| NPU     Chip              | Process id    | Process name             | Process memory(MB)      |
+===========================+===============+====================================================+
| 2       0                 | 125           | VLLMEngineCor            | 184                     |
| 2       0                 | 157           | VLLMWorker_TP            | 27736                   |
+===========================+===============+====================================================+
| 5       0                 | 182           | VLLMWorker_TP            | 27736                   |
+===========================+===============+====================================================+
2026-08-09T19:17:45.610326685Z
+------------------------------------------------------------------------------------------------+
| npu-smi 25.5.2                   Version: 25.5.2                                               |
+---------------------------+---------------+----------------------------------------------------+
| NPU   Name                | Health        | Power(W)    Temp(C)           Hugepages-Usage(page)|
| Chip                      | Bus-Id        | AICore(%)   Memory-Usage(MB)  HBM-Usage(MB)        |
+===========================+===============+====================================================+
| 2     910B4               | OK            | 90.1        41                0    / 0             |
| 0                         | 0000:81:00.0  | 0           0    / 0          30689/ 32768         |
+===========================+===============+====================================================+
| 5     910B4               | OK            | 91.6        47                0    / 0             |
| 0                         | 0000:02:00.0  | 0           0    / 0          30560/ 32768         |
+===========================+===============+====================================================+
+---------------------------+---------------+----------------------------------------------------+
| NPU     Chip              | Process id    | Process name             | Process memory(MB)      |
+===========================+===============+====================================================+
| 2       0                 | 125           | VLLMEngineCor            | 184                     |
| 2       0                 | 157           | VLLMWorker_TP            | 27736                   |
+===========================+===============+====================================================+
| 5       0                 | 182           | VLLMWorker_TP            | 27736                   |
+===========================+===============+====================================================+
2026-08-09T19:17:56.372532969Z
+------------------------------------------------------------------------------------------------+
| npu-smi 25.5.2                   Version: 25.5.2                                               |
+---------------------------+---------------+----------------------------------------------------+
| NPU   Name                | Health        | Power(W)    Temp(C)           Hugepages-Usage(page)|
| Chip                      | Bus-Id        | AICore(%)   Memory-Usage(MB)  HBM-Usage(MB)        |
+===========================+===============+====================================================+
| 2     910B4               | OK            | 90.1        42                0    / 0             |
| 0                         | 0000:81:00.0  | 0           0    / 0          30689/ 32768         |
+===========================+===============+====================================================+
| 5     910B4               | OK            | 91.4        47                0    / 0             |
| 0                         | 0000:02:00.0  | 0           0    / 0          30559/ 32768         |
+===========================+===============+====================================================+
+---------------------------+---------------+----------------------------------------------------+
| NPU     Chip              | Process id    | Process name             | Process memory(MB)      |
+===========================+===============+====================================================+
| 2       0                 | 125           | VLLMEngineCor            | 184                     |
| 2       0                 | 157           | VLLMWorker_TP            | 27736                   |
+===========================+===============+====================================================+
| 5       0                 | 182           | VLLMWorker_TP            | 27736                   |
+===========================+===============+====================================================+
2026-08-09T19:18:07.139513938Z
+------------------------------------------------------------------------------------------------+
| npu-smi 25.5.2                   Version: 25.5.2                                               |
+---------------------------+---------------+----------------------------------------------------+
| NPU   Name                | Health        | Power(W)    Temp(C)           Hugepages-Usage(page)|
| Chip                      | Bus-Id        | AICore(%)   Memory-Usage(MB)  HBM-Usage(MB)        |
+===========================+===============+====================================================+
| 2     910B4               | OK            | 98.2        42                0    / 0             |
| 0                         | 0000:81:00.0  | 0           0    / 0          30689/ 32768         |
+===========================+===============+====================================================+
| 5     910B4               | OK            | 98.1        46                0    / 0             |
| 0                         | 0000:02:00.0  | 0           0    / 0          30559/ 32768         |
+===========================+===============+====================================================+
+---------------------------+---------------+----------------------------------------------------+
| NPU     Chip              | Process id    | Process name             | Process memory(MB)      |
+===========================+===============+====================================================+
| 2       0                 | 125           | VLLMEngineCor            | 184                     |
| 2       0                 | 157           | VLLMWorker_TP            | 27736                   |
+===========================+===============+====================================================+
| 5       0                 | 182           | VLLMWorker_TP            | 27736                   |
+===========================+===============+====================================================+
2026-08-09T19:18:17.963962939Z
+------------------------------------------------------------------------------------------------+
| npu-smi 25.5.2                   Version: 25.5.2                                               |
+---------------------------+---------------+----------------------------------------------------+
| NPU   Name                | Health        | Power(W)    Temp(C)           Hugepages-Usage(page)|
| Chip                      | Bus-Id        | AICore(%)   Memory-Usage(MB)  HBM-Usage(MB)        |
+===========================+===============+====================================================+
| 2     910B4               | OK            | 98.3        42                0    / 0             |
| 0                         | 0000:81:00.0  | 0           0    / 0          30689/ 32768         |
+===========================+===============+====================================================+
| 5     910B4               | OK            | 97.7        47                0    / 0             |
| 0                         | 0000:02:00.0  | 0           0    / 0          30560/ 32768         |
+===========================+===============+====================================================+
+---------------------------+---------------+----------------------------------------------------+
| NPU     Chip              | Process id    | Process name             | Process memory(MB)      |
+===========================+===============+====================================================+
| 2       0                 | 125           | VLLMEngineCor            | 184                     |
| 2       0                 | 157           | VLLMWorker_TP            | 27736                   |
+===========================+===============+====================================================+
| 5       0                 | 182           | VLLMWorker_TP            | 27736                   |
+===========================+===============+====================================================+
2026-08-09T19:18:28.712045469Z
+------------------------------------------------------------------------------------------------+
| npu-smi 25.5.2                   Version: 25.5.2                                               |
+---------------------------+---------------+----------------------------------------------------+
| NPU   Name                | Health        | Power(W)    Temp(C)           Hugepages-Usage(page)|
| Chip                      | Bus-Id        | AICore(%)   Memory-Usage(MB)  HBM-Usage(MB)        |
+===========================+===============+====================================================+
| 2     910B4               | OK            | 98.4        42                0    / 0             |
| 0                         | 0000:81:00.0  | 0           0    / 0          30689/ 32768         |
+===========================+===============+====================================================+
| 5     910B4               | OK            | 98.0        47                0    / 0             |
| 0                         | 0000:02:00.0  | 0           0    / 0          30560/ 32768         |
+===========================+===============+====================================================+
+---------------------------+---------------+----------------------------------------------------+
| NPU     Chip              | Process id    | Process name             | Process memory(MB)      |
+===========================+===============+====================================================+
| 2       0                 | 125           | VLLMEngineCor            | 184                     |
| 2       0                 | 157           | VLLMWorker_TP            | 27736                   |
+===========================+===============+====================================================+
| 5       0                 | 182           | VLLMWorker_TP            | 27736                   |
+===========================+===============+====================================================+
2026-08-09T19:18:39.436165473Z
+------------------------------------------------------------------------------------------------+
| npu-smi 25.5.2                   Version: 25.5.2                                               |
+---------------------------+---------------+----------------------------------------------------+
| NPU   Name                | Health        | Power(W)    Temp(C)           Hugepages-Usage(page)|
| Chip                      | Bus-Id        | AICore(%)   Memory-Usage(MB)  HBM-Usage(MB)        |
+===========================+===============+====================================================+
| 2     910B4               | OK            | 90.3        43                0    / 0             |
| 0                         | 0000:81:00.0  | 0           0    / 0          30689/ 32768         |
+===========================+===============+====================================================+
| 5     910B4               | OK            | 91.6        46                0    / 0             |
| 0                         | 0000:02:00.0  | 0           0    / 0          30560/ 32768         |
+===========================+===============+====================================================+
+---------------------------+---------------+----------------------------------------------------+
| NPU     Chip              | Process id    | Process name             | Process memory(MB)      |
+===========================+===============+====================================================+
| 2       0                 | 125           | VLLMEngineCor            | 184                     |
| 2       0                 | 157           | VLLMWorker_TP            | 27736                   |
+===========================+===============+====================================================+
| 5       0                 | 182           | VLLMWorker_TP            | 27736                   |
+===========================+===============+====================================================+
