2026-08-09T19:17:34.813236358Z
+------------------------------------------------------------------------------------------------+
| npu-smi 25.5.2                   Version: 25.5.2                                               |
+---------------------------+---------------+----------------------------------------------------+
| NPU   Name                | Health        | Power(W)    Temp(C)           Hugepages-Usage(page)|
| Chip                      | Bus-Id        | AICore(%)   Memory-Usage(MB)  HBM-Usage(MB)        |
+===========================+===============+====================================================+
| 3     910B4               | OK            | 94.8        44                0    / 0             |
| 0                         | 0000:82:00.0  | 0           0    / 0          30851/ 32768         |
+===========================+===============+====================================================+
| 7     910B4               | OK            | 88.3        43                0    / 0             |
| 0                         | 0000:42:00.0  | 0           0    / 0          30718/ 32768         |
+===========================+===============+====================================================+
+---------------------------+---------------+----------------------------------------------------+
| NPU     Chip              | Process id    | Process name             | Process memory(MB)      |
+===========================+===============+====================================================+
| 3       0                 | 126           | VLLMEngineCor            | 184                     |
| 3       0                 | 158           | VLLMWorker_TP            | 27896                   |
+===========================+===============+====================================================+
| 7       0                 | 182           | VLLMWorker_TP            | 27896                   |
+===========================+===============+====================================================+
2026-08-09T19:17:45.612558187Z
+------------------------------------------------------------------------------------------------+
| npu-smi 25.5.2                   Version: 25.5.2                                               |
+---------------------------+---------------+----------------------------------------------------+
| NPU   Name                | Health        | Power(W)    Temp(C)           Hugepages-Usage(page)|
| Chip                      | Bus-Id        | AICore(%)   Memory-Usage(MB)  HBM-Usage(MB)        |
+===========================+===============+====================================================+
| 3     910B4               | OK            | 94.7        43                0    / 0             |
| 0                         | 0000:82:00.0  | 0           0    / 0          30850/ 32768         |
+===========================+===============+====================================================+
| 7     910B4               | OK            | 88.2        44                0    / 0             |
| 0                         | 0000:42:00.0  | 0           0    / 0          30718/ 32768         |
+===========================+===============+====================================================+
+---------------------------+---------------+----------------------------------------------------+
| NPU     Chip              | Process id    | Process name             | Process memory(MB)      |
+===========================+===============+====================================================+
| 3       0                 | 126           | VLLMEngineCor            | 184                     |
| 3       0                 | 158           | VLLMWorker_TP            | 27896                   |
+===========================+===============+====================================================+
| 7       0                 | 182           | VLLMWorker_TP            | 27896                   |
+===========================+===============+====================================================+
2026-08-09T19:17:56.371745105Z
+------------------------------------------------------------------------------------------------+
| npu-smi 25.5.2                   Version: 25.5.2                                               |
+---------------------------+---------------+----------------------------------------------------+
| NPU   Name                | Health        | Power(W)    Temp(C)           Hugepages-Usage(page)|
| Chip                      | Bus-Id        | AICore(%)   Memory-Usage(MB)  HBM-Usage(MB)        |
+===========================+===============+====================================================+
| 3     910B4               | OK            | 94.6        43                0    / 0             |
| 0                         | 0000:82:00.0  | 0           0    / 0          30850/ 32768         |
+===========================+===============+====================================================+
| 7     910B4               | OK            | 88.3        44                0    / 0             |
| 0                         | 0000:42:00.0  | 0           0    / 0          30718/ 32768         |
+===========================+===============+====================================================+
+---------------------------+---------------+----------------------------------------------------+
| NPU     Chip              | Process id    | Process name             | Process memory(MB)      |
+===========================+===============+====================================================+
| 3       0                 | 126           | VLLMEngineCor            | 184                     |
| 3       0                 | 158           | VLLMWorker_TP            | 27896                   |
+===========================+===============+====================================================+
| 7       0                 | 182           | VLLMWorker_TP            | 27896                   |
+===========================+===============+====================================================+
2026-08-09T19:18:07.129860118Z
+------------------------------------------------------------------------------------------------+
| npu-smi 25.5.2                   Version: 25.5.2                                               |
+---------------------------+---------------+----------------------------------------------------+
| NPU   Name                | Health        | Power(W)    Temp(C)           Hugepages-Usage(page)|
| Chip                      | Bus-Id        | AICore(%)   Memory-Usage(MB)  HBM-Usage(MB)        |
+===========================+===============+====================================================+
| 3     910B4               | OK            | 128.2       44                0    / 0             |
| 0                         | 0000:82:00.0  | 34          0    / 0          30850/ 32768         |
+===========================+===============+====================================================+
| 7     910B4               | OK            | 121.6       47                0    / 0             |
| 0                         | 0000:42:00.0  | 20          0    / 0          30718/ 32768         |
+===========================+===============+====================================================+
+---------------------------+---------------+----------------------------------------------------+
| NPU     Chip              | Process id    | Process name             | Process memory(MB)      |
+===========================+===============+====================================================+
| 3       0                 | 126           | VLLMEngineCor            | 184                     |
| 3       0                 | 158           | VLLMWorker_TP            | 27896                   |
+===========================+===============+====================================================+
| 7       0                 | 182           | VLLMWorker_TP            | 27896                   |
+===========================+===============+====================================================+
2026-08-09T19:18:17.969000865Z
+------------------------------------------------------------------------------------------------+
| npu-smi 25.5.2                   Version: 25.5.2                                               |
+---------------------------+---------------+----------------------------------------------------+
| NPU   Name                | Health        | Power(W)    Temp(C)           Hugepages-Usage(page)|
| Chip                      | Bus-Id        | AICore(%)   Memory-Usage(MB)  HBM-Usage(MB)        |
+===========================+===============+====================================================+
| 3     910B4               | OK            | 119.3       45                0    / 0             |
| 0                         | 0000:82:00.0  | 26          0    / 0          30850/ 32768         |
+===========================+===============+====================================================+
| 7     910B4               | OK            | 113.8       47                0    / 0             |
| 0                         | 0000:42:00.0  | 28          0    / 0          30718/ 32768         |
+===========================+===============+====================================================+
+---------------------------+---------------+----------------------------------------------------+
| NPU     Chip              | Process id    | Process name             | Process memory(MB)      |
+===========================+===============+====================================================+
| 3       0                 | 126           | VLLMEngineCor            | 184                     |
| 3       0                 | 158           | VLLMWorker_TP            | 27896                   |
+===========================+===============+====================================================+
| 7       0                 | 182           | VLLMWorker_TP            | 27896                   |
+===========================+===============+====================================================+
2026-08-09T19:18:28.745773095Z
+------------------------------------------------------------------------------------------------+
| npu-smi 25.5.2                   Version: 25.5.2                                               |
+---------------------------+---------------+----------------------------------------------------+
| NPU   Name                | Health        | Power(W)    Temp(C)           Hugepages-Usage(page)|
| Chip                      | Bus-Id        | AICore(%)   Memory-Usage(MB)  HBM-Usage(MB)        |
+===========================+===============+====================================================+
| 3     910B4               | OK            | 133.1       47                0    / 0             |
| 0                         | 0000:82:00.0  | 51          0    / 0          30850/ 32768         |
+===========================+===============+====================================================+
| 7     910B4               | OK            | 125.0       50                0    / 0             |
| 0                         | 0000:42:00.0  | 42          0    / 0          30718/ 32768         |
+===========================+===============+====================================================+
+---------------------------+---------------+----------------------------------------------------+
| NPU     Chip              | Process id    | Process name             | Process memory(MB)      |
+===========================+===============+====================================================+
| 3       0                 | 126           | VLLMEngineCor            | 184                     |
| 3       0                 | 158           | VLLMWorker_TP            | 27896                   |
+===========================+===============+====================================================+
| 7       0                 | 182           | VLLMWorker_TP            | 27896                   |
+===========================+===============+====================================================+
2026-08-09T19:18:39.510563513Z
+------------------------------------------------------------------------------------------------+
| npu-smi 25.5.2                   Version: 25.5.2                                               |
+---------------------------+---------------+----------------------------------------------------+
| NPU   Name                | Health        | Power(W)    Temp(C)           Hugepages-Usage(page)|
| Chip                      | Bus-Id        | AICore(%)   Memory-Usage(MB)  HBM-Usage(MB)        |
+===========================+===============+====================================================+
| 3     910B4               | OK            | 95.5        45                0    / 0             |
| 0                         | 0000:82:00.0  | 0           0    / 0          30850/ 32768         |
+===========================+===============+====================================================+
| 7     910B4               | OK            | 88.8        45                0    / 0             |
| 0                         | 0000:42:00.0  | 0           0    / 0          30718/ 32768         |
+===========================+===============+====================================================+
+---------------------------+---------------+----------------------------------------------------+
| NPU     Chip              | Process id    | Process name             | Process memory(MB)      |
+===========================+===============+====================================================+
| 3       0                 | 126           | VLLMEngineCor            | 184                     |
| 3       0                 | 158           | VLLMWorker_TP            | 27896                   |
+===========================+===============+====================================================+
| 7       0                 | 182           | VLLMWorker_TP            | 27896                   |
+===========================+===============+====================================================+
