2026-08-10T04:47:41.969791886Z
+------------------------------------------------------------------------------------------------+
| npu-smi 25.5.2                   Version: 25.5.2                                               |
+---------------------------+---------------+----------------------------------------------------+
| NPU   Name                | Health        | Power(W)    Temp(C)           Hugepages-Usage(page)|
| Chip                      | Bus-Id        | AICore(%)   Memory-Usage(MB)  HBM-Usage(MB)        |
+===========================+===============+====================================================+
| 6     910B4               | OK            | 92.8        45                0    / 0             |
| 0                         | 0000:41:00.0  | 0           0    / 0          30932/ 32768         |
+===========================+===============+====================================================+
| 7     910B4               | OK            | 89.1        45                0    / 0             |
| 0                         | 0000:42:00.0  | 0           0    / 0          30801/ 32768         |
+===========================+===============+====================================================+
+---------------------------+---------------+----------------------------------------------------+
| NPU     Chip              | Process id    | Process name             | Process memory(MB)      |
+===========================+===============+====================================================+
| 6       0                 | 126           | VLLMEngineCor            | 184                     |
| 6       0                 | 159           | VLLMWorker_TP            | 27976                   |
+===========================+===============+====================================================+
| 7       0                 | 184           | VLLMWorker_TP            | 27976                   |
+===========================+===============+====================================================+
2026-08-10T04:47:52.688865998Z
+------------------------------------------------------------------------------------------------+
| npu-smi 25.5.2                   Version: 25.5.2                                               |
+---------------------------+---------------+----------------------------------------------------+
| NPU   Name                | Health        | Power(W)    Temp(C)           Hugepages-Usage(page)|
| Chip                      | Bus-Id        | AICore(%)   Memory-Usage(MB)  HBM-Usage(MB)        |
+===========================+===============+====================================================+
| 6     910B4               | OK            | 92.6        45                0    / 0             |
| 0                         | 0000:41:00.0  | 0           0    / 0          30932/ 32768         |
+===========================+===============+====================================================+
| 7     910B4               | OK            | 88.9        45                0    / 0             |
| 0                         | 0000:42:00.0  | 0           0    / 0          30801/ 32768         |
+===========================+===============+====================================================+
+---------------------------+---------------+----------------------------------------------------+
| NPU     Chip              | Process id    | Process name             | Process memory(MB)      |
+===========================+===============+====================================================+
| 6       0                 | 126           | VLLMEngineCor            | 184                     |
| 6       0                 | 159           | VLLMWorker_TP            | 27976                   |
+===========================+===============+====================================================+
| 7       0                 | 184           | VLLMWorker_TP            | 27976                   |
+===========================+===============+====================================================+
2026-08-10T04:48:03.475417462Z
+------------------------------------------------------------------------------------------------+
| npu-smi 25.5.2                   Version: 25.5.2                                               |
+---------------------------+---------------+----------------------------------------------------+
| NPU   Name                | Health        | Power(W)    Temp(C)           Hugepages-Usage(page)|
| Chip                      | Bus-Id        | AICore(%)   Memory-Usage(MB)  HBM-Usage(MB)        |
+===========================+===============+====================================================+
| 6     910B4               | OK            | 92.4        45                0    / 0             |
| 0                         | 0000:41:00.0  | 0           0    / 0          30932/ 32768         |
+===========================+===============+====================================================+
| 7     910B4               | OK            | 88.8        44                0    / 0             |
| 0                         | 0000:42:00.0  | 0           0    / 0          30801/ 32768         |
+===========================+===============+====================================================+
+---------------------------+---------------+----------------------------------------------------+
| NPU     Chip              | Process id    | Process name             | Process memory(MB)      |
+===========================+===============+====================================================+
| 6       0                 | 126           | VLLMEngineCor            | 184                     |
| 6       0                 | 159           | VLLMWorker_TP            | 27976                   |
+===========================+===============+====================================================+
| 7       0                 | 184           | VLLMWorker_TP            | 27976                   |
+===========================+===============+====================================================+
2026-08-10T04:48:14.214699949Z
+------------------------------------------------------------------------------------------------+
| npu-smi 25.5.2                   Version: 25.5.2                                               |
+---------------------------+---------------+----------------------------------------------------+
| NPU   Name                | Health        | Power(W)    Temp(C)           Hugepages-Usage(page)|
| Chip                      | Bus-Id        | AICore(%)   Memory-Usage(MB)  HBM-Usage(MB)        |
+===========================+===============+====================================================+
| 6     910B4               | OK            | 129.9       48                0    / 0             |
| 0                         | 0000:41:00.0  | 40          0    / 0          30932/ 32768         |
+===========================+===============+====================================================+
| 7     910B4               | OK            | 120.4       48                0    / 0             |
| 0                         | 0000:42:00.0  | 41          0    / 0          30801/ 32768         |
+===========================+===============+====================================================+
+---------------------------+---------------+----------------------------------------------------+
| NPU     Chip              | Process id    | Process name             | Process memory(MB)      |
+===========================+===============+====================================================+
| 6       0                 | 126           | VLLMEngineCor            | 184                     |
| 6       0                 | 159           | VLLMWorker_TP            | 27976                   |
+===========================+===============+====================================================+
| 7       0                 | 184           | VLLMWorker_TP            | 27976                   |
+===========================+===============+====================================================+
2026-08-10T04:48:25.087910147Z
+------------------------------------------------------------------------------------------------+
| npu-smi 25.5.2                   Version: 25.5.2                                               |
+---------------------------+---------------+----------------------------------------------------+
| NPU   Name                | Health        | Power(W)    Temp(C)           Hugepages-Usage(page)|
| Chip                      | Bus-Id        | AICore(%)   Memory-Usage(MB)  HBM-Usage(MB)        |
+===========================+===============+====================================================+
| 6     910B4               | OK            | 131.7       48                0    / 0             |
| 0                         | 0000:41:00.0  | 40          0    / 0          30933/ 32768         |
+===========================+===============+====================================================+
| 7     910B4               | OK            | 127.2       49                0    / 0             |
| 0                         | 0000:42:00.0  | 42          0    / 0          30801/ 32768         |
+===========================+===============+====================================================+
+---------------------------+---------------+----------------------------------------------------+
| NPU     Chip              | Process id    | Process name             | Process memory(MB)      |
+===========================+===============+====================================================+
| 6       0                 | 126           | VLLMEngineCor            | 184                     |
| 6       0                 | 159           | VLLMWorker_TP            | 27976                   |
+===========================+===============+====================================================+
| 7       0                 | 184           | VLLMWorker_TP            | 27976                   |
+===========================+===============+====================================================+
2026-08-10T04:48:35.873359695Z
+------------------------------------------------------------------------------------------------+
| npu-smi 25.5.2                   Version: 25.5.2                                               |
+---------------------------+---------------+----------------------------------------------------+
| NPU   Name                | Health        | Power(W)    Temp(C)           Hugepages-Usage(page)|
| Chip                      | Bus-Id        | AICore(%)   Memory-Usage(MB)  HBM-Usage(MB)        |
+===========================+===============+====================================================+
| 6     910B4               | OK            | 92.8        46                0    / 0             |
| 0                         | 0000:41:00.0  | 0           0    / 0          30932/ 32768         |
+===========================+===============+====================================================+
| 7     910B4               | OK            | 89.1        45                0    / 0             |
| 0                         | 0000:42:00.0  | 0           0    / 0          30800/ 32768         |
+===========================+===============+====================================================+
+---------------------------+---------------+----------------------------------------------------+
| NPU     Chip              | Process id    | Process name             | Process memory(MB)      |
+===========================+===============+====================================================+
| 6       0                 | 126           | VLLMEngineCor            | 184                     |
| 6       0                 | 159           | VLLMWorker_TP            | 27976                   |
+===========================+===============+====================================================+
| 7       0                 | 184           | VLLMWorker_TP            | 27976                   |
+===========================+===============+====================================================+
