2026-08-12T11:02:30.666897483Z
+------------------------------------------------------------------------------------------------+
| npu-smi 25.5.2                   Version: 25.5.2                                               |
+---------------------------+---------------+----------------------------------------------------+
| NPU   Name                | Health        | Power(W)    Temp(C)           Hugepages-Usage(page)|
| Chip                      | Bus-Id        | AICore(%)   Memory-Usage(MB)  HBM-Usage(MB)        |
+===========================+===============+====================================================+
| 4     910B4               | OK            | 92.5        47                0    / 0             |
| 0                         | 0000:01:00.0  | 0           0    / 0          30692/ 32768         |
+===========================+===============+====================================================+
| 5     910B4               | OK            | 91.1        46                0    / 0             |
| 0                         | 0000:02:00.0  | 0           0    / 0          30561/ 32768         |
+===========================+===============+====================================================+
+---------------------------+---------------+----------------------------------------------------+
| NPU     Chip              | Process id    | Process name             | Process memory(MB)      |
+===========================+===============+====================================================+
| 4       0                 | 131           | VLLMEngineCor            | 184                     |
| 4       0                 | 171           | VLLMWorker_TP            | 27738                   |
+===========================+===============+====================================================+
| 5       0                 | 195           | VLLMWorker_TP            | 27738                   |
+===========================+===============+====================================================+
2026-08-12T11:02:41.442140054Z
+------------------------------------------------------------------------------------------------+
| npu-smi 25.5.2                   Version: 25.5.2                                               |
+---------------------------+---------------+----------------------------------------------------+
| NPU   Name                | Health        | Power(W)    Temp(C)           Hugepages-Usage(page)|
| Chip                      | Bus-Id        | AICore(%)   Memory-Usage(MB)  HBM-Usage(MB)        |
+===========================+===============+====================================================+
| 4     910B4               | OK            | 92.3        47                0    / 0             |
| 0                         | 0000:01:00.0  | 0           0    / 0          30692/ 32768         |
+===========================+===============+====================================================+
| 5     910B4               | OK            | 91.0        45                0    / 0             |
| 0                         | 0000:02:00.0  | 0           0    / 0          30561/ 32768         |
+===========================+===============+====================================================+
+---------------------------+---------------+----------------------------------------------------+
| NPU     Chip              | Process id    | Process name             | Process memory(MB)      |
+===========================+===============+====================================================+
| 4       0                 | 131           | VLLMEngineCor            | 184                     |
| 4       0                 | 171           | VLLMWorker_TP            | 27738                   |
+===========================+===============+====================================================+
| 5       0                 | 195           | VLLMWorker_TP            | 27738                   |
+===========================+===============+====================================================+
2026-08-12T11:02:52.249682691Z
+------------------------------------------------------------------------------------------------+
| npu-smi 25.5.2                   Version: 25.5.2                                               |
+---------------------------+---------------+----------------------------------------------------+
| NPU   Name                | Health        | Power(W)    Temp(C)           Hugepages-Usage(page)|
| Chip                      | Bus-Id        | AICore(%)   Memory-Usage(MB)  HBM-Usage(MB)        |
+===========================+===============+====================================================+
| 4     910B4               | OK            | 92.2        47                0    / 0             |
| 0                         | 0000:01:00.0  | 0           0    / 0          30692/ 32768         |
+===========================+===============+====================================================+
| 5     910B4               | OK            | 91.0        46                0    / 0             |
| 0                         | 0000:02:00.0  | 0           0    / 0          30561/ 32768         |
+===========================+===============+====================================================+
+---------------------------+---------------+----------------------------------------------------+
| NPU     Chip              | Process id    | Process name             | Process memory(MB)      |
+===========================+===============+====================================================+
| 4       0                 | 131           | VLLMEngineCor            | 184                     |
| 4       0                 | 171           | VLLMWorker_TP            | 27738                   |
+===========================+===============+====================================================+
| 5       0                 | 195           | VLLMWorker_TP            | 27738                   |
+===========================+===============+====================================================+
2026-08-12T11:03:03.008012385Z
+------------------------------------------------------------------------------------------------+
| npu-smi 25.5.2                   Version: 25.5.2                                               |
+---------------------------+---------------+----------------------------------------------------+
| NPU   Name                | Health        | Power(W)    Temp(C)           Hugepages-Usage(page)|
| Chip                      | Bus-Id        | AICore(%)   Memory-Usage(MB)  HBM-Usage(MB)        |
+===========================+===============+====================================================+
| 4     910B4               | OK            | 99.6        47                0    / 0             |
| 0                         | 0000:01:00.0  | 0           0    / 0          30692/ 32768         |
+===========================+===============+====================================================+
| 5     910B4               | OK            | 98.2        45                0    / 0             |
| 0                         | 0000:02:00.0  | 0           0    / 0          30561/ 32768         |
+===========================+===============+====================================================+
+---------------------------+---------------+----------------------------------------------------+
| NPU     Chip              | Process id    | Process name             | Process memory(MB)      |
+===========================+===============+====================================================+
| 4       0                 | 131           | VLLMEngineCor            | 184                     |
| 4       0                 | 171           | VLLMWorker_TP            | 27738                   |
+===========================+===============+====================================================+
| 5       0                 | 195           | VLLMWorker_TP            | 27738                   |
+===========================+===============+====================================================+
2026-08-12T11:03:13.799968851Z
+------------------------------------------------------------------------------------------------+
| npu-smi 25.5.2                   Version: 25.5.2                                               |
+---------------------------+---------------+----------------------------------------------------+
| NPU   Name                | Health        | Power(W)    Temp(C)           Hugepages-Usage(page)|
| Chip                      | Bus-Id        | AICore(%)   Memory-Usage(MB)  HBM-Usage(MB)        |
+===========================+===============+====================================================+
| 4     910B4               | OK            | 100.2       47                0    / 0             |
| 0                         | 0000:01:00.0  | 0           0    / 0          30691/ 32768         |
+===========================+===============+====================================================+
| 5     910B4               | OK            | 97.0        45                0    / 0             |
| 0                         | 0000:02:00.0  | 0           0    / 0          30561/ 32768         |
+===========================+===============+====================================================+
+---------------------------+---------------+----------------------------------------------------+
| NPU     Chip              | Process id    | Process name             | Process memory(MB)      |
+===========================+===============+====================================================+
| 4       0                 | 131           | VLLMEngineCor            | 184                     |
| 4       0                 | 171           | VLLMWorker_TP            | 27738                   |
+===========================+===============+====================================================+
| 5       0                 | 195           | VLLMWorker_TP            | 27738                   |
+===========================+===============+====================================================+
2026-08-12T11:03:24.549886743Z
+------------------------------------------------------------------------------------------------+
| npu-smi 25.5.2                   Version: 25.5.2                                               |
+---------------------------+---------------+----------------------------------------------------+
| NPU   Name                | Health        | Power(W)    Temp(C)           Hugepages-Usage(page)|
| Chip                      | Bus-Id        | AICore(%)   Memory-Usage(MB)  HBM-Usage(MB)        |
+===========================+===============+====================================================+
| 4     910B4               | OK            | 99.6        47                0    / 0             |
| 0                         | 0000:01:00.0  | 0           0    / 0          30692/ 32768         |
+===========================+===============+====================================================+
| 5     910B4               | OK            | 97.7        45                0    / 0             |
| 0                         | 0000:02:00.0  | 0           0    / 0          30561/ 32768         |
+===========================+===============+====================================================+
+---------------------------+---------------+----------------------------------------------------+
| NPU     Chip              | Process id    | Process name             | Process memory(MB)      |
+===========================+===============+====================================================+
| 4       0                 | 131           | VLLMEngineCor            | 184                     |
| 4       0                 | 171           | VLLMWorker_TP            | 27738                   |
+===========================+===============+====================================================+
| 5       0                 | 195           | VLLMWorker_TP            | 27738                   |
+===========================+===============+====================================================+
2026-08-12T11:03:35.388168286Z
+------------------------------------------------------------------------------------------------+
| npu-smi 25.5.2                   Version: 25.5.2                                               |
+---------------------------+---------------+----------------------------------------------------+
| NPU   Name                | Health        | Power(W)    Temp(C)           Hugepages-Usage(page)|
| Chip                      | Bus-Id        | AICore(%)   Memory-Usage(MB)  HBM-Usage(MB)        |
+===========================+===============+====================================================+
| 4     910B4               | OK            | 100.4       47                0    / 0             |
| 0                         | 0000:01:00.0  | 0           0    / 0          30692/ 32768         |
+===========================+===============+====================================================+
| 5     910B4               | OK            | 97.9        46                0    / 0             |
| 0                         | 0000:02:00.0  | 0           0    / 0          30561/ 32768         |
+===========================+===============+====================================================+
+---------------------------+---------------+----------------------------------------------------+
| NPU     Chip              | Process id    | Process name             | Process memory(MB)      |
+===========================+===============+====================================================+
| 4       0                 | 131           | VLLMEngineCor            | 184                     |
| 4       0                 | 171           | VLLMWorker_TP            | 27738                   |
+===========================+===============+====================================================+
| 5       0                 | 195           | VLLMWorker_TP            | 27738                   |
+===========================+===============+====================================================+
2026-08-12T11:03:46.125406853Z
+------------------------------------------------------------------------------------------------+
| npu-smi 25.5.2                   Version: 25.5.2                                               |
+---------------------------+---------------+----------------------------------------------------+
| NPU   Name                | Health        | Power(W)    Temp(C)           Hugepages-Usage(page)|
| Chip                      | Bus-Id        | AICore(%)   Memory-Usage(MB)  HBM-Usage(MB)        |
+===========================+===============+====================================================+
| 4     910B4               | OK            | 100.1       47                0    / 0             |
| 0                         | 0000:01:00.0  | 0           0    / 0          30692/ 32768         |
+===========================+===============+====================================================+
| 5     910B4               | OK            | 97.5        46                0    / 0             |
| 0                         | 0000:02:00.0  | 0           0    / 0          30561/ 32768         |
+===========================+===============+====================================================+
+---------------------------+---------------+----------------------------------------------------+
| NPU     Chip              | Process id    | Process name             | Process memory(MB)      |
+===========================+===============+====================================================+
| 4       0                 | 131           | VLLMEngineCor            | 184                     |
| 4       0                 | 171           | VLLMWorker_TP            | 27738                   |
+===========================+===============+====================================================+
| 5       0                 | 195           | VLLMWorker_TP            | 27738                   |
+===========================+===============+====================================================+
2026-08-12T11:03:56.887591177Z
+------------------------------------------------------------------------------------------------+
| npu-smi 25.5.2                   Version: 25.5.2                                               |
+---------------------------+---------------+----------------------------------------------------+
| NPU   Name                | Health        | Power(W)    Temp(C)           Hugepages-Usage(page)|
| Chip                      | Bus-Id        | AICore(%)   Memory-Usage(MB)  HBM-Usage(MB)        |
+===========================+===============+====================================================+
| 4     910B4               | OK            | 100.3       47                0    / 0             |
| 0                         | 0000:01:00.0  | 0           0    / 0          30692/ 32768         |
+===========================+===============+====================================================+
| 5     910B4               | OK            | 98.4        46                0    / 0             |
| 0                         | 0000:02:00.0  | 5           0    / 0          30561/ 32768         |
+===========================+===============+====================================================+
+---------------------------+---------------+----------------------------------------------------+
| NPU     Chip              | Process id    | Process name             | Process memory(MB)      |
+===========================+===============+====================================================+
| 4       0                 | 131           | VLLMEngineCor            | 184                     |
| 4       0                 | 171           | VLLMWorker_TP            | 27738                   |
+===========================+===============+====================================================+
| 5       0                 | 195           | VLLMWorker_TP            | 27738                   |
+===========================+===============+====================================================+
2026-08-12T11:04:07.762086966Z
+------------------------------------------------------------------------------------------------+
| npu-smi 25.5.2                   Version: 25.5.2                                               |
+---------------------------+---------------+----------------------------------------------------+
| NPU   Name                | Health        | Power(W)    Temp(C)           Hugepages-Usage(page)|
| Chip                      | Bus-Id        | AICore(%)   Memory-Usage(MB)  HBM-Usage(MB)        |
+===========================+===============+====================================================+
| 4     910B4               | OK            | 100.4       47                0    / 0             |
| 0                         | 0000:01:00.0  | 0           0    / 0          30692/ 32768         |
+===========================+===============+====================================================+
| 5     910B4               | OK            | 97.5        47                0    / 0             |
| 0                         | 0000:02:00.0  | 0           0    / 0          30561/ 32768         |
+===========================+===============+====================================================+
+---------------------------+---------------+----------------------------------------------------+
| NPU     Chip              | Process id    | Process name             | Process memory(MB)      |
+===========================+===============+====================================================+
| 4       0                 | 131           | VLLMEngineCor            | 184                     |
| 4       0                 | 171           | VLLMWorker_TP            | 27738                   |
+===========================+===============+====================================================+
| 5       0                 | 195           | VLLMWorker_TP            | 27738                   |
+===========================+===============+====================================================+
2026-08-12T11:04:18.473067018Z
+------------------------------------------------------------------------------------------------+
| npu-smi 25.5.2                   Version: 25.5.2                                               |
+---------------------------+---------------+----------------------------------------------------+
| NPU   Name                | Health        | Power(W)    Temp(C)           Hugepages-Usage(page)|
| Chip                      | Bus-Id        | AICore(%)   Memory-Usage(MB)  HBM-Usage(MB)        |
+===========================+===============+====================================================+
| 4     910B4               | OK            | 100.0       47                0    / 0             |
| 0                         | 0000:01:00.0  | 0           0    / 0          30692/ 32768         |
+===========================+===============+====================================================+
| 5     910B4               | OK            | 98.0        46                0    / 0             |
| 0                         | 0000:02:00.0  | 0           0    / 0          30561/ 32768         |
+===========================+===============+====================================================+
+---------------------------+---------------+----------------------------------------------------+
| NPU     Chip              | Process id    | Process name             | Process memory(MB)      |
+===========================+===============+====================================================+
| 4       0                 | 131           | VLLMEngineCor            | 184                     |
| 4       0                 | 171           | VLLMWorker_TP            | 27738                   |
+===========================+===============+====================================================+
| 5       0                 | 195           | VLLMWorker_TP            | 27738                   |
+===========================+===============+====================================================+
2026-08-12T11:04:29.218340025Z
+------------------------------------------------------------------------------------------------+
| npu-smi 25.5.2                   Version: 25.5.2                                               |
+---------------------------+---------------+----------------------------------------------------+
| NPU   Name                | Health        | Power(W)    Temp(C)           Hugepages-Usage(page)|
| Chip                      | Bus-Id        | AICore(%)   Memory-Usage(MB)  HBM-Usage(MB)        |
+===========================+===============+====================================================+
| 4     910B4               | OK            | 100.4       47                0    / 0             |
| 0                         | 0000:01:00.0  | 0           0    / 0          30692/ 32768         |
+===========================+===============+====================================================+
| 5     910B4               | OK            | 97.5        47                0    / 0             |
| 0                         | 0000:02:00.0  | 0           0    / 0          30560/ 32768         |
+===========================+===============+====================================================+
+---------------------------+---------------+----------------------------------------------------+
| NPU     Chip              | Process id    | Process name             | Process memory(MB)      |
+===========================+===============+====================================================+
| 4       0                 | 131           | VLLMEngineCor            | 184                     |
| 4       0                 | 171           | VLLMWorker_TP            | 27738                   |
+===========================+===============+====================================================+
| 5       0                 | 195           | VLLMWorker_TP            | 27738                   |
+===========================+===============+====================================================+
2026-08-12T11:04:39.958573317Z
+------------------------------------------------------------------------------------------------+
| npu-smi 25.5.2                   Version: 25.5.2                                               |
+---------------------------+---------------+----------------------------------------------------+
| NPU   Name                | Health        | Power(W)    Temp(C)           Hugepages-Usage(page)|
| Chip                      | Bus-Id        | AICore(%)   Memory-Usage(MB)  HBM-Usage(MB)        |
+===========================+===============+====================================================+
| 4     910B4               | OK            | 100.6       47                0    / 0             |
| 0                         | 0000:01:00.0  | 0           0    / 0          30692/ 32768         |
+===========================+===============+====================================================+
| 5     910B4               | OK            | 98.5        46                0    / 0             |
| 0                         | 0000:02:00.0  | 6           0    / 0          30561/ 32768         |
+===========================+===============+====================================================+
+---------------------------+---------------+----------------------------------------------------+
| NPU     Chip              | Process id    | Process name             | Process memory(MB)      |
+===========================+===============+====================================================+
| 4       0                 | 131           | VLLMEngineCor            | 184                     |
| 4       0                 | 171           | VLLMWorker_TP            | 27738                   |
+===========================+===============+====================================================+
| 5       0                 | 195           | VLLMWorker_TP            | 27738                   |
+===========================+===============+====================================================+
2026-08-12T11:04:50.694817668Z
+------------------------------------------------------------------------------------------------+
| npu-smi 25.5.2                   Version: 25.5.2                                               |
+---------------------------+---------------+----------------------------------------------------+
| NPU   Name                | Health        | Power(W)    Temp(C)           Hugepages-Usage(page)|
| Chip                      | Bus-Id        | AICore(%)   Memory-Usage(MB)  HBM-Usage(MB)        |
+===========================+===============+====================================================+
| 4     910B4               | OK            | 100.4       47                0    / 0             |
| 0                         | 0000:01:00.0  | 0           0    / 0          30692/ 32768         |
+===========================+===============+====================================================+
| 5     910B4               | OK            | 98.4        47                0    / 0             |
| 0                         | 0000:02:00.0  | 0           0    / 0          30561/ 32768         |
+===========================+===============+====================================================+
+---------------------------+---------------+----------------------------------------------------+
| NPU     Chip              | Process id    | Process name             | Process memory(MB)      |
+===========================+===============+====================================================+
| 4       0                 | 131           | VLLMEngineCor            | 184                     |
| 4       0                 | 171           | VLLMWorker_TP            | 27738                   |
+===========================+===============+====================================================+
| 5       0                 | 195           | VLLMWorker_TP            | 27738                   |
+===========================+===============+====================================================+
2026-08-12T11:05:01.461091853Z
+------------------------------------------------------------------------------------------------+
| npu-smi 25.5.2                   Version: 25.5.2                                               |
+---------------------------+---------------+----------------------------------------------------+
| NPU   Name                | Health        | Power(W)    Temp(C)           Hugepages-Usage(page)|
| Chip                      | Bus-Id        | AICore(%)   Memory-Usage(MB)  HBM-Usage(MB)        |
+===========================+===============+====================================================+
| 4     910B4               | OK            | 101.0       47                0    / 0             |
| 0                         | 0000:01:00.0  | 0           0    / 0          30692/ 32768         |
+===========================+===============+====================================================+
| 5     910B4               | OK            | 97.7        47                0    / 0             |
| 0                         | 0000:02:00.0  | 0           0    / 0          30561/ 32768         |
+===========================+===============+====================================================+
+---------------------------+---------------+----------------------------------------------------+
| NPU     Chip              | Process id    | Process name             | Process memory(MB)      |
+===========================+===============+====================================================+
| 4       0                 | 131           | VLLMEngineCor            | 184                     |
| 4       0                 | 171           | VLLMWorker_TP            | 27738                   |
+===========================+===============+====================================================+
| 5       0                 | 195           | VLLMWorker_TP            | 27738                   |
+===========================+===============+====================================================+
2026-08-12T11:05:12.214744003Z
+------------------------------------------------------------------------------------------------+
| npu-smi 25.5.2                   Version: 25.5.2                                               |
+---------------------------+---------------+----------------------------------------------------+
| NPU   Name                | Health        | Power(W)    Temp(C)           Hugepages-Usage(page)|
| Chip                      | Bus-Id        | AICore(%)   Memory-Usage(MB)  HBM-Usage(MB)        |
+===========================+===============+====================================================+
| 4     910B4               | OK            | 100.1       47                0    / 0             |
| 0                         | 0000:01:00.0  | 0           0    / 0          30692/ 32768         |
+===========================+===============+====================================================+
| 5     910B4               | OK            | 97.2        47                0    / 0             |
| 0                         | 0000:02:00.0  | 0           0    / 0          30561/ 32768         |
+===========================+===============+====================================================+
+---------------------------+---------------+----------------------------------------------------+
| NPU     Chip              | Process id    | Process name             | Process memory(MB)      |
+===========================+===============+====================================================+
| 4       0                 | 131           | VLLMEngineCor            | 184                     |
| 4       0                 | 171           | VLLMWorker_TP            | 27738                   |
+===========================+===============+====================================================+
| 5       0                 | 195           | VLLMWorker_TP            | 27738                   |
+===========================+===============+====================================================+
2026-08-12T11:05:22.978471625Z
+------------------------------------------------------------------------------------------------+
| npu-smi 25.5.2                   Version: 25.5.2                                               |
+---------------------------+---------------+----------------------------------------------------+
| NPU   Name                | Health        | Power(W)    Temp(C)           Hugepages-Usage(page)|
| Chip                      | Bus-Id        | AICore(%)   Memory-Usage(MB)  HBM-Usage(MB)        |
+===========================+===============+====================================================+
| 4     910B4               | OK            | 101.1       47                0    / 0             |
| 0                         | 0000:01:00.0  | 2           0    / 0          30692/ 32768         |
+===========================+===============+====================================================+
| 5     910B4               | OK            | 98.7        47                0    / 0             |
| 0                         | 0000:02:00.0  | 5           0    / 0          30561/ 32768         |
+===========================+===============+====================================================+
+---------------------------+---------------+----------------------------------------------------+
| NPU     Chip              | Process id    | Process name             | Process memory(MB)      |
+===========================+===============+====================================================+
| 4       0                 | 131           | VLLMEngineCor            | 184                     |
| 4       0                 | 171           | VLLMWorker_TP            | 27738                   |
+===========================+===============+====================================================+
| 5       0                 | 195           | VLLMWorker_TP            | 27738                   |
+===========================+===============+====================================================+
2026-08-12T11:05:33.700357173Z
+------------------------------------------------------------------------------------------------+
| npu-smi 25.5.2                   Version: 25.5.2                                               |
+---------------------------+---------------+----------------------------------------------------+
| NPU   Name                | Health        | Power(W)    Temp(C)           Hugepages-Usage(page)|
| Chip                      | Bus-Id        | AICore(%)   Memory-Usage(MB)  HBM-Usage(MB)        |
+===========================+===============+====================================================+
| 4     910B4               | OK            | 100.5       47                0    / 0             |
| 0                         | 0000:01:00.0  | 0           0    / 0          30692/ 32768         |
+===========================+===============+====================================================+
| 5     910B4               | OK            | 97.8        47                0    / 0             |
| 0                         | 0000:02:00.0  | 0           0    / 0          30561/ 32768         |
+===========================+===============+====================================================+
+---------------------------+---------------+----------------------------------------------------+
| NPU     Chip              | Process id    | Process name             | Process memory(MB)      |
+===========================+===============+====================================================+
| 4       0                 | 131           | VLLMEngineCor            | 184                     |
| 4       0                 | 171           | VLLMWorker_TP            | 27738                   |
+===========================+===============+====================================================+
| 5       0                 | 195           | VLLMWorker_TP            | 27738                   |
+===========================+===============+====================================================+
2026-08-12T11:05:44.438415983Z
+------------------------------------------------------------------------------------------------+
| npu-smi 25.5.2                   Version: 25.5.2                                               |
+---------------------------+---------------+----------------------------------------------------+
| NPU   Name                | Health        | Power(W)    Temp(C)           Hugepages-Usage(page)|
| Chip                      | Bus-Id        | AICore(%)   Memory-Usage(MB)  HBM-Usage(MB)        |
+===========================+===============+====================================================+
| 4     910B4               | OK            | 101.0       47                0    / 0             |
| 0                         | 0000:01:00.0  | 0           0    / 0          30691/ 32768         |
+===========================+===============+====================================================+
| 5     910B4               | OK            | 97.6        47                0    / 0             |
| 0                         | 0000:02:00.0  | 0           0    / 0          30561/ 32768         |
+===========================+===============+====================================================+
+---------------------------+---------------+----------------------------------------------------+
| NPU     Chip              | Process id    | Process name             | Process memory(MB)      |
+===========================+===============+====================================================+
| 4       0                 | 131           | VLLMEngineCor            | 184                     |
| 4       0                 | 171           | VLLMWorker_TP            | 27738                   |
+===========================+===============+====================================================+
| 5       0                 | 195           | VLLMWorker_TP            | 27738                   |
+===========================+===============+====================================================+
2026-08-12T11:05:55.157625427Z
+------------------------------------------------------------------------------------------------+
| npu-smi 25.5.2                   Version: 25.5.2                                               |
+---------------------------+---------------+----------------------------------------------------+
| NPU   Name                | Health        | Power(W)    Temp(C)           Hugepages-Usage(page)|
| Chip                      | Bus-Id        | AICore(%)   Memory-Usage(MB)  HBM-Usage(MB)        |
+===========================+===============+====================================================+
| 4     910B4               | OK            | 100.5       47                0    / 0             |
| 0                         | 0000:01:00.0  | 0           0    / 0          30692/ 32768         |
+===========================+===============+====================================================+
| 5     910B4               | OK            | 98.2        47                0    / 0             |
| 0                         | 0000:02:00.0  | 0           0    / 0          30561/ 32768         |
+===========================+===============+====================================================+
+---------------------------+---------------+----------------------------------------------------+
| NPU     Chip              | Process id    | Process name             | Process memory(MB)      |
+===========================+===============+====================================================+
| 4       0                 | 131           | VLLMEngineCor            | 184                     |
| 4       0                 | 171           | VLLMWorker_TP            | 27738                   |
+===========================+===============+====================================================+
| 5       0                 | 195           | VLLMWorker_TP            | 27738                   |
+===========================+===============+====================================================+
2026-08-12T11:06:05.897130835Z
+------------------------------------------------------------------------------------------------+
| npu-smi 25.5.2                   Version: 25.5.2                                               |
+---------------------------+---------------+----------------------------------------------------+
| NPU   Name                | Health        | Power(W)    Temp(C)           Hugepages-Usage(page)|
| Chip                      | Bus-Id        | AICore(%)   Memory-Usage(MB)  HBM-Usage(MB)        |
+===========================+===============+====================================================+
| 4     910B4               | OK            | 100.4       47                0    / 0             |
| 0                         | 0000:01:00.0  | 0           0    / 0          30691/ 32768         |
+===========================+===============+====================================================+
| 5     910B4               | OK            | 98.1        47                0    / 0             |
| 0                         | 0000:02:00.0  | 0           0    / 0          30561/ 32768         |
+===========================+===============+====================================================+
+---------------------------+---------------+----------------------------------------------------+
| NPU     Chip              | Process id    | Process name             | Process memory(MB)      |
+===========================+===============+====================================================+
| 4       0                 | 131           | VLLMEngineCor            | 184                     |
| 4       0                 | 171           | VLLMWorker_TP            | 27738                   |
+===========================+===============+====================================================+
| 5       0                 | 195           | VLLMWorker_TP            | 27738                   |
+===========================+===============+====================================================+
2026-08-12T11:06:16.675870514Z
+------------------------------------------------------------------------------------------------+
| npu-smi 25.5.2                   Version: 25.5.2                                               |
+---------------------------+---------------+----------------------------------------------------+
| NPU   Name                | Health        | Power(W)    Temp(C)           Hugepages-Usage(page)|
| Chip                      | Bus-Id        | AICore(%)   Memory-Usage(MB)  HBM-Usage(MB)        |
+===========================+===============+====================================================+
| 4     910B4               | OK            | 100.2       48                0    / 0             |
| 0                         | 0000:01:00.0  | 0           0    / 0          30692/ 32768         |
+===========================+===============+====================================================+
| 5     910B4               | OK            | 98.0        47                0    / 0             |
| 0                         | 0000:02:00.0  | 0           0    / 0          30561/ 32768         |
+===========================+===============+====================================================+
+---------------------------+---------------+----------------------------------------------------+
| NPU     Chip              | Process id    | Process name             | Process memory(MB)      |
+===========================+===============+====================================================+
| 4       0                 | 131           | VLLMEngineCor            | 184                     |
| 4       0                 | 171           | VLLMWorker_TP            | 27738                   |
+===========================+===============+====================================================+
| 5       0                 | 195           | VLLMWorker_TP            | 27738                   |
+===========================+===============+====================================================+
2026-08-12T11:06:27.415136071Z
+------------------------------------------------------------------------------------------------+
| npu-smi 25.5.2                   Version: 25.5.2                                               |
+---------------------------+---------------+----------------------------------------------------+
| NPU   Name                | Health        | Power(W)    Temp(C)           Hugepages-Usage(page)|
| Chip                      | Bus-Id        | AICore(%)   Memory-Usage(MB)  HBM-Usage(MB)        |
+===========================+===============+====================================================+
| 4     910B4               | OK            | 101.0       47                0    / 0             |
| 0                         | 0000:01:00.0  | 0           0    / 0          30692/ 32768         |
+===========================+===============+====================================================+
| 5     910B4               | OK            | 98.3        47                0    / 0             |
| 0                         | 0000:02:00.0  | 0           0    / 0          30561/ 32768         |
+===========================+===============+====================================================+
+---------------------------+---------------+----------------------------------------------------+
| NPU     Chip              | Process id    | Process name             | Process memory(MB)      |
+===========================+===============+====================================================+
| 4       0                 | 131           | VLLMEngineCor            | 184                     |
| 4       0                 | 171           | VLLMWorker_TP            | 27738                   |
+===========================+===============+====================================================+
| 5       0                 | 195           | VLLMWorker_TP            | 27738                   |
+===========================+===============+====================================================+
