2026-08-10T04:48:41.460358275Z
NAME                             CPU(cores)   MEMORY(bytes)   
layerwise-performance-aisbench   21m          3654Mi          
Inter-|   Receive                                                |  Transmit
 face |bytes    packets errs drop fifo frame compressed multicast|bytes    packets errs drop fifo colls carrier compressed
    lo:       0       0    0    0    0     0          0         0        0       0    0    0    0     0       0          0
  eth0: 2388689829 2674839    0    0    0     0          0         0 837924985 2746862    0    0    0     0       0          0
2026-08-10T04:48:51.789044686Z
NAME                             CPU(cores)   MEMORY(bytes)   
layerwise-performance-aisbench   581m         2864Mi          
Inter-|   Receive                                                |  Transmit
 face |bytes    packets errs drop fifo frame compressed multicast|bytes    packets errs drop fifo colls carrier compressed
    lo:       0       0    0    0    0     0          0         0        0       0    0    0    0     0       0          0
  eth0: 2388689829 2674839    0    0    0     0          0         0 837924985 2746862    0    0    0     0       0          0
2026-08-10T04:49:02.045589611Z
NAME                             CPU(cores)   MEMORY(bytes)   
layerwise-performance-aisbench   581m         2864Mi          
Inter-|   Receive                                                |  Transmit
 face |bytes    packets errs drop fifo frame compressed multicast|bytes    packets errs drop fifo colls carrier compressed
    lo:       0       0    0    0    0     0          0         0        0       0    0    0    0     0       0          0
  eth0: 2388716482 2674849    0    0    0     0          0         0 837925928 2746873    0    0    0     0       0          0
2026-08-10T04:49:12.325260056Z
NAME                             CPU(cores)   MEMORY(bytes)   
layerwise-performance-aisbench   1008m        3282Mi          
Inter-|   Receive                                                |  Transmit
 face |bytes    packets errs drop fifo frame compressed multicast|bytes    packets errs drop fifo colls carrier compressed
    lo:       0       0    0    0    0     0          0         0        0       0    0    0    0     0       0          0
  eth0: 2388750918 2674959    0    0    0     0          0         0 838822911 2747001    0    0    0     0       0          0
2026-08-10T04:49:22.602783520Z
NAME                             CPU(cores)   MEMORY(bytes)   
layerwise-performance-aisbench   1012m        3611Mi          
Inter-|   Receive                                                |  Transmit
 face |bytes    packets errs drop fifo frame compressed multicast|bytes    packets errs drop fifo colls carrier compressed
    lo:       0       0    0    0    0     0          0         0        0       0    0    0    0     0       0          0
  eth0: 2388785320 2675030    0    0    0     0          0         0 839223690 2747088    0    0    0     0       0          0
2026-08-10T04:49:32.889403461Z
NAME                             CPU(cores)   MEMORY(bytes)   
layerwise-performance-aisbench   1012m        3611Mi          
Inter-|   Receive                                                |  Transmit
 face |bytes    packets errs drop fifo frame compressed multicast|bytes    packets errs drop fifo colls carrier compressed
    lo:       0       0    0    0    0     0          0         0        0       0    0    0    0     0       0          0
  eth0: 2388820229 2675109    0    0    0     0          0         0 839624379 2747174    0    0    0     0       0          0
2026-08-10T04:49:43.157843668Z
NAME                             CPU(cores)   MEMORY(bytes)   
layerwise-performance-aisbench   55m          3674Mi          
Inter-|   Receive                                                |  Transmit
 face |bytes    packets errs drop fifo frame compressed multicast|bytes    packets errs drop fifo colls carrier compressed
    lo:       0       0    0    0    0     0          0         0        0       0    0    0    0     0       0          0
  eth0: 2388854772 2675182    0    0    0     0          0         0 840025092 2747260    0    0    0     0       0          0
2026-08-10T04:49:53.426704186Z
NAME                             CPU(cores)   MEMORY(bytes)   
layerwise-performance-aisbench   55m          3674Mi          
Inter-|   Receive                                                |  Transmit
 face |bytes    packets errs drop fifo frame compressed multicast|bytes    packets errs drop fifo colls carrier compressed
    lo:       0       0    0    0    0     0          0         0        0       0    0    0    0     0       0          0
  eth0: 2388889356 2675256    0    0    0     0          0         0 840425781 2747346    0    0    0     0       0          0
2026-08-10T04:50:03.687764054Z
NAME                             CPU(cores)   MEMORY(bytes)   
layerwise-performance-aisbench   55m          3674Mi          
Inter-|   Receive                                                |  Transmit
 face |bytes    packets errs drop fifo frame compressed multicast|bytes    packets errs drop fifo colls carrier compressed
    lo:       0       0    0    0    0     0          0         0        0       0    0    0    0     0       0          0
  eth0: 2388923701 2675326    0    0    0     0          0         0 840826494 2747432    0    0    0     0       0          0
2026-08-10T04:50:13.983419553Z
NAME                             CPU(cores)   MEMORY(bytes)   
layerwise-performance-aisbench   14m          3674Mi          
Inter-|   Receive                                                |  Transmit
 face |bytes    packets errs drop fifo frame compressed multicast|bytes    packets errs drop fifo colls carrier compressed
    lo:       0       0    0    0    0     0          0         0        0       0    0    0    0     0       0          0
  eth0: 2388956754 2675386    0    0    0     0          0         0 841127275 2747499    0    0    0     0       0          0
2026-08-10T04:50:24.214830346Z
NAME                             CPU(cores)   MEMORY(bytes)   
layerwise-performance-aisbench   20m          3674Mi          
Inter-|   Receive                                                |  Transmit
 face |bytes    packets errs drop fifo frame compressed multicast|bytes    packets errs drop fifo colls carrier compressed
    lo:       0       0    0    0    0     0          0         0        0       0    0    0    0     0       0          0
  eth0: 2388991143 2675457    0    0    0     0          0         0 841527922 2747584    0    0    0     0       0          0
2026-08-10T04:50:34.481335852Z
NAME                             CPU(cores)   MEMORY(bytes)   
layerwise-performance-aisbench   20m          3674Mi          
Inter-|   Receive                                                |  Transmit
 face |bytes    packets errs drop fifo frame compressed multicast|bytes    packets errs drop fifo colls carrier compressed
    lo:       0       0    0    0    0     0          0         0        0       0    0    0    0     0       0          0
  eth0: 2389025533 2675531    0    0    0     0          0         0 841928503 2747668    0    0    0     0       0          0
2026-08-10T04:50:44.763664201Z
NAME                             CPU(cores)   MEMORY(bytes)   
layerwise-performance-aisbench   16m          3674Mi          
Inter-|   Receive                                                |  Transmit
 face |bytes    packets errs drop fifo frame compressed multicast|bytes    packets errs drop fifo colls carrier compressed
    lo:       0       0    0    0    0     0          0         0        0       0    0    0    0     0       0          0
  eth0: 2389060119 2675605    0    0    0     0          0         0 842329192 2747754    0    0    0     0       0          0
2026-08-10T04:50:55.079709937Z
NAME                             CPU(cores)   MEMORY(bytes)   
layerwise-performance-aisbench   25m          3674Mi          
Inter-|   Receive                                                |  Transmit
 face |bytes    packets errs drop fifo frame compressed multicast|bytes    packets errs drop fifo colls carrier compressed
    lo:       0       0    0    0    0     0          0         0        0       0    0    0    0     0       0          0
  eth0: 2389094531 2675676    0    0    0     0          0         0 842729905 2747840    0    0    0     0       0          0
2026-08-10T04:51:05.347618770Z
NAME                             CPU(cores)   MEMORY(bytes)   
layerwise-performance-aisbench   15m          3675Mi          
Inter-|   Receive                                                |  Transmit
 face |bytes    packets errs drop fifo frame compressed multicast|bytes    packets errs drop fifo colls carrier compressed
    lo:       0       0    0    0    0     0          0         0        0       0    0    0    0     0       0          0
  eth0: 2389128943 2675747    0    0    0     0          0         0 843130672 2747927    0    0    0     0       0          0
2026-08-10T04:51:15.621866367Z
NAME                             CPU(cores)   MEMORY(bytes)   
layerwise-performance-aisbench   15m          3675Mi          
Inter-|   Receive                                                |  Transmit
 face |bytes    packets errs drop fifo frame compressed multicast|bytes    packets errs drop fifo colls carrier compressed
    lo:       0       0    0    0    0     0          0         0        0       0    0    0    0     0       0          0
  eth0: 2389163661 2675823    0    0    0     0          0         0 843531835 2748020    0    0    0     0       0          0
2026-08-10T04:51:25.895895443Z
NAME                             CPU(cores)   MEMORY(bytes)   
layerwise-performance-aisbench   25m          3674Mi          
Inter-|   Receive                                                |  Transmit
 face |bytes    packets errs drop fifo frame compressed multicast|bytes    packets errs drop fifo colls carrier compressed
    lo:       0       0    0    0    0     0          0         0        0       0    0    0    0     0       0          0
  eth0: 2389198272 2675897    0    0    0     0          0         0 843932614 2748107    0    0    0     0       0          0
2026-08-10T04:51:36.124852563Z
NAME                             CPU(cores)   MEMORY(bytes)   
layerwise-performance-aisbench   21m          3674Mi          
Inter-|   Receive                                                |  Transmit
 face |bytes    packets errs drop fifo frame compressed multicast|bytes    packets errs drop fifo colls carrier compressed
    lo:       0       0    0    0    0     0          0         0        0       0    0    0    0     0       0          0
  eth0: 2389232792 2675970    0    0    0     0          0         0 844333447 2748195    0    0    0     0       0          0
2026-08-10T04:51:46.390219103Z
NAME                             CPU(cores)   MEMORY(bytes)   
layerwise-performance-aisbench   21m          3674Mi          
Inter-|   Receive                                                |  Transmit
 face |bytes    packets errs drop fifo frame compressed multicast|bytes    packets errs drop fifo colls carrier compressed
    lo:       0       0    0    0    0     0          0         0        0       0    0    0    0     0       0          0
  eth0: 2389264093 2675998    0    0    0     0          0         0 844335764 2748227    0    0    0     0       0          0
2026-08-10T04:51:56.633173217Z
NAME                             CPU(cores)   MEMORY(bytes)   
layerwise-performance-aisbench   16m          3674Mi          
Inter-|   Receive                                                |  Transmit
 face |bytes    packets errs drop fifo frame compressed multicast|bytes    packets errs drop fifo colls carrier compressed
    lo:       0       0    0    0    0     0          0         0        0       0    0    0    0     0       0          0
  eth0: 2389295593 2676029    0    0    0     0          0         0 844338267 2748262    0    0    0     0       0          0
