2026-08-10T04:48:41.459661841Z
+------------------------------------------------------------------------------------------------+
| npu-smi 25.5.2                   Version: 25.5.2                                               |
+---------------------------+---------------+----------------------------------------------------+
| NPU   Name                | Health        | Power(W)    Temp(C)           Hugepages-Usage(page)|
| Chip                      | Bus-Id        | AICore(%)   Memory-Usage(MB)  HBM-Usage(MB)        |
+===========================+===============+====================================================+
| 2     910B4               | OK            | 90.4        42                0    / 0             |
| 0                         | 0000:81:00.0  | 0           0    / 0          30693/ 32768         |
+===========================+===============+====================================================+
| 3     910B4               | OK            | 94.8        43                0    / 0             |
| 0                         | 0000:82:00.0  | 0           0    / 0          30563/ 32768         |
+===========================+===============+====================================================+
+---------------------------+---------------+----------------------------------------------------+
| NPU     Chip              | Process id    | Process name             | Process memory(MB)      |
+===========================+===============+====================================================+
| 2       0                 | 159           | VLLMWorker_TP            | 27738                   |
| 2       0                 | 126           | VLLMEngineCor            | 184                     |
+===========================+===============+====================================================+
| 3       0                 | 184           | VLLMWorker_TP            | 27738                   |
+===========================+===============+====================================================+
2026-08-10T04:48:52.201040379Z
+------------------------------------------------------------------------------------------------+
| npu-smi 25.5.2                   Version: 25.5.2                                               |
+---------------------------+---------------+----------------------------------------------------+
| NPU   Name                | Health        | Power(W)    Temp(C)           Hugepages-Usage(page)|
| Chip                      | Bus-Id        | AICore(%)   Memory-Usage(MB)  HBM-Usage(MB)        |
+===========================+===============+====================================================+
| 2     910B4               | OK            | 90.3        43                0    / 0             |
| 0                         | 0000:81:00.0  | 0           0    / 0          30693/ 32768         |
+===========================+===============+====================================================+
| 3     910B4               | OK            | 95.0        43                0    / 0             |
| 0                         | 0000:82:00.0  | 0           0    / 0          30563/ 32768         |
+===========================+===============+====================================================+
+---------------------------+---------------+----------------------------------------------------+
| NPU     Chip              | Process id    | Process name             | Process memory(MB)      |
+===========================+===============+====================================================+
| 2       0                 | 159           | VLLMWorker_TP            | 27738                   |
| 2       0                 | 126           | VLLMEngineCor            | 184                     |
+===========================+===============+====================================================+
| 3       0                 | 184           | VLLMWorker_TP            | 27738                   |
+===========================+===============+====================================================+
2026-08-10T04:49:03.016743356Z
+------------------------------------------------------------------------------------------------+
| npu-smi 25.5.2                   Version: 25.5.2                                               |
+---------------------------+---------------+----------------------------------------------------+
| NPU   Name                | Health        | Power(W)    Temp(C)           Hugepages-Usage(page)|
| Chip                      | Bus-Id        | AICore(%)   Memory-Usage(MB)  HBM-Usage(MB)        |
+===========================+===============+====================================================+
| 2     910B4               | OK            | 90.3        42                0    / 0             |
| 0                         | 0000:81:00.0  | 0           0    / 0          30693/ 32768         |
+===========================+===============+====================================================+
| 3     910B4               | OK            | 95.0        43                0    / 0             |
| 0                         | 0000:82:00.0  | 0           0    / 0          30564/ 32768         |
+===========================+===============+====================================================+
+---------------------------+---------------+----------------------------------------------------+
| NPU     Chip              | Process id    | Process name             | Process memory(MB)      |
+===========================+===============+====================================================+
| 2       0                 | 159           | VLLMWorker_TP            | 27738                   |
| 2       0                 | 126           | VLLMEngineCor            | 184                     |
+===========================+===============+====================================================+
| 3       0                 | 184           | VLLMWorker_TP            | 27738                   |
+===========================+===============+====================================================+
2026-08-10T04:49:13.761386401Z
+------------------------------------------------------------------------------------------------+
| npu-smi 25.5.2                   Version: 25.5.2                                               |
+---------------------------+---------------+----------------------------------------------------+
| NPU   Name                | Health        | Power(W)    Temp(C)           Hugepages-Usage(page)|
| Chip                      | Bus-Id        | AICore(%)   Memory-Usage(MB)  HBM-Usage(MB)        |
+===========================+===============+====================================================+
| 2     910B4               | OK            | 97.5        42                0    / 0             |
| 0                         | 0000:81:00.0  | 0           0    / 0          30694/ 32768         |
+===========================+===============+====================================================+
| 3     910B4               | OK            | 100.2       43                0    / 0             |
| 0                         | 0000:82:00.0  | 0           0    / 0          30563/ 32768         |
+===========================+===============+====================================================+
+---------------------------+---------------+----------------------------------------------------+
| NPU     Chip              | Process id    | Process name             | Process memory(MB)      |
+===========================+===============+====================================================+
| 2       0                 | 159           | VLLMWorker_TP            | 27738                   |
| 2       0                 | 126           | VLLMEngineCor            | 184                     |
+===========================+===============+====================================================+
| 3       0                 | 184           | VLLMWorker_TP            | 27738                   |
+===========================+===============+====================================================+
2026-08-10T04:49:24.564827244Z
+------------------------------------------------------------------------------------------------+
| npu-smi 25.5.2                   Version: 25.5.2                                               |
+---------------------------+---------------+----------------------------------------------------+
| NPU   Name                | Health        | Power(W)    Temp(C)           Hugepages-Usage(page)|
| Chip                      | Bus-Id        | AICore(%)   Memory-Usage(MB)  HBM-Usage(MB)        |
+===========================+===============+====================================================+
| 2     910B4               | OK            | 98.7        42                0    / 0             |
| 0                         | 0000:81:00.0  | 0           0    / 0          30694/ 32768         |
+===========================+===============+====================================================+
| 3     910B4               | OK            | 101.1       44                0    / 0             |
| 0                         | 0000:82:00.0  | 0           0    / 0          30563/ 32768         |
+===========================+===============+====================================================+
+---------------------------+---------------+----------------------------------------------------+
| NPU     Chip              | Process id    | Process name             | Process memory(MB)      |
+===========================+===============+====================================================+
| 2       0                 | 159           | VLLMWorker_TP            | 27738                   |
| 2       0                 | 126           | VLLMEngineCor            | 184                     |
+===========================+===============+====================================================+
| 3       0                 | 184           | VLLMWorker_TP            | 27738                   |
+===========================+===============+====================================================+
2026-08-10T04:49:35.360010343Z
+------------------------------------------------------------------------------------------------+
| npu-smi 25.5.2                   Version: 25.5.2                                               |
+---------------------------+---------------+----------------------------------------------------+
| NPU   Name                | Health        | Power(W)    Temp(C)           Hugepages-Usage(page)|
| Chip                      | Bus-Id        | AICore(%)   Memory-Usage(MB)  HBM-Usage(MB)        |
+===========================+===============+====================================================+
| 2     910B4               | OK            | 98.3        42                0    / 0             |
| 0                         | 0000:81:00.0  | 0           0    / 0          30694/ 32768         |
+===========================+===============+====================================================+
| 3     910B4               | OK            | 99.4        44                0    / 0             |
| 0                         | 0000:82:00.0  | 0           0    / 0          30564/ 32768         |
+===========================+===============+====================================================+
+---------------------------+---------------+----------------------------------------------------+
| NPU     Chip              | Process id    | Process name             | Process memory(MB)      |
+===========================+===============+====================================================+
| 2       0                 | 159           | VLLMWorker_TP            | 27738                   |
| 2       0                 | 126           | VLLMEngineCor            | 184                     |
+===========================+===============+====================================================+
| 3       0                 | 184           | VLLMWorker_TP            | 27738                   |
+===========================+===============+====================================================+
2026-08-10T04:49:46.112266568Z
+------------------------------------------------------------------------------------------------+
| npu-smi 25.5.2                   Version: 25.5.2                                               |
+---------------------------+---------------+----------------------------------------------------+
| NPU   Name                | Health        | Power(W)    Temp(C)           Hugepages-Usage(page)|
| Chip                      | Bus-Id        | AICore(%)   Memory-Usage(MB)  HBM-Usage(MB)        |
+===========================+===============+====================================================+
| 2     910B4               | OK            | 98.2        42                0    / 0             |
| 0                         | 0000:81:00.0  | 0           0    / 0          30693/ 32768         |
+===========================+===============+====================================================+
| 3     910B4               | OK            | 101.0       43                0    / 0             |
| 0                         | 0000:82:00.0  | 0           0    / 0          30564/ 32768         |
+===========================+===============+====================================================+
+---------------------------+---------------+----------------------------------------------------+
| NPU     Chip              | Process id    | Process name             | Process memory(MB)      |
+===========================+===============+====================================================+
| 2       0                 | 159           | VLLMWorker_TP            | 27738                   |
| 2       0                 | 126           | VLLMEngineCor            | 184                     |
+===========================+===============+====================================================+
| 3       0                 | 184           | VLLMWorker_TP            | 27738                   |
+===========================+===============+====================================================+
2026-08-10T04:49:56.842081146Z
+------------------------------------------------------------------------------------------------+
| npu-smi 25.5.2                   Version: 25.5.2                                               |
+---------------------------+---------------+----------------------------------------------------+
| NPU   Name                | Health        | Power(W)    Temp(C)           Hugepages-Usage(page)|
| Chip                      | Bus-Id        | AICore(%)   Memory-Usage(MB)  HBM-Usage(MB)        |
+===========================+===============+====================================================+
| 2     910B4               | OK            | 98.4        42                0    / 0             |
| 0                         | 0000:81:00.0  | 0           0    / 0          30694/ 32768         |
+===========================+===============+====================================================+
| 3     910B4               | OK            | 101.0       44                0    / 0             |
| 0                         | 0000:82:00.0  | 0           0    / 0          30564/ 32768         |
+===========================+===============+====================================================+
+---------------------------+---------------+----------------------------------------------------+
| NPU     Chip              | Process id    | Process name             | Process memory(MB)      |
+===========================+===============+====================================================+
| 2       0                 | 159           | VLLMWorker_TP            | 27738                   |
| 2       0                 | 126           | VLLMEngineCor            | 184                     |
+===========================+===============+====================================================+
| 3       0                 | 184           | VLLMWorker_TP            | 27738                   |
+===========================+===============+====================================================+
2026-08-10T04:50:07.574977400Z
+------------------------------------------------------------------------------------------------+
| npu-smi 25.5.2                   Version: 25.5.2                                               |
+---------------------------+---------------+----------------------------------------------------+
| NPU   Name                | Health        | Power(W)    Temp(C)           Hugepages-Usage(page)|
| Chip                      | Bus-Id        | AICore(%)   Memory-Usage(MB)  HBM-Usage(MB)        |
+===========================+===============+====================================================+
| 2     910B4               | OK            | 97.2        43                0    / 0             |
| 0                         | 0000:81:00.0  | 0           0    / 0          30693/ 32768         |
+===========================+===============+====================================================+
| 3     910B4               | OK            | 101.2       44                0    / 0             |
| 0                         | 0000:82:00.0  | 0           0    / 0          30563/ 32768         |
+===========================+===============+====================================================+
+---------------------------+---------------+----------------------------------------------------+
| NPU     Chip              | Process id    | Process name             | Process memory(MB)      |
+===========================+===============+====================================================+
| 2       0                 | 159           | VLLMWorker_TP            | 27738                   |
| 2       0                 | 126           | VLLMEngineCor            | 184                     |
+===========================+===============+====================================================+
| 3       0                 | 184           | VLLMWorker_TP            | 27738                   |
+===========================+===============+====================================================+
2026-08-10T04:50:18.416396621Z
+------------------------------------------------------------------------------------------------+
| npu-smi 25.5.2                   Version: 25.5.2                                               |
+---------------------------+---------------+----------------------------------------------------+
| NPU   Name                | Health        | Power(W)    Temp(C)           Hugepages-Usage(page)|
| Chip                      | Bus-Id        | AICore(%)   Memory-Usage(MB)  HBM-Usage(MB)        |
+===========================+===============+====================================================+
| 2     910B4               | OK            | 98.6        43                0    / 0             |
| 0                         | 0000:81:00.0  | 0           0    / 0          30693/ 32768         |
+===========================+===============+====================================================+
| 3     910B4               | OK            | 100.3       43                0    / 0             |
| 0                         | 0000:82:00.0  | 0           0    / 0          30563/ 32768         |
+===========================+===============+====================================================+
+---------------------------+---------------+----------------------------------------------------+
| NPU     Chip              | Process id    | Process name             | Process memory(MB)      |
+===========================+===============+====================================================+
| 2       0                 | 159           | VLLMWorker_TP            | 27738                   |
| 2       0                 | 126           | VLLMEngineCor            | 184                     |
+===========================+===============+====================================================+
| 3       0                 | 184           | VLLMWorker_TP            | 27738                   |
+===========================+===============+====================================================+
2026-08-10T04:50:29.197414607Z
+------------------------------------------------------------------------------------------------+
| npu-smi 25.5.2                   Version: 25.5.2                                               |
+---------------------------+---------------+----------------------------------------------------+
| NPU   Name                | Health        | Power(W)    Temp(C)           Hugepages-Usage(page)|
| Chip                      | Bus-Id        | AICore(%)   Memory-Usage(MB)  HBM-Usage(MB)        |
+===========================+===============+====================================================+
| 2     910B4               | OK            | 98.2        42                0    / 0             |
| 0                         | 0000:81:00.0  | 0           0    / 0          30693/ 32768         |
+===========================+===============+====================================================+
| 3     910B4               | OK            | 96.0        44                0    / 0             |
| 0                         | 0000:82:00.0  | 0           0    / 0          30563/ 32768         |
+===========================+===============+====================================================+
+---------------------------+---------------+----------------------------------------------------+
| NPU     Chip              | Process id    | Process name             | Process memory(MB)      |
+===========================+===============+====================================================+
| 2       0                 | 159           | VLLMWorker_TP            | 27738                   |
| 2       0                 | 126           | VLLMEngineCor            | 184                     |
+===========================+===============+====================================================+
| 3       0                 | 184           | VLLMWorker_TP            | 27738                   |
+===========================+===============+====================================================+
2026-08-10T04:50:40.040907249Z
+------------------------------------------------------------------------------------------------+
| npu-smi 25.5.2                   Version: 25.5.2                                               |
+---------------------------+---------------+----------------------------------------------------+
| NPU   Name                | Health        | Power(W)    Temp(C)           Hugepages-Usage(page)|
| Chip                      | Bus-Id        | AICore(%)   Memory-Usage(MB)  HBM-Usage(MB)        |
+===========================+===============+====================================================+
| 2     910B4               | OK            | 99.0        43                0    / 0             |
| 0                         | 0000:81:00.0  | 0           0    / 0          30694/ 32768         |
+===========================+===============+====================================================+
| 3     910B4               | OK            | 102.2       44                0    / 0             |
| 0                         | 0000:82:00.0  | 6           0    / 0          30563/ 32768         |
+===========================+===============+====================================================+
+---------------------------+---------------+----------------------------------------------------+
| NPU     Chip              | Process id    | Process name             | Process memory(MB)      |
+===========================+===============+====================================================+
| 2       0                 | 159           | VLLMWorker_TP            | 27738                   |
| 2       0                 | 126           | VLLMEngineCor            | 184                     |
+===========================+===============+====================================================+
| 3       0                 | 184           | VLLMWorker_TP            | 27738                   |
+===========================+===============+====================================================+
2026-08-10T04:50:50.792400110Z
+------------------------------------------------------------------------------------------------+
| npu-smi 25.5.2                   Version: 25.5.2                                               |
+---------------------------+---------------+----------------------------------------------------+
| NPU   Name                | Health        | Power(W)    Temp(C)           Hugepages-Usage(page)|
| Chip                      | Bus-Id        | AICore(%)   Memory-Usage(MB)  HBM-Usage(MB)        |
+===========================+===============+====================================================+
| 2     910B4               | OK            | 97.7        43                0    / 0             |
| 0                         | 0000:81:00.0  | 0           0    / 0          30693/ 32768         |
+===========================+===============+====================================================+
| 3     910B4               | OK            | 99.9        44                0    / 0             |
| 0                         | 0000:82:00.0  | 0           0    / 0          30563/ 32768         |
+===========================+===============+====================================================+
+---------------------------+---------------+----------------------------------------------------+
| NPU     Chip              | Process id    | Process name             | Process memory(MB)      |
+===========================+===============+====================================================+
| 2       0                 | 159           | VLLMWorker_TP            | 27738                   |
| 2       0                 | 126           | VLLMEngineCor            | 184                     |
+===========================+===============+====================================================+
| 3       0                 | 184           | VLLMWorker_TP            | 27738                   |
+===========================+===============+====================================================+
2026-08-10T04:51:01.576513491Z
+------------------------------------------------------------------------------------------------+
| npu-smi 25.5.2                   Version: 25.5.2                                               |
+---------------------------+---------------+----------------------------------------------------+
| NPU   Name                | Health        | Power(W)    Temp(C)           Hugepages-Usage(page)|
| Chip                      | Bus-Id        | AICore(%)   Memory-Usage(MB)  HBM-Usage(MB)        |
+===========================+===============+====================================================+
| 2     910B4               | OK            | 97.8        43                0    / 0             |
| 0                         | 0000:81:00.0  | 0           0    / 0          30694/ 32768         |
+===========================+===============+====================================================+
| 3     910B4               | OK            | 100.9       44                0    / 0             |
| 0                         | 0000:82:00.0  | 0           0    / 0          30564/ 32768         |
+===========================+===============+====================================================+
+---------------------------+---------------+----------------------------------------------------+
| NPU     Chip              | Process id    | Process name             | Process memory(MB)      |
+===========================+===============+====================================================+
| 2       0                 | 159           | VLLMWorker_TP            | 27738                   |
| 2       0                 | 126           | VLLMEngineCor            | 184                     |
+===========================+===============+====================================================+
| 3       0                 | 184           | VLLMWorker_TP            | 27738                   |
+===========================+===============+====================================================+
2026-08-10T04:51:12.295224961Z
+------------------------------------------------------------------------------------------------+
| npu-smi 25.5.2                   Version: 25.5.2                                               |
+---------------------------+---------------+----------------------------------------------------+
| NPU   Name                | Health        | Power(W)    Temp(C)           Hugepages-Usage(page)|
| Chip                      | Bus-Id        | AICore(%)   Memory-Usage(MB)  HBM-Usage(MB)        |
+===========================+===============+====================================================+
| 2     910B4               | OK            | 98.3        43                0    / 0             |
| 0                         | 0000:81:00.0  | 0           0    / 0          30694/ 32768         |
+===========================+===============+====================================================+
| 3     910B4               | OK            | 101.4       43                0    / 0             |
| 0                         | 0000:82:00.0  | 0           0    / 0          30563/ 32768         |
+===========================+===============+====================================================+
+---------------------------+---------------+----------------------------------------------------+
| NPU     Chip              | Process id    | Process name             | Process memory(MB)      |
+===========================+===============+====================================================+
| 2       0                 | 159           | VLLMWorker_TP            | 27738                   |
| 2       0                 | 126           | VLLMEngineCor            | 184                     |
+===========================+===============+====================================================+
| 3       0                 | 184           | VLLMWorker_TP            | 27738                   |
+===========================+===============+====================================================+
2026-08-10T04:51:23.041148363Z
+------------------------------------------------------------------------------------------------+
| npu-smi 25.5.2                   Version: 25.5.2                                               |
+---------------------------+---------------+----------------------------------------------------+
| NPU   Name                | Health        | Power(W)    Temp(C)           Hugepages-Usage(page)|
| Chip                      | Bus-Id        | AICore(%)   Memory-Usage(MB)  HBM-Usage(MB)        |
+===========================+===============+====================================================+
| 2     910B4               | OK            | 98.3        43                0    / 0             |
| 0                         | 0000:81:00.0  | 0           0    / 0          30694/ 32768         |
+===========================+===============+====================================================+
| 3     910B4               | OK            | 101.3       44                0    / 0             |
| 0                         | 0000:82:00.0  | 0           0    / 0          30563/ 32768         |
+===========================+===============+====================================================+
+---------------------------+---------------+----------------------------------------------------+
| NPU     Chip              | Process id    | Process name             | Process memory(MB)      |
+===========================+===============+====================================================+
| 2       0                 | 159           | VLLMWorker_TP            | 27738                   |
| 2       0                 | 126           | VLLMEngineCor            | 184                     |
+===========================+===============+====================================================+
| 3       0                 | 184           | VLLMWorker_TP            | 27738                   |
+===========================+===============+====================================================+
2026-08-10T04:51:33.770298137Z
+------------------------------------------------------------------------------------------------+
| npu-smi 25.5.2                   Version: 25.5.2                                               |
+---------------------------+---------------+----------------------------------------------------+
| NPU   Name                | Health        | Power(W)    Temp(C)           Hugepages-Usage(page)|
| Chip                      | Bus-Id        | AICore(%)   Memory-Usage(MB)  HBM-Usage(MB)        |
+===========================+===============+====================================================+
| 2     910B4               | OK            | 98.4        43                0    / 0             |
| 0                         | 0000:81:00.0  | 0           0    / 0          30694/ 32768         |
+===========================+===============+====================================================+
| 3     910B4               | OK            | 101.3       44                0    / 0             |
| 0                         | 0000:82:00.0  | 0           0    / 0          30563/ 32768         |
+===========================+===============+====================================================+
+---------------------------+---------------+----------------------------------------------------+
| NPU     Chip              | Process id    | Process name             | Process memory(MB)      |
+===========================+===============+====================================================+
| 2       0                 | 159           | VLLMWorker_TP            | 27738                   |
| 2       0                 | 126           | VLLMEngineCor            | 184                     |
+===========================+===============+====================================================+
| 3       0                 | 184           | VLLMWorker_TP            | 27738                   |
+===========================+===============+====================================================+
2026-08-10T04:51:44.453207320Z
+------------------------------------------------------------------------------------------------+
| npu-smi 25.5.2                   Version: 25.5.2                                               |
+---------------------------+---------------+----------------------------------------------------+
| NPU   Name                | Health        | Power(W)    Temp(C)           Hugepages-Usage(page)|
| Chip                      | Bus-Id        | AICore(%)   Memory-Usage(MB)  HBM-Usage(MB)        |
+===========================+===============+====================================================+
| 2     910B4               | OK            | 98.2        42                0    / 0             |
| 0                         | 0000:81:00.0  | 0           0    / 0          30694/ 32768         |
+===========================+===============+====================================================+
| 3     910B4               | OK            | 100.6       44                0    / 0             |
| 0                         | 0000:82:00.0  | 0           0    / 0          30563/ 32768         |
+===========================+===============+====================================================+
+---------------------------+---------------+----------------------------------------------------+
| NPU     Chip              | Process id    | Process name             | Process memory(MB)      |
+===========================+===============+====================================================+
| 2       0                 | 159           | VLLMWorker_TP            | 27738                   |
| 2       0                 | 126           | VLLMEngineCor            | 184                     |
+===========================+===============+====================================================+
| 3       0                 | 184           | VLLMWorker_TP            | 27738                   |
+===========================+===============+====================================================+
2026-08-10T04:51:55.269595740Z
+------------------------------------------------------------------------------------------------+
| npu-smi 25.5.2                   Version: 25.5.2                                               |
+---------------------------+---------------+----------------------------------------------------+
| NPU   Name                | Health        | Power(W)    Temp(C)           Hugepages-Usage(page)|
| Chip                      | Bus-Id        | AICore(%)   Memory-Usage(MB)  HBM-Usage(MB)        |
+===========================+===============+====================================================+
| 2     910B4               | OK            | 99.2        42                0    / 0             |
| 0                         | 0000:81:00.0  | 0           0    / 0          30693/ 32768         |
+===========================+===============+====================================================+
| 3     910B4               | OK            | 101.2       43                0    / 0             |
| 0                         | 0000:82:00.0  | 0           0    / 0          30564/ 32768         |
+===========================+===============+====================================================+
+---------------------------+---------------+----------------------------------------------------+
| NPU     Chip              | Process id    | Process name             | Process memory(MB)      |
+===========================+===============+====================================================+
| 2       0                 | 159           | VLLMWorker_TP            | 27738                   |
| 2       0                 | 126           | VLLMEngineCor            | 184                     |
+===========================+===============+====================================================+
| 3       0                 | 184           | VLLMWorker_TP            | 27738                   |
+===========================+===============+====================================================+
