2026-08-10T04:48:41.459597161Z
+------------------------------------------------------------------------------------------------+
| npu-smi 25.5.2                   Version: 25.5.2                                               |
+---------------------------+---------------+----------------------------------------------------+
| NPU   Name                | Health        | Power(W)    Temp(C)           Hugepages-Usage(page)|
| Chip                      | Bus-Id        | AICore(%)   Memory-Usage(MB)  HBM-Usage(MB)        |
+===========================+===============+====================================================+
| 6     910B4               | OK            | 92.5        45                0    / 0             |
| 0                         | 0000:41:00.0  | 0           0    / 0          30932/ 32768         |
+===========================+===============+====================================================+
| 7     910B4               | OK            | 88.8        45                0    / 0             |
| 0                         | 0000:42:00.0  | 0           0    / 0          30801/ 32768         |
+===========================+===============+====================================================+
+---------------------------+---------------+----------------------------------------------------+
| NPU     Chip              | Process id    | Process name             | Process memory(MB)      |
+===========================+===============+====================================================+
| 6       0                 | 126           | VLLMEngineCor            | 184                     |
| 6       0                 | 159           | VLLMWorker_TP            | 27976                   |
+===========================+===============+====================================================+
| 7       0                 | 184           | VLLMWorker_TP            | 27976                   |
+===========================+===============+====================================================+
2026-08-10T04:48:52.220100859Z
+------------------------------------------------------------------------------------------------+
| npu-smi 25.5.2                   Version: 25.5.2                                               |
+---------------------------+---------------+----------------------------------------------------+
| NPU   Name                | Health        | Power(W)    Temp(C)           Hugepages-Usage(page)|
| Chip                      | Bus-Id        | AICore(%)   Memory-Usage(MB)  HBM-Usage(MB)        |
+===========================+===============+====================================================+
| 6     910B4               | OK            | 92.6        45                0    / 0             |
| 0                         | 0000:41:00.0  | 0           0    / 0          30932/ 32768         |
+===========================+===============+====================================================+
| 7     910B4               | OK            | 88.8        45                0    / 0             |
| 0                         | 0000:42:00.0  | 0           0    / 0          30801/ 32768         |
+===========================+===============+====================================================+
+---------------------------+---------------+----------------------------------------------------+
| NPU     Chip              | Process id    | Process name             | Process memory(MB)      |
+===========================+===============+====================================================+
| 6       0                 | 126           | VLLMEngineCor            | 184                     |
| 6       0                 | 159           | VLLMWorker_TP            | 27976                   |
+===========================+===============+====================================================+
| 7       0                 | 184           | VLLMWorker_TP            | 27976                   |
+===========================+===============+====================================================+
2026-08-10T04:49:03.028483277Z
+------------------------------------------------------------------------------------------------+
| npu-smi 25.5.2                   Version: 25.5.2                                               |
+---------------------------+---------------+----------------------------------------------------+
| NPU   Name                | Health        | Power(W)    Temp(C)           Hugepages-Usage(page)|
| Chip                      | Bus-Id        | AICore(%)   Memory-Usage(MB)  HBM-Usage(MB)        |
+===========================+===============+====================================================+
| 6     910B4               | OK            | 92.4        45                0    / 0             |
| 0                         | 0000:41:00.0  | 0           0    / 0          30933/ 32768         |
+===========================+===============+====================================================+
| 7     910B4               | OK            | 88.6        45                0    / 0             |
| 0                         | 0000:42:00.0  | 0           0    / 0          30801/ 32768         |
+===========================+===============+====================================================+
+---------------------------+---------------+----------------------------------------------------+
| NPU     Chip              | Process id    | Process name             | Process memory(MB)      |
+===========================+===============+====================================================+
| 6       0                 | 126           | VLLMEngineCor            | 184                     |
| 6       0                 | 159           | VLLMWorker_TP            | 27976                   |
+===========================+===============+====================================================+
| 7       0                 | 184           | VLLMWorker_TP            | 27976                   |
+===========================+===============+====================================================+
2026-08-10T04:49:13.780039979Z
+------------------------------------------------------------------------------------------------+
| npu-smi 25.5.2                   Version: 25.5.2                                               |
+---------------------------+---------------+----------------------------------------------------+
| NPU   Name                | Health        | Power(W)    Temp(C)           Hugepages-Usage(page)|
| Chip                      | Bus-Id        | AICore(%)   Memory-Usage(MB)  HBM-Usage(MB)        |
+===========================+===============+====================================================+
| 6     910B4               | OK            | 127.2       47                0    / 0             |
| 0                         | 0000:41:00.0  | 33          0    / 0          30932/ 32768         |
+===========================+===============+====================================================+
| 7     910B4               | OK            | 130.9       49                0    / 0             |
| 0                         | 0000:42:00.0  | 44          0    / 0          30801/ 32768         |
+===========================+===============+====================================================+
+---------------------------+---------------+----------------------------------------------------+
| NPU     Chip              | Process id    | Process name             | Process memory(MB)      |
+===========================+===============+====================================================+
| 6       0                 | 126           | VLLMEngineCor            | 184                     |
| 6       0                 | 159           | VLLMWorker_TP            | 27976                   |
+===========================+===============+====================================================+
| 7       0                 | 184           | VLLMWorker_TP            | 27976                   |
+===========================+===============+====================================================+
2026-08-10T04:49:24.625568651Z
+------------------------------------------------------------------------------------------------+
| npu-smi 25.5.2                   Version: 25.5.2                                               |
+---------------------------+---------------+----------------------------------------------------+
| NPU   Name                | Health        | Power(W)    Temp(C)           Hugepages-Usage(page)|
| Chip                      | Bus-Id        | AICore(%)   Memory-Usage(MB)  HBM-Usage(MB)        |
+===========================+===============+====================================================+
| 6     910B4               | OK            | 137.2       49                0    / 0             |
| 0                         | 0000:41:00.0  | 54          0    / 0          30932/ 32768         |
+===========================+===============+====================================================+
| 7     910B4               | OK            | 130.1       49                0    / 0             |
| 0                         | 0000:42:00.0  | 43          0    / 0          30801/ 32768         |
+===========================+===============+====================================================+
+---------------------------+---------------+----------------------------------------------------+
| NPU     Chip              | Process id    | Process name             | Process memory(MB)      |
+===========================+===============+====================================================+
| 6       0                 | 126           | VLLMEngineCor            | 184                     |
| 6       0                 | 159           | VLLMWorker_TP            | 27976                   |
+===========================+===============+====================================================+
| 7       0                 | 184           | VLLMWorker_TP            | 27976                   |
+===========================+===============+====================================================+
2026-08-10T04:49:35.362688567Z
+------------------------------------------------------------------------------------------------+
| npu-smi 25.5.2                   Version: 25.5.2                                               |
+---------------------------+---------------+----------------------------------------------------+
| NPU   Name                | Health        | Power(W)    Temp(C)           Hugepages-Usage(page)|
| Chip                      | Bus-Id        | AICore(%)   Memory-Usage(MB)  HBM-Usage(MB)        |
+===========================+===============+====================================================+
| 6     910B4               | OK            | 145.9       51                0    / 0             |
| 0                         | 0000:41:00.0  | 69          0    / 0          30933/ 32768         |
+===========================+===============+====================================================+
| 7     910B4               | OK            | 140.9       51                0    / 0             |
| 0                         | 0000:42:00.0  | 60          0    / 0          30801/ 32768         |
+===========================+===============+====================================================+
+---------------------------+---------------+----------------------------------------------------+
| NPU     Chip              | Process id    | Process name             | Process memory(MB)      |
+===========================+===============+====================================================+
| 6       0                 | 126           | VLLMEngineCor            | 184                     |
| 6       0                 | 159           | VLLMWorker_TP            | 27976                   |
+===========================+===============+====================================================+
| 7       0                 | 184           | VLLMWorker_TP            | 27976                   |
+===========================+===============+====================================================+
2026-08-10T04:49:46.131178347Z
+------------------------------------------------------------------------------------------------+
| npu-smi 25.5.2                   Version: 25.5.2                                               |
+---------------------------+---------------+----------------------------------------------------+
| NPU   Name                | Health        | Power(W)    Temp(C)           Hugepages-Usage(page)|
| Chip                      | Bus-Id        | AICore(%)   Memory-Usage(MB)  HBM-Usage(MB)        |
+===========================+===============+====================================================+
| 6     910B4               | OK            | 141.2       50                0    / 0             |
| 0                         | 0000:41:00.0  | 54          0    / 0          30932/ 32768         |
+===========================+===============+====================================================+
| 7     910B4               | OK            | 144.5       53                0    / 0             |
| 0                         | 0000:42:00.0  | 72          0    / 0          30801/ 32768         |
+===========================+===============+====================================================+
+---------------------------+---------------+----------------------------------------------------+
| NPU     Chip              | Process id    | Process name             | Process memory(MB)      |
+===========================+===============+====================================================+
| 6       0                 | 126           | VLLMEngineCor            | 184                     |
| 6       0                 | 159           | VLLMWorker_TP            | 27976                   |
+===========================+===============+====================================================+
| 7       0                 | 184           | VLLMWorker_TP            | 27976                   |
+===========================+===============+====================================================+
2026-08-10T04:49:56.861797369Z
+------------------------------------------------------------------------------------------------+
| npu-smi 25.5.2                   Version: 25.5.2                                               |
+---------------------------+---------------+----------------------------------------------------+
| NPU   Name                | Health        | Power(W)    Temp(C)           Hugepages-Usage(page)|
| Chip                      | Bus-Id        | AICore(%)   Memory-Usage(MB)  HBM-Usage(MB)        |
+===========================+===============+====================================================+
| 6     910B4               | OK            | 142.8       51                0    / 0             |
| 0                         | 0000:41:00.0  | 51          0    / 0          30932/ 32768         |
+===========================+===============+====================================================+
| 7     910B4               | OK            | 146.9       53                0    / 0             |
| 0                         | 0000:42:00.0  | 78          0    / 0          30801/ 32768         |
+===========================+===============+====================================================+
+---------------------------+---------------+----------------------------------------------------+
| NPU     Chip              | Process id    | Process name             | Process memory(MB)      |
+===========================+===============+====================================================+
| 6       0                 | 126           | VLLMEngineCor            | 184                     |
| 6       0                 | 159           | VLLMWorker_TP            | 27976                   |
+===========================+===============+====================================================+
| 7       0                 | 184           | VLLMWorker_TP            | 27976                   |
+===========================+===============+====================================================+
2026-08-10T04:50:07.597693199Z
+------------------------------------------------------------------------------------------------+
| npu-smi 25.5.2                   Version: 25.5.2                                               |
+---------------------------+---------------+----------------------------------------------------+
| NPU   Name                | Health        | Power(W)    Temp(C)           Hugepages-Usage(page)|
| Chip                      | Bus-Id        | AICore(%)   Memory-Usage(MB)  HBM-Usage(MB)        |
+===========================+===============+====================================================+
| 6     910B4               | OK            | 148.6       52                0    / 0             |
| 0                         | 0000:41:00.0  | 65          0    / 0          30933/ 32768         |
+===========================+===============+====================================================+
| 7     910B4               | OK            | 152.9       54                0    / 0             |
| 0                         | 0000:42:00.0  | 90          0    / 0          30801/ 32768         |
+===========================+===============+====================================================+
+---------------------------+---------------+----------------------------------------------------+
| NPU     Chip              | Process id    | Process name             | Process memory(MB)      |
+===========================+===============+====================================================+
| 6       0                 | 126           | VLLMEngineCor            | 184                     |
| 6       0                 | 159           | VLLMWorker_TP            | 27976                   |
+===========================+===============+====================================================+
| 7       0                 | 184           | VLLMWorker_TP            | 27976                   |
+===========================+===============+====================================================+
2026-08-10T04:50:18.419127006Z
+------------------------------------------------------------------------------------------------+
| npu-smi 25.5.2                   Version: 25.5.2                                               |
+---------------------------+---------------+----------------------------------------------------+
| NPU   Name                | Health        | Power(W)    Temp(C)           Hugepages-Usage(page)|
| Chip                      | Bus-Id        | AICore(%)   Memory-Usage(MB)  HBM-Usage(MB)        |
+===========================+===============+====================================================+
| 6     910B4               | OK            | 160.6       53                0    / 0             |
| 0                         | 0000:41:00.0  | 89          0    / 0          30933/ 32768         |
+===========================+===============+====================================================+
| 7     910B4               | OK            | 155.5       56                0    / 0             |
| 0                         | 0000:42:00.0  | 93          0    / 0          30800/ 32768         |
+===========================+===============+====================================================+
+---------------------------+---------------+----------------------------------------------------+
| NPU     Chip              | Process id    | Process name             | Process memory(MB)      |
+===========================+===============+====================================================+
| 6       0                 | 126           | VLLMEngineCor            | 184                     |
| 6       0                 | 159           | VLLMWorker_TP            | 27976                   |
+===========================+===============+====================================================+
| 7       0                 | 184           | VLLMWorker_TP            | 27976                   |
+===========================+===============+====================================================+
2026-08-10T04:50:29.197203786Z
+------------------------------------------------------------------------------------------------+
| npu-smi 25.5.2                   Version: 25.5.2                                               |
+---------------------------+---------------+----------------------------------------------------+
| NPU   Name                | Health        | Power(W)    Temp(C)           Hugepages-Usage(page)|
| Chip                      | Bus-Id        | AICore(%)   Memory-Usage(MB)  HBM-Usage(MB)        |
+===========================+===============+====================================================+
| 6     910B4               | OK            | 163.0       54                0    / 0             |
| 0                         | 0000:41:00.0  | 79          0    / 0          30932/ 32768         |
+===========================+===============+====================================================+
| 7     910B4               | OK            | 169.4       56                0    / 0             |
| 0                         | 0000:42:00.0  | 100         0    / 0          30800/ 32768         |
+===========================+===============+====================================================+
+---------------------------+---------------+----------------------------------------------------+
| NPU     Chip              | Process id    | Process name             | Process memory(MB)      |
+===========================+===============+====================================================+
| 6       0                 | 126           | VLLMEngineCor            | 184                     |
| 6       0                 | 159           | VLLMWorker_TP            | 27976                   |
+===========================+===============+====================================================+
| 7       0                 | 184           | VLLMWorker_TP            | 27976                   |
+===========================+===============+====================================================+
2026-08-10T04:50:40.040785948Z
+------------------------------------------------------------------------------------------------+
| npu-smi 25.5.2                   Version: 25.5.2                                               |
+---------------------------+---------------+----------------------------------------------------+
| NPU   Name                | Health        | Power(W)    Temp(C)           Hugepages-Usage(page)|
| Chip                      | Bus-Id        | AICore(%)   Memory-Usage(MB)  HBM-Usage(MB)        |
+===========================+===============+====================================================+
| 6     910B4               | OK            | 128.4       50                0    / 0             |
| 0                         | 0000:41:00.0  | 40          0    / 0          30932/ 32768         |
+===========================+===============+====================================================+
| 7     910B4               | OK            | 120.2       51                0    / 0             |
| 0                         | 0000:42:00.0  | 41          0    / 0          30801/ 32768         |
+===========================+===============+====================================================+
+---------------------------+---------------+----------------------------------------------------+
| NPU     Chip              | Process id    | Process name             | Process memory(MB)      |
+===========================+===============+====================================================+
| 6       0                 | 126           | VLLMEngineCor            | 184                     |
| 6       0                 | 159           | VLLMWorker_TP            | 27976                   |
+===========================+===============+====================================================+
| 7       0                 | 184           | VLLMWorker_TP            | 27976                   |
+===========================+===============+====================================================+
2026-08-10T04:50:50.841747278Z
+------------------------------------------------------------------------------------------------+
| npu-smi 25.5.2                   Version: 25.5.2                                               |
+---------------------------+---------------+----------------------------------------------------+
| NPU   Name                | Health        | Power(W)    Temp(C)           Hugepages-Usage(page)|
| Chip                      | Bus-Id        | AICore(%)   Memory-Usage(MB)  HBM-Usage(MB)        |
+===========================+===============+====================================================+
| 6     910B4               | OK            | 127.8       50                0    / 0             |
| 0                         | 0000:41:00.0  | 43          0    / 0          30932/ 32768         |
+===========================+===============+====================================================+
| 7     910B4               | OK            | 124.3       51                0    / 0             |
| 0                         | 0000:42:00.0  | 47          0    / 0          30801/ 32768         |
+===========================+===============+====================================================+
+---------------------------+---------------+----------------------------------------------------+
| NPU     Chip              | Process id    | Process name             | Process memory(MB)      |
+===========================+===============+====================================================+
| 6       0                 | 126           | VLLMEngineCor            | 184                     |
| 6       0                 | 159           | VLLMWorker_TP            | 27976                   |
+===========================+===============+====================================================+
| 7       0                 | 184           | VLLMWorker_TP            | 27976                   |
+===========================+===============+====================================================+
2026-08-10T04:51:01.590719985Z
+------------------------------------------------------------------------------------------------+
| npu-smi 25.5.2                   Version: 25.5.2                                               |
+---------------------------+---------------+----------------------------------------------------+
| NPU   Name                | Health        | Power(W)    Temp(C)           Hugepages-Usage(page)|
| Chip                      | Bus-Id        | AICore(%)   Memory-Usage(MB)  HBM-Usage(MB)        |
+===========================+===============+====================================================+
| 6     910B4               | OK            | 131.6       50                0    / 0             |
| 0                         | 0000:41:00.0  | 47          0    / 0          30932/ 32768         |
+===========================+===============+====================================================+
| 7     910B4               | OK            | 130.1       51                0    / 0             |
| 0                         | 0000:42:00.0  | 42          0    / 0          30800/ 32768         |
+===========================+===============+====================================================+
+---------------------------+---------------+----------------------------------------------------+
| NPU     Chip              | Process id    | Process name             | Process memory(MB)      |
+===========================+===============+====================================================+
| 6       0                 | 126           | VLLMEngineCor            | 184                     |
| 6       0                 | 159           | VLLMWorker_TP            | 27976                   |
+===========================+===============+====================================================+
| 7       0                 | 184           | VLLMWorker_TP            | 27976                   |
+===========================+===============+====================================================+
2026-08-10T04:51:12.317440447Z
+------------------------------------------------------------------------------------------------+
| npu-smi 25.5.2                   Version: 25.5.2                                               |
+---------------------------+---------------+----------------------------------------------------+
| NPU   Name                | Health        | Power(W)    Temp(C)           Hugepages-Usage(page)|
| Chip                      | Bus-Id        | AICore(%)   Memory-Usage(MB)  HBM-Usage(MB)        |
+===========================+===============+====================================================+
| 6     910B4               | OK            | 135.4       49                0    / 0             |
| 0                         | 0000:41:00.0  | 44          0    / 0          30932/ 32768         |
+===========================+===============+====================================================+
| 7     910B4               | OK            | 138.8       52                0    / 0             |
| 0                         | 0000:42:00.0  | 59          0    / 0          30801/ 32768         |
+===========================+===============+====================================================+
+---------------------------+---------------+----------------------------------------------------+
| NPU     Chip              | Process id    | Process name             | Process memory(MB)      |
+===========================+===============+====================================================+
| 6       0                 | 126           | VLLMEngineCor            | 184                     |
| 6       0                 | 159           | VLLMWorker_TP            | 27976                   |
+===========================+===============+====================================================+
| 7       0                 | 184           | VLLMWorker_TP            | 27976                   |
+===========================+===============+====================================================+
2026-08-10T04:51:23.066250334Z
+------------------------------------------------------------------------------------------------+
| npu-smi 25.5.2                   Version: 25.5.2                                               |
+---------------------------+---------------+----------------------------------------------------+
| NPU   Name                | Health        | Power(W)    Temp(C)           Hugepages-Usage(page)|
| Chip                      | Bus-Id        | AICore(%)   Memory-Usage(MB)  HBM-Usage(MB)        |
+===========================+===============+====================================================+
| 6     910B4               | OK            | 140.8       50                0    / 0             |
| 0                         | 0000:41:00.0  | 54          0    / 0          30933/ 32768         |
+===========================+===============+====================================================+
| 7     910B4               | OK            | 148.6       53                0    / 0             |
| 0                         | 0000:42:00.0  | 74          0    / 0          30801/ 32768         |
+===========================+===============+====================================================+
+---------------------------+---------------+----------------------------------------------------+
| NPU     Chip              | Process id    | Process name             | Process memory(MB)      |
+===========================+===============+====================================================+
| 6       0                 | 126           | VLLMEngineCor            | 184                     |
| 6       0                 | 159           | VLLMWorker_TP            | 27976                   |
+===========================+===============+====================================================+
| 7       0                 | 184           | VLLMWorker_TP            | 27976                   |
+===========================+===============+====================================================+
2026-08-10T04:51:33.792225392Z
+------------------------------------------------------------------------------------------------+
| npu-smi 25.5.2                   Version: 25.5.2                                               |
+---------------------------+---------------+----------------------------------------------------+
| NPU   Name                | Health        | Power(W)    Temp(C)           Hugepages-Usage(page)|
| Chip                      | Bus-Id        | AICore(%)   Memory-Usage(MB)  HBM-Usage(MB)        |
+===========================+===============+====================================================+
| 6     910B4               | OK            | 147.5       51                0    / 0             |
| 0                         | 0000:41:00.0  | 55          0    / 0          30932/ 32768         |
+===========================+===============+====================================================+
| 7     910B4               | OK            | 143.8       54                0    / 0             |
| 0                         | 0000:42:00.0  | 78          0    / 0          30801/ 32768         |
+===========================+===============+====================================================+
+---------------------------+---------------+----------------------------------------------------+
| NPU     Chip              | Process id    | Process name             | Process memory(MB)      |
+===========================+===============+====================================================+
| 6       0                 | 126           | VLLMEngineCor            | 184                     |
| 6       0                 | 159           | VLLMWorker_TP            | 27976                   |
+===========================+===============+====================================================+
| 7       0                 | 184           | VLLMWorker_TP            | 27976                   |
+===========================+===============+====================================================+
2026-08-10T04:51:44.533964852Z
+------------------------------------------------------------------------------------------------+
| npu-smi 25.5.2                   Version: 25.5.2                                               |
+---------------------------+---------------+----------------------------------------------------+
| NPU   Name                | Health        | Power(W)    Temp(C)           Hugepages-Usage(page)|
| Chip                      | Bus-Id        | AICore(%)   Memory-Usage(MB)  HBM-Usage(MB)        |
+===========================+===============+====================================================+
| 6     910B4               | OK            | 155.1       53                0    / 0             |
| 0                         | 0000:41:00.0  | 84          0    / 0          30932/ 32768         |
+===========================+===============+====================================================+
| 7     910B4               | OK            | 150.4       54                0    / 0             |
| 0                         | 0000:42:00.0  | 64          0    / 0          30801/ 32768         |
+===========================+===============+====================================================+
+---------------------------+---------------+----------------------------------------------------+
| NPU     Chip              | Process id    | Process name             | Process memory(MB)      |
+===========================+===============+====================================================+
| 6       0                 | 126           | VLLMEngineCor            | 184                     |
| 6       0                 | 159           | VLLMWorker_TP            | 27976                   |
+===========================+===============+====================================================+
| 7       0                 | 184           | VLLMWorker_TP            | 27976                   |
+===========================+===============+====================================================+
2026-08-10T04:51:55.270972997Z
+------------------------------------------------------------------------------------------------+
| npu-smi 25.5.2                   Version: 25.5.2                                               |
+---------------------------+---------------+----------------------------------------------------+
| NPU   Name                | Health        | Power(W)    Temp(C)           Hugepages-Usage(page)|
| Chip                      | Bus-Id        | AICore(%)   Memory-Usage(MB)  HBM-Usage(MB)        |
+===========================+===============+====================================================+
| 6     910B4               | OK            | 163.3       54                0    / 0             |
| 0                         | 0000:41:00.0  | 93          0    / 0          30932/ 32768         |
+===========================+===============+====================================================+
| 7     910B4               | OK            | 153.5       52                0    / 0             |
| 0                         | 0000:42:00.0  | 64          0    / 0          30801/ 32768         |
+===========================+===============+====================================================+
+---------------------------+---------------+----------------------------------------------------+
| NPU     Chip              | Process id    | Process name             | Process memory(MB)      |
+===========================+===============+====================================================+
| 6       0                 | 126           | VLLMEngineCor            | 184                     |
| 6       0                 | 159           | VLLMWorker_TP            | 27976                   |
+===========================+===============+====================================================+
| 7       0                 | 184           | VLLMWorker_TP            | 27976                   |
+===========================+===============+====================================================+
