2026-08-12T14:37:10.397819713Z
NAME                             CPU(cores)   MEMORY(bytes)   
layerwise-performance-aisbench   1m           689Mi           
Inter-|   Receive                                                |  Transmit
 face |bytes    packets errs drop fifo frame compressed multicast|bytes    packets errs drop fifo colls carrier compressed
    lo:       0       0    0    0    0     0          0         0        0       0    0    0    0     0       0          0
  eth0: 414974533   91583    0    0    0     0          0         0 122315818   92563    0    0    0     0       0          0
2026-08-12T14:37:20.682921516Z
NAME                             CPU(cores)   MEMORY(bytes)   
layerwise-performance-aisbench   0m           689Mi           
Inter-|   Receive                                                |  Transmit
 face |bytes    packets errs drop fifo frame compressed multicast|bytes    packets errs drop fifo colls carrier compressed
    lo:       0       0    0    0    0     0          0         0        0       0    0    0    0     0       0          0
  eth0: 415001110   91592    0    0    0     0          0         0 122316653   92572    0    0    0     0       0          0
2026-08-12T14:37:30.913279291Z
NAME                             CPU(cores)   MEMORY(bytes)   
layerwise-performance-aisbench   0m           689Mi           
Inter-|   Receive                                                |  Transmit
 face |bytes    packets errs drop fifo frame compressed multicast|bytes    packets errs drop fifo colls carrier compressed
    lo:       0       0    0    0    0     0          0         0        0       0    0    0    0     0       0          0
  eth0: 415027687   91601    0    0    0     0          0         0 122317488   92581    0    0    0     0       0          0
2026-08-12T14:37:41.198687116Z
NAME                             CPU(cores)   MEMORY(bytes)   
layerwise-performance-aisbench   796m         1605Mi          
Inter-|   Receive                                                |  Transmit
 face |bytes    packets errs drop fifo frame compressed multicast|bytes    packets errs drop fifo colls carrier compressed
    lo:       0       0    0    0    0     0          0         0        0       0    0    0    0     0       0          0
  eth0: 415059057   91678    0    0    0     0          0         0 123113933   92681    0    0    0     0       0          0
2026-08-12T14:37:51.455037133Z
NAME                             CPU(cores)   MEMORY(bytes)   
layerwise-performance-aisbench   796m         1605Mi          
Inter-|   Receive                                                |  Transmit
 face |bytes    packets errs drop fifo frame compressed multicast|bytes    packets errs drop fifo colls carrier compressed
    lo:       0       0    0    0    0     0          0         0        0       0    0    0    0     0       0          0
  eth0: 415089204   91702    0    0    0     0          0         0 123115932   92708    0    0    0     0       0          0
2026-08-12T14:38:01.705719531Z
NAME                             CPU(cores)   MEMORY(bytes)   
layerwise-performance-aisbench   796m         1605Mi          
Inter-|   Receive                                                |  Transmit
 face |bytes    packets errs drop fifo frame compressed multicast|bytes    packets errs drop fifo colls carrier compressed
    lo:       0       0    0    0    0     0          0         0        0       0    0    0    0     0       0          0
  eth0: 415118466   91722    0    0    0     0          0         0 123117601   92730    0    0    0     0       0          0
2026-08-12T14:38:12.019047358Z
NAME                             CPU(cores)   MEMORY(bytes)   
layerwise-performance-aisbench   22m          1606Mi          
Inter-|   Receive                                                |  Transmit
 face |bytes    packets errs drop fifo frame compressed multicast|bytes    packets errs drop fifo colls carrier compressed
    lo:       0       0    0    0    0     0          0         0        0       0    0    0    0     0       0          0
  eth0: 415148338   91745    0    0    0     0          0         0 123119522   92756    0    0    0     0       0          0
