2026-08-12T14:37:10.397287650Z
+------------------------------------------------------------------------------------------------+
| npu-smi 25.5.2                   Version: 25.5.2                                               |
+---------------------------+---------------+----------------------------------------------------+
| NPU   Name                | Health        | Power(W)    Temp(C)           Hugepages-Usage(page)|
| Chip                      | Bus-Id        | AICore(%)   Memory-Usage(MB)  HBM-Usage(MB)        |
+===========================+===============+====================================================+
| 3     910B4               | OK            | 94.2        42                0    / 0             |
| 0                         | 0000:82:00.0  | 0           0    / 0          30689/ 32768         |
+===========================+===============+====================================================+
| 4     910B4               | OK            | 92.2        47                0    / 0             |
| 0                         | 0000:01:00.0  | 0           0    / 0          30560/ 32768         |
+===========================+===============+====================================================+
+---------------------------+---------------+----------------------------------------------------+
| NPU     Chip              | Process id    | Process name             | Process memory(MB)      |
+===========================+===============+====================================================+
| 3       0                 | 125           | VLLMEngineCor            | 184                     |
| 3       0                 | 157           | VLLMWorker_TP            | 27736                   |
+===========================+===============+====================================================+
| 4       0                 | 181           | VLLMWorker_TP            | 27736                   |
+===========================+===============+====================================================+
2026-08-12T14:37:21.140914302Z
+------------------------------------------------------------------------------------------------+
| npu-smi 25.5.2                   Version: 25.5.2                                               |
+---------------------------+---------------+----------------------------------------------------+
| NPU   Name                | Health        | Power(W)    Temp(C)           Hugepages-Usage(page)|
| Chip                      | Bus-Id        | AICore(%)   Memory-Usage(MB)  HBM-Usage(MB)        |
+===========================+===============+====================================================+
| 3     910B4               | OK            | 94.1        42                0    / 0             |
| 0                         | 0000:82:00.0  | 0           0    / 0          30689/ 32768         |
+===========================+===============+====================================================+
| 4     910B4               | OK            | 92.3        47                0    / 0             |
| 0                         | 0000:01:00.0  | 0           0    / 0          30560/ 32768         |
+===========================+===============+====================================================+
+---------------------------+---------------+----------------------------------------------------+
| NPU     Chip              | Process id    | Process name             | Process memory(MB)      |
+===========================+===============+====================================================+
| 3       0                 | 125           | VLLMEngineCor            | 184                     |
| 3       0                 | 157           | VLLMWorker_TP            | 27736                   |
+===========================+===============+====================================================+
| 4       0                 | 181           | VLLMWorker_TP            | 27736                   |
+===========================+===============+====================================================+
2026-08-12T14:37:31.891792640Z
+------------------------------------------------------------------------------------------------+
| npu-smi 25.5.2                   Version: 25.5.2                                               |
+---------------------------+---------------+----------------------------------------------------+
| NPU   Name                | Health        | Power(W)    Temp(C)           Hugepages-Usage(page)|
| Chip                      | Bus-Id        | AICore(%)   Memory-Usage(MB)  HBM-Usage(MB)        |
+===========================+===============+====================================================+
| 3     910B4               | OK            | 94.2        42                0    / 0             |
| 0                         | 0000:82:00.0  | 0           0    / 0          30689/ 32768         |
+===========================+===============+====================================================+
| 4     910B4               | OK            | 92.2        47                0    / 0             |
| 0                         | 0000:01:00.0  | 0           0    / 0          30560/ 32768         |
+===========================+===============+====================================================+
+---------------------------+---------------+----------------------------------------------------+
| NPU     Chip              | Process id    | Process name             | Process memory(MB)      |
+===========================+===============+====================================================+
| 3       0                 | 125           | VLLMEngineCor            | 184                     |
| 3       0                 | 157           | VLLMWorker_TP            | 27736                   |
+===========================+===============+====================================================+
| 4       0                 | 181           | VLLMWorker_TP            | 27736                   |
+===========================+===============+====================================================+
2026-08-12T14:37:42.643721904Z
+------------------------------------------------------------------------------------------------+
| npu-smi 25.5.2                   Version: 25.5.2                                               |
+---------------------------+---------------+----------------------------------------------------+
| NPU   Name                | Health        | Power(W)    Temp(C)           Hugepages-Usage(page)|
| Chip                      | Bus-Id        | AICore(%)   Memory-Usage(MB)  HBM-Usage(MB)        |
+===========================+===============+====================================================+
| 3     910B4               | OK            | 100.4       42                0    / 0             |
| 0                         | 0000:82:00.0  | 0           0    / 0          30689/ 32768         |
+===========================+===============+====================================================+
| 4     910B4               | OK            | 100.0       47                0    / 0             |
| 0                         | 0000:01:00.0  | 0           0    / 0          30560/ 32768         |
+===========================+===============+====================================================+
+---------------------------+---------------+----------------------------------------------------+
| NPU     Chip              | Process id    | Process name             | Process memory(MB)      |
+===========================+===============+====================================================+
| 3       0                 | 125           | VLLMEngineCor            | 184                     |
| 3       0                 | 157           | VLLMWorker_TP            | 27736                   |
+===========================+===============+====================================================+
| 4       0                 | 181           | VLLMWorker_TP            | 27736                   |
+===========================+===============+====================================================+
2026-08-12T14:37:53.467904885Z
+------------------------------------------------------------------------------------------------+
| npu-smi 25.5.2                   Version: 25.5.2                                               |
+---------------------------+---------------+----------------------------------------------------+
| NPU   Name                | Health        | Power(W)    Temp(C)           Hugepages-Usage(page)|
| Chip                      | Bus-Id        | AICore(%)   Memory-Usage(MB)  HBM-Usage(MB)        |
+===========================+===============+====================================================+
| 3     910B4               | OK            | 100.3       43                0    / 0             |
| 0                         | 0000:82:00.0  | 0           0    / 0          30689/ 32768         |
+===========================+===============+====================================================+
| 4     910B4               | OK            | 100.1       47                0    / 0             |
| 0                         | 0000:01:00.0  | 0           0    / 0          30560/ 32768         |
+===========================+===============+====================================================+
+---------------------------+---------------+----------------------------------------------------+
| NPU     Chip              | Process id    | Process name             | Process memory(MB)      |
+===========================+===============+====================================================+
| 3       0                 | 125           | VLLMEngineCor            | 184                     |
| 3       0                 | 157           | VLLMWorker_TP            | 27736                   |
+===========================+===============+====================================================+
| 4       0                 | 181           | VLLMWorker_TP            | 27736                   |
+===========================+===============+====================================================+
2026-08-12T14:38:04.269351621Z
+------------------------------------------------------------------------------------------------+
| npu-smi 25.5.2                   Version: 25.5.2                                               |
+---------------------------+---------------+----------------------------------------------------+
| NPU   Name                | Health        | Power(W)    Temp(C)           Hugepages-Usage(page)|
| Chip                      | Bus-Id        | AICore(%)   Memory-Usage(MB)  HBM-Usage(MB)        |
+===========================+===============+====================================================+
| 3     910B4               | OK            | 100.5       42                0    / 0             |
| 0                         | 0000:82:00.0  | 0           0    / 0          30688/ 32768         |
+===========================+===============+====================================================+
| 4     910B4               | OK            | 100.0       47                0    / 0             |
| 0                         | 0000:01:00.0  | 0           0    / 0          30560/ 32768         |
+===========================+===============+====================================================+
+---------------------------+---------------+----------------------------------------------------+
| NPU     Chip              | Process id    | Process name             | Process memory(MB)      |
+===========================+===============+====================================================+
| 3       0                 | 125           | VLLMEngineCor            | 184                     |
| 3       0                 | 157           | VLLMWorker_TP            | 27736                   |
+===========================+===============+====================================================+
| 4       0                 | 181           | VLLMWorker_TP            | 27736                   |
+===========================+===============+====================================================+
2026-08-12T14:38:15.013221214Z
+------------------------------------------------------------------------------------------------+
| npu-smi 25.5.2                   Version: 25.5.2                                               |
+---------------------------+---------------+----------------------------------------------------+
| NPU   Name                | Health        | Power(W)    Temp(C)           Hugepages-Usage(page)|
| Chip                      | Bus-Id        | AICore(%)   Memory-Usage(MB)  HBM-Usage(MB)        |
+===========================+===============+====================================================+
| 3     910B4               | OK            | 94.3        42                0    / 0             |
| 0                         | 0000:82:00.0  | 0           0    / 0          30689/ 32768         |
+===========================+===============+====================================================+
| 4     910B4               | OK            | 92.4        47                0    / 0             |
| 0                         | 0000:01:00.0  | 0           0    / 0          30560/ 32768         |
+===========================+===============+====================================================+
+---------------------------+---------------+----------------------------------------------------+
| NPU     Chip              | Process id    | Process name             | Process memory(MB)      |
+===========================+===============+====================================================+
| 3       0                 | 125           | VLLMEngineCor            | 184                     |
| 3       0                 | 157           | VLLMWorker_TP            | 27736                   |
+===========================+===============+====================================================+
| 4       0                 | 181           | VLLMWorker_TP            | 27736                   |
+===========================+===============+====================================================+
