2026-08-12T14:37:10.397240570Z
+------------------------------------------------------------------------------------------------+
| npu-smi 25.5.2                   Version: 25.5.2                                               |
+---------------------------+---------------+----------------------------------------------------+
| NPU   Name                | Health        | Power(W)    Temp(C)           Hugepages-Usage(page)|
| Chip                      | Bus-Id        | AICore(%)   Memory-Usage(MB)  HBM-Usage(MB)        |
+===========================+===============+====================================================+
| 1     910B4               | OK            | 82.7        41                0    / 0             |
| 0                         | 0000:C2:00.0  | 0           0    / 0          30850/ 32768         |
+===========================+===============+====================================================+
| 6     910B4               | OK            | 91.3        43                0    / 0             |
| 0                         | 0000:41:00.0  | 0           0    / 0          30718/ 32768         |
+===========================+===============+====================================================+
+---------------------------+---------------+----------------------------------------------------+
| NPU     Chip              | Process id    | Process name             | Process memory(MB)      |
+===========================+===============+====================================================+
| 1       0                 | 159           | VLLMWorker_TP            | 27896                   |
| 1       0                 | 126           | VLLMEngineCor            | 184                     |
+===========================+===============+====================================================+
| 6       0                 | 184           | VLLMWorker_TP            | 27896                   |
+===========================+===============+====================================================+
2026-08-12T14:37:21.157878148Z
+------------------------------------------------------------------------------------------------+
| npu-smi 25.5.2                   Version: 25.5.2                                               |
+---------------------------+---------------+----------------------------------------------------+
| NPU   Name                | Health        | Power(W)    Temp(C)           Hugepages-Usage(page)|
| Chip                      | Bus-Id        | AICore(%)   Memory-Usage(MB)  HBM-Usage(MB)        |
+===========================+===============+====================================================+
| 1     910B4               | OK            | 82.5        41                0    / 0             |
| 0                         | 0000:C2:00.0  | 0           0    / 0          30850/ 32768         |
+===========================+===============+====================================================+
| 6     910B4               | OK            | 91.3        43                0    / 0             |
| 0                         | 0000:41:00.0  | 0           0    / 0          30718/ 32768         |
+===========================+===============+====================================================+
+---------------------------+---------------+----------------------------------------------------+
| NPU     Chip              | Process id    | Process name             | Process memory(MB)      |
+===========================+===============+====================================================+
| 1       0                 | 159           | VLLMWorker_TP            | 27896                   |
| 1       0                 | 126           | VLLMEngineCor            | 184                     |
+===========================+===============+====================================================+
| 6       0                 | 184           | VLLMWorker_TP            | 27896                   |
+===========================+===============+====================================================+
2026-08-12T14:37:31.938790619Z
+------------------------------------------------------------------------------------------------+
| npu-smi 25.5.2                   Version: 25.5.2                                               |
+---------------------------+---------------+----------------------------------------------------+
| NPU   Name                | Health        | Power(W)    Temp(C)           Hugepages-Usage(page)|
| Chip                      | Bus-Id        | AICore(%)   Memory-Usage(MB)  HBM-Usage(MB)        |
+===========================+===============+====================================================+
| 1     910B4               | OK            | 82.5        41                0    / 0             |
| 0                         | 0000:C2:00.0  | 0           0    / 0          30850/ 32768         |
+===========================+===============+====================================================+
| 6     910B4               | OK            | 91.3        43                0    / 0             |
| 0                         | 0000:41:00.0  | 0           0    / 0          30718/ 32768         |
+===========================+===============+====================================================+
+---------------------------+---------------+----------------------------------------------------+
| NPU     Chip              | Process id    | Process name             | Process memory(MB)      |
+===========================+===============+====================================================+
| 1       0                 | 159           | VLLMWorker_TP            | 27896                   |
| 1       0                 | 126           | VLLMEngineCor            | 184                     |
+===========================+===============+====================================================+
| 6       0                 | 184           | VLLMWorker_TP            | 27896                   |
+===========================+===============+====================================================+
2026-08-12T14:37:42.697584328Z
+------------------------------------------------------------------------------------------------+
| npu-smi 25.5.2                   Version: 25.5.2                                               |
+---------------------------+---------------+----------------------------------------------------+
| NPU   Name                | Health        | Power(W)    Temp(C)           Hugepages-Usage(page)|
| Chip                      | Bus-Id        | AICore(%)   Memory-Usage(MB)  HBM-Usage(MB)        |
+===========================+===============+====================================================+
| 1     910B4               | OK            | 101.7       41                0    / 0             |
| 0                         | 0000:C2:00.0  | 67          0    / 0          30850/ 32768         |
+===========================+===============+====================================================+
| 6     910B4               | OK            | 118.5       44                0    / 0             |
| 0                         | 0000:41:00.0  | 25          0    / 0          30718/ 32768         |
+===========================+===============+====================================================+
+---------------------------+---------------+----------------------------------------------------+
| NPU     Chip              | Process id    | Process name             | Process memory(MB)      |
+===========================+===============+====================================================+
| 1       0                 | 159           | VLLMWorker_TP            | 27896                   |
| 1       0                 | 126           | VLLMEngineCor            | 184                     |
+===========================+===============+====================================================+
| 6       0                 | 184           | VLLMWorker_TP            | 27896                   |
+===========================+===============+====================================================+
2026-08-12T14:37:53.543929841Z
+------------------------------------------------------------------------------------------------+
| npu-smi 25.5.2                   Version: 25.5.2                                               |
+---------------------------+---------------+----------------------------------------------------+
| NPU   Name                | Health        | Power(W)    Temp(C)           Hugepages-Usage(page)|
| Chip                      | Bus-Id        | AICore(%)   Memory-Usage(MB)  HBM-Usage(MB)        |
+===========================+===============+====================================================+
| 1     910B4               | OK            | 122.7       44                0    / 0             |
| 0                         | 0000:C2:00.0  | 100         0    / 0          30850/ 32768         |
+===========================+===============+====================================================+
| 6     910B4               | OK            | 129.2       46                0    / 0             |
| 0                         | 0000:41:00.0  | 24          0    / 0          30718/ 32768         |
+===========================+===============+====================================================+
+---------------------------+---------------+----------------------------------------------------+
| NPU     Chip              | Process id    | Process name             | Process memory(MB)      |
+===========================+===============+====================================================+
| 1       0                 | 159           | VLLMWorker_TP            | 27896                   |
| 1       0                 | 126           | VLLMEngineCor            | 184                     |
+===========================+===============+====================================================+
| 6       0                 | 184           | VLLMWorker_TP            | 27896                   |
+===========================+===============+====================================================+
2026-08-12T14:38:04.272064295Z
+------------------------------------------------------------------------------------------------+
| npu-smi 25.5.2                   Version: 25.5.2                                               |
+---------------------------+---------------+----------------------------------------------------+
| NPU   Name                | Health        | Power(W)    Temp(C)           Hugepages-Usage(page)|
| Chip                      | Bus-Id        | AICore(%)   Memory-Usage(MB)  HBM-Usage(MB)        |
+===========================+===============+====================================================+
| 1     910B4               | OK            | 124.0       44                0    / 0             |
| 0                         | 0000:C2:00.0  | 100         0    / 0          30850/ 32768         |
+===========================+===============+====================================================+
| 6     910B4               | OK            | 132.2       47                0    / 0             |
| 0                         | 0000:41:00.0  | 39          0    / 0          30718/ 32768         |
+===========================+===============+====================================================+
+---------------------------+---------------+----------------------------------------------------+
| NPU     Chip              | Process id    | Process name             | Process memory(MB)      |
+===========================+===============+====================================================+
| 1       0                 | 159           | VLLMWorker_TP            | 27896                   |
| 1       0                 | 126           | VLLMEngineCor            | 184                     |
+===========================+===============+====================================================+
| 6       0                 | 184           | VLLMWorker_TP            | 27896                   |
+===========================+===============+====================================================+
2026-08-12T14:38:15.072208193Z
+------------------------------------------------------------------------------------------------+
| npu-smi 25.5.2                   Version: 25.5.2                                               |
+---------------------------+---------------+----------------------------------------------------+
| NPU   Name                | Health        | Power(W)    Temp(C)           Hugepages-Usage(page)|
| Chip                      | Bus-Id        | AICore(%)   Memory-Usage(MB)  HBM-Usage(MB)        |
+===========================+===============+====================================================+
| 1     910B4               | OK            | 83.0        41                0    / 0             |
| 0                         | 0000:C2:00.0  | 0           0    / 0          30850/ 32768         |
+===========================+===============+====================================================+
| 6     910B4               | OK            | 91.9        44                0    / 0             |
| 0                         | 0000:41:00.0  | 0           0    / 0          30718/ 32768         |
+===========================+===============+====================================================+
+---------------------------+---------------+----------------------------------------------------+
| NPU     Chip              | Process id    | Process name             | Process memory(MB)      |
+===========================+===============+====================================================+
| 1       0                 | 159           | VLLMWorker_TP            | 27896                   |
| 1       0                 | 126           | VLLMEngineCor            | 184                     |
+===========================+===============+====================================================+
| 6       0                 | 184           | VLLMWorker_TP            | 27896                   |
+===========================+===============+====================================================+
