2026-08-09T19:04:39.068825555Z
+------------------------------------------------------------------------------------------------+
| npu-smi 25.5.2                   Version: 25.5.2                                               |
+---------------------------+---------------+----------------------------------------------------+
| NPU   Name                | Health        | Power(W)    Temp(C)           Hugepages-Usage(page)|
| Chip                      | Bus-Id        | AICore(%)   Memory-Usage(MB)  HBM-Usage(MB)        |
+===========================+===============+====================================================+
| 5     910B4               | OK            | 91.7        47                0    / 0             |
| 0                         | 0000:02:00.0  | 0           0    / 0          30692/ 32768         |
+===========================+===============+====================================================+
| 6     910B4               | OK            | 92.4        45                0    / 0             |
| 0                         | 0000:41:00.0  | 0           0    / 0          30560/ 32768         |
+===========================+===============+====================================================+
+---------------------------+---------------+----------------------------------------------------+
| NPU     Chip              | Process id    | Process name             | Process memory(MB)      |
+===========================+===============+====================================================+
| 5       0                 | 157           | VLLMWorker_TP            | 27738                   |
| 5       0                 | 125           | VLLMEngineCor            | 184                     |
+===========================+===============+====================================================+
| 6       0                 | 181           | VLLMWorker_TP            | 27738                   |
+===========================+===============+====================================================+
2026-08-09T19:04:49.773182427Z
+------------------------------------------------------------------------------------------------+
| npu-smi 25.5.2                   Version: 25.5.2                                               |
+---------------------------+---------------+----------------------------------------------------+
| NPU   Name                | Health        | Power(W)    Temp(C)           Hugepages-Usage(page)|
| Chip                      | Bus-Id        | AICore(%)   Memory-Usage(MB)  HBM-Usage(MB)        |
+===========================+===============+====================================================+
| 5     910B4               | OK            | 91.6        47                0    / 0             |
| 0                         | 0000:02:00.0  | 0           0    / 0          30692/ 32768         |
+===========================+===============+====================================================+
| 6     910B4               | OK            | 92.2        45                0    / 0             |
| 0                         | 0000:41:00.0  | 0           0    / 0          30560/ 32768         |
+===========================+===============+====================================================+
+---------------------------+---------------+----------------------------------------------------+
| NPU     Chip              | Process id    | Process name             | Process memory(MB)      |
+===========================+===============+====================================================+
| 5       0                 | 157           | VLLMWorker_TP            | 27738                   |
| 5       0                 | 125           | VLLMEngineCor            | 184                     |
+===========================+===============+====================================================+
| 6       0                 | 181           | VLLMWorker_TP            | 27738                   |
+===========================+===============+====================================================+
2026-08-09T19:05:00.533664782Z
+------------------------------------------------------------------------------------------------+
| npu-smi 25.5.2                   Version: 25.5.2                                               |
+---------------------------+---------------+----------------------------------------------------+
| NPU   Name                | Health        | Power(W)    Temp(C)           Hugepages-Usage(page)|
| Chip                      | Bus-Id        | AICore(%)   Memory-Usage(MB)  HBM-Usage(MB)        |
+===========================+===============+====================================================+
| 5     910B4               | OK            | 91.3        47                0    / 0             |
| 0                         | 0000:02:00.0  | 0           0    / 0          30692/ 32768         |
+===========================+===============+====================================================+
| 6     910B4               | OK            | 92.1        44                0    / 0             |
| 0                         | 0000:41:00.0  | 0           0    / 0          30560/ 32768         |
+===========================+===============+====================================================+
+---------------------------+---------------+----------------------------------------------------+
| NPU     Chip              | Process id    | Process name             | Process memory(MB)      |
+===========================+===============+====================================================+
| 5       0                 | 157           | VLLMWorker_TP            | 27738                   |
| 5       0                 | 125           | VLLMEngineCor            | 184                     |
+===========================+===============+====================================================+
| 6       0                 | 181           | VLLMWorker_TP            | 27738                   |
+===========================+===============+====================================================+
2026-08-09T19:05:11.274042151Z
+------------------------------------------------------------------------------------------------+
| npu-smi 25.5.2                   Version: 25.5.2                                               |
+---------------------------+---------------+----------------------------------------------------+
| NPU   Name                | Health        | Power(W)    Temp(C)           Hugepages-Usage(page)|
| Chip                      | Bus-Id        | AICore(%)   Memory-Usage(MB)  HBM-Usage(MB)        |
+===========================+===============+====================================================+
| 5     910B4               | OK            | 99.6        47                0    / 0             |
| 0                         | 0000:02:00.0  | 5           0    / 0          30691/ 32768         |
+===========================+===============+====================================================+
| 6     910B4               | OK            | 100.3       44                0    / 0             |
| 0                         | 0000:41:00.0  | 5           0    / 0          30560/ 32768         |
+===========================+===============+====================================================+
+---------------------------+---------------+----------------------------------------------------+
| NPU     Chip              | Process id    | Process name             | Process memory(MB)      |
+===========================+===============+====================================================+
| 5       0                 | 157           | VLLMWorker_TP            | 27738                   |
| 5       0                 | 125           | VLLMEngineCor            | 184                     |
+===========================+===============+====================================================+
| 6       0                 | 181           | VLLMWorker_TP            | 27738                   |
+===========================+===============+====================================================+
2026-08-09T19:05:22.038231416Z
+------------------------------------------------------------------------------------------------+
| npu-smi 25.5.2                   Version: 25.5.2                                               |
+---------------------------+---------------+----------------------------------------------------+
| NPU   Name                | Health        | Power(W)    Temp(C)           Hugepages-Usage(page)|
| Chip                      | Bus-Id        | AICore(%)   Memory-Usage(MB)  HBM-Usage(MB)        |
+===========================+===============+====================================================+
| 5     910B4               | OK            | 101.0       46                0    / 0             |
| 0                         | 0000:02:00.0  | 12          0    / 0          30691/ 32768         |
+===========================+===============+====================================================+
| 6     910B4               | OK            | 101.9       45                0    / 0             |
| 0                         | 0000:41:00.0  | 9           0    / 0          30560/ 32768         |
+===========================+===============+====================================================+
+---------------------------+---------------+----------------------------------------------------+
| NPU     Chip              | Process id    | Process name             | Process memory(MB)      |
+===========================+===============+====================================================+
| 5       0                 | 157           | VLLMWorker_TP            | 27738                   |
| 5       0                 | 125           | VLLMEngineCor            | 184                     |
+===========================+===============+====================================================+
| 6       0                 | 181           | VLLMWorker_TP            | 27738                   |
+===========================+===============+====================================================+
2026-08-09T19:05:32.785617803Z
+------------------------------------------------------------------------------------------------+
| npu-smi 25.5.2                   Version: 25.5.2                                               |
+---------------------------+---------------+----------------------------------------------------+
| NPU   Name                | Health        | Power(W)    Temp(C)           Hugepages-Usage(page)|
| Chip                      | Bus-Id        | AICore(%)   Memory-Usage(MB)  HBM-Usage(MB)        |
+===========================+===============+====================================================+
| 5     910B4               | OK            | 101.3       47                0    / 0             |
| 0                         | 0000:02:00.0  | 12          0    / 0          30691/ 32768         |
+===========================+===============+====================================================+
| 6     910B4               | OK            | 103.6       45                0    / 0             |
| 0                         | 0000:41:00.0  | 12          0    / 0          30560/ 32768         |
+===========================+===============+====================================================+
+---------------------------+---------------+----------------------------------------------------+
| NPU     Chip              | Process id    | Process name             | Process memory(MB)      |
+===========================+===============+====================================================+
| 5       0                 | 157           | VLLMWorker_TP            | 27738                   |
| 5       0                 | 125           | VLLMEngineCor            | 184                     |
+===========================+===============+====================================================+
| 6       0                 | 181           | VLLMWorker_TP            | 27738                   |
+===========================+===============+====================================================+
2026-08-09T19:05:43.615706482Z
+------------------------------------------------------------------------------------------------+
| npu-smi 25.5.2                   Version: 25.5.2                                               |
+---------------------------+---------------+----------------------------------------------------+
| NPU   Name                | Health        | Power(W)    Temp(C)           Hugepages-Usage(page)|
| Chip                      | Bus-Id        | AICore(%)   Memory-Usage(MB)  HBM-Usage(MB)        |
+===========================+===============+====================================================+
| 5     910B4               | OK            | 101.6       47                0    / 0             |
| 0                         | 0000:02:00.0  | 13          0    / 0          30692/ 32768         |
+===========================+===============+====================================================+
| 6     910B4               | OK            | 102.4       45                0    / 0             |
| 0                         | 0000:41:00.0  | 10          0    / 0          30561/ 32768         |
+===========================+===============+====================================================+
+---------------------------+---------------+----------------------------------------------------+
| NPU     Chip              | Process id    | Process name             | Process memory(MB)      |
+===========================+===============+====================================================+
| 5       0                 | 157           | VLLMWorker_TP            | 27738                   |
| 5       0                 | 125           | VLLMEngineCor            | 184                     |
+===========================+===============+====================================================+
| 6       0                 | 181           | VLLMWorker_TP            | 27738                   |
+===========================+===============+====================================================+
2026-08-09T19:05:54.361788882Z
+------------------------------------------------------------------------------------------------+
| npu-smi 25.5.2                   Version: 25.5.2                                               |
+---------------------------+---------------+----------------------------------------------------+
| NPU   Name                | Health        | Power(W)    Temp(C)           Hugepages-Usage(page)|
| Chip                      | Bus-Id        | AICore(%)   Memory-Usage(MB)  HBM-Usage(MB)        |
+===========================+===============+====================================================+
| 5     910B4               | OK            | 99.3        47                0    / 0             |
| 0                         | 0000:02:00.0  | 5           0    / 0          30692/ 32768         |
+===========================+===============+====================================================+
| 6     910B4               | OK            | 100.9       45                0    / 0             |
| 0                         | 0000:41:00.0  | 6           0    / 0          30560/ 32768         |
+===========================+===============+====================================================+
+---------------------------+---------------+----------------------------------------------------+
| NPU     Chip              | Process id    | Process name             | Process memory(MB)      |
+===========================+===============+====================================================+
| 5       0                 | 157           | VLLMWorker_TP            | 27738                   |
| 5       0                 | 125           | VLLMEngineCor            | 184                     |
+===========================+===============+====================================================+
| 6       0                 | 181           | VLLMWorker_TP            | 27738                   |
+===========================+===============+====================================================+
