2026-08-09T19:04:39.068639794Z
+------------------------------------------------------------------------------------------------+
| npu-smi 25.5.2                   Version: 25.5.2                                               |
+---------------------------+---------------+----------------------------------------------------+
| NPU   Name                | Health        | Power(W)    Temp(C)           Hugepages-Usage(page)|
| Chip                      | Bus-Id        | AICore(%)   Memory-Usage(MB)  HBM-Usage(MB)        |
+===========================+===============+====================================================+
| 2     910B4               | OK            | 90.6        42                0    / 0             |
| 0                         | 0000:81:00.0  | 0           0    / 0          30931/ 32768         |
+===========================+===============+====================================================+
| 3     910B4               | OK            | 95.2        44                0    / 0             |
| 0                         | 0000:82:00.0  | 0           0    / 0          30798/ 32768         |
+===========================+===============+====================================================+
+---------------------------+---------------+----------------------------------------------------+
| NPU     Chip              | Process id    | Process name             | Process memory(MB)      |
+===========================+===============+====================================================+
| 2       0                 | 126           | VLLMEngineCor            | 184                     |
| 2       0                 | 159           | VLLMWorker_TP            | 27976                   |
+===========================+===============+====================================================+
| 3       0                 | 183           | VLLMWorker_TP            | 27976                   |
+===========================+===============+====================================================+
2026-08-09T19:04:49.753963506Z
+------------------------------------------------------------------------------------------------+
| npu-smi 25.5.2                   Version: 25.5.2                                               |
+---------------------------+---------------+----------------------------------------------------+
| NPU   Name                | Health        | Power(W)    Temp(C)           Hugepages-Usage(page)|
| Chip                      | Bus-Id        | AICore(%)   Memory-Usage(MB)  HBM-Usage(MB)        |
+===========================+===============+====================================================+
| 2     910B4               | OK            | 90.4        42                0    / 0             |
| 0                         | 0000:81:00.0  | 0           0    / 0          30930/ 32768         |
+===========================+===============+====================================================+
| 3     910B4               | OK            | 95.2        44                0    / 0             |
| 0                         | 0000:82:00.0  | 0           0    / 0          30799/ 32768         |
+===========================+===============+====================================================+
+---------------------------+---------------+----------------------------------------------------+
| NPU     Chip              | Process id    | Process name             | Process memory(MB)      |
+===========================+===============+====================================================+
| 2       0                 | 126           | VLLMEngineCor            | 184                     |
| 2       0                 | 159           | VLLMWorker_TP            | 27976                   |
+===========================+===============+====================================================+
| 3       0                 | 183           | VLLMWorker_TP            | 27976                   |
+===========================+===============+====================================================+
2026-08-09T19:05:00.473755938Z
+------------------------------------------------------------------------------------------------+
| npu-smi 25.5.2                   Version: 25.5.2                                               |
+---------------------------+---------------+----------------------------------------------------+
| NPU   Name                | Health        | Power(W)    Temp(C)           Hugepages-Usage(page)|
| Chip                      | Bus-Id        | AICore(%)   Memory-Usage(MB)  HBM-Usage(MB)        |
+===========================+===============+====================================================+
| 2     910B4               | OK            | 90.2        42                0    / 0             |
| 0                         | 0000:81:00.0  | 0           0    / 0          30930/ 32768         |
+===========================+===============+====================================================+
| 3     910B4               | OK            | 94.9        44                0    / 0             |
| 0                         | 0000:82:00.0  | 0           0    / 0          30798/ 32768         |
+===========================+===============+====================================================+
+---------------------------+---------------+----------------------------------------------------+
| NPU     Chip              | Process id    | Process name             | Process memory(MB)      |
+===========================+===============+====================================================+
| 2       0                 | 126           | VLLMEngineCor            | 184                     |
| 2       0                 | 159           | VLLMWorker_TP            | 27976                   |
+===========================+===============+====================================================+
| 3       0                 | 183           | VLLMWorker_TP            | 27976                   |
+===========================+===============+====================================================+
2026-08-09T19:05:11.216449290Z
+------------------------------------------------------------------------------------------------+
| npu-smi 25.5.2                   Version: 25.5.2                                               |
+---------------------------+---------------+----------------------------------------------------+
| NPU   Name                | Health        | Power(W)    Temp(C)           Hugepages-Usage(page)|
| Chip                      | Bus-Id        | AICore(%)   Memory-Usage(MB)  HBM-Usage(MB)        |
+===========================+===============+====================================================+
| 2     910B4               | OK            | 120.7       44                0    / 0             |
| 0                         | 0000:81:00.0  | 54          0    / 0          30930/ 32768         |
+===========================+===============+====================================================+
| 3     910B4               | OK            | 127.7       45                0    / 0             |
| 0                         | 0000:82:00.0  | 36          0    / 0          30799/ 32768         |
+===========================+===============+====================================================+
+---------------------------+---------------+----------------------------------------------------+
| NPU     Chip              | Process id    | Process name             | Process memory(MB)      |
+===========================+===============+====================================================+
| 2       0                 | 126           | VLLMEngineCor            | 184                     |
| 2       0                 | 159           | VLLMWorker_TP            | 27976                   |
+===========================+===============+====================================================+
| 3       0                 | 183           | VLLMWorker_TP            | 27976                   |
+===========================+===============+====================================================+
2026-08-09T19:05:21.954579788Z
+------------------------------------------------------------------------------------------------+
| npu-smi 25.5.2                   Version: 25.5.2                                               |
+---------------------------+---------------+----------------------------------------------------+
| NPU   Name                | Health        | Power(W)    Temp(C)           Hugepages-Usage(page)|
| Chip                      | Bus-Id        | AICore(%)   Memory-Usage(MB)  HBM-Usage(MB)        |
+===========================+===============+====================================================+
| 2     910B4               | OK            | 133.2       46                0    / 0             |
| 0                         | 0000:81:00.0  | 100         0    / 0          30931/ 32768         |
+===========================+===============+====================================================+
| 3     910B4               | OK            | 132.8       47                0    / 0             |
| 0                         | 0000:82:00.0  | 53          0    / 0          30799/ 32768         |
+===========================+===============+====================================================+
+---------------------------+---------------+----------------------------------------------------+
| NPU     Chip              | Process id    | Process name             | Process memory(MB)      |
+===========================+===============+====================================================+
| 2       0                 | 126           | VLLMEngineCor            | 184                     |
| 2       0                 | 159           | VLLMWorker_TP            | 27976                   |
+===========================+===============+====================================================+
| 3       0                 | 183           | VLLMWorker_TP            | 27976                   |
+===========================+===============+====================================================+
2026-08-09T19:05:32.723886699Z
+------------------------------------------------------------------------------------------------+
| npu-smi 25.5.2                   Version: 25.5.2                                               |
+---------------------------+---------------+----------------------------------------------------+
| NPU   Name                | Health        | Power(W)    Temp(C)           Hugepages-Usage(page)|
| Chip                      | Bus-Id        | AICore(%)   Memory-Usage(MB)  HBM-Usage(MB)        |
+===========================+===============+====================================================+
| 2     910B4               | OK            | 129.2       47                0    / 0             |
| 0                         | 0000:81:00.0  | 100         0    / 0          30930/ 32768         |
+===========================+===============+====================================================+
| 3     910B4               | OK            | 132.5       47                0    / 0             |
| 0                         | 0000:82:00.0  | 43          0    / 0          30799/ 32768         |
+===========================+===============+====================================================+
+---------------------------+---------------+----------------------------------------------------+
| NPU     Chip              | Process id    | Process name             | Process memory(MB)      |
+===========================+===============+====================================================+
| 2       0                 | 126           | VLLMEngineCor            | 184                     |
| 2       0                 | 159           | VLLMWorker_TP            | 27976                   |
+===========================+===============+====================================================+
| 3       0                 | 183           | VLLMWorker_TP            | 27976                   |
+===========================+===============+====================================================+
2026-08-09T19:05:43.463549435Z
+------------------------------------------------------------------------------------------------+
| npu-smi 25.5.2                   Version: 25.5.2                                               |
+---------------------------+---------------+----------------------------------------------------+
| NPU   Name                | Health        | Power(W)    Temp(C)           Hugepages-Usage(page)|
| Chip                      | Bus-Id        | AICore(%)   Memory-Usage(MB)  HBM-Usage(MB)        |
+===========================+===============+====================================================+
| 2     910B4               | OK            | 91.1        44                0    / 0             |
| 0                         | 0000:81:00.0  | 0           0    / 0          30930/ 32768         |
+===========================+===============+====================================================+
| 3     910B4               | OK            | 95.6        45                0    / 0             |
| 0                         | 0000:82:00.0  | 0           0    / 0          30799/ 32768         |
+===========================+===============+====================================================+
+---------------------------+---------------+----------------------------------------------------+
| NPU     Chip              | Process id    | Process name             | Process memory(MB)      |
+===========================+===============+====================================================+
| 2       0                 | 126           | VLLMEngineCor            | 184                     |
| 2       0                 | 159           | VLLMWorker_TP            | 27976                   |
+===========================+===============+====================================================+
| 3       0                 | 183           | VLLMWorker_TP            | 27976                   |
+===========================+===============+====================================================+
2026-08-09T19:05:54.172185249Z
+------------------------------------------------------------------------------------------------+
| npu-smi 25.5.2                   Version: 25.5.2                                               |
+---------------------------+---------------+----------------------------------------------------+
| NPU   Name                | Health        | Power(W)    Temp(C)           Hugepages-Usage(page)|
| Chip                      | Bus-Id        | AICore(%)   Memory-Usage(MB)  HBM-Usage(MB)        |
+===========================+===============+====================================================+
| 2     910B4               | OK            | 90.7        43                0    / 0             |
| 0                         | 0000:81:00.0  | 0           0    / 0          30930/ 32768         |
+===========================+===============+====================================================+
| 3     910B4               | OK            | 95.5        44                0    / 0             |
| 0                         | 0000:82:00.0  | 0           0    / 0          30799/ 32768         |
+===========================+===============+====================================================+
+---------------------------+---------------+----------------------------------------------------+
| NPU     Chip              | Process id    | Process name             | Process memory(MB)      |
+===========================+===============+====================================================+
| 2       0                 | 126           | VLLMEngineCor            | 184                     |
| 2       0                 | 159           | VLLMWorker_TP            | 27976                   |
+===========================+===============+====================================================+
| 3       0                 | 183           | VLLMWorker_TP            | 27976                   |
+===========================+===============+====================================================+
