2026-08-12T10:42:12.483537025Z
+------------------------------------------------------------------------------------------------+
| npu-smi 25.5.2                   Version: 25.5.2                                               |
+---------------------------+---------------+----------------------------------------------------+
| NPU   Name                | Health        | Power(W)    Temp(C)           Hugepages-Usage(page)|
| Chip                      | Bus-Id        | AICore(%)   Memory-Usage(MB)  HBM-Usage(MB)        |
+===========================+===============+====================================================+
| 4     910B4               | OK            | 92.4        47                0    / 0             |
| 0                         | 0000:01:00.0  | 0           0    / 0          30695/ 32768         |
+===========================+===============+====================================================+
| 5     910B4               | OK            | 90.8        46                0    / 0             |
| 0                         | 0000:02:00.0  | 0           0    / 0          30564/ 32768         |
+===========================+===============+====================================================+
+---------------------------+---------------+----------------------------------------------------+
| NPU     Chip              | Process id    | Process name             | Process memory(MB)      |
+===========================+===============+====================================================+
| 4       0                 | 132           | VLLMEngineCor            | 184                     |
| 4       0                 | 164           | VLLMWorker_TP            | 27738                   |
+===========================+===============+====================================================+
| 5       0                 | 189           | VLLMWorker_TP            | 27738                   |
+===========================+===============+====================================================+
2026-08-12T10:42:23.202127696Z
+------------------------------------------------------------------------------------------------+
| npu-smi 25.5.2                   Version: 25.5.2                                               |
+---------------------------+---------------+----------------------------------------------------+
| NPU   Name                | Health        | Power(W)    Temp(C)           Hugepages-Usage(page)|
| Chip                      | Bus-Id        | AICore(%)   Memory-Usage(MB)  HBM-Usage(MB)        |
+===========================+===============+====================================================+
| 4     910B4               | OK            | 92.3        47                0    / 0             |
| 0                         | 0000:01:00.0  | 0           0    / 0          30695/ 32768         |
+===========================+===============+====================================================+
| 5     910B4               | OK            | 90.7        45                0    / 0             |
| 0                         | 0000:02:00.0  | 0           0    / 0          30564/ 32768         |
+===========================+===============+====================================================+
+---------------------------+---------------+----------------------------------------------------+
| NPU     Chip              | Process id    | Process name             | Process memory(MB)      |
+===========================+===============+====================================================+
| 4       0                 | 132           | VLLMEngineCor            | 184                     |
| 4       0                 | 164           | VLLMWorker_TP            | 27738                   |
+===========================+===============+====================================================+
| 5       0                 | 189           | VLLMWorker_TP            | 27738                   |
+===========================+===============+====================================================+
2026-08-12T10:42:33.931405282Z
+------------------------------------------------------------------------------------------------+
| npu-smi 25.5.2                   Version: 25.5.2                                               |
+---------------------------+---------------+----------------------------------------------------+
| NPU   Name                | Health        | Power(W)    Temp(C)           Hugepages-Usage(page)|
| Chip                      | Bus-Id        | AICore(%)   Memory-Usage(MB)  HBM-Usage(MB)        |
+===========================+===============+====================================================+
| 4     910B4               | OK            | 92.2        47                0    / 0             |
| 0                         | 0000:01:00.0  | 0           0    / 0          30694/ 32768         |
+===========================+===============+====================================================+
| 5     910B4               | OK            | 90.7        45                0    / 0             |
| 0                         | 0000:02:00.0  | 0           0    / 0          30564/ 32768         |
+===========================+===============+====================================================+
+---------------------------+---------------+----------------------------------------------------+
| NPU     Chip              | Process id    | Process name             | Process memory(MB)      |
+===========================+===============+====================================================+
| 4       0                 | 132           | VLLMEngineCor            | 184                     |
| 4       0                 | 164           | VLLMWorker_TP            | 27738                   |
+===========================+===============+====================================================+
| 5       0                 | 189           | VLLMWorker_TP            | 27738                   |
+===========================+===============+====================================================+
2026-08-12T10:42:44.680452349Z
+------------------------------------------------------------------------------------------------+
| npu-smi 25.5.2                   Version: 25.5.2                                               |
+---------------------------+---------------+----------------------------------------------------+
| NPU   Name                | Health        | Power(W)    Temp(C)           Hugepages-Usage(page)|
| Chip                      | Bus-Id        | AICore(%)   Memory-Usage(MB)  HBM-Usage(MB)        |
+===========================+===============+====================================================+
| 4     910B4               | OK            | 100.4       47                0    / 0             |
| 0                         | 0000:01:00.0  | 0           0    / 0          30695/ 32768         |
+===========================+===============+====================================================+
| 5     910B4               | OK            | 97.2        45                0    / 0             |
| 0                         | 0000:02:00.0  | 0           0    / 0          30564/ 32768         |
+===========================+===============+====================================================+
+---------------------------+---------------+----------------------------------------------------+
| NPU     Chip              | Process id    | Process name             | Process memory(MB)      |
+===========================+===============+====================================================+
| 4       0                 | 132           | VLLMEngineCor            | 184                     |
| 4       0                 | 164           | VLLMWorker_TP            | 27738                   |
+===========================+===============+====================================================+
| 5       0                 | 189           | VLLMWorker_TP            | 27738                   |
+===========================+===============+====================================================+
2026-08-12T10:42:55.394449036Z
+------------------------------------------------------------------------------------------------+
| npu-smi 25.5.2                   Version: 25.5.2                                               |
+---------------------------+---------------+----------------------------------------------------+
| NPU   Name                | Health        | Power(W)    Temp(C)           Hugepages-Usage(page)|
| Chip                      | Bus-Id        | AICore(%)   Memory-Usage(MB)  HBM-Usage(MB)        |
+===========================+===============+====================================================+
| 4     910B4               | OK            | 100.2       47                0    / 0             |
| 0                         | 0000:01:00.0  | 0           0    / 0          30695/ 32768         |
+===========================+===============+====================================================+
| 5     910B4               | OK            | 97.0        45                0    / 0             |
| 0                         | 0000:02:00.0  | 0           0    / 0          30564/ 32768         |
+===========================+===============+====================================================+
+---------------------------+---------------+----------------------------------------------------+
| NPU     Chip              | Process id    | Process name             | Process memory(MB)      |
+===========================+===============+====================================================+
| 4       0                 | 132           | VLLMEngineCor            | 184                     |
| 4       0                 | 164           | VLLMWorker_TP            | 27738                   |
+===========================+===============+====================================================+
| 5       0                 | 189           | VLLMWorker_TP            | 27738                   |
+===========================+===============+====================================================+
2026-08-12T10:43:06.110542184Z
+------------------------------------------------------------------------------------------------+
| npu-smi 25.5.2                   Version: 25.5.2                                               |
+---------------------------+---------------+----------------------------------------------------+
| NPU   Name                | Health        | Power(W)    Temp(C)           Hugepages-Usage(page)|
| Chip                      | Bus-Id        | AICore(%)   Memory-Usage(MB)  HBM-Usage(MB)        |
+===========================+===============+====================================================+
| 4     910B4               | OK            | 99.7        47                0    / 0             |
| 0                         | 0000:01:00.0  | 0           0    / 0          30695/ 32768         |
+===========================+===============+====================================================+
| 5     910B4               | OK            | 97.7        45                0    / 0             |
| 0                         | 0000:02:00.0  | 0           0    / 0          30564/ 32768         |
+===========================+===============+====================================================+
+---------------------------+---------------+----------------------------------------------------+
| NPU     Chip              | Process id    | Process name             | Process memory(MB)      |
+===========================+===============+====================================================+
| 4       0                 | 132           | VLLMEngineCor            | 184                     |
| 4       0                 | 164           | VLLMWorker_TP            | 27738                   |
+===========================+===============+====================================================+
| 5       0                 | 189           | VLLMWorker_TP            | 27738                   |
+===========================+===============+====================================================+
2026-08-12T10:43:16.848343183Z
+------------------------------------------------------------------------------------------------+
| npu-smi 25.5.2                   Version: 25.5.2                                               |
+---------------------------+---------------+----------------------------------------------------+
| NPU   Name                | Health        | Power(W)    Temp(C)           Hugepages-Usage(page)|
| Chip                      | Bus-Id        | AICore(%)   Memory-Usage(MB)  HBM-Usage(MB)        |
+===========================+===============+====================================================+
| 4     910B4               | OK            | 100.2       47                0    / 0             |
| 0                         | 0000:01:00.0  | 0           0    / 0          30695/ 32768         |
+===========================+===============+====================================================+
| 5     910B4               | OK            | 97.6        45                0    / 0             |
| 0                         | 0000:02:00.0  | 0           0    / 0          30564/ 32768         |
+===========================+===============+====================================================+
+---------------------------+---------------+----------------------------------------------------+
| NPU     Chip              | Process id    | Process name             | Process memory(MB)      |
+===========================+===============+====================================================+
| 4       0                 | 132           | VLLMEngineCor            | 184                     |
| 4       0                 | 164           | VLLMWorker_TP            | 27738                   |
+===========================+===============+====================================================+
| 5       0                 | 189           | VLLMWorker_TP            | 27738                   |
+===========================+===============+====================================================+
2026-08-12T10:43:27.575678119Z
+------------------------------------------------------------------------------------------------+
| npu-smi 25.5.2                   Version: 25.5.2                                               |
+---------------------------+---------------+----------------------------------------------------+
| NPU   Name                | Health        | Power(W)    Temp(C)           Hugepages-Usage(page)|
| Chip                      | Bus-Id        | AICore(%)   Memory-Usage(MB)  HBM-Usage(MB)        |
+===========================+===============+====================================================+
| 4     910B4               | OK            | 97.6        47                0    / 0             |
| 0                         | 0000:01:00.0  | 0           0    / 0          30694/ 32768         |
+===========================+===============+====================================================+
| 5     910B4               | OK            | 97.0        46                0    / 0             |
| 0                         | 0000:02:00.0  | 0           0    / 0          30564/ 32768         |
+===========================+===============+====================================================+
+---------------------------+---------------+----------------------------------------------------+
| NPU     Chip              | Process id    | Process name             | Process memory(MB)      |
+===========================+===============+====================================================+
| 4       0                 | 132           | VLLMEngineCor            | 184                     |
| 4       0                 | 164           | VLLMWorker_TP            | 27738                   |
+===========================+===============+====================================================+
| 5       0                 | 189           | VLLMWorker_TP            | 27738                   |
+===========================+===============+====================================================+
2026-08-12T10:43:38.324333183Z
+------------------------------------------------------------------------------------------------+
| npu-smi 25.5.2                   Version: 25.5.2                                               |
+---------------------------+---------------+----------------------------------------------------+
| NPU   Name                | Health        | Power(W)    Temp(C)           Hugepages-Usage(page)|
| Chip                      | Bus-Id        | AICore(%)   Memory-Usage(MB)  HBM-Usage(MB)        |
+===========================+===============+====================================================+
| 4     910B4               | OK            | 101.3       47                0    / 0             |
| 0                         | 0000:01:00.0  | 3           0    / 0          30694/ 32768         |
+===========================+===============+====================================================+
| 5     910B4               | OK            | 98.2        45                0    / 0             |
| 0                         | 0000:02:00.0  | 0           0    / 0          30564/ 32768         |
+===========================+===============+====================================================+
+---------------------------+---------------+----------------------------------------------------+
| NPU     Chip              | Process id    | Process name             | Process memory(MB)      |
+===========================+===============+====================================================+
| 4       0                 | 132           | VLLMEngineCor            | 184                     |
| 4       0                 | 164           | VLLMWorker_TP            | 27738                   |
+===========================+===============+====================================================+
| 5       0                 | 189           | VLLMWorker_TP            | 27738                   |
+===========================+===============+====================================================+
2026-08-12T10:43:49.143221758Z
+------------------------------------------------------------------------------------------------+
| npu-smi 25.5.2                   Version: 25.5.2                                               |
+---------------------------+---------------+----------------------------------------------------+
| NPU   Name                | Health        | Power(W)    Temp(C)           Hugepages-Usage(page)|
| Chip                      | Bus-Id        | AICore(%)   Memory-Usage(MB)  HBM-Usage(MB)        |
+===========================+===============+====================================================+
| 4     910B4               | OK            | 99.8        47                0    / 0             |
| 0                         | 0000:01:00.0  | 0           0    / 0          30695/ 32768         |
+===========================+===============+====================================================+
| 5     910B4               | OK            | 97.8        46                0    / 0             |
| 0                         | 0000:02:00.0  | 0           0    / 0          30564/ 32768         |
+===========================+===============+====================================================+
+---------------------------+---------------+----------------------------------------------------+
| NPU     Chip              | Process id    | Process name             | Process memory(MB)      |
+===========================+===============+====================================================+
| 4       0                 | 132           | VLLMEngineCor            | 184                     |
| 4       0                 | 164           | VLLMWorker_TP            | 27738                   |
+===========================+===============+====================================================+
| 5       0                 | 189           | VLLMWorker_TP            | 27738                   |
+===========================+===============+====================================================+
2026-08-12T10:43:59.860685803Z
+------------------------------------------------------------------------------------------------+
| npu-smi 25.5.2                   Version: 25.5.2                                               |
+---------------------------+---------------+----------------------------------------------------+
| NPU   Name                | Health        | Power(W)    Temp(C)           Hugepages-Usage(page)|
| Chip                      | Bus-Id        | AICore(%)   Memory-Usage(MB)  HBM-Usage(MB)        |
+===========================+===============+====================================================+
| 4     910B4               | OK            | 100.2       47                0    / 0             |
| 0                         | 0000:01:00.0  | 0           0    / 0          30695/ 32768         |
+===========================+===============+====================================================+
| 5     910B4               | OK            | 98.1        46                0    / 0             |
| 0                         | 0000:02:00.0  | 0           0    / 0          30564/ 32768         |
+===========================+===============+====================================================+
+---------------------------+---------------+----------------------------------------------------+
| NPU     Chip              | Process id    | Process name             | Process memory(MB)      |
+===========================+===============+====================================================+
| 4       0                 | 132           | VLLMEngineCor            | 184                     |
| 4       0                 | 164           | VLLMWorker_TP            | 27738                   |
+===========================+===============+====================================================+
| 5       0                 | 189           | VLLMWorker_TP            | 27738                   |
+===========================+===============+====================================================+
2026-08-12T10:44:10.612499384Z
+------------------------------------------------------------------------------------------------+
| npu-smi 25.5.2                   Version: 25.5.2                                               |
+---------------------------+---------------+----------------------------------------------------+
| NPU   Name                | Health        | Power(W)    Temp(C)           Hugepages-Usage(page)|
| Chip                      | Bus-Id        | AICore(%)   Memory-Usage(MB)  HBM-Usage(MB)        |
+===========================+===============+====================================================+
| 4     910B4               | OK            | 99.8        47                0    / 0             |
| 0                         | 0000:01:00.0  | 0           0    / 0          30695/ 32768         |
+===========================+===============+====================================================+
| 5     910B4               | OK            | 97.6        47                0    / 0             |
| 0                         | 0000:02:00.0  | 0           0    / 0          30564/ 32768         |
+===========================+===============+====================================================+
+---------------------------+---------------+----------------------------------------------------+
| NPU     Chip              | Process id    | Process name             | Process memory(MB)      |
+===========================+===============+====================================================+
| 4       0                 | 132           | VLLMEngineCor            | 184                     |
| 4       0                 | 164           | VLLMWorker_TP            | 27738                   |
+===========================+===============+====================================================+
| 5       0                 | 189           | VLLMWorker_TP            | 27738                   |
+===========================+===============+====================================================+
2026-08-12T10:44:21.347633099Z
+------------------------------------------------------------------------------------------------+
| npu-smi 25.5.2                   Version: 25.5.2                                               |
+---------------------------+---------------+----------------------------------------------------+
| NPU   Name                | Health        | Power(W)    Temp(C)           Hugepages-Usage(page)|
| Chip                      | Bus-Id        | AICore(%)   Memory-Usage(MB)  HBM-Usage(MB)        |
+===========================+===============+====================================================+
| 4     910B4               | OK            | 100.4       47                0    / 0             |
| 0                         | 0000:01:00.0  | 0           0    / 0          30695/ 32768         |
+===========================+===============+====================================================+
| 5     910B4               | OK            | 97.1        46                0    / 0             |
| 0                         | 0000:02:00.0  | 0           0    / 0          30564/ 32768         |
+===========================+===============+====================================================+
+---------------------------+---------------+----------------------------------------------------+
| NPU     Chip              | Process id    | Process name             | Process memory(MB)      |
+===========================+===============+====================================================+
| 4       0                 | 132           | VLLMEngineCor            | 184                     |
| 4       0                 | 164           | VLLMWorker_TP            | 27738                   |
+===========================+===============+====================================================+
| 5       0                 | 189           | VLLMWorker_TP            | 27738                   |
+===========================+===============+====================================================+
2026-08-12T10:44:32.090491844Z
+------------------------------------------------------------------------------------------------+
| npu-smi 25.5.2                   Version: 25.5.2                                               |
+---------------------------+---------------+----------------------------------------------------+
| NPU   Name                | Health        | Power(W)    Temp(C)           Hugepages-Usage(page)|
| Chip                      | Bus-Id        | AICore(%)   Memory-Usage(MB)  HBM-Usage(MB)        |
+===========================+===============+====================================================+
| 4     910B4               | OK            | 100.1       47                0    / 0             |
| 0                         | 0000:01:00.0  | 0           0    / 0          30695/ 32768         |
+===========================+===============+====================================================+
| 5     910B4               | OK            | 97.8        47                0    / 0             |
| 0                         | 0000:02:00.0  | 0           0    / 0          30564/ 32768         |
+===========================+===============+====================================================+
+---------------------------+---------------+----------------------------------------------------+
| NPU     Chip              | Process id    | Process name             | Process memory(MB)      |
+===========================+===============+====================================================+
| 4       0                 | 132           | VLLMEngineCor            | 184                     |
| 4       0                 | 164           | VLLMWorker_TP            | 27738                   |
+===========================+===============+====================================================+
| 5       0                 | 189           | VLLMWorker_TP            | 27738                   |
+===========================+===============+====================================================+
2026-08-12T10:44:42.826741635Z
+------------------------------------------------------------------------------------------------+
| npu-smi 25.5.2                   Version: 25.5.2                                               |
+---------------------------+---------------+----------------------------------------------------+
| NPU   Name                | Health        | Power(W)    Temp(C)           Hugepages-Usage(page)|
| Chip                      | Bus-Id        | AICore(%)   Memory-Usage(MB)  HBM-Usage(MB)        |
+===========================+===============+====================================================+
| 4     910B4               | OK            | 101.0       47                0    / 0             |
| 0                         | 0000:01:00.0  | 0           0    / 0          30695/ 32768         |
+===========================+===============+====================================================+
| 5     910B4               | OK            | 98.4        46                0    / 0             |
| 0                         | 0000:02:00.0  | 0           0    / 0          30564/ 32768         |
+===========================+===============+====================================================+
+---------------------------+---------------+----------------------------------------------------+
| NPU     Chip              | Process id    | Process name             | Process memory(MB)      |
+===========================+===============+====================================================+
| 4       0                 | 132           | VLLMEngineCor            | 184                     |
| 4       0                 | 164           | VLLMWorker_TP            | 27738                   |
+===========================+===============+====================================================+
| 5       0                 | 189           | VLLMWorker_TP            | 27738                   |
+===========================+===============+====================================================+
2026-08-12T10:44:53.563095307Z
+------------------------------------------------------------------------------------------------+
| npu-smi 25.5.2                   Version: 25.5.2                                               |
+---------------------------+---------------+----------------------------------------------------+
| NPU   Name                | Health        | Power(W)    Temp(C)           Hugepages-Usage(page)|
| Chip                      | Bus-Id        | AICore(%)   Memory-Usage(MB)  HBM-Usage(MB)        |
+===========================+===============+====================================================+
| 4     910B4               | OK            | 101.8       47                0    / 0             |
| 0                         | 0000:01:00.0  | 5           0    / 0          30695/ 32768         |
+===========================+===============+====================================================+
| 5     910B4               | OK            | 98.5        46                0    / 0             |
| 0                         | 0000:02:00.0  | 0           0    / 0          30564/ 32768         |
+===========================+===============+====================================================+
+---------------------------+---------------+----------------------------------------------------+
| NPU     Chip              | Process id    | Process name             | Process memory(MB)      |
+===========================+===============+====================================================+
| 4       0                 | 132           | VLLMEngineCor            | 184                     |
| 4       0                 | 164           | VLLMWorker_TP            | 27738                   |
+===========================+===============+====================================================+
| 5       0                 | 189           | VLLMWorker_TP            | 27738                   |
+===========================+===============+====================================================+
2026-08-12T10:45:04.294812925Z
+------------------------------------------------------------------------------------------------+
| npu-smi 25.5.2                   Version: 25.5.2                                               |
+---------------------------+---------------+----------------------------------------------------+
| NPU   Name                | Health        | Power(W)    Temp(C)           Hugepages-Usage(page)|
| Chip                      | Bus-Id        | AICore(%)   Memory-Usage(MB)  HBM-Usage(MB)        |
+===========================+===============+====================================================+
| 4     910B4               | OK            | 99.9        47                0    / 0             |
| 0                         | 0000:01:00.0  | 0           0    / 0          30695/ 32768         |
+===========================+===============+====================================================+
| 5     910B4               | OK            | 97.5        47                0    / 0             |
| 0                         | 0000:02:00.0  | 0           0    / 0          30564/ 32768         |
+===========================+===============+====================================================+
+---------------------------+---------------+----------------------------------------------------+
| NPU     Chip              | Process id    | Process name             | Process memory(MB)      |
+===========================+===============+====================================================+
| 4       0                 | 132           | VLLMEngineCor            | 184                     |
| 4       0                 | 164           | VLLMWorker_TP            | 27738                   |
+===========================+===============+====================================================+
| 5       0                 | 189           | VLLMWorker_TP            | 27738                   |
+===========================+===============+====================================================+
2026-08-12T10:45:15.029978531Z
+------------------------------------------------------------------------------------------------+
| npu-smi 25.5.2                   Version: 25.5.2                                               |
+---------------------------+---------------+----------------------------------------------------+
| NPU   Name                | Health        | Power(W)    Temp(C)           Hugepages-Usage(page)|
| Chip                      | Bus-Id        | AICore(%)   Memory-Usage(MB)  HBM-Usage(MB)        |
+===========================+===============+====================================================+
| 4     910B4               | OK            | 100.1       47                0    / 0             |
| 0                         | 0000:01:00.0  | 0           0    / 0          30695/ 32768         |
+===========================+===============+====================================================+
| 5     910B4               | OK            | 98.2        47                0    / 0             |
| 0                         | 0000:02:00.0  | 0           0    / 0          30564/ 32768         |
+===========================+===============+====================================================+
+---------------------------+---------------+----------------------------------------------------+
| NPU     Chip              | Process id    | Process name             | Process memory(MB)      |
+===========================+===============+====================================================+
| 4       0                 | 132           | VLLMEngineCor            | 184                     |
| 4       0                 | 164           | VLLMWorker_TP            | 27738                   |
+===========================+===============+====================================================+
| 5       0                 | 189           | VLLMWorker_TP            | 27738                   |
+===========================+===============+====================================================+
2026-08-12T10:45:25.788150094Z
+------------------------------------------------------------------------------------------------+
| npu-smi 25.5.2                   Version: 25.5.2                                               |
+---------------------------+---------------+----------------------------------------------------+
| NPU   Name                | Health        | Power(W)    Temp(C)           Hugepages-Usage(page)|
| Chip                      | Bus-Id        | AICore(%)   Memory-Usage(MB)  HBM-Usage(MB)        |
+===========================+===============+====================================================+
| 4     910B4               | OK            | 100.6       47                0    / 0             |
| 0                         | 0000:01:00.0  | 0           0    / 0          30694/ 32768         |
+===========================+===============+====================================================+
| 5     910B4               | OK            | 97.5        47                0    / 0             |
| 0                         | 0000:02:00.0  | 0           0    / 0          30564/ 32768         |
+===========================+===============+====================================================+
+---------------------------+---------------+----------------------------------------------------+
| NPU     Chip              | Process id    | Process name             | Process memory(MB)      |
+===========================+===============+====================================================+
| 4       0                 | 132           | VLLMEngineCor            | 184                     |
| 4       0                 | 164           | VLLMWorker_TP            | 27738                   |
+===========================+===============+====================================================+
| 5       0                 | 189           | VLLMWorker_TP            | 27738                   |
+===========================+===============+====================================================+
2026-08-12T10:45:36.534770739Z
+------------------------------------------------------------------------------------------------+
| npu-smi 25.5.2                   Version: 25.5.2                                               |
+---------------------------+---------------+----------------------------------------------------+
| NPU   Name                | Health        | Power(W)    Temp(C)           Hugepages-Usage(page)|
| Chip                      | Bus-Id        | AICore(%)   Memory-Usage(MB)  HBM-Usage(MB)        |
+===========================+===============+====================================================+
| 4     910B4               | OK            | 100.1       47                0    / 0             |
| 0                         | 0000:01:00.0  | 0           0    / 0          30695/ 32768         |
+===========================+===============+====================================================+
| 5     910B4               | OK            | 97.4        46                0    / 0             |
| 0                         | 0000:02:00.0  | 0           0    / 0          30564/ 32768         |
+===========================+===============+====================================================+
+---------------------------+---------------+----------------------------------------------------+
| NPU     Chip              | Process id    | Process name             | Process memory(MB)      |
+===========================+===============+====================================================+
| 4       0                 | 132           | VLLMEngineCor            | 184                     |
| 4       0                 | 164           | VLLMWorker_TP            | 27738                   |
+===========================+===============+====================================================+
| 5       0                 | 189           | VLLMWorker_TP            | 27738                   |
+===========================+===============+====================================================+
2026-08-12T10:45:47.314515453Z
+------------------------------------------------------------------------------------------------+
| npu-smi 25.5.2                   Version: 25.5.2                                               |
+---------------------------+---------------+----------------------------------------------------+
| NPU   Name                | Health        | Power(W)    Temp(C)           Hugepages-Usage(page)|
| Chip                      | Bus-Id        | AICore(%)   Memory-Usage(MB)  HBM-Usage(MB)        |
+===========================+===============+====================================================+
| 4     910B4               | OK            | 100.3       47                0    / 0             |
| 0                         | 0000:01:00.0  | 0           0    / 0          30694/ 32768         |
+===========================+===============+====================================================+
| 5     910B4               | OK            | 97.7        47                0    / 0             |
| 0                         | 0000:02:00.0  | 0           0    / 0          30564/ 32768         |
+===========================+===============+====================================================+
+---------------------------+---------------+----------------------------------------------------+
| NPU     Chip              | Process id    | Process name             | Process memory(MB)      |
+===========================+===============+====================================================+
| 4       0                 | 132           | VLLMEngineCor            | 184                     |
| 4       0                 | 164           | VLLMWorker_TP            | 27738                   |
+===========================+===============+====================================================+
| 5       0                 | 189           | VLLMWorker_TP            | 27738                   |
+===========================+===============+====================================================+
2026-08-12T10:45:58.055422848Z
+------------------------------------------------------------------------------------------------+
| npu-smi 25.5.2                   Version: 25.5.2                                               |
+---------------------------+---------------+----------------------------------------------------+
| NPU   Name                | Health        | Power(W)    Temp(C)           Hugepages-Usage(page)|
| Chip                      | Bus-Id        | AICore(%)   Memory-Usage(MB)  HBM-Usage(MB)        |
+===========================+===============+====================================================+
| 4     910B4               | OK            | 100.5       47                0    / 0             |
| 0                         | 0000:01:00.0  | 0           0    / 0          30694/ 32768         |
+===========================+===============+====================================================+
| 5     910B4               | OK            | 92.2        46                0    / 0             |
| 0                         | 0000:02:00.0  | 0           0    / 0          30564/ 32768         |
+===========================+===============+====================================================+
+---------------------------+---------------+----------------------------------------------------+
| NPU     Chip              | Process id    | Process name             | Process memory(MB)      |
+===========================+===============+====================================================+
| 4       0                 | 132           | VLLMEngineCor            | 184                     |
| 4       0                 | 164           | VLLMWorker_TP            | 27738                   |
+===========================+===============+====================================================+
| 5       0                 | 189           | VLLMWorker_TP            | 27738                   |
+===========================+===============+====================================================+
