2026-08-12T10:42:12.483362565Z
+------------------------------------------------------------------------------------------------+
| npu-smi 25.5.2                   Version: 25.5.2                                               |
+---------------------------+---------------+----------------------------------------------------+
| NPU   Name                | Health        | Power(W)    Temp(C)           Hugepages-Usage(page)|
| Chip                      | Bus-Id        | AICore(%)   Memory-Usage(MB)  HBM-Usage(MB)        |
+===========================+===============+====================================================+
| 1     910B4               | OK            | 83.0        42                0    / 0             |
| 0                         | 0000:C2:00.0  | 0           0    / 0          30933/ 32768         |
+===========================+===============+====================================================+
| 2     910B4               | OK            | 90.0        42                0    / 0             |
| 0                         | 0000:81:00.0  | 0           0    / 0          30801/ 32768         |
+===========================+===============+====================================================+
+---------------------------+---------------+----------------------------------------------------+
| NPU     Chip              | Process id    | Process name             | Process memory(MB)      |
+===========================+===============+====================================================+
| 1       0                 | 158           | VLLMWorker_TP            | 27976                   |
| 1       0                 | 126           | VLLMEngineCor            | 184                     |
+===========================+===============+====================================================+
| 2       0                 | 183           | VLLMWorker_TP            | 27976                   |
+===========================+===============+====================================================+
2026-08-12T10:42:23.201236082Z
+------------------------------------------------------------------------------------------------+
| npu-smi 25.5.2                   Version: 25.5.2                                               |
+---------------------------+---------------+----------------------------------------------------+
| NPU   Name                | Health        | Power(W)    Temp(C)           Hugepages-Usage(page)|
| Chip                      | Bus-Id        | AICore(%)   Memory-Usage(MB)  HBM-Usage(MB)        |
+===========================+===============+====================================================+
| 1     910B4               | OK            | 83.0        41                0    / 0             |
| 0                         | 0000:C2:00.0  | 0           0    / 0          30933/ 32768         |
+===========================+===============+====================================================+
| 2     910B4               | OK            | 89.8        41                0    / 0             |
| 0                         | 0000:81:00.0  | 0           0    / 0          30801/ 32768         |
+===========================+===============+====================================================+
+---------------------------+---------------+----------------------------------------------------+
| NPU     Chip              | Process id    | Process name             | Process memory(MB)      |
+===========================+===============+====================================================+
| 1       0                 | 158           | VLLMWorker_TP            | 27976                   |
| 1       0                 | 126           | VLLMEngineCor            | 184                     |
+===========================+===============+====================================================+
| 2       0                 | 183           | VLLMWorker_TP            | 27976                   |
+===========================+===============+====================================================+
2026-08-12T10:42:33.932507927Z
+------------------------------------------------------------------------------------------------+
| npu-smi 25.5.2                   Version: 25.5.2                                               |
+---------------------------+---------------+----------------------------------------------------+
| NPU   Name                | Health        | Power(W)    Temp(C)           Hugepages-Usage(page)|
| Chip                      | Bus-Id        | AICore(%)   Memory-Usage(MB)  HBM-Usage(MB)        |
+===========================+===============+====================================================+
| 1     910B4               | OK            | 82.8        41                0    / 0             |
| 0                         | 0000:C2:00.0  | 0           0    / 0          30933/ 32768         |
+===========================+===============+====================================================+
| 2     910B4               | OK            | 89.6        40                0    / 0             |
| 0                         | 0000:81:00.0  | 0           0    / 0          30801/ 32768         |
+===========================+===============+====================================================+
+---------------------------+---------------+----------------------------------------------------+
| NPU     Chip              | Process id    | Process name             | Process memory(MB)      |
+===========================+===============+====================================================+
| 1       0                 | 158           | VLLMWorker_TP            | 27976                   |
| 1       0                 | 126           | VLLMEngineCor            | 184                     |
+===========================+===============+====================================================+
| 2       0                 | 183           | VLLMWorker_TP            | 27976                   |
+===========================+===============+====================================================+
2026-08-12T10:42:44.755848445Z
+------------------------------------------------------------------------------------------------+
| npu-smi 25.5.2                   Version: 25.5.2                                               |
+---------------------------+---------------+----------------------------------------------------+
| NPU   Name                | Health        | Power(W)    Temp(C)           Hugepages-Usage(page)|
| Chip                      | Bus-Id        | AICore(%)   Memory-Usage(MB)  HBM-Usage(MB)        |
+===========================+===============+====================================================+
| 1     910B4               | OK            | 131.6       45                0    / 0             |
| 0                         | 0000:C2:00.0  | 100         0    / 0          30933/ 32768         |
+===========================+===============+====================================================+
| 2     910B4               | OK            | 141.5       46                0    / 0             |
| 0                         | 0000:81:00.0  | 100         0    / 0          30801/ 32768         |
+===========================+===============+====================================================+
+---------------------------+---------------+----------------------------------------------------+
| NPU     Chip              | Process id    | Process name             | Process memory(MB)      |
+===========================+===============+====================================================+
| 1       0                 | 158           | VLLMWorker_TP            | 27976                   |
| 1       0                 | 126           | VLLMEngineCor            | 184                     |
+===========================+===============+====================================================+
| 2       0                 | 183           | VLLMWorker_TP            | 27976                   |
+===========================+===============+====================================================+
2026-08-12T10:42:55.506925652Z
+------------------------------------------------------------------------------------------------+
| npu-smi 25.5.2                   Version: 25.5.2                                               |
+---------------------------+---------------+----------------------------------------------------+
| NPU   Name                | Health        | Power(W)    Temp(C)           Hugepages-Usage(page)|
| Chip                      | Bus-Id        | AICore(%)   Memory-Usage(MB)  HBM-Usage(MB)        |
+===========================+===============+====================================================+
| 1     910B4               | OK            | 134.5       45                0    / 0             |
| 0                         | 0000:C2:00.0  | 100         0    / 0          30933/ 32768         |
+===========================+===============+====================================================+
| 2     910B4               | OK            | 140.1       46                0    / 0             |
| 0                         | 0000:81:00.0  | 100         0    / 0          30801/ 32768         |
+===========================+===============+====================================================+
+---------------------------+---------------+----------------------------------------------------+
| NPU     Chip              | Process id    | Process name             | Process memory(MB)      |
+===========================+===============+====================================================+
| 1       0                 | 158           | VLLMWorker_TP            | 27976                   |
| 1       0                 | 126           | VLLMEngineCor            | 184                     |
+===========================+===============+====================================================+
| 2       0                 | 183           | VLLMWorker_TP            | 27976                   |
+===========================+===============+====================================================+
2026-08-12T10:43:06.293488431Z
+------------------------------------------------------------------------------------------------+
| npu-smi 25.5.2                   Version: 25.5.2                                               |
+---------------------------+---------------+----------------------------------------------------+
| NPU   Name                | Health        | Power(W)    Temp(C)           Hugepages-Usage(page)|
| Chip                      | Bus-Id        | AICore(%)   Memory-Usage(MB)  HBM-Usage(MB)        |
+===========================+===============+====================================================+
| 1     910B4               | OK            | 130.2       46                0    / 0             |
| 0                         | 0000:C2:00.0  | 100         0    / 0          30933/ 32768         |
+===========================+===============+====================================================+
| 2     910B4               | OK            | 141.3       47                0    / 0             |
| 0                         | 0000:81:00.0  | 100         0    / 0          30801/ 32768         |
+===========================+===============+====================================================+
+---------------------------+---------------+----------------------------------------------------+
| NPU     Chip              | Process id    | Process name             | Process memory(MB)      |
+===========================+===============+====================================================+
| 1       0                 | 158           | VLLMWorker_TP            | 27976                   |
| 1       0                 | 126           | VLLMEngineCor            | 184                     |
+===========================+===============+====================================================+
| 2       0                 | 183           | VLLMWorker_TP            | 27976                   |
+===========================+===============+====================================================+
2026-08-12T10:43:17.023802062Z
+------------------------------------------------------------------------------------------------+
| npu-smi 25.5.2                   Version: 25.5.2                                               |
+---------------------------+---------------+----------------------------------------------------+
| NPU   Name                | Health        | Power(W)    Temp(C)           Hugepages-Usage(page)|
| Chip                      | Bus-Id        | AICore(%)   Memory-Usage(MB)  HBM-Usage(MB)        |
+===========================+===============+====================================================+
| 1     910B4               | OK            | 123.5       45                0    / 0             |
| 0                         | 0000:C2:00.0  | 100         0    / 0          30933/ 32768         |
+===========================+===============+====================================================+
| 2     910B4               | OK            | 136.2       46                0    / 0             |
| 0                         | 0000:81:00.0  | 100         0    / 0          30801/ 32768         |
+===========================+===============+====================================================+
+---------------------------+---------------+----------------------------------------------------+
| NPU     Chip              | Process id    | Process name             | Process memory(MB)      |
+===========================+===============+====================================================+
| 1       0                 | 158           | VLLMWorker_TP            | 27976                   |
| 1       0                 | 126           | VLLMEngineCor            | 184                     |
+===========================+===============+====================================================+
| 2       0                 | 183           | VLLMWorker_TP            | 27976                   |
+===========================+===============+====================================================+
2026-08-12T10:43:27.771830603Z
+------------------------------------------------------------------------------------------------+
| npu-smi 25.5.2                   Version: 25.5.2                                               |
+---------------------------+---------------+----------------------------------------------------+
| NPU   Name                | Health        | Power(W)    Temp(C)           Hugepages-Usage(page)|
| Chip                      | Bus-Id        | AICore(%)   Memory-Usage(MB)  HBM-Usage(MB)        |
+===========================+===============+====================================================+
| 1     910B4               | OK            | 129.9       46                0    / 0             |
| 0                         | 0000:C2:00.0  | 100         0    / 0          30933/ 32768         |
+===========================+===============+====================================================+
| 2     910B4               | OK            | 142.2       47                0    / 0             |
| 0                         | 0000:81:00.0  | 100         0    / 0          30801/ 32768         |
+===========================+===============+====================================================+
+---------------------------+---------------+----------------------------------------------------+
| NPU     Chip              | Process id    | Process name             | Process memory(MB)      |
+===========================+===============+====================================================+
| 1       0                 | 158           | VLLMWorker_TP            | 27976                   |
| 1       0                 | 126           | VLLMEngineCor            | 184                     |
+===========================+===============+====================================================+
| 2       0                 | 183           | VLLMWorker_TP            | 27976                   |
+===========================+===============+====================================================+
2026-08-12T10:43:38.520080316Z
+------------------------------------------------------------------------------------------------+
| npu-smi 25.5.2                   Version: 25.5.2                                               |
+---------------------------+---------------+----------------------------------------------------+
| NPU   Name                | Health        | Power(W)    Temp(C)           Hugepages-Usage(page)|
| Chip                      | Bus-Id        | AICore(%)   Memory-Usage(MB)  HBM-Usage(MB)        |
+===========================+===============+====================================================+
| 1     910B4               | OK            | 118.8       44                0    / 0             |
| 0                         | 0000:C2:00.0  | 92          0    / 0          30933/ 32768         |
+===========================+===============+====================================================+
| 2     910B4               | OK            | 128.6       45                0    / 0             |
| 0                         | 0000:81:00.0  | 92          0    / 0          30801/ 32768         |
+===========================+===============+====================================================+
+---------------------------+---------------+----------------------------------------------------+
| NPU     Chip              | Process id    | Process name             | Process memory(MB)      |
+===========================+===============+====================================================+
| 1       0                 | 158           | VLLMWorker_TP            | 27976                   |
| 1       0                 | 126           | VLLMEngineCor            | 184                     |
+===========================+===============+====================================================+
| 2       0                 | 183           | VLLMWorker_TP            | 27976                   |
+===========================+===============+====================================================+
2026-08-12T10:43:49.305341698Z
+------------------------------------------------------------------------------------------------+
| npu-smi 25.5.2                   Version: 25.5.2                                               |
+---------------------------+---------------+----------------------------------------------------+
| NPU   Name                | Health        | Power(W)    Temp(C)           Hugepages-Usage(page)|
| Chip                      | Bus-Id        | AICore(%)   Memory-Usage(MB)  HBM-Usage(MB)        |
+===========================+===============+====================================================+
| 1     910B4               | OK            | 132.9       47                0    / 0             |
| 0                         | 0000:C2:00.0  | 100         0    / 0          30933/ 32768         |
+===========================+===============+====================================================+
| 2     910B4               | OK            | 144.3       48                0    / 0             |
| 0                         | 0000:81:00.0  | 100         0    / 0          30801/ 32768         |
+===========================+===============+====================================================+
+---------------------------+---------------+----------------------------------------------------+
| NPU     Chip              | Process id    | Process name             | Process memory(MB)      |
+===========================+===============+====================================================+
| 1       0                 | 158           | VLLMWorker_TP            | 27976                   |
| 1       0                 | 126           | VLLMEngineCor            | 184                     |
+===========================+===============+====================================================+
| 2       0                 | 183           | VLLMWorker_TP            | 27976                   |
+===========================+===============+====================================================+
2026-08-12T10:44:00.067582792Z
+------------------------------------------------------------------------------------------------+
| npu-smi 25.5.2                   Version: 25.5.2                                               |
+---------------------------+---------------+----------------------------------------------------+
| NPU   Name                | Health        | Power(W)    Temp(C)           Hugepages-Usage(page)|
| Chip                      | Bus-Id        | AICore(%)   Memory-Usage(MB)  HBM-Usage(MB)        |
+===========================+===============+====================================================+
| 1     910B4               | OK            | 118.6       44                0    / 0             |
| 0                         | 0000:C2:00.0  | 74          0    / 0          30933/ 32768         |
+===========================+===============+====================================================+
| 2     910B4               | OK            | 124.5       45                0    / 0             |
| 0                         | 0000:81:00.0  | 61          0    / 0          30801/ 32768         |
+===========================+===============+====================================================+
+---------------------------+---------------+----------------------------------------------------+
| NPU     Chip              | Process id    | Process name             | Process memory(MB)      |
+===========================+===============+====================================================+
| 1       0                 | 158           | VLLMWorker_TP            | 27976                   |
| 1       0                 | 126           | VLLMEngineCor            | 184                     |
+===========================+===============+====================================================+
| 2       0                 | 183           | VLLMWorker_TP            | 27976                   |
+===========================+===============+====================================================+
2026-08-12T10:44:10.811599263Z
+------------------------------------------------------------------------------------------------+
| npu-smi 25.5.2                   Version: 25.5.2                                               |
+---------------------------+---------------+----------------------------------------------------+
| NPU   Name                | Health        | Power(W)    Temp(C)           Hugepages-Usage(page)|
| Chip                      | Bus-Id        | AICore(%)   Memory-Usage(MB)  HBM-Usage(MB)        |
+===========================+===============+====================================================+
| 1     910B4               | OK            | 128.7       46                0    / 0             |
| 0                         | 0000:C2:00.0  | 100         0    / 0          30933/ 32768         |
+===========================+===============+====================================================+
| 2     910B4               | OK            | 141.5       47                0    / 0             |
| 0                         | 0000:81:00.0  | 100         0    / 0          30801/ 32768         |
+===========================+===============+====================================================+
+---------------------------+---------------+----------------------------------------------------+
| NPU     Chip              | Process id    | Process name             | Process memory(MB)      |
+===========================+===============+====================================================+
| 1       0                 | 158           | VLLMWorker_TP            | 27976                   |
| 1       0                 | 126           | VLLMEngineCor            | 184                     |
+===========================+===============+====================================================+
| 2       0                 | 183           | VLLMWorker_TP            | 27976                   |
+===========================+===============+====================================================+
2026-08-12T10:44:21.539928214Z
+------------------------------------------------------------------------------------------------+
| npu-smi 25.5.2                   Version: 25.5.2                                               |
+---------------------------+---------------+----------------------------------------------------+
| NPU   Name                | Health        | Power(W)    Temp(C)           Hugepages-Usage(page)|
| Chip                      | Bus-Id        | AICore(%)   Memory-Usage(MB)  HBM-Usage(MB)        |
+===========================+===============+====================================================+
| 1     910B4               | OK            | 136.6       47                0    / 0             |
| 0                         | 0000:C2:00.0  | 100         0    / 0          30933/ 32768         |
+===========================+===============+====================================================+
| 2     910B4               | OK            | 139.7       48                0    / 0             |
| 0                         | 0000:81:00.0  | 100         0    / 0          30801/ 32768         |
+===========================+===============+====================================================+
+---------------------------+---------------+----------------------------------------------------+
| NPU     Chip              | Process id    | Process name             | Process memory(MB)      |
+===========================+===============+====================================================+
| 1       0                 | 158           | VLLMWorker_TP            | 27976                   |
| 1       0                 | 126           | VLLMEngineCor            | 184                     |
+===========================+===============+====================================================+
| 2       0                 | 183           | VLLMWorker_TP            | 27976                   |
+===========================+===============+====================================================+
2026-08-12T10:44:32.271909023Z
+------------------------------------------------------------------------------------------------+
| npu-smi 25.5.2                   Version: 25.5.2                                               |
+---------------------------+---------------+----------------------------------------------------+
| NPU   Name                | Health        | Power(W)    Temp(C)           Hugepages-Usage(page)|
| Chip                      | Bus-Id        | AICore(%)   Memory-Usage(MB)  HBM-Usage(MB)        |
+===========================+===============+====================================================+
| 1     910B4               | OK            | 128.3       46                0    / 0             |
| 0                         | 0000:C2:00.0  | 100         0    / 0          30933/ 32768         |
+===========================+===============+====================================================+
| 2     910B4               | OK            | 133.9       46                0    / 0             |
| 0                         | 0000:81:00.0  | 91          0    / 0          30801/ 32768         |
+===========================+===============+====================================================+
+---------------------------+---------------+----------------------------------------------------+
| NPU     Chip              | Process id    | Process name             | Process memory(MB)      |
+===========================+===============+====================================================+
| 1       0                 | 158           | VLLMWorker_TP            | 27976                   |
| 1       0                 | 126           | VLLMEngineCor            | 184                     |
+===========================+===============+====================================================+
| 2       0                 | 183           | VLLMWorker_TP            | 27976                   |
+===========================+===============+====================================================+
2026-08-12T10:44:43.015879914Z
+------------------------------------------------------------------------------------------------+
| npu-smi 25.5.2                   Version: 25.5.2                                               |
+---------------------------+---------------+----------------------------------------------------+
| NPU   Name                | Health        | Power(W)    Temp(C)           Hugepages-Usage(page)|
| Chip                      | Bus-Id        | AICore(%)   Memory-Usage(MB)  HBM-Usage(MB)        |
+===========================+===============+====================================================+
| 1     910B4               | OK            | 136.1       47                0    / 0             |
| 0                         | 0000:C2:00.0  | 100         0    / 0          30933/ 32768         |
+===========================+===============+====================================================+
| 2     910B4               | OK            | 144.9       47                0    / 0             |
| 0                         | 0000:81:00.0  | 100         0    / 0          30801/ 32768         |
+===========================+===============+====================================================+
+---------------------------+---------------+----------------------------------------------------+
| NPU     Chip              | Process id    | Process name             | Process memory(MB)      |
+===========================+===============+====================================================+
| 1       0                 | 158           | VLLMWorker_TP            | 27976                   |
| 1       0                 | 126           | VLLMEngineCor            | 184                     |
+===========================+===============+====================================================+
| 2       0                 | 183           | VLLMWorker_TP            | 27976                   |
+===========================+===============+====================================================+
2026-08-12T10:44:53.764044406Z
+------------------------------------------------------------------------------------------------+
| npu-smi 25.5.2                   Version: 25.5.2                                               |
+---------------------------+---------------+----------------------------------------------------+
| NPU   Name                | Health        | Power(W)    Temp(C)           Hugepages-Usage(page)|
| Chip                      | Bus-Id        | AICore(%)   Memory-Usage(MB)  HBM-Usage(MB)        |
+===========================+===============+====================================================+
| 1     910B4               | OK            | 115.3       44                0    / 0             |
| 0                         | 0000:C2:00.0  | 64          0    / 0          30933/ 32768         |
+===========================+===============+====================================================+
| 2     910B4               | OK            | 129.2       46                0    / 0             |
| 0                         | 0000:81:00.0  | 100         0    / 0          30801/ 32768         |
+===========================+===============+====================================================+
+---------------------------+---------------+----------------------------------------------------+
| NPU     Chip              | Process id    | Process name             | Process memory(MB)      |
+===========================+===============+====================================================+
| 1       0                 | 158           | VLLMWorker_TP            | 27976                   |
| 1       0                 | 126           | VLLMEngineCor            | 184                     |
+===========================+===============+====================================================+
| 2       0                 | 183           | VLLMWorker_TP            | 27976                   |
+===========================+===============+====================================================+
2026-08-12T10:45:04.508626770Z
+------------------------------------------------------------------------------------------------+
| npu-smi 25.5.2                   Version: 25.5.2                                               |
+---------------------------+---------------+----------------------------------------------------+
| NPU   Name                | Health        | Power(W)    Temp(C)           Hugepages-Usage(page)|
| Chip                      | Bus-Id        | AICore(%)   Memory-Usage(MB)  HBM-Usage(MB)        |
+===========================+===============+====================================================+
| 1     910B4               | OK            | 133.3       47                0    / 0             |
| 0                         | 0000:C2:00.0  | 100         0    / 0          30932/ 32768         |
+===========================+===============+====================================================+
| 2     910B4               | OK            | 139.0       46                0    / 0             |
| 0                         | 0000:81:00.0  | 100         0    / 0          30801/ 32768         |
+===========================+===============+====================================================+
+---------------------------+---------------+----------------------------------------------------+
| NPU     Chip              | Process id    | Process name             | Process memory(MB)      |
+===========================+===============+====================================================+
| 1       0                 | 158           | VLLMWorker_TP            | 27976                   |
| 1       0                 | 126           | VLLMEngineCor            | 184                     |
+===========================+===============+====================================================+
| 2       0                 | 183           | VLLMWorker_TP            | 27976                   |
+===========================+===============+====================================================+
2026-08-12T10:45:15.235825735Z
+------------------------------------------------------------------------------------------------+
| npu-smi 25.5.2                   Version: 25.5.2                                               |
+---------------------------+---------------+----------------------------------------------------+
| NPU   Name                | Health        | Power(W)    Temp(C)           Hugepages-Usage(page)|
| Chip                      | Bus-Id        | AICore(%)   Memory-Usage(MB)  HBM-Usage(MB)        |
+===========================+===============+====================================================+
| 1     910B4               | OK            | 115.1       45                0    / 0             |
| 0                         | 0000:C2:00.0  | 71          0    / 0          30933/ 32768         |
+===========================+===============+====================================================+
| 2     910B4               | OK            | 126.2       46                0    / 0             |
| 0                         | 0000:81:00.0  | 88          0    / 0          30801/ 32768         |
+===========================+===============+====================================================+
+---------------------------+---------------+----------------------------------------------------+
| NPU     Chip              | Process id    | Process name             | Process memory(MB)      |
+===========================+===============+====================================================+
| 1       0                 | 158           | VLLMWorker_TP            | 27976                   |
| 1       0                 | 126           | VLLMEngineCor            | 184                     |
+===========================+===============+====================================================+
| 2       0                 | 183           | VLLMWorker_TP            | 27976                   |
+===========================+===============+====================================================+
2026-08-12T10:45:25.983667376Z
+------------------------------------------------------------------------------------------------+
| npu-smi 25.5.2                   Version: 25.5.2                                               |
+---------------------------+---------------+----------------------------------------------------+
| NPU   Name                | Health        | Power(W)    Temp(C)           Hugepages-Usage(page)|
| Chip                      | Bus-Id        | AICore(%)   Memory-Usage(MB)  HBM-Usage(MB)        |
+===========================+===============+====================================================+
| 1     910B4               | OK            | 132.4       47                0    / 0             |
| 0                         | 0000:C2:00.0  | 100         0    / 0          30933/ 32768         |
+===========================+===============+====================================================+
| 2     910B4               | OK            | 142.0       48                0    / 0             |
| 0                         | 0000:81:00.0  | 100         0    / 0          30801/ 32768         |
+===========================+===============+====================================================+
+---------------------------+---------------+----------------------------------------------------+
| NPU     Chip              | Process id    | Process name             | Process memory(MB)      |
+===========================+===============+====================================================+
| 1       0                 | 158           | VLLMWorker_TP            | 27976                   |
| 1       0                 | 126           | VLLMEngineCor            | 184                     |
+===========================+===============+====================================================+
| 2       0                 | 183           | VLLMWorker_TP            | 27976                   |
+===========================+===============+====================================================+
2026-08-12T10:45:36.743476978Z
+------------------------------------------------------------------------------------------------+
| npu-smi 25.5.2                   Version: 25.5.2                                               |
+---------------------------+---------------+----------------------------------------------------+
| NPU   Name                | Health        | Power(W)    Temp(C)           Hugepages-Usage(page)|
| Chip                      | Bus-Id        | AICore(%)   Memory-Usage(MB)  HBM-Usage(MB)        |
+===========================+===============+====================================================+
| 1     910B4               | OK            | 132.0       47                0    / 0             |
| 0                         | 0000:C2:00.0  | 100         0    / 0          30933/ 32768         |
+===========================+===============+====================================================+
| 2     910B4               | OK            | 134.6       46                0    / 0             |
| 0                         | 0000:81:00.0  | 88          0    / 0          30801/ 32768         |
+===========================+===============+====================================================+
+---------------------------+---------------+----------------------------------------------------+
| NPU     Chip              | Process id    | Process name             | Process memory(MB)      |
+===========================+===============+====================================================+
| 1       0                 | 158           | VLLMWorker_TP            | 27976                   |
| 1       0                 | 126           | VLLMEngineCor            | 184                     |
+===========================+===============+====================================================+
| 2       0                 | 183           | VLLMWorker_TP            | 27976                   |
+===========================+===============+====================================================+
2026-08-12T10:45:47.487964991Z
+------------------------------------------------------------------------------------------------+
| npu-smi 25.5.2                   Version: 25.5.2                                               |
+---------------------------+---------------+----------------------------------------------------+
| NPU   Name                | Health        | Power(W)    Temp(C)           Hugepages-Usage(page)|
| Chip                      | Bus-Id        | AICore(%)   Memory-Usage(MB)  HBM-Usage(MB)        |
+===========================+===============+====================================================+
| 1     910B4               | OK            | 128.4       46                0    / 0             |
| 0                         | 0000:C2:00.0  | 100         0    / 0          30933/ 32768         |
+===========================+===============+====================================================+
| 2     910B4               | OK            | 137.2       46                0    / 0             |
| 0                         | 0000:81:00.0  | 100         0    / 0          30801/ 32768         |
+===========================+===============+====================================================+
+---------------------------+---------------+----------------------------------------------------+
| NPU     Chip              | Process id    | Process name             | Process memory(MB)      |
+===========================+===============+====================================================+
| 1       0                 | 158           | VLLMWorker_TP            | 27976                   |
| 1       0                 | 126           | VLLMEngineCor            | 184                     |
+===========================+===============+====================================================+
| 2       0                 | 183           | VLLMWorker_TP            | 27976                   |
+===========================+===============+====================================================+
2026-08-12T10:45:58.254302366Z
+------------------------------------------------------------------------------------------------+
| npu-smi 25.5.2                   Version: 25.5.2                                               |
+---------------------------+---------------+----------------------------------------------------+
| NPU   Name                | Health        | Power(W)    Temp(C)           Hugepages-Usage(page)|
| Chip                      | Bus-Id        | AICore(%)   Memory-Usage(MB)  HBM-Usage(MB)        |
+===========================+===============+====================================================+
| 1     910B4               | OK            | 135.0       46                0    / 0             |
| 0                         | 0000:C2:00.0  | 100         0    / 0          30933/ 32768         |
+===========================+===============+====================================================+
| 2     910B4               | OK            | 143.1       48                0    / 0             |
| 0                         | 0000:81:00.0  | 100         0    / 0          30801/ 32768         |
+===========================+===============+====================================================+
+---------------------------+---------------+----------------------------------------------------+
| NPU     Chip              | Process id    | Process name             | Process memory(MB)      |
+===========================+===============+====================================================+
| 1       0                 | 158           | VLLMWorker_TP            | 27976                   |
| 1       0                 | 126           | VLLMEngineCor            | 184                     |
+===========================+===============+====================================================+
| 2       0                 | 183           | VLLMWorker_TP            | 27976                   |
+===========================+===============+====================================================+
