features/kv-pool-layerwise-reuse/deployment/performance/__init__.py
features/kv-pool-layerwise-reuse/deployment/performance/check-npu-readiness.py
features/kv-pool-layerwise-reuse/deployment/performance/contract.py
features/kv-pool-layerwise-reuse/deployment/performance/diagnose_layerwise_prefill.py
features/kv-pool-layerwise-reuse/deployment/performance/fixtures.py
features/kv-pool-layerwise-reuse/deployment/performance/handoff.py
features/kv-pool-layerwise-reuse/deployment/performance/image.py
features/kv-pool-layerwise-reuse/deployment/performance/issue1_contract.py
features/kv-pool-layerwise-reuse/deployment/performance/issue1_diagnostics.py
features/kv-pool-layerwise-reuse/deployment/performance/issue1_report.py
features/kv-pool-layerwise-reuse/deployment/performance/issue1_runner.py
features/kv-pool-layerwise-reuse/deployment/performance/report.py
features/kv-pool-layerwise-reuse/deployment/performance/run_layerwise_self_load_ab.py
features/kv-pool-layerwise-reuse/deployment/performance/runner.py
features/kv-pool-layerwise-reuse/deployment/performance/runtime.py
features/kv-pool-layerwise-reuse/deployment/performance/tests/test_check_npu_readiness.py
features/kv-pool-layerwise-reuse/deployment/performance/tests/test_contract.py
features/kv-pool-layerwise-reuse/deployment/performance/tests/test_fixtures.py
features/kv-pool-layerwise-reuse/deployment/performance/tests/test_handoff.py
features/kv-pool-layerwise-reuse/deployment/performance/tests/test_image.py
features/kv-pool-layerwise-reuse/deployment/performance/tests/test_issue1_contract.py
features/kv-pool-layerwise-reuse/deployment/performance/tests/test_issue1_diagnostics.py
features/kv-pool-layerwise-reuse/deployment/performance/tests/test_issue1_report.py
features/kv-pool-layerwise-reuse/deployment/performance/tests/test_issue1_runner.py
features/kv-pool-layerwise-reuse/deployment/performance/tests/test_issue1_source_ut_script.py
features/kv-pool-layerwise-reuse/deployment/performance/tests/test_report.py
features/kv-pool-layerwise-reuse/deployment/performance/tests/test_run_layerwise_self_load_ab.py
features/kv-pool-layerwise-reuse/deployment/performance/tests/test_runner.py
features/kv-pool-layerwise-reuse/deployment/performance/tests/test_runtime.py
compiled=29
