2026-08-12T14:42:17.812885118Z
+------------------------------------------------------------------------------------------------+
| npu-smi 25.5.2                   Version: 25.5.2                                               |
+---------------------------+---------------+----------------------------------------------------+
| NPU   Name                | Health        | Power(W)    Temp(C)           Hugepages-Usage(page)|
| Chip                      | Bus-Id        | AICore(%)   Memory-Usage(MB)  HBM-Usage(MB)        |
+===========================+===============+====================================================+
| 3     910B4               | OK            | 94.3        43                0    / 0             |
| 0                         | 0000:82:00.0  | 0           0    / 0          30689/ 32768         |
+===========================+===============+====================================================+
| 4     910B4               | OK            | 92.4        47                0    / 0             |
| 0                         | 0000:01:00.0  | 0           0    / 0          30560/ 32768         |
+===========================+===============+====================================================+
+---------------------------+---------------+----------------------------------------------------+
| NPU     Chip              | Process id    | Process name             | Process memory(MB)      |
+===========================+===============+====================================================+
| 3       0                 | 125           | VLLMEngineCor            | 184                     |
| 3       0                 | 157           | VLLMWorker_TP            | 27736                   |
+===========================+===============+====================================================+
| 4       0                 | 181           | VLLMWorker_TP            | 27736                   |
+===========================+===============+====================================================+
2026-08-12T14:42:28.556086968Z
+------------------------------------------------------------------------------------------------+
| npu-smi 25.5.2                   Version: 25.5.2                                               |
+---------------------------+---------------+----------------------------------------------------+
| NPU   Name                | Health        | Power(W)    Temp(C)           Hugepages-Usage(page)|
| Chip                      | Bus-Id        | AICore(%)   Memory-Usage(MB)  HBM-Usage(MB)        |
+===========================+===============+====================================================+
| 3     910B4               | OK            | 94.3        42                0    / 0             |
| 0                         | 0000:82:00.0  | 0           0    / 0          30688/ 32768         |
+===========================+===============+====================================================+
| 4     910B4               | OK            | 92.4        47                0    / 0             |
| 0                         | 0000:01:00.0  | 0           0    / 0          30560/ 32768         |
+===========================+===============+====================================================+
+---------------------------+---------------+----------------------------------------------------+
| NPU     Chip              | Process id    | Process name             | Process memory(MB)      |
+===========================+===============+====================================================+
| 3       0                 | 125           | VLLMEngineCor            | 184                     |
| 3       0                 | 157           | VLLMWorker_TP            | 27736                   |
+===========================+===============+====================================================+
| 4       0                 | 181           | VLLMWorker_TP            | 27736                   |
+===========================+===============+====================================================+
2026-08-12T14:42:39.288020090Z
+------------------------------------------------------------------------------------------------+
| npu-smi 25.5.2                   Version: 25.5.2                                               |
+---------------------------+---------------+----------------------------------------------------+
| NPU   Name                | Health        | Power(W)    Temp(C)           Hugepages-Usage(page)|
| Chip                      | Bus-Id        | AICore(%)   Memory-Usage(MB)  HBM-Usage(MB)        |
+===========================+===============+====================================================+
| 3     910B4               | OK            | 94.3        42                0    / 0             |
| 0                         | 0000:82:00.0  | 0           0    / 0          30688/ 32768         |
+===========================+===============+====================================================+
| 4     910B4               | OK            | 92.3        47                0    / 0             |
| 0                         | 0000:01:00.0  | 0           0    / 0          30560/ 32768         |
+===========================+===============+====================================================+
+---------------------------+---------------+----------------------------------------------------+
| NPU     Chip              | Process id    | Process name             | Process memory(MB)      |
+===========================+===============+====================================================+
| 3       0                 | 125           | VLLMEngineCor            | 184                     |
| 3       0                 | 157           | VLLMWorker_TP            | 27736                   |
+===========================+===============+====================================================+
| 4       0                 | 181           | VLLMWorker_TP            | 27736                   |
+===========================+===============+====================================================+
2026-08-12T14:42:50.021348440Z
+------------------------------------------------------------------------------------------------+
| npu-smi 25.5.2                   Version: 25.5.2                                               |
+---------------------------+---------------+----------------------------------------------------+
| NPU   Name                | Health        | Power(W)    Temp(C)           Hugepages-Usage(page)|
| Chip                      | Bus-Id        | AICore(%)   Memory-Usage(MB)  HBM-Usage(MB)        |
+===========================+===============+====================================================+
| 3     910B4               | OK            | 100.7       42                0    / 0             |
| 0                         | 0000:82:00.0  | 0           0    / 0          30689/ 32768         |
+===========================+===============+====================================================+
| 4     910B4               | OK            | 101.2       47                0    / 0             |
| 0                         | 0000:01:00.0  | 6           0    / 0          30561/ 32768         |
+===========================+===============+====================================================+
+---------------------------+---------------+----------------------------------------------------+
| NPU     Chip              | Process id    | Process name             | Process memory(MB)      |
+===========================+===============+====================================================+
| 3       0                 | 125           | VLLMEngineCor            | 184                     |
| 3       0                 | 157           | VLLMWorker_TP            | 27736                   |
+===========================+===============+====================================================+
| 4       0                 | 181           | VLLMWorker_TP            | 27736                   |
+===========================+===============+====================================================+
2026-08-12T14:43:00.794092500Z
+------------------------------------------------------------------------------------------------+
| npu-smi 25.5.2                   Version: 25.5.2                                               |
+---------------------------+---------------+----------------------------------------------------+
| NPU   Name                | Health        | Power(W)    Temp(C)           Hugepages-Usage(page)|
| Chip                      | Bus-Id        | AICore(%)   Memory-Usage(MB)  HBM-Usage(MB)        |
+===========================+===============+====================================================+
| 3     910B4               | OK            | 100.6       42                0    / 0             |
| 0                         | 0000:82:00.0  | 0           0    / 0          30689/ 32768         |
+===========================+===============+====================================================+
| 4     910B4               | OK            | 100.5       47                0    / 0             |
| 0                         | 0000:01:00.0  | 0           0    / 0          30560/ 32768         |
+===========================+===============+====================================================+
+---------------------------+---------------+----------------------------------------------------+
| NPU     Chip              | Process id    | Process name             | Process memory(MB)      |
+===========================+===============+====================================================+
| 3       0                 | 125           | VLLMEngineCor            | 184                     |
| 3       0                 | 157           | VLLMWorker_TP            | 27736                   |
+===========================+===============+====================================================+
| 4       0                 | 181           | VLLMWorker_TP            | 27736                   |
+===========================+===============+====================================================+
2026-08-12T14:43:11.523662800Z
+------------------------------------------------------------------------------------------------+
| npu-smi 25.5.2                   Version: 25.5.2                                               |
+---------------------------+---------------+----------------------------------------------------+
| NPU   Name                | Health        | Power(W)    Temp(C)           Hugepages-Usage(page)|
| Chip                      | Bus-Id        | AICore(%)   Memory-Usage(MB)  HBM-Usage(MB)        |
+===========================+===============+====================================================+
| 3     910B4               | OK            | 101.9       42                0    / 0             |
| 0                         | 0000:82:00.0  | 6           0    / 0          30689/ 32768         |
+===========================+===============+====================================================+
| 4     910B4               | OK            | 101.1       47                0    / 0             |
| 0                         | 0000:01:00.0  | 0           0    / 0          30561/ 32768         |
+===========================+===============+====================================================+
+---------------------------+---------------+----------------------------------------------------+
| NPU     Chip              | Process id    | Process name             | Process memory(MB)      |
+===========================+===============+====================================================+
| 3       0                 | 125           | VLLMEngineCor            | 184                     |
| 3       0                 | 157           | VLLMWorker_TP            | 27736                   |
+===========================+===============+====================================================+
| 4       0                 | 181           | VLLMWorker_TP            | 27736                   |
+===========================+===============+====================================================+
2026-08-12T14:43:22.398812570Z
+------------------------------------------------------------------------------------------------+
| npu-smi 25.5.2                   Version: 25.5.2                                               |
+---------------------------+---------------+----------------------------------------------------+
| NPU   Name                | Health        | Power(W)    Temp(C)           Hugepages-Usage(page)|
| Chip                      | Bus-Id        | AICore(%)   Memory-Usage(MB)  HBM-Usage(MB)        |
+===========================+===============+====================================================+
| 3     910B4               | OK            | 101.4       42                0    / 0             |
| 0                         | 0000:82:00.0  | 5           0    / 0          30690/ 32768         |
+===========================+===============+====================================================+
| 4     910B4               | OK            | 101.3       47                0    / 0             |
| 0                         | 0000:01:00.0  | 5           0    / 0          30560/ 32768         |
+===========================+===============+====================================================+
+---------------------------+---------------+----------------------------------------------------+
| NPU     Chip              | Process id    | Process name             | Process memory(MB)      |
+===========================+===============+====================================================+
| 3       0                 | 125           | VLLMEngineCor            | 184                     |
| 3       0                 | 157           | VLLMWorker_TP            | 27736                   |
+===========================+===============+====================================================+
| 4       0                 | 181           | VLLMWorker_TP            | 27736                   |
+===========================+===============+====================================================+
2026-08-12T14:43:33.150597543Z
+------------------------------------------------------------------------------------------------+
| npu-smi 25.5.2                   Version: 25.5.2                                               |
+---------------------------+---------------+----------------------------------------------------+
| NPU   Name                | Health        | Power(W)    Temp(C)           Hugepages-Usage(page)|
| Chip                      | Bus-Id        | AICore(%)   Memory-Usage(MB)  HBM-Usage(MB)        |
+===========================+===============+====================================================+
| 3     910B4               | OK            | 100.9       43                0    / 0             |
| 0                         | 0000:82:00.0  | 0           0    / 0          30689/ 32768         |
+===========================+===============+====================================================+
| 4     910B4               | OK            | 100.9       48                0    / 0             |
| 0                         | 0000:01:00.0  | 0           0    / 0          30560/ 32768         |
+===========================+===============+====================================================+
+---------------------------+---------------+----------------------------------------------------+
| NPU     Chip              | Process id    | Process name             | Process memory(MB)      |
+===========================+===============+====================================================+
| 3       0                 | 125           | VLLMEngineCor            | 184                     |
| 3       0                 | 157           | VLLMWorker_TP            | 27736                   |
+===========================+===============+====================================================+
| 4       0                 | 181           | VLLMWorker_TP            | 27736                   |
+===========================+===============+====================================================+
2026-08-12T14:43:43.885665771Z
+------------------------------------------------------------------------------------------------+
| npu-smi 25.5.2                   Version: 25.5.2                                               |
+---------------------------+---------------+----------------------------------------------------+
| NPU   Name                | Health        | Power(W)    Temp(C)           Hugepages-Usage(page)|
| Chip                      | Bus-Id        | AICore(%)   Memory-Usage(MB)  HBM-Usage(MB)        |
+===========================+===============+====================================================+
| 3     910B4               | OK            | 100.4       42                0    / 0             |
| 0                         | 0000:82:00.0  | 0           0    / 0          30689/ 32768         |
+===========================+===============+====================================================+
| 4     910B4               | OK            | 100.4       47                0    / 0             |
| 0                         | 0000:01:00.0  | 0           0    / 0          30560/ 32768         |
+===========================+===============+====================================================+
+---------------------------+---------------+----------------------------------------------------+
| NPU     Chip              | Process id    | Process name             | Process memory(MB)      |
+===========================+===============+====================================================+
| 3       0                 | 125           | VLLMEngineCor            | 184                     |
| 3       0                 | 157           | VLLMWorker_TP            | 27736                   |
+===========================+===============+====================================================+
| 4       0                 | 181           | VLLMWorker_TP            | 27736                   |
+===========================+===============+====================================================+
