2026-08-12T14:42:17.812713397Z
+------------------------------------------------------------------------------------------------+
| npu-smi 25.5.2                   Version: 25.5.2                                               |
+---------------------------+---------------+----------------------------------------------------+
| NPU   Name                | Health        | Power(W)    Temp(C)           Hugepages-Usage(page)|
| Chip                      | Bus-Id        | AICore(%)   Memory-Usage(MB)  HBM-Usage(MB)        |
+===========================+===============+====================================================+
| 1     910B4               | OK            | 83.1        42                0    / 0             |
| 0                         | 0000:C2:00.0  | 0           0    / 0          30850/ 32768         |
+===========================+===============+====================================================+
| 6     910B4               | OK            | 92.1        45                0    / 0             |
| 0                         | 0000:41:00.0  | 0           0    / 0          30718/ 32768         |
+===========================+===============+====================================================+
+---------------------------+---------------+----------------------------------------------------+
| NPU     Chip              | Process id    | Process name             | Process memory(MB)      |
+===========================+===============+====================================================+
| 1       0                 | 159           | VLLMWorker_TP            | 27896                   |
| 1       0                 | 126           | VLLMEngineCor            | 184                     |
+===========================+===============+====================================================+
| 6       0                 | 184           | VLLMWorker_TP            | 27896                   |
+===========================+===============+====================================================+
2026-08-12T14:42:28.554365289Z
+------------------------------------------------------------------------------------------------+
| npu-smi 25.5.2                   Version: 25.5.2                                               |
+---------------------------+---------------+----------------------------------------------------+
| NPU   Name                | Health        | Power(W)    Temp(C)           Hugepages-Usage(page)|
| Chip                      | Bus-Id        | AICore(%)   Memory-Usage(MB)  HBM-Usage(MB)        |
+===========================+===============+====================================================+
| 1     910B4               | OK            | 82.9        42                0    / 0             |
| 0                         | 0000:C2:00.0  | 0           0    / 0          30850/ 32768         |
+===========================+===============+====================================================+
| 6     910B4               | OK            | 91.7        44                0    / 0             |
| 0                         | 0000:41:00.0  | 0           0    / 0          30718/ 32768         |
+===========================+===============+====================================================+
+---------------------------+---------------+----------------------------------------------------+
| NPU     Chip              | Process id    | Process name             | Process memory(MB)      |
+===========================+===============+====================================================+
| 1       0                 | 159           | VLLMWorker_TP            | 27896                   |
| 1       0                 | 126           | VLLMEngineCor            | 184                     |
+===========================+===============+====================================================+
| 6       0                 | 184           | VLLMWorker_TP            | 27896                   |
+===========================+===============+====================================================+
2026-08-12T14:42:39.293684279Z
+------------------------------------------------------------------------------------------------+
| npu-smi 25.5.2                   Version: 25.5.2                                               |
+---------------------------+---------------+----------------------------------------------------+
| NPU   Name                | Health        | Power(W)    Temp(C)           Hugepages-Usage(page)|
| Chip                      | Bus-Id        | AICore(%)   Memory-Usage(MB)  HBM-Usage(MB)        |
+===========================+===============+====================================================+
| 1     910B4               | OK            | 82.9        41                0    / 0             |
| 0                         | 0000:C2:00.0  | 0           0    / 0          30850/ 32768         |
+===========================+===============+====================================================+
| 6     910B4               | OK            | 91.8        44                0    / 0             |
| 0                         | 0000:41:00.0  | 0           0    / 0          30718/ 32768         |
+===========================+===============+====================================================+
+---------------------------+---------------+----------------------------------------------------+
| NPU     Chip              | Process id    | Process name             | Process memory(MB)      |
+===========================+===============+====================================================+
| 1       0                 | 159           | VLLMWorker_TP            | 27896                   |
| 1       0                 | 126           | VLLMEngineCor            | 184                     |
+===========================+===============+====================================================+
| 6       0                 | 184           | VLLMWorker_TP            | 27896                   |
+===========================+===============+====================================================+
2026-08-12T14:42:50.019056648Z
+------------------------------------------------------------------------------------------------+
| npu-smi 25.5.2                   Version: 25.5.2                                               |
+---------------------------+---------------+----------------------------------------------------+
| NPU   Name                | Health        | Power(W)    Temp(C)           Hugepages-Usage(page)|
| Chip                      | Bus-Id        | AICore(%)   Memory-Usage(MB)  HBM-Usage(MB)        |
+===========================+===============+====================================================+
| 1     910B4               | OK            | 121.0       44                0    / 0             |
| 0                         | 0000:C2:00.0  | 100         0    / 0          30851/ 32768         |
+===========================+===============+====================================================+
| 6     910B4               | OK            | 130.5       47                0    / 0             |
| 0                         | 0000:41:00.0  | 50          0    / 0          30720/ 32768         |
+===========================+===============+====================================================+
+---------------------------+---------------+----------------------------------------------------+
| NPU     Chip              | Process id    | Process name             | Process memory(MB)      |
+===========================+===============+====================================================+
| 1       0                 | 159           | VLLMWorker_TP            | 27896                   |
| 1       0                 | 126           | VLLMEngineCor            | 184                     |
+===========================+===============+====================================================+
| 6       0                 | 184           | VLLMWorker_TP            | 27896                   |
+===========================+===============+====================================================+
2026-08-12T14:43:00.781296575Z
+------------------------------------------------------------------------------------------------+
| npu-smi 25.5.2                   Version: 25.5.2                                               |
+---------------------------+---------------+----------------------------------------------------+
| NPU   Name                | Health        | Power(W)    Temp(C)           Hugepages-Usage(page)|
| Chip                      | Bus-Id        | AICore(%)   Memory-Usage(MB)  HBM-Usage(MB)        |
+===========================+===============+====================================================+
| 1     910B4               | OK            | 128.2       45                0    / 0             |
| 0                         | 0000:C2:00.0  | 100         0    / 0          30851/ 32768         |
+===========================+===============+====================================================+
| 6     910B4               | OK            | 133.9       48                0    / 0             |
| 0                         | 0000:41:00.0  | 56          0    / 0          30720/ 32768         |
+===========================+===============+====================================================+
+---------------------------+---------------+----------------------------------------------------+
| NPU     Chip              | Process id    | Process name             | Process memory(MB)      |
+===========================+===============+====================================================+
| 1       0                 | 159           | VLLMWorker_TP            | 27896                   |
| 1       0                 | 126           | VLLMEngineCor            | 184                     |
+===========================+===============+====================================================+
| 6       0                 | 184           | VLLMWorker_TP            | 27896                   |
+===========================+===============+====================================================+
2026-08-12T14:43:11.532121663Z
+------------------------------------------------------------------------------------------------+
| npu-smi 25.5.2                   Version: 25.5.2                                               |
+---------------------------+---------------+----------------------------------------------------+
| NPU   Name                | Health        | Power(W)    Temp(C)           Hugepages-Usage(page)|
| Chip                      | Bus-Id        | AICore(%)   Memory-Usage(MB)  HBM-Usage(MB)        |
+===========================+===============+====================================================+
| 1     910B4               | OK            | 126.6       45                0    / 0             |
| 0                         | 0000:C2:00.0  | 100         0    / 0          30851/ 32768         |
+===========================+===============+====================================================+
| 6     910B4               | OK            | 133.4       48                0    / 0             |
| 0                         | 0000:41:00.0  | 52          0    / 0          30720/ 32768         |
+===========================+===============+====================================================+
+---------------------------+---------------+----------------------------------------------------+
| NPU     Chip              | Process id    | Process name             | Process memory(MB)      |
+===========================+===============+====================================================+
| 1       0                 | 159           | VLLMWorker_TP            | 27896                   |
| 1       0                 | 126           | VLLMEngineCor            | 184                     |
+===========================+===============+====================================================+
| 6       0                 | 184           | VLLMWorker_TP            | 27896                   |
+===========================+===============+====================================================+
2026-08-12T14:43:22.398820080Z
+------------------------------------------------------------------------------------------------+
| npu-smi 25.5.2                   Version: 25.5.2                                               |
+---------------------------+---------------+----------------------------------------------------+
| NPU   Name                | Health        | Power(W)    Temp(C)           Hugepages-Usage(page)|
| Chip                      | Bus-Id        | AICore(%)   Memory-Usage(MB)  HBM-Usage(MB)        |
+===========================+===============+====================================================+
| 1     910B4               | OK            | 123.6       45                0    / 0             |
| 0                         | 0000:C2:00.0  | 100         0    / 0          30851/ 32768         |
+===========================+===============+====================================================+
| 6     910B4               | OK            | 135.2       48                0    / 0             |
| 0                         | 0000:41:00.0  | 52          0    / 0          30720/ 32768         |
+===========================+===============+====================================================+
+---------------------------+---------------+----------------------------------------------------+
| NPU     Chip              | Process id    | Process name             | Process memory(MB)      |
+===========================+===============+====================================================+
| 1       0                 | 159           | VLLMWorker_TP            | 27896                   |
| 1       0                 | 126           | VLLMEngineCor            | 184                     |
+===========================+===============+====================================================+
| 6       0                 | 184           | VLLMWorker_TP            | 27896                   |
+===========================+===============+====================================================+
2026-08-12T14:43:33.151988780Z
+------------------------------------------------------------------------------------------------+
| npu-smi 25.5.2                   Version: 25.5.2                                               |
+---------------------------+---------------+----------------------------------------------------+
| NPU   Name                | Health        | Power(W)    Temp(C)           Hugepages-Usage(page)|
| Chip                      | Bus-Id        | AICore(%)   Memory-Usage(MB)  HBM-Usage(MB)        |
+===========================+===============+====================================================+
| 1     910B4               | OK            | 123.0       46                0    / 0             |
| 0                         | 0000:C2:00.0  | 100         0    / 0          30851/ 32768         |
+===========================+===============+====================================================+
| 6     910B4               | OK            | 139.5       49                0    / 0             |
| 0                         | 0000:41:00.0  | 50          0    / 0          30720/ 32768         |
+===========================+===============+====================================================+
+---------------------------+---------------+----------------------------------------------------+
| NPU     Chip              | Process id    | Process name             | Process memory(MB)      |
+===========================+===============+====================================================+
| 1       0                 | 159           | VLLMWorker_TP            | 27896                   |
| 1       0                 | 126           | VLLMEngineCor            | 184                     |
+===========================+===============+====================================================+
| 6       0                 | 184           | VLLMWorker_TP            | 27896                   |
+===========================+===============+====================================================+
2026-08-12T14:43:43.883436920Z
+------------------------------------------------------------------------------------------------+
| npu-smi 25.5.2                   Version: 25.5.2                                               |
+---------------------------+---------------+----------------------------------------------------+
| NPU   Name                | Health        | Power(W)    Temp(C)           Hugepages-Usage(page)|
| Chip                      | Bus-Id        | AICore(%)   Memory-Usage(MB)  HBM-Usage(MB)        |
+===========================+===============+====================================================+
| 1     910B4               | OK            | 130.0       46                0    / 0             |
| 0                         | 0000:C2:00.0  | 100         0    / 0          30851/ 32768         |
+===========================+===============+====================================================+
| 6     910B4               | OK            | 128.3       48                0    / 0             |
| 0                         | 0000:41:00.0  | 41          0    / 0          30720/ 32768         |
+===========================+===============+====================================================+
+---------------------------+---------------+----------------------------------------------------+
| NPU     Chip              | Process id    | Process name             | Process memory(MB)      |
+===========================+===============+====================================================+
| 1       0                 | 159           | VLLMWorker_TP            | 27896                   |
| 1       0                 | 126           | VLLMEngineCor            | 184                     |
+===========================+===============+====================================================+
| 6       0                 | 184           | VLLMWorker_TP            | 27896                   |
+===========================+===============+====================================================+
