2026-08-12T14:26:31.136930787Z
NAME                             CPU(cores)   MEMORY(bytes)   
layerwise-performance-aisbench   43m          1451Mi          
Inter-|   Receive                                                |  Transmit
 face |bytes    packets errs drop fifo frame compressed multicast|bytes    packets errs drop fifo colls carrier compressed
    lo:       0       0    0    0    0     0          0         0        0       0    0    0    0     0       0          0
  eth0: 414509884   90534    0    0    0     0          0         0 115810029   91248    0    0    0     0       0          0
2026-08-12T14:26:41.396721253Z
NAME                             CPU(cores)   MEMORY(bytes)   
layerwise-performance-aisbench   825m         931Mi           
Inter-|   Receive                                                |  Transmit
 face |bytes    packets errs drop fifo frame compressed multicast|bytes    packets errs drop fifo colls carrier compressed
    lo:       0       0    0    0    0     0          0         0        0       0    0    0    0     0       0          0
  eth0: 414536536   90543    0    0    0     0          0         0 115810864   91257    0    0    0     0       0          0
2026-08-12T14:26:51.729234939Z
NAME                             CPU(cores)   MEMORY(bytes)   
layerwise-performance-aisbench   825m         931Mi           
Inter-|   Receive                                                |  Transmit
 face |bytes    packets errs drop fifo frame compressed multicast|bytes    packets errs drop fifo colls carrier compressed
    lo:       0       0    0    0    0     0          0         0        0       0    0    0    0     0       0          0
  eth0: 414563188   90552    0    0    0     0          0         0 115811699   91266    0    0    0     0       0          0
2026-08-12T14:27:02.044413256Z
NAME                             CPU(cores)   MEMORY(bytes)   
layerwise-performance-aisbench   825m         931Mi           
Inter-|   Receive                                                |  Transmit
 face |bytes    packets errs drop fifo frame compressed multicast|bytes    packets errs drop fifo colls carrier compressed
    lo:       0       0    0    0    0     0          0         0        0       0    0    0    0     0       0          0
  eth0: 414601545   90682    0    0    0     0          0         0 117007368   91434    0    0    0     0       0          0
2026-08-12T14:27:12.312122072Z
NAME                             CPU(cores)   MEMORY(bytes)   
layerwise-performance-aisbench   1021m        1517Mi          
Inter-|   Receive                                                |  Transmit
 face |bytes    packets errs drop fifo frame compressed multicast|bytes    packets errs drop fifo colls carrier compressed
    lo:       0       0    0    0    0     0          0         0        0       0    0    0    0     0       0          0
  eth0: 414649507   90855    0    0    0     0          0         0 118206571   91657    0    0    0     0       0          0
2026-08-12T14:27:22.627955183Z
NAME                             CPU(cores)   MEMORY(bytes)   
layerwise-performance-aisbench   1021m        1517Mi          
Inter-|   Receive                                                |  Transmit
 face |bytes    packets errs drop fifo frame compressed multicast|bytes    packets errs drop fifo colls carrier compressed
    lo:       0       0    0    0    0     0          0         0        0       0    0    0    0     0       0          0
  eth0: 414697611   91030    0    0    0     0          0         0 119405894   91882    0    0    0     0       0          0
2026-08-12T14:27:32.897980261Z
NAME                             CPU(cores)   MEMORY(bytes)   
layerwise-performance-aisbench   142m         1620Mi          
Inter-|   Receive                                                |  Transmit
 face |bytes    packets errs drop fifo frame compressed multicast|bytes    packets errs drop fifo colls carrier compressed
    lo:       0       0    0    0    0     0          0         0        0       0    0    0    0     0       0          0
  eth0: 414745509   91202    0    0    0     0          0         0 120605019   92104    0    0    0     0       0          0
2026-08-12T14:27:43.186938315Z
NAME                             CPU(cores)   MEMORY(bytes)   
layerwise-performance-aisbench   20m          1622Mi          
Inter-|   Receive                                                |  Transmit
 face |bytes    packets errs drop fifo frame compressed multicast|bytes    packets errs drop fifo colls carrier compressed
    lo:       0       0    0    0    0     0          0         0        0       0    0    0    0     0       0          0
  eth0: 414793742   91379    0    0    0     0          0         0 121804366   92329    0    0    0     0       0          0
2026-08-12T14:27:53.463018023Z
NAME                             CPU(cores)   MEMORY(bytes)   
layerwise-performance-aisbench   20m          1622Mi          
Inter-|   Receive                                                |  Transmit
 face |bytes    packets errs drop fifo frame compressed multicast|bytes    packets errs drop fifo colls carrier compressed
    lo:       0       0    0    0    0     0          0         0        0       0    0    0    0     0       0          0
  eth0: 414836717   91481    0    0    0     0          0         0 122207695   92457    0    0    0     0       0          0
