2026-08-12T14:26:31.135918842Z
+------------------------------------------------------------------------------------------------+
| npu-smi 25.5.2                   Version: 25.5.2                                               |
+---------------------------+---------------+----------------------------------------------------+
| NPU   Name                | Health        | Power(W)    Temp(C)           Hugepages-Usage(page)|
| Chip                      | Bus-Id        | AICore(%)   Memory-Usage(MB)  HBM-Usage(MB)        |
+===========================+===============+====================================================+
| 3     910B4               | OK            | 94.3        42                0    / 0             |
| 0                         | 0000:82:00.0  | 0           0    / 0          30688/ 32768         |
+===========================+===============+====================================================+
| 6     910B4               | OK            | 92.1        44                0    / 0             |
| 0                         | 0000:41:00.0  | 0           0    / 0          30558/ 32768         |
+===========================+===============+====================================================+
+---------------------------+---------------+----------------------------------------------------+
| NPU     Chip              | Process id    | Process name             | Process memory(MB)      |
+===========================+===============+====================================================+
| 3       0                 | 159           | VLLMWorker_TP            | 27736                   |
| 3       0                 | 126           | VLLMEngineCor            | 184                     |
+===========================+===============+====================================================+
| 6       0                 | 183           | VLLMWorker_TP            | 27736                   |
+===========================+===============+====================================================+
2026-08-12T14:26:41.882869303Z
+------------------------------------------------------------------------------------------------+
| npu-smi 25.5.2                   Version: 25.5.2                                               |
+---------------------------+---------------+----------------------------------------------------+
| NPU   Name                | Health        | Power(W)    Temp(C)           Hugepages-Usage(page)|
| Chip                      | Bus-Id        | AICore(%)   Memory-Usage(MB)  HBM-Usage(MB)        |
+===========================+===============+====================================================+
| 3     910B4               | OK            | 94.4        42                0    / 0             |
| 0                         | 0000:82:00.0  | 0           0    / 0          30688/ 32768         |
+===========================+===============+====================================================+
| 6     910B4               | OK            | 92.0        44                0    / 0             |
| 0                         | 0000:41:00.0  | 0           0    / 0          30558/ 32768         |
+===========================+===============+====================================================+
+---------------------------+---------------+----------------------------------------------------+
| NPU     Chip              | Process id    | Process name             | Process memory(MB)      |
+===========================+===============+====================================================+
| 3       0                 | 159           | VLLMWorker_TP            | 27736                   |
| 3       0                 | 126           | VLLMEngineCor            | 184                     |
+===========================+===============+====================================================+
| 6       0                 | 183           | VLLMWorker_TP            | 27736                   |
+===========================+===============+====================================================+
2026-08-12T14:26:52.631628663Z
+------------------------------------------------------------------------------------------------+
| npu-smi 25.5.2                   Version: 25.5.2                                               |
+---------------------------+---------------+----------------------------------------------------+
| NPU   Name                | Health        | Power(W)    Temp(C)           Hugepages-Usage(page)|
| Chip                      | Bus-Id        | AICore(%)   Memory-Usage(MB)  HBM-Usage(MB)        |
+===========================+===============+====================================================+
| 3     910B4               | OK            | 94.1        42                0    / 0             |
| 0                         | 0000:82:00.0  | 0           0    / 0          30688/ 32768         |
+===========================+===============+====================================================+
| 6     910B4               | OK            | 91.9        44                0    / 0             |
| 0                         | 0000:41:00.0  | 0           0    / 0          30558/ 32768         |
+===========================+===============+====================================================+
+---------------------------+---------------+----------------------------------------------------+
| NPU     Chip              | Process id    | Process name             | Process memory(MB)      |
+===========================+===============+====================================================+
| 3       0                 | 159           | VLLMWorker_TP            | 27736                   |
| 3       0                 | 126           | VLLMEngineCor            | 184                     |
+===========================+===============+====================================================+
| 6       0                 | 183           | VLLMWorker_TP            | 27736                   |
+===========================+===============+====================================================+
2026-08-12T14:27:03.363948570Z
+------------------------------------------------------------------------------------------------+
| npu-smi 25.5.2                   Version: 25.5.2                                               |
+---------------------------+---------------+----------------------------------------------------+
| NPU   Name                | Health        | Power(W)    Temp(C)           Hugepages-Usage(page)|
| Chip                      | Bus-Id        | AICore(%)   Memory-Usage(MB)  HBM-Usage(MB)        |
+===========================+===============+====================================================+
| 3     910B4               | OK            | 100.5       42                0    / 0             |
| 0                         | 0000:82:00.0  | 0           0    / 0          30689/ 32768         |
+===========================+===============+====================================================+
| 6     910B4               | OK            | 98.4        44                0    / 0             |
| 0                         | 0000:41:00.0  | 0           0    / 0          30559/ 32768         |
+===========================+===============+====================================================+
+---------------------------+---------------+----------------------------------------------------+
| NPU     Chip              | Process id    | Process name             | Process memory(MB)      |
+===========================+===============+====================================================+
| 3       0                 | 159           | VLLMWorker_TP            | 27736                   |
| 3       0                 | 126           | VLLMEngineCor            | 184                     |
+===========================+===============+====================================================+
| 6       0                 | 183           | VLLMWorker_TP            | 27736                   |
+===========================+===============+====================================================+
2026-08-12T14:27:14.132278090Z
+------------------------------------------------------------------------------------------------+
| npu-smi 25.5.2                   Version: 25.5.2                                               |
+---------------------------+---------------+----------------------------------------------------+
| NPU   Name                | Health        | Power(W)    Temp(C)           Hugepages-Usage(page)|
| Chip                      | Bus-Id        | AICore(%)   Memory-Usage(MB)  HBM-Usage(MB)        |
+===========================+===============+====================================================+
| 3     910B4               | OK            | 100.2       43                0    / 0             |
| 0                         | 0000:82:00.0  | 0           0    / 0          30689/ 32768         |
+===========================+===============+====================================================+
| 6     910B4               | OK            | 98.6        44                0    / 0             |
| 0                         | 0000:41:00.0  | 0           0    / 0          30559/ 32768         |
+===========================+===============+====================================================+
+---------------------------+---------------+----------------------------------------------------+
| NPU     Chip              | Process id    | Process name             | Process memory(MB)      |
+===========================+===============+====================================================+
| 3       0                 | 159           | VLLMWorker_TP            | 27736                   |
| 3       0                 | 126           | VLLMEngineCor            | 184                     |
+===========================+===============+====================================================+
| 6       0                 | 183           | VLLMWorker_TP            | 27736                   |
+===========================+===============+====================================================+
2026-08-12T14:27:24.897462513Z
+------------------------------------------------------------------------------------------------+
| npu-smi 25.5.2                   Version: 25.5.2                                               |
+---------------------------+---------------+----------------------------------------------------+
| NPU   Name                | Health        | Power(W)    Temp(C)           Hugepages-Usage(page)|
| Chip                      | Bus-Id        | AICore(%)   Memory-Usage(MB)  HBM-Usage(MB)        |
+===========================+===============+====================================================+
| 3     910B4               | OK            | 100.3       43                0    / 0             |
| 0                         | 0000:82:00.0  | 0           0    / 0          30689/ 32768         |
+===========================+===============+====================================================+
| 6     910B4               | OK            | 97.9        44                0    / 0             |
| 0                         | 0000:41:00.0  | 0           0    / 0          30559/ 32768         |
+===========================+===============+====================================================+
+---------------------------+---------------+----------------------------------------------------+
| NPU     Chip              | Process id    | Process name             | Process memory(MB)      |
+===========================+===============+====================================================+
| 3       0                 | 159           | VLLMWorker_TP            | 27736                   |
| 3       0                 | 126           | VLLMEngineCor            | 184                     |
+===========================+===============+====================================================+
| 6       0                 | 183           | VLLMWorker_TP            | 27736                   |
+===========================+===============+====================================================+
2026-08-12T14:27:35.625696919Z
+------------------------------------------------------------------------------------------------+
| npu-smi 25.5.2                   Version: 25.5.2                                               |
+---------------------------+---------------+----------------------------------------------------+
| NPU   Name                | Health        | Power(W)    Temp(C)           Hugepages-Usage(page)|
| Chip                      | Bus-Id        | AICore(%)   Memory-Usage(MB)  HBM-Usage(MB)        |
+===========================+===============+====================================================+
| 3     910B4               | OK            | 101.8       43                0    / 0             |
| 0                         | 0000:82:00.0  | 6           0    / 0          30689/ 32768         |
+===========================+===============+====================================================+
| 6     910B4               | OK            | 99.1        44                0    / 0             |
| 0                         | 0000:41:00.0  | 0           0    / 0          30559/ 32768         |
+===========================+===============+====================================================+
+---------------------------+---------------+----------------------------------------------------+
| NPU     Chip              | Process id    | Process name             | Process memory(MB)      |
+===========================+===============+====================================================+
| 3       0                 | 159           | VLLMWorker_TP            | 27736                   |
| 3       0                 | 126           | VLLMEngineCor            | 184                     |
+===========================+===============+====================================================+
| 6       0                 | 183           | VLLMWorker_TP            | 27736                   |
+===========================+===============+====================================================+
2026-08-12T14:27:46.435603960Z
+------------------------------------------------------------------------------------------------+
| npu-smi 25.5.2                   Version: 25.5.2                                               |
+---------------------------+---------------+----------------------------------------------------+
| NPU   Name                | Health        | Power(W)    Temp(C)           Hugepages-Usage(page)|
| Chip                      | Bus-Id        | AICore(%)   Memory-Usage(MB)  HBM-Usage(MB)        |
+===========================+===============+====================================================+
| 3     910B4               | OK            | 100.8       43                0    / 0             |
| 0                         | 0000:82:00.0  | 0           0    / 0          30689/ 32768         |
+===========================+===============+====================================================+
| 6     910B4               | OK            | 99.1        45                0    / 0             |
| 0                         | 0000:41:00.0  | 5           0    / 0          30559/ 32768         |
+===========================+===============+====================================================+
+---------------------------+---------------+----------------------------------------------------+
| NPU     Chip              | Process id    | Process name             | Process memory(MB)      |
+===========================+===============+====================================================+
| 3       0                 | 159           | VLLMWorker_TP            | 27736                   |
| 3       0                 | 126           | VLLMEngineCor            | 184                     |
+===========================+===============+====================================================+
| 6       0                 | 183           | VLLMWorker_TP            | 27736                   |
+===========================+===============+====================================================+
2026-08-12T14:27:57.334499973Z
+------------------------------------------------------------------------------------------------+
| npu-smi 25.5.2                   Version: 25.5.2                                               |
+---------------------------+---------------+----------------------------------------------------+
| NPU   Name                | Health        | Power(W)    Temp(C)           Hugepages-Usage(page)|
| Chip                      | Bus-Id        | AICore(%)   Memory-Usage(MB)  HBM-Usage(MB)        |
+===========================+===============+====================================================+
| 3     910B4               | OK            | 94.5        43                0    / 0             |
| 0                         | 0000:82:00.0  | 0           0    / 0          30689/ 32768         |
+===========================+===============+====================================================+
| 6     910B4               | OK            | 92.1        45                0    / 0             |
| 0                         | 0000:41:00.0  | 0           0    / 0          30559/ 32768         |
+===========================+===============+====================================================+
+---------------------------+---------------+----------------------------------------------------+
| NPU     Chip              | Process id    | Process name             | Process memory(MB)      |
+===========================+===============+====================================================+
| 3       0                 | 159           | VLLMWorker_TP            | 27736                   |
| 3       0                 | 126           | VLLMEngineCor            | 184                     |
+===========================+===============+====================================================+
| 6       0                 | 183           | VLLMWorker_TP            | 27736                   |
+===========================+===============+====================================================+
