(APIServer pid=88) INFO:     192.168.200.27:52916 - "GET /v1/models HTTP/1.1" 200 OK
(APIServer pid=88) INFO:     192.168.200.27:52918 - "GET /v1/models HTTP/1.1" 200 OK
(APIServer pid=88) INFO 08-12 14:26:37 [loggers.py:273] Engine 000: Avg prompt throughput: 0.0 tokens/s, Avg generation throughput: 0.0 tokens/s, Running: 0 reqs, Waiting: 0 reqs, GPU KV cache usage: 0.0%, Prefix cache hit rate: 0.0%, External prefix cache hit rate: 0.0%
(APIServer pid=88) INFO:     192.168.200.27:45932 - "GET /v1/models HTTP/1.1" 200 OK
(APIServer pid=88) INFO:     192.168.200.27:45940 - "GET /v1/models HTTP/1.1" 200 OK
(APIServer pid=88) INFO:     192.168.200.27:60888 - "GET /v1/models HTTP/1.1" 200 OK
(APIServer pid=88) INFO:     192.168.200.27:60892 - "GET /v1/models HTTP/1.1" 200 OK
(EngineCore pid=126) INFO 08-12 14:26:58 [pool_scheduler.py:478] [KVPOOL] block_key_hit_check req=cmpl-715cef95-bcf8-4bf5-9a83-626c0e352a3e-0-b2db4ef4 hit_blocks=104/128 states_sample=[1, 1, 1, 1, 1, 1, 1, 1]
(EngineCore pid=126) INFO 08-12 14:26:58 [pool_scheduler.py:663] Reqid: cmpl-715cef95-bcf8-4bf5-9a83-626c0e352a3e-0-b2db4ef4, Total tokens 16384, kvpool hit tokens: 13312, need to load: 13312
(EngineCore pid=126) INFO 08-12 14:26:58 [pool_scheduler.py:683] KV pool load spec created req=cmpl-715cef95-bcf8-4bf5-9a83-626c0e352a3e-0-b2db4ef4 vllm_cached=0 kvpool_cached=13312 need_to_allocate=13312 load_async=False use_layerwise=True
(EngineCore pid=126) INFO 08-12 14:26:58 [core.py:452] Iteration(976): 1 context requests, 1024 context tokens, 0 generation requests, 0 generation tokens, iteration elapsed time: 439.79 ms
(EngineCore pid=126) INFO 08-12 14:26:59 [core.py:452] Iteration(977): 1 context requests, 1024 context tokens, 0 generation requests, 0 generation tokens, iteration elapsed time: 255.96 ms
(EngineCore pid=126) INFO 08-12 14:26:59 [pool_scheduler.py:478] [KVPOOL] block_key_hit_check req=cmpl-725a4503-1cd9-4947-a649-28e04cbd4f30-0-98df3fe7 hit_blocks=104/128 states_sample=[1, 1, 1, 1, 1, 1, 1, 1]
(EngineCore pid=126) INFO 08-12 14:26:59 [pool_scheduler.py:663] Reqid: cmpl-725a4503-1cd9-4947-a649-28e04cbd4f30-0-98df3fe7, Total tokens 16384, kvpool hit tokens: 13312, need to load: 13312
(EngineCore pid=126) INFO 08-12 14:26:59 [pool_scheduler.py:683] KV pool load spec created req=cmpl-725a4503-1cd9-4947-a649-28e04cbd4f30-0-98df3fe7 vllm_cached=0 kvpool_cached=13312 need_to_allocate=13312 load_async=False use_layerwise=True
(EngineCore pid=126) INFO 08-12 14:26:59 [core.py:452] Iteration(978): 1 context requests, 1024 context tokens, 0 generation requests, 0 generation tokens, iteration elapsed time: 270.91 ms
(APIServer pid=88) INFO:     10.250.202.7:39048 - "POST /v1/completions HTTP/1.1" 200 OK
(EngineCore pid=126) INFO 08-12 14:26:59 [core.py:452] Iteration(979): 1 context requests, 1024 context tokens, 0 generation requests, 0 generation tokens, iteration elapsed time: 304.96 ms
(EngineCore pid=126) INFO 08-12 14:27:00 [core.py:452] Iteration(980): 1 context requests, 1024 context tokens, 0 generation requests, 0 generation tokens, iteration elapsed time: 258.54 ms
(EngineCore pid=126) INFO 08-12 14:27:00 [pool_scheduler.py:478] [KVPOOL] block_key_hit_check req=cmpl-a5087bae-effd-43c6-b1aa-e4995b359444-0-9d1c8ae8 hit_blocks=104/128 states_sample=[1, 1, 1, 1, 1, 1, 1, 1]
(EngineCore pid=126) INFO 08-12 14:27:00 [pool_scheduler.py:663] Reqid: cmpl-a5087bae-effd-43c6-b1aa-e4995b359444-0-9d1c8ae8, Total tokens 16384, kvpool hit tokens: 13312, need to load: 13312
(EngineCore pid=126) INFO 08-12 14:27:00 [pool_scheduler.py:683] KV pool load spec created req=cmpl-a5087bae-effd-43c6-b1aa-e4995b359444-0-9d1c8ae8 vllm_cached=0 kvpool_cached=13312 need_to_allocate=13312 load_async=False use_layerwise=True
(EngineCore pid=126) INFO 08-12 14:27:00 [core.py:452] Iteration(981): 1 context requests, 1024 context tokens, 0 generation requests, 0 generation tokens, iteration elapsed time: 272.53 ms
(APIServer pid=88) INFO:     10.250.202.7:39050 - "POST /v1/completions HTTP/1.1" 200 OK
(EngineCore pid=126) INFO 08-12 14:27:00 [core.py:452] Iteration(982): 1 context requests, 1024 context tokens, 0 generation requests, 0 generation tokens, iteration elapsed time: 286.56 ms
(EngineCore pid=126) INFO 08-12 14:27:00 [core.py:452] Iteration(983): 1 context requests, 1024 context tokens, 0 generation requests, 0 generation tokens, iteration elapsed time: 256.43 ms
(EngineCore pid=126) INFO 08-12 14:27:00 [pool_scheduler.py:478] [KVPOOL] block_key_hit_check req=cmpl-de70c93b-5073-41bf-a963-68f505e3d304-0-832890cc hit_blocks=104/128 states_sample=[1, 1, 1, 1, 1, 1, 1, 1]
(EngineCore pid=126) INFO 08-12 14:27:00 [pool_scheduler.py:663] Reqid: cmpl-de70c93b-5073-41bf-a963-68f505e3d304-0-832890cc, Total tokens 16384, kvpool hit tokens: 13312, need to load: 13312
(EngineCore pid=126) INFO 08-12 14:27:00 [pool_scheduler.py:683] KV pool load spec created req=cmpl-de70c93b-5073-41bf-a963-68f505e3d304-0-832890cc vllm_cached=0 kvpool_cached=13312 need_to_allocate=13312 load_async=False use_layerwise=True
(APIServer pid=88) INFO:     192.168.200.27:55092 - "GET /v1/models HTTP/1.1" 200 OK
(EngineCore pid=126) INFO 08-12 14:27:01 [core.py:452] Iteration(984): 1 context requests, 1024 context tokens, 0 generation requests, 0 generation tokens, iteration elapsed time: 270.45 ms
(APIServer pid=88) INFO:     10.250.202.7:39062 - "POST /v1/completions HTTP/1.1" 200 OK
(EngineCore pid=126) INFO 08-12 14:27:01 [core.py:452] Iteration(985): 1 context requests, 1024 context tokens, 0 generation requests, 0 generation tokens, iteration elapsed time: 294.50 ms
(EngineCore pid=126) INFO 08-12 14:27:01 [core.py:452] Iteration(986): 1 context requests, 1024 context tokens, 0 generation requests, 0 generation tokens, iteration elapsed time: 256.95 ms
(EngineCore pid=126) INFO 08-12 14:27:01 [pool_scheduler.py:478] [KVPOOL] block_key_hit_check req=cmpl-8403c9ef-8df8-4fb8-9c64-f2ecf0cd0e5f-0-9bcefbca hit_blocks=104/128 states_sample=[1, 1, 1, 1, 1, 1, 1, 1]
(EngineCore pid=126) INFO 08-12 14:27:01 [pool_scheduler.py:663] Reqid: cmpl-8403c9ef-8df8-4fb8-9c64-f2ecf0cd0e5f-0-9bcefbca, Total tokens 16384, kvpool hit tokens: 13312, need to load: 13312
(EngineCore pid=126) INFO 08-12 14:27:01 [pool_scheduler.py:683] KV pool load spec created req=cmpl-8403c9ef-8df8-4fb8-9c64-f2ecf0cd0e5f-0-9bcefbca vllm_cached=0 kvpool_cached=13312 need_to_allocate=13312 load_async=False use_layerwise=True
(EngineCore pid=126) INFO 08-12 14:27:02 [core.py:452] Iteration(987): 1 context requests, 1024 context tokens, 0 generation requests, 0 generation tokens, iteration elapsed time: 271.93 ms
(APIServer pid=88) INFO:     10.250.202.7:39078 - "POST /v1/completions HTTP/1.1" 200 OK
(EngineCore pid=126) INFO 08-12 14:27:02 [core.py:452] Iteration(988): 1 context requests, 1024 context tokens, 0 generation requests, 0 generation tokens, iteration elapsed time: 320.48 ms
(EngineCore pid=126) INFO 08-12 14:27:02 [core.py:452] Iteration(989): 1 context requests, 1024 context tokens, 0 generation requests, 0 generation tokens, iteration elapsed time: 264.90 ms
(EngineCore pid=126) INFO 08-12 14:27:02 [pool_scheduler.py:478] [KVPOOL] block_key_hit_check req=cmpl-11f8d897-73c8-4e2a-9e42-24e89e1585d5-0-93931780 hit_blocks=104/128 states_sample=[1, 1, 1, 1, 1, 1, 1, 1]
(EngineCore pid=126) INFO 08-12 14:27:02 [pool_scheduler.py:663] Reqid: cmpl-11f8d897-73c8-4e2a-9e42-24e89e1585d5-0-93931780, Total tokens 16384, kvpool hit tokens: 13312, need to load: 13312
(EngineCore pid=126) INFO 08-12 14:27:02 [pool_scheduler.py:683] KV pool load spec created req=cmpl-11f8d897-73c8-4e2a-9e42-24e89e1585d5-0-93931780 vllm_cached=0 kvpool_cached=13312 need_to_allocate=13312 load_async=False use_layerwise=True
(EngineCore pid=126) INFO 08-12 14:27:02 [core.py:452] Iteration(990): 1 context requests, 1024 context tokens, 0 generation requests, 0 generation tokens, iteration elapsed time: 269.63 ms
(APIServer pid=88) INFO:     10.250.202.7:39086 - "POST /v1/completions HTTP/1.1" 200 OK
(EngineCore pid=126) INFO 08-12 14:27:03 [core.py:452] Iteration(991): 1 context requests, 1024 context tokens, 0 generation requests, 0 generation tokens, iteration elapsed time: 313.89 ms
(EngineCore pid=126) INFO 08-12 14:27:03 [core.py:452] Iteration(992): 1 context requests, 1024 context tokens, 0 generation requests, 0 generation tokens, iteration elapsed time: 256.00 ms
(EngineCore pid=126) INFO 08-12 14:27:03 [pool_scheduler.py:478] [KVPOOL] block_key_hit_check req=cmpl-960cc2e4-206b-456f-bba8-1b538198df57-0-9311ce7c hit_blocks=104/128 states_sample=[1, 1, 1, 1, 1, 1, 1, 1]
(EngineCore pid=126) INFO 08-12 14:27:03 [pool_scheduler.py:663] Reqid: cmpl-960cc2e4-206b-456f-bba8-1b538198df57-0-9311ce7c, Total tokens 16384, kvpool hit tokens: 13312, need to load: 13312
(EngineCore pid=126) INFO 08-12 14:27:03 [pool_scheduler.py:683] KV pool load spec created req=cmpl-960cc2e4-206b-456f-bba8-1b538198df57-0-9311ce7c vllm_cached=0 kvpool_cached=13312 need_to_allocate=13312 load_async=False use_layerwise=True
(EngineCore pid=126) INFO 08-12 14:27:03 [core.py:452] Iteration(993): 1 context requests, 1024 context tokens, 0 generation requests, 0 generation tokens, iteration elapsed time: 270.83 ms
(APIServer pid=88) INFO:     10.250.202.7:39094 - "POST /v1/completions HTTP/1.1" 200 OK
(EngineCore pid=126) INFO 08-12 14:27:04 [core.py:452] Iteration(994): 1 context requests, 1024 context tokens, 0 generation requests, 0 generation tokens, iteration elapsed time: 286.93 ms
(EngineCore pid=126) INFO 08-12 14:27:04 [core.py:452] Iteration(995): 1 context requests, 1024 context tokens, 0 generation requests, 0 generation tokens, iteration elapsed time: 255.95 ms
(EngineCore pid=126) INFO 08-12 14:27:04 [pool_scheduler.py:478] [KVPOOL] block_key_hit_check req=cmpl-37f3e968-12d9-4b82-9979-b6c2dda36d77-0-b0db0593 hit_blocks=104/128 states_sample=[1, 1, 1, 1, 1, 1, 1, 1]
(EngineCore pid=126) INFO 08-12 14:27:04 [pool_scheduler.py:663] Reqid: cmpl-37f3e968-12d9-4b82-9979-b6c2dda36d77-0-b0db0593, Total tokens 16384, kvpool hit tokens: 13312, need to load: 13312
(EngineCore pid=126) INFO 08-12 14:27:04 [pool_scheduler.py:683] KV pool load spec created req=cmpl-37f3e968-12d9-4b82-9979-b6c2dda36d77-0-b0db0593 vllm_cached=0 kvpool_cached=13312 need_to_allocate=13312 load_async=False use_layerwise=True
(EngineCore pid=126) INFO 08-12 14:27:04 [core.py:452] Iteration(996): 1 context requests, 1024 context tokens, 0 generation requests, 0 generation tokens, iteration elapsed time: 270.41 ms
(APIServer pid=88) INFO:     10.250.202.7:39096 - "POST /v1/completions HTTP/1.1" 200 OK
(EngineCore pid=126) INFO 08-12 14:27:04 [core.py:452] Iteration(997): 1 context requests, 1024 context tokens, 0 generation requests, 0 generation tokens, iteration elapsed time: 294.10 ms
(EngineCore pid=126) INFO 08-12 14:27:05 [core.py:452] Iteration(998): 1 context requests, 1024 context tokens, 0 generation requests, 0 generation tokens, iteration elapsed time: 256.46 ms
(EngineCore pid=126) INFO 08-12 14:27:05 [pool_scheduler.py:478] [KVPOOL] block_key_hit_check req=cmpl-758f2af9-b7eb-4990-a38b-8b374d2a8235-0-ab4dfd8a hit_blocks=104/128 states_sample=[1, 1, 1, 1, 1, 1, 1, 1]
(EngineCore pid=126) INFO 08-12 14:27:05 [pool_scheduler.py:663] Reqid: cmpl-758f2af9-b7eb-4990-a38b-8b374d2a8235-0-ab4dfd8a, Total tokens 16384, kvpool hit tokens: 13312, need to load: 13312
(EngineCore pid=126) INFO 08-12 14:27:05 [pool_scheduler.py:683] KV pool load spec created req=cmpl-758f2af9-b7eb-4990-a38b-8b374d2a8235-0-ab4dfd8a vllm_cached=0 kvpool_cached=13312 need_to_allocate=13312 load_async=False use_layerwise=True
(EngineCore pid=126) INFO 08-12 14:27:05 [core.py:452] Iteration(999): 1 context requests, 1024 context tokens, 0 generation requests, 0 generation tokens, iteration elapsed time: 271.53 ms
(APIServer pid=88) INFO:     10.250.202.7:39106 - "POST /v1/completions HTTP/1.1" 200 OK
(EngineCore pid=126) INFO 08-12 14:27:05 [core.py:452] Iteration(1000): 1 context requests, 1024 context tokens, 0 generation requests, 0 generation tokens, iteration elapsed time: 291.56 ms
(EngineCore pid=126) INFO 08-12 14:27:05 [core.py:452] Iteration(1001): 1 context requests, 1024 context tokens, 0 generation requests, 0 generation tokens, iteration elapsed time: 256.27 ms
(EngineCore pid=126) INFO 08-12 14:27:05 [pool_scheduler.py:478] [KVPOOL] block_key_hit_check req=cmpl-1df9200a-9bdc-4b26-98b5-a2bc8d35c0ca-0-bb9e4c6a hit_blocks=104/128 states_sample=[1, 1, 1, 1, 1, 1, 1, 1]
(EngineCore pid=126) INFO 08-12 14:27:05 [pool_scheduler.py:663] Reqid: cmpl-1df9200a-9bdc-4b26-98b5-a2bc8d35c0ca-0-bb9e4c6a, Total tokens 16384, kvpool hit tokens: 13312, need to load: 13312
(EngineCore pid=126) INFO 08-12 14:27:05 [pool_scheduler.py:683] KV pool load spec created req=cmpl-1df9200a-9bdc-4b26-98b5-a2bc8d35c0ca-0-bb9e4c6a vllm_cached=0 kvpool_cached=13312 need_to_allocate=13312 load_async=False use_layerwise=True
(APIServer pid=88) INFO:     192.168.200.27:55104 - "GET /v1/models HTTP/1.1" 200 OK
(EngineCore pid=126) INFO 08-12 14:27:06 [core.py:452] Iteration(1002): 1 context requests, 1024 context tokens, 0 generation requests, 0 generation tokens, iteration elapsed time: 271.30 ms
(APIServer pid=88) INFO:     10.250.202.7:39048 - "POST /v1/completions HTTP/1.1" 200 OK
(EngineCore pid=126) INFO 08-12 14:27:06 [core.py:452] Iteration(1003): 1 context requests, 1024 context tokens, 0 generation requests, 0 generation tokens, iteration elapsed time: 299.29 ms
(EngineCore pid=126) INFO 08-12 14:27:06 [core.py:452] Iteration(1004): 1 context requests, 1024 context tokens, 0 generation requests, 0 generation tokens, iteration elapsed time: 256.38 ms
(EngineCore pid=126) INFO 08-12 14:27:06 [pool_scheduler.py:478] [KVPOOL] block_key_hit_check req=cmpl-e1eb3299-b989-4a8d-96f7-97cf3c5a05fc-0-9aed3420 hit_blocks=104/128 states_sample=[1, 1, 1, 1, 1, 1, 1, 1]
(EngineCore pid=126) INFO 08-12 14:27:06 [pool_scheduler.py:663] Reqid: cmpl-e1eb3299-b989-4a8d-96f7-97cf3c5a05fc-0-9aed3420, Total tokens 16384, kvpool hit tokens: 13312, need to load: 13312
(EngineCore pid=126) INFO 08-12 14:27:06 [pool_scheduler.py:683] KV pool load spec created req=cmpl-e1eb3299-b989-4a8d-96f7-97cf3c5a05fc-0-9aed3420 vllm_cached=0 kvpool_cached=13312 need_to_allocate=13312 load_async=False use_layerwise=True
(EngineCore pid=126) INFO 08-12 14:27:07 [core.py:452] Iteration(1005): 1 context requests, 1024 context tokens, 0 generation requests, 0 generation tokens, iteration elapsed time: 269.97 ms
(APIServer pid=88) INFO:     10.250.202.7:39050 - "POST /v1/completions HTTP/1.1" 200 OK
(APIServer pid=88) INFO 08-12 14:27:07 [loggers.py:273] Engine 000: Avg prompt throughput: 3072.0 tokens/s, Avg generation throughput: 1.0 tokens/s, Running: 1 reqs, Waiting: 6 reqs, GPU KV cache usage: 2.3%, Prefix cache hit rate: 0.0%, External prefix cache hit rate: 12.4%
(EngineCore pid=126) INFO 08-12 14:27:07 [core.py:452] Iteration(1006): 1 context requests, 1024 context tokens, 0 generation requests, 0 generation tokens, iteration elapsed time: 301.48 ms
(EngineCore pid=126) INFO 08-12 14:27:07 [core.py:452] Iteration(1007): 1 context requests, 1024 context tokens, 0 generation requests, 0 generation tokens, iteration elapsed time: 255.48 ms
(EngineCore pid=126) INFO 08-12 14:27:07 [pool_scheduler.py:478] [KVPOOL] block_key_hit_check req=cmpl-a2031527-e6cd-4e75-bd84-70d27e731e46-0-941e68f6 hit_blocks=104/128 states_sample=[1, 1, 1, 1, 1, 1, 1, 1]
(EngineCore pid=126) INFO 08-12 14:27:07 [pool_scheduler.py:663] Reqid: cmpl-a2031527-e6cd-4e75-bd84-70d27e731e46-0-941e68f6, Total tokens 16384, kvpool hit tokens: 13312, need to load: 13312
(EngineCore pid=126) INFO 08-12 14:27:07 [pool_scheduler.py:683] KV pool load spec created req=cmpl-a2031527-e6cd-4e75-bd84-70d27e731e46-0-941e68f6 vllm_cached=0 kvpool_cached=13312 need_to_allocate=13312 load_async=False use_layerwise=True
(EngineCore pid=126) INFO 08-12 14:27:07 [core.py:452] Iteration(1008): 1 context requests, 1024 context tokens, 0 generation requests, 0 generation tokens, iteration elapsed time: 270.61 ms
(APIServer pid=88) INFO:     10.250.202.7:39062 - "POST /v1/completions HTTP/1.1" 200 OK
(EngineCore pid=126) INFO 08-12 14:27:08 [core.py:452] Iteration(1009): 1 context requests, 1024 context tokens, 0 generation requests, 0 generation tokens, iteration elapsed time: 293.44 ms
(EngineCore pid=126) INFO 08-12 14:27:08 [core.py:452] Iteration(1010): 1 context requests, 1024 context tokens, 0 generation requests, 0 generation tokens, iteration elapsed time: 257.46 ms
(EngineCore pid=126) INFO 08-12 14:27:08 [pool_scheduler.py:478] [KVPOOL] block_key_hit_check req=cmpl-b97223db-2671-4e79-a1f9-600ab2b33e3b-0-bf5bb7c1 hit_blocks=104/128 states_sample=[1, 1, 1, 1, 1, 1, 1, 1]
(EngineCore pid=126) INFO 08-12 14:27:08 [pool_scheduler.py:663] Reqid: cmpl-b97223db-2671-4e79-a1f9-600ab2b33e3b-0-bf5bb7c1, Total tokens 16384, kvpool hit tokens: 13312, need to load: 13312
(EngineCore pid=126) INFO 08-12 14:27:08 [pool_scheduler.py:683] KV pool load spec created req=cmpl-b97223db-2671-4e79-a1f9-600ab2b33e3b-0-bf5bb7c1 vllm_cached=0 kvpool_cached=13312 need_to_allocate=13312 load_async=False use_layerwise=True
(EngineCore pid=126) INFO 08-12 14:27:08 [core.py:452] Iteration(1011): 1 context requests, 1024 context tokens, 0 generation requests, 0 generation tokens, iteration elapsed time: 270.45 ms
(APIServer pid=88) INFO:     10.250.202.7:39078 - "POST /v1/completions HTTP/1.1" 200 OK
(EngineCore pid=126) INFO 08-12 14:27:09 [core.py:452] Iteration(1012): 1 context requests, 1024 context tokens, 0 generation requests, 0 generation tokens, iteration elapsed time: 290.74 ms
(EngineCore pid=126) INFO 08-12 14:27:09 [core.py:452] Iteration(1013): 1 context requests, 1024 context tokens, 0 generation requests, 0 generation tokens, iteration elapsed time: 300.36 ms
(EngineCore pid=126) INFO 08-12 14:27:09 [pool_scheduler.py:478] [KVPOOL] block_key_hit_check req=cmpl-871aff09-86bf-4e4a-af09-d90e0a6035f2-0-812e7cf9 hit_blocks=104/128 states_sample=[1, 1, 1, 1, 1, 1, 1, 1]
(EngineCore pid=126) INFO 08-12 14:27:09 [pool_scheduler.py:663] Reqid: cmpl-871aff09-86bf-4e4a-af09-d90e0a6035f2-0-812e7cf9, Total tokens 16384, kvpool hit tokens: 13312, need to load: 13312
(EngineCore pid=126) INFO 08-12 14:27:09 [pool_scheduler.py:683] KV pool load spec created req=cmpl-871aff09-86bf-4e4a-af09-d90e0a6035f2-0-812e7cf9 vllm_cached=0 kvpool_cached=13312 need_to_allocate=13312 load_async=False use_layerwise=True
(EngineCore pid=126) INFO 08-12 14:27:09 [core.py:452] Iteration(1014): 1 context requests, 1024 context tokens, 0 generation requests, 0 generation tokens, iteration elapsed time: 274.32 ms
(APIServer pid=88) INFO:     10.250.202.7:39086 - "POST /v1/completions HTTP/1.1" 200 OK
(EngineCore pid=126) INFO 08-12 14:27:09 [core.py:452] Iteration(1015): 1 context requests, 1024 context tokens, 0 generation requests, 0 generation tokens, iteration elapsed time: 298.78 ms
(EngineCore pid=126) INFO 08-12 14:27:10 [core.py:452] Iteration(1016): 1 context requests, 1024 context tokens, 0 generation requests, 0 generation tokens, iteration elapsed time: 256.70 ms
(EngineCore pid=126) INFO 08-12 14:27:10 [pool_scheduler.py:478] [KVPOOL] block_key_hit_check req=cmpl-4d07792c-f60c-4423-8558-0eca4585f640-0-bd738fe7 hit_blocks=104/128 states_sample=[1, 1, 1, 1, 1, 1, 1, 1]
(EngineCore pid=126) INFO 08-12 14:27:10 [pool_scheduler.py:663] Reqid: cmpl-4d07792c-f60c-4423-8558-0eca4585f640-0-bd738fe7, Total tokens 16384, kvpool hit tokens: 13312, need to load: 13312
(EngineCore pid=126) INFO 08-12 14:27:10 [pool_scheduler.py:683] KV pool load spec created req=cmpl-4d07792c-f60c-4423-8558-0eca4585f640-0-bd738fe7 vllm_cached=0 kvpool_cached=13312 need_to_allocate=13312 load_async=False use_layerwise=True
(EngineCore pid=126) INFO 08-12 14:27:10 [core.py:452] Iteration(1017): 1 context requests, 1024 context tokens, 0 generation requests, 0 generation tokens, iteration elapsed time: 269.92 ms
(APIServer pid=88) INFO:     10.250.202.7:39094 - "POST /v1/completions HTTP/1.1" 200 OK
(EngineCore pid=126) INFO 08-12 14:27:10 [core.py:452] Iteration(1018): 1 context requests, 1024 context tokens, 0 generation requests, 0 generation tokens, iteration elapsed time: 309.61 ms
(EngineCore pid=126) INFO 08-12 14:27:10 [core.py:452] Iteration(1019): 1 context requests, 1024 context tokens, 0 generation requests, 0 generation tokens, iteration elapsed time: 255.80 ms
(EngineCore pid=126) INFO 08-12 14:27:11 [pool_scheduler.py:478] [KVPOOL] block_key_hit_check req=cmpl-b302aadd-0ee3-4647-9f62-8698490989a3-0-b68f2cc6 hit_blocks=104/128 states_sample=[1, 1, 1, 1, 1, 1, 1, 1]
(EngineCore pid=126) INFO 08-12 14:27:11 [pool_scheduler.py:663] Reqid: cmpl-b302aadd-0ee3-4647-9f62-8698490989a3-0-b68f2cc6, Total tokens 16384, kvpool hit tokens: 13312, need to load: 13312
(EngineCore pid=126) INFO 08-12 14:27:11 [pool_scheduler.py:683] KV pool load spec created req=cmpl-b302aadd-0ee3-4647-9f62-8698490989a3-0-b68f2cc6 vllm_cached=0 kvpool_cached=13312 need_to_allocate=13312 load_async=False use_layerwise=True
(APIServer pid=88) INFO:     192.168.200.27:44882 - "GET /v1/models HTTP/1.1" 200 OK
(EngineCore pid=126) INFO 08-12 14:27:11 [core.py:452] Iteration(1020): 1 context requests, 1024 context tokens, 0 generation requests, 0 generation tokens, iteration elapsed time: 272.81 ms
(APIServer pid=88) INFO:     10.250.202.7:39096 - "POST /v1/completions HTTP/1.1" 200 OK
(EngineCore pid=126) INFO 08-12 14:27:11 [core.py:452] Iteration(1021): 1 context requests, 1024 context tokens, 0 generation requests, 0 generation tokens, iteration elapsed time: 290.54 ms
(EngineCore pid=126) INFO 08-12 14:27:11 [core.py:452] Iteration(1022): 1 context requests, 1024 context tokens, 0 generation requests, 0 generation tokens, iteration elapsed time: 255.19 ms
(EngineCore pid=126) INFO 08-12 14:27:11 [pool_scheduler.py:478] [KVPOOL] block_key_hit_check req=cmpl-e2951dc9-9e94-40ca-a51a-2f25b2e93150-0-97bc75de hit_blocks=104/128 states_sample=[1, 1, 1, 1, 1, 1, 1, 1]
(EngineCore pid=126) INFO 08-12 14:27:11 [pool_scheduler.py:663] Reqid: cmpl-e2951dc9-9e94-40ca-a51a-2f25b2e93150-0-97bc75de, Total tokens 16384, kvpool hit tokens: 13312, need to load: 13312
(EngineCore pid=126) INFO 08-12 14:27:11 [pool_scheduler.py:683] KV pool load spec created req=cmpl-e2951dc9-9e94-40ca-a51a-2f25b2e93150-0-97bc75de vllm_cached=0 kvpool_cached=13312 need_to_allocate=13312 load_async=False use_layerwise=True
(EngineCore pid=126) INFO 08-12 14:27:12 [core.py:452] Iteration(1023): 1 context requests, 1024 context tokens, 0 generation requests, 0 generation tokens, iteration elapsed time: 271.89 ms
(APIServer pid=88) INFO:     10.250.202.7:39106 - "POST /v1/completions HTTP/1.1" 200 OK
(EngineCore pid=126) INFO 08-12 14:27:12 [core.py:452] Iteration(1024): 1 context requests, 1024 context tokens, 0 generation requests, 0 generation tokens, iteration elapsed time: 311.40 ms
(EngineCore pid=126) INFO 08-12 14:27:12 [core.py:452] Iteration(1025): 1 context requests, 1024 context tokens, 0 generation requests, 0 generation tokens, iteration elapsed time: 257.76 ms
(EngineCore pid=126) INFO 08-12 14:27:12 [pool_scheduler.py:478] [KVPOOL] block_key_hit_check req=cmpl-88a1d778-a095-4d7f-8297-ef1548302bfe-0-acce5b8b hit_blocks=104/128 states_sample=[1, 1, 1, 1, 1, 1, 1, 1]
(EngineCore pid=126) INFO 08-12 14:27:12 [pool_scheduler.py:663] Reqid: cmpl-88a1d778-a095-4d7f-8297-ef1548302bfe-0-acce5b8b, Total tokens 16384, kvpool hit tokens: 13312, need to load: 13312
(EngineCore pid=126) INFO 08-12 14:27:12 [pool_scheduler.py:683] KV pool load spec created req=cmpl-88a1d778-a095-4d7f-8297-ef1548302bfe-0-acce5b8b vllm_cached=0 kvpool_cached=13312 need_to_allocate=13312 load_async=False use_layerwise=True
(EngineCore pid=126) INFO 08-12 14:27:12 [core.py:452] Iteration(1026): 1 context requests, 1024 context tokens, 0 generation requests, 0 generation tokens, iteration elapsed time: 271.81 ms
(APIServer pid=88) INFO:     10.250.202.7:39048 - "POST /v1/completions HTTP/1.1" 200 OK
(EngineCore pid=126) INFO 08-12 14:27:13 [core.py:452] Iteration(1027): 1 context requests, 1024 context tokens, 0 generation requests, 0 generation tokens, iteration elapsed time: 298.27 ms
(EngineCore pid=126) INFO 08-12 14:27:13 [core.py:452] Iteration(1028): 1 context requests, 1024 context tokens, 0 generation requests, 0 generation tokens, iteration elapsed time: 255.47 ms
(EngineCore pid=126) INFO 08-12 14:27:13 [pool_scheduler.py:478] [KVPOOL] block_key_hit_check req=cmpl-afe77727-bf5c-4f34-bc1b-d7a3ecfec0bc-0-9dd8ec33 hit_blocks=104/128 states_sample=[1, 1, 1, 1, 1, 1, 1, 1]
(EngineCore pid=126) INFO 08-12 14:27:13 [pool_scheduler.py:663] Reqid: cmpl-afe77727-bf5c-4f34-bc1b-d7a3ecfec0bc-0-9dd8ec33, Total tokens 16384, kvpool hit tokens: 13312, need to load: 13312
(EngineCore pid=126) INFO 08-12 14:27:13 [pool_scheduler.py:683] KV pool load spec created req=cmpl-afe77727-bf5c-4f34-bc1b-d7a3ecfec0bc-0-9dd8ec33 vllm_cached=0 kvpool_cached=13312 need_to_allocate=13312 load_async=False use_layerwise=True
(EngineCore pid=126) INFO 08-12 14:27:13 [core.py:452] Iteration(1029): 1 context requests, 1024 context tokens, 0 generation requests, 0 generation tokens, iteration elapsed time: 271.82 ms
(APIServer pid=88) INFO:     10.250.202.7:39050 - "POST /v1/completions HTTP/1.1" 200 OK
(EngineCore pid=126) INFO 08-12 14:27:14 [core.py:452] Iteration(1030): 1 context requests, 1024 context tokens, 0 generation requests, 0 generation tokens, iteration elapsed time: 323.96 ms
(EngineCore pid=126) INFO 08-12 14:27:14 [core.py:452] Iteration(1031): 1 context requests, 1024 context tokens, 0 generation requests, 0 generation tokens, iteration elapsed time: 256.18 ms
(EngineCore pid=126) INFO 08-12 14:27:14 [pool_scheduler.py:478] [KVPOOL] block_key_hit_check req=cmpl-3e2b2605-b59b-4a2c-9aec-0aa372dfb2d4-0-aa1e4ce8 hit_blocks=104/128 states_sample=[1, 1, 1, 1, 1, 1, 1, 1]
(EngineCore pid=126) INFO 08-12 14:27:14 [pool_scheduler.py:663] Reqid: cmpl-3e2b2605-b59b-4a2c-9aec-0aa372dfb2d4-0-aa1e4ce8, Total tokens 16384, kvpool hit tokens: 13312, need to load: 13312
(EngineCore pid=126) INFO 08-12 14:27:14 [pool_scheduler.py:683] KV pool load spec created req=cmpl-3e2b2605-b59b-4a2c-9aec-0aa372dfb2d4-0-aa1e4ce8 vllm_cached=0 kvpool_cached=13312 need_to_allocate=13312 load_async=False use_layerwise=True
(EngineCore pid=126) INFO 08-12 14:27:14 [core.py:452] Iteration(1032): 1 context requests, 1024 context tokens, 0 generation requests, 0 generation tokens, iteration elapsed time: 271.40 ms
(APIServer pid=88) INFO:     10.250.202.7:39062 - "POST /v1/completions HTTP/1.1" 200 OK
(EngineCore pid=126) INFO 08-12 14:27:14 [core.py:452] Iteration(1033): 1 context requests, 1024 context tokens, 0 generation requests, 0 generation tokens, iteration elapsed time: 296.97 ms
(EngineCore pid=126) INFO 08-12 14:27:15 [core.py:452] Iteration(1034): 1 context requests, 1024 context tokens, 0 generation requests, 0 generation tokens, iteration elapsed time: 257.59 ms
(EngineCore pid=126) INFO 08-12 14:27:15 [pool_scheduler.py:478] [KVPOOL] block_key_hit_check req=cmpl-c0ebcc91-0ede-46d6-84e4-89d5d8b6fa5b-0-86592897 hit_blocks=104/128 states_sample=[1, 1, 1, 1, 1, 1, 1, 1]
(EngineCore pid=126) INFO 08-12 14:27:15 [pool_scheduler.py:663] Reqid: cmpl-c0ebcc91-0ede-46d6-84e4-89d5d8b6fa5b-0-86592897, Total tokens 16384, kvpool hit tokens: 13312, need to load: 13312
(EngineCore pid=126) INFO 08-12 14:27:15 [pool_scheduler.py:683] KV pool load spec created req=cmpl-c0ebcc91-0ede-46d6-84e4-89d5d8b6fa5b-0-86592897 vllm_cached=0 kvpool_cached=13312 need_to_allocate=13312 load_async=False use_layerwise=True
(EngineCore pid=126) INFO 08-12 14:27:15 [core.py:452] Iteration(1035): 1 context requests, 1024 context tokens, 0 generation requests, 0 generation tokens, iteration elapsed time: 271.09 ms
(APIServer pid=88) INFO:     10.250.202.7:39078 - "POST /v1/completions HTTP/1.1" 200 OK
(EngineCore pid=126) INFO 08-12 14:27:15 [core.py:452] Iteration(1036): 1 context requests, 1024 context tokens, 0 generation requests, 0 generation tokens, iteration elapsed time: 290.40 ms
(EngineCore pid=126) INFO 08-12 14:27:16 [core.py:452] Iteration(1037): 1 context requests, 1024 context tokens, 0 generation requests, 0 generation tokens, iteration elapsed time: 257.42 ms
(EngineCore pid=126) INFO 08-12 14:27:16 [pool_scheduler.py:478] [KVPOOL] block_key_hit_check req=cmpl-c80c1d56-9fe7-4817-a870-f8d5356def2a-0-89c39bc8 hit_blocks=104/128 states_sample=[1, 1, 1, 1, 1, 1, 1, 1]
(EngineCore pid=126) INFO 08-12 14:27:16 [pool_scheduler.py:663] Reqid: cmpl-c80c1d56-9fe7-4817-a870-f8d5356def2a-0-89c39bc8, Total tokens 16384, kvpool hit tokens: 13312, need to load: 13312
(EngineCore pid=126) INFO 08-12 14:27:16 [pool_scheduler.py:683] KV pool load spec created req=cmpl-c80c1d56-9fe7-4817-a870-f8d5356def2a-0-89c39bc8 vllm_cached=0 kvpool_cached=13312 need_to_allocate=13312 load_async=False use_layerwise=True
(APIServer pid=88) INFO:     192.168.200.27:44888 - "GET /v1/models HTTP/1.1" 200 OK
(EngineCore pid=126) INFO 08-12 14:27:16 [core.py:452] Iteration(1038): 1 context requests, 1024 context tokens, 0 generation requests, 0 generation tokens, iteration elapsed time: 271.53 ms
(APIServer pid=88) INFO:     10.250.202.7:39086 - "POST /v1/completions HTTP/1.1" 200 OK
(EngineCore pid=126) INFO 08-12 14:27:16 [core.py:452] Iteration(1039): 1 context requests, 1024 context tokens, 0 generation requests, 0 generation tokens, iteration elapsed time: 290.61 ms
(EngineCore pid=126) INFO 08-12 14:27:16 [core.py:452] Iteration(1040): 1 context requests, 1024 context tokens, 0 generation requests, 0 generation tokens, iteration elapsed time: 256.30 ms
(EngineCore pid=126) INFO 08-12 14:27:16 [pool_scheduler.py:478] [KVPOOL] block_key_hit_check req=cmpl-d3f5f846-038f-41f3-bba3-89675717a0a8-0-85eca94a hit_blocks=104/128 states_sample=[1, 1, 1, 1, 1, 1, 1, 1]
(EngineCore pid=126) INFO 08-12 14:27:16 [pool_scheduler.py:663] Reqid: cmpl-d3f5f846-038f-41f3-bba3-89675717a0a8-0-85eca94a, Total tokens 16384, kvpool hit tokens: 13312, need to load: 13312
(EngineCore pid=126) INFO 08-12 14:27:16 [pool_scheduler.py:683] KV pool load spec created req=cmpl-d3f5f846-038f-41f3-bba3-89675717a0a8-0-85eca94a vllm_cached=0 kvpool_cached=13312 need_to_allocate=13312 load_async=False use_layerwise=True
(APIServer pid=88) INFO 08-12 14:27:17 [loggers.py:273] Engine 000: Avg prompt throughput: 3378.8 tokens/s, Avg generation throughput: 1.1 tokens/s, Running: 1 reqs, Waiting: 6 reqs, GPU KV cache usage: 2.6%, Prefix cache hit rate: 0.0%, External prefix cache hit rate: 21.5%
(EngineCore pid=126) INFO 08-12 14:27:17 [core.py:452] Iteration(1041): 1 context requests, 1024 context tokens, 0 generation requests, 0 generation tokens, iteration elapsed time: 272.92 ms
(APIServer pid=88) INFO:     10.250.202.7:39094 - "POST /v1/completions HTTP/1.1" 200 OK
(EngineCore pid=126) INFO 08-12 14:27:17 [core.py:452] Iteration(1042): 1 context requests, 1024 context tokens, 0 generation requests, 0 generation tokens, iteration elapsed time: 309.41 ms
(EngineCore pid=126) INFO 08-12 14:27:17 [core.py:452] Iteration(1043): 1 context requests, 1024 context tokens, 0 generation requests, 0 generation tokens, iteration elapsed time: 255.02 ms
(EngineCore pid=126) INFO 08-12 14:27:17 [pool_scheduler.py:478] [KVPOOL] block_key_hit_check req=cmpl-af700448-a0e8-4ba0-a656-c37e49586911-0-a0cfef5b hit_blocks=104/128 states_sample=[1, 1, 1, 1, 1, 1, 1, 1]
(EngineCore pid=126) INFO 08-12 14:27:17 [pool_scheduler.py:663] Reqid: cmpl-af700448-a0e8-4ba0-a656-c37e49586911-0-a0cfef5b, Total tokens 16384, kvpool hit tokens: 13312, need to load: 13312
(EngineCore pid=126) INFO 08-12 14:27:17 [pool_scheduler.py:683] KV pool load spec created req=cmpl-af700448-a0e8-4ba0-a656-c37e49586911-0-a0cfef5b vllm_cached=0 kvpool_cached=13312 need_to_allocate=13312 load_async=False use_layerwise=True
(EngineCore pid=126) INFO 08-12 14:27:17 [core.py:452] Iteration(1044): 1 context requests, 1024 context tokens, 0 generation requests, 0 generation tokens, iteration elapsed time: 271.19 ms
(APIServer pid=88) INFO:     10.250.202.7:39096 - "POST /v1/completions HTTP/1.1" 200 OK
(EngineCore pid=126) INFO 08-12 14:27:18 [core.py:452] Iteration(1045): 1 context requests, 1024 context tokens, 0 generation requests, 0 generation tokens, iteration elapsed time: 290.11 ms
(EngineCore pid=126) INFO 08-12 14:27:18 [core.py:452] Iteration(1046): 1 context requests, 1024 context tokens, 0 generation requests, 0 generation tokens, iteration elapsed time: 258.21 ms
(EngineCore pid=126) INFO 08-12 14:27:18 [pool_scheduler.py:478] [KVPOOL] block_key_hit_check req=cmpl-980288de-6398-4030-b083-40052ef86a0d-0-96e914a5 hit_blocks=104/128 states_sample=[1, 1, 1, 1, 1, 1, 1, 1]
(EngineCore pid=126) INFO 08-12 14:27:18 [pool_scheduler.py:663] Reqid: cmpl-980288de-6398-4030-b083-40052ef86a0d-0-96e914a5, Total tokens 16384, kvpool hit tokens: 13312, need to load: 13312
(EngineCore pid=126) INFO 08-12 14:27:18 [pool_scheduler.py:683] KV pool load spec created req=cmpl-980288de-6398-4030-b083-40052ef86a0d-0-96e914a5 vllm_cached=0 kvpool_cached=13312 need_to_allocate=13312 load_async=False use_layerwise=True
(EngineCore pid=126) INFO 08-12 14:27:18 [core.py:452] Iteration(1047): 1 context requests, 1024 context tokens, 0 generation requests, 0 generation tokens, iteration elapsed time: 271.09 ms
(APIServer pid=88) INFO:     10.250.202.7:39106 - "POST /v1/completions HTTP/1.1" 200 OK
(EngineCore pid=126) INFO 08-12 14:27:19 [core.py:452] Iteration(1048): 1 context requests, 1024 context tokens, 0 generation requests, 0 generation tokens, iteration elapsed time: 306.00 ms
(EngineCore pid=126) INFO 08-12 14:27:19 [core.py:452] Iteration(1049): 1 context requests, 1024 context tokens, 0 generation requests, 0 generation tokens, iteration elapsed time: 256.78 ms
(EngineCore pid=126) INFO 08-12 14:27:19 [pool_scheduler.py:478] [KVPOOL] block_key_hit_check req=cmpl-a6c862c5-4143-4533-a744-16d1feea6c59-0-aaeda245 hit_blocks=104/128 states_sample=[1, 1, 1, 1, 1, 1, 1, 1]
(EngineCore pid=126) INFO 08-12 14:27:19 [pool_scheduler.py:663] Reqid: cmpl-a6c862c5-4143-4533-a744-16d1feea6c59-0-aaeda245, Total tokens 16384, kvpool hit tokens: 13312, need to load: 13312
(EngineCore pid=126) INFO 08-12 14:27:19 [pool_scheduler.py:683] KV pool load spec created req=cmpl-a6c862c5-4143-4533-a744-16d1feea6c59-0-aaeda245 vllm_cached=0 kvpool_cached=13312 need_to_allocate=13312 load_async=False use_layerwise=True
(EngineCore pid=126) INFO 08-12 14:27:19 [core.py:452] Iteration(1050): 1 context requests, 1024 context tokens, 0 generation requests, 0 generation tokens, iteration elapsed time: 271.42 ms
(APIServer pid=88) INFO:     10.250.202.7:39048 - "POST /v1/completions HTTP/1.1" 200 OK
(EngineCore pid=126) INFO 08-12 14:27:19 [core.py:452] Iteration(1051): 1 context requests, 1024 context tokens, 0 generation requests, 0 generation tokens, iteration elapsed time: 302.42 ms
(EngineCore pid=126) INFO 08-12 14:27:20 [core.py:452] Iteration(1052): 1 context requests, 1024 context tokens, 0 generation requests, 0 generation tokens, iteration elapsed time: 255.67 ms
(EngineCore pid=126) INFO 08-12 14:27:20 [pool_scheduler.py:478] [KVPOOL] block_key_hit_check req=cmpl-c77ff8bd-9513-4d05-acf8-a143078d1e68-0-ac623320 hit_blocks=104/128 states_sample=[1, 1, 1, 1, 1, 1, 1, 1]
(EngineCore pid=126) INFO 08-12 14:27:20 [pool_scheduler.py:663] Reqid: cmpl-c77ff8bd-9513-4d05-acf8-a143078d1e68-0-ac623320, Total tokens 16384, kvpool hit tokens: 13312, need to load: 13312
(EngineCore pid=126) INFO 08-12 14:27:20 [pool_scheduler.py:683] KV pool load spec created req=cmpl-c77ff8bd-9513-4d05-acf8-a143078d1e68-0-ac623320 vllm_cached=0 kvpool_cached=13312 need_to_allocate=13312 load_async=False use_layerwise=True
(EngineCore pid=126) INFO 08-12 14:27:20 [core.py:452] Iteration(1053): 1 context requests, 1024 context tokens, 0 generation requests, 0 generation tokens, iteration elapsed time: 270.55 ms
(APIServer pid=88) INFO:     10.250.202.7:39050 - "POST /v1/completions HTTP/1.1" 200 OK
(EngineCore pid=126) INFO 08-12 14:27:20 [core.py:452] Iteration(1054): 1 context requests, 1024 context tokens, 0 generation requests, 0 generation tokens, iteration elapsed time: 293.63 ms
(EngineCore pid=126) INFO 08-12 14:27:21 [core.py:452] Iteration(1055): 1 context requests, 1024 context tokens, 0 generation requests, 0 generation tokens, iteration elapsed time: 255.75 ms
(EngineCore pid=126) INFO 08-12 14:27:21 [pool_scheduler.py:478] [KVPOOL] block_key_hit_check req=cmpl-20d3b3a9-544d-47da-826c-862694c36f58-0-a466df7c hit_blocks=104/128 states_sample=[1, 1, 1, 1, 1, 1, 1, 1]
(EngineCore pid=126) INFO 08-12 14:27:21 [pool_scheduler.py:663] Reqid: cmpl-20d3b3a9-544d-47da-826c-862694c36f58-0-a466df7c, Total tokens 16384, kvpool hit tokens: 13312, need to load: 13312
(EngineCore pid=126) INFO 08-12 14:27:21 [pool_scheduler.py:683] KV pool load spec created req=cmpl-20d3b3a9-544d-47da-826c-862694c36f58-0-a466df7c vllm_cached=0 kvpool_cached=13312 need_to_allocate=13312 load_async=False use_layerwise=True
(APIServer pid=88) INFO:     192.168.200.27:51900 - "GET /v1/models HTTP/1.1" 200 OK
(EngineCore pid=126) INFO 08-12 14:27:21 [core.py:452] Iteration(1056): 1 context requests, 1024 context tokens, 0 generation requests, 0 generation tokens, iteration elapsed time: 270.83 ms
(APIServer pid=88) INFO:     10.250.202.7:39062 - "POST /v1/completions HTTP/1.1" 200 OK
(EngineCore pid=126) INFO 08-12 14:27:21 [core.py:452] Iteration(1057): 1 context requests, 1024 context tokens, 0 generation requests, 0 generation tokens, iteration elapsed time: 288.02 ms
(EngineCore pid=126) INFO 08-12 14:27:21 [core.py:452] Iteration(1058): 1 context requests, 1024 context tokens, 0 generation requests, 0 generation tokens, iteration elapsed time: 255.26 ms
(EngineCore pid=126) INFO 08-12 14:27:21 [pool_scheduler.py:478] [KVPOOL] block_key_hit_check req=cmpl-6c87c3c3-b4b3-49ce-bb22-f0e7fe034251-0-8dc0eea1 hit_blocks=104/128 states_sample=[1, 1, 1, 1, 1, 1, 1, 1]
(EngineCore pid=126) INFO 08-12 14:27:21 [pool_scheduler.py:663] Reqid: cmpl-6c87c3c3-b4b3-49ce-bb22-f0e7fe034251-0-8dc0eea1, Total tokens 16384, kvpool hit tokens: 13312, need to load: 13312
(EngineCore pid=126) INFO 08-12 14:27:21 [pool_scheduler.py:683] KV pool load spec created req=cmpl-6c87c3c3-b4b3-49ce-bb22-f0e7fe034251-0-8dc0eea1 vllm_cached=0 kvpool_cached=13312 need_to_allocate=13312 load_async=False use_layerwise=True
(EngineCore pid=126) INFO 08-12 14:27:22 [core.py:452] Iteration(1059): 1 context requests, 1024 context tokens, 0 generation requests, 0 generation tokens, iteration elapsed time: 271.58 ms
(APIServer pid=88) INFO:     10.250.202.7:39078 - "POST /v1/completions HTTP/1.1" 200 OK
(EngineCore pid=126) INFO 08-12 14:27:22 [core.py:452] Iteration(1060): 1 context requests, 1024 context tokens, 0 generation requests, 0 generation tokens, iteration elapsed time: 308.96 ms
(EngineCore pid=126) INFO 08-12 14:27:22 [core.py:452] Iteration(1061): 1 context requests, 1024 context tokens, 0 generation requests, 0 generation tokens, iteration elapsed time: 256.90 ms
(EngineCore pid=126) INFO 08-12 14:27:22 [pool_scheduler.py:478] [KVPOOL] block_key_hit_check req=cmpl-da45d003-d053-41a9-85e4-ca683cc339b7-0-b4c17f2b hit_blocks=104/128 states_sample=[1, 1, 1, 1, 1, 1, 1, 1]
(EngineCore pid=126) INFO 08-12 14:27:22 [pool_scheduler.py:663] Reqid: cmpl-da45d003-d053-41a9-85e4-ca683cc339b7-0-b4c17f2b, Total tokens 16384, kvpool hit tokens: 13312, need to load: 13312
(EngineCore pid=126) INFO 08-12 14:27:22 [pool_scheduler.py:683] KV pool load spec created req=cmpl-da45d003-d053-41a9-85e4-ca683cc339b7-0-b4c17f2b vllm_cached=0 kvpool_cached=13312 need_to_allocate=13312 load_async=False use_layerwise=True
(EngineCore pid=126) INFO 08-12 14:27:22 [core.py:452] Iteration(1062): 1 context requests, 1024 context tokens, 0 generation requests, 0 generation tokens, iteration elapsed time: 273.24 ms
(APIServer pid=88) INFO:     10.250.202.7:39086 - "POST /v1/completions HTTP/1.1" 200 OK
(EngineCore pid=126) INFO 08-12 14:27:23 [core.py:452] Iteration(1063): 1 context requests, 1024 context tokens, 0 generation requests, 0 generation tokens, iteration elapsed time: 312.52 ms
(EngineCore pid=126) INFO 08-12 14:27:23 [core.py:452] Iteration(1064): 1 context requests, 1024 context tokens, 0 generation requests, 0 generation tokens, iteration elapsed time: 257.21 ms
(EngineCore pid=126) INFO 08-12 14:27:23 [pool_scheduler.py:478] [KVPOOL] block_key_hit_check req=cmpl-26f0c2ec-7ed4-4feb-a6b9-3663a7e07635-0-9d752feb hit_blocks=104/128 states_sample=[1, 1, 1, 1, 1, 1, 1, 1]
(EngineCore pid=126) INFO 08-12 14:27:23 [pool_scheduler.py:663] Reqid: cmpl-26f0c2ec-7ed4-4feb-a6b9-3663a7e07635-0-9d752feb, Total tokens 16384, kvpool hit tokens: 13312, need to load: 13312
(EngineCore pid=126) INFO 08-12 14:27:23 [pool_scheduler.py:683] KV pool load spec created req=cmpl-26f0c2ec-7ed4-4feb-a6b9-3663a7e07635-0-9d752feb vllm_cached=0 kvpool_cached=13312 need_to_allocate=13312 load_async=False use_layerwise=True
(EngineCore pid=126) INFO 08-12 14:27:23 [core.py:452] Iteration(1065): 1 context requests, 1024 context tokens, 0 generation requests, 0 generation tokens, iteration elapsed time: 269.90 ms
(APIServer pid=88) INFO:     10.250.202.7:39094 - "POST /v1/completions HTTP/1.1" 200 OK
(EngineCore pid=126) INFO 08-12 14:27:24 [core.py:452] Iteration(1066): 1 context requests, 1024 context tokens, 0 generation requests, 0 generation tokens, iteration elapsed time: 296.77 ms
(EngineCore pid=126) INFO 08-12 14:27:24 [core.py:452] Iteration(1067): 1 context requests, 1024 context tokens, 0 generation requests, 0 generation tokens, iteration elapsed time: 257.57 ms
(EngineCore pid=126) INFO 08-12 14:27:24 [pool_scheduler.py:478] [KVPOOL] block_key_hit_check req=cmpl-c4484849-859b-4697-9184-f51d8a7c71ca-0-816c190d hit_blocks=104/128 states_sample=[1, 1, 1, 1, 1, 1, 1, 1]
(EngineCore pid=126) INFO 08-12 14:27:24 [pool_scheduler.py:663] Reqid: cmpl-c4484849-859b-4697-9184-f51d8a7c71ca-0-816c190d, Total tokens 16384, kvpool hit tokens: 13312, need to load: 13312
(EngineCore pid=126) INFO 08-12 14:27:24 [pool_scheduler.py:683] KV pool load spec created req=cmpl-c4484849-859b-4697-9184-f51d8a7c71ca-0-816c190d vllm_cached=0 kvpool_cached=13312 need_to_allocate=13312 load_async=False use_layerwise=True
(EngineCore pid=126) INFO 08-12 14:27:24 [core.py:452] Iteration(1068): 1 context requests, 1024 context tokens, 0 generation requests, 0 generation tokens, iteration elapsed time: 271.56 ms
(APIServer pid=88) INFO:     10.250.202.7:39096 - "POST /v1/completions HTTP/1.1" 200 OK
(EngineCore pid=126) INFO 08-12 14:27:24 [core.py:452] Iteration(1069): 1 context requests, 1024 context tokens, 0 generation requests, 0 generation tokens, iteration elapsed time: 299.44 ms
(EngineCore pid=126) INFO 08-12 14:27:25 [core.py:452] Iteration(1070): 1 context requests, 1024 context tokens, 0 generation requests, 0 generation tokens, iteration elapsed time: 256.28 ms
(EngineCore pid=126) INFO 08-12 14:27:25 [pool_scheduler.py:478] [KVPOOL] block_key_hit_check req=cmpl-d23fa6ba-5cd4-444d-98a4-aafbeb702278-0-aded419c hit_blocks=104/128 states_sample=[1, 1, 1, 1, 1, 1, 1, 1]
(EngineCore pid=126) INFO 08-12 14:27:25 [pool_scheduler.py:663] Reqid: cmpl-d23fa6ba-5cd4-444d-98a4-aafbeb702278-0-aded419c, Total tokens 16384, kvpool hit tokens: 13312, need to load: 13312
(EngineCore pid=126) INFO 08-12 14:27:25 [pool_scheduler.py:683] KV pool load spec created req=cmpl-d23fa6ba-5cd4-444d-98a4-aafbeb702278-0-aded419c vllm_cached=0 kvpool_cached=13312 need_to_allocate=13312 load_async=False use_layerwise=True
(EngineCore pid=126) INFO 08-12 14:27:25 [core.py:452] Iteration(1071): 1 context requests, 1024 context tokens, 0 generation requests, 0 generation tokens, iteration elapsed time: 271.09 ms
(APIServer pid=88) INFO:     10.250.202.7:39106 - "POST /v1/completions HTTP/1.1" 200 OK
(EngineCore pid=126) INFO 08-12 14:27:25 [core.py:452] Iteration(1072): 1 context requests, 1024 context tokens, 0 generation requests, 0 generation tokens, iteration elapsed time: 312.85 ms
(APIServer pid=88) INFO:     192.168.200.27:51914 - "GET /v1/models HTTP/1.1" 200 OK
(EngineCore pid=126) INFO 08-12 14:27:26 [core.py:452] Iteration(1073): 1 context requests, 1024 context tokens, 0 generation requests, 0 generation tokens, iteration elapsed time: 256.47 ms
(EngineCore pid=126) INFO 08-12 14:27:26 [pool_scheduler.py:478] [KVPOOL] block_key_hit_check req=cmpl-999ee277-c0b4-47cd-9fec-2f8b98a3a671-0-b2f96f76 hit_blocks=104/128 states_sample=[1, 1, 1, 1, 1, 1, 1, 1]
(EngineCore pid=126) INFO 08-12 14:27:26 [pool_scheduler.py:663] Reqid: cmpl-999ee277-c0b4-47cd-9fec-2f8b98a3a671-0-b2f96f76, Total tokens 16384, kvpool hit tokens: 13312, need to load: 13312
(EngineCore pid=126) INFO 08-12 14:27:26 [pool_scheduler.py:683] KV pool load spec created req=cmpl-999ee277-c0b4-47cd-9fec-2f8b98a3a671-0-b2f96f76 vllm_cached=0 kvpool_cached=13312 need_to_allocate=13312 load_async=False use_layerwise=True
(EngineCore pid=126) INFO 08-12 14:27:26 [core.py:452] Iteration(1074): 1 context requests, 1024 context tokens, 0 generation requests, 0 generation tokens, iteration elapsed time: 274.47 ms
(APIServer pid=88) INFO:     10.250.202.7:39048 - "POST /v1/completions HTTP/1.1" 200 OK
(EngineCore pid=126) INFO 08-12 14:27:26 [core.py:452] Iteration(1075): 1 context requests, 1024 context tokens, 0 generation requests, 0 generation tokens, iteration elapsed time: 300.08 ms
(EngineCore pid=126) INFO 08-12 14:27:26 [core.py:452] Iteration(1076): 1 context requests, 1024 context tokens, 0 generation requests, 0 generation tokens, iteration elapsed time: 259.69 ms
(EngineCore pid=126) INFO 08-12 14:27:26 [pool_scheduler.py:478] [KVPOOL] block_key_hit_check req=cmpl-5076ccea-d684-4baf-964f-207e9949b8af-0-b67a1943 hit_blocks=104/128 states_sample=[1, 1, 1, 1, 1, 1, 1, 1]
(EngineCore pid=126) INFO 08-12 14:27:26 [pool_scheduler.py:663] Reqid: cmpl-5076ccea-d684-4baf-964f-207e9949b8af-0-b67a1943, Total tokens 16384, kvpool hit tokens: 13312, need to load: 13312
(EngineCore pid=126) INFO 08-12 14:27:26 [pool_scheduler.py:683] KV pool load spec created req=cmpl-5076ccea-d684-4baf-964f-207e9949b8af-0-b67a1943 vllm_cached=0 kvpool_cached=13312 need_to_allocate=13312 load_async=False use_layerwise=True
(APIServer pid=88) INFO 08-12 14:27:27 [loggers.py:273] Engine 000: Avg prompt throughput: 3684.9 tokens/s, Avg generation throughput: 1.2 tokens/s, Running: 1 reqs, Waiting: 6 reqs, GPU KV cache usage: 2.6%, Prefix cache hit rate: 0.0%, External prefix cache hit rate: 29.1%
(EngineCore pid=126) INFO 08-12 14:27:27 [core.py:452] Iteration(1077): 1 context requests, 1024 context tokens, 0 generation requests, 0 generation tokens, iteration elapsed time: 271.80 ms
(APIServer pid=88) INFO:     10.250.202.7:39050 - "POST /v1/completions HTTP/1.1" 200 OK
(EngineCore pid=126) INFO 08-12 14:27:27 [core.py:452] Iteration(1078): 1 context requests, 1024 context tokens, 0 generation requests, 0 generation tokens, iteration elapsed time: 288.36 ms
(EngineCore pid=126) INFO 08-12 14:27:27 [core.py:452] Iteration(1079): 1 context requests, 1024 context tokens, 0 generation requests, 0 generation tokens, iteration elapsed time: 257.66 ms
(EngineCore pid=126) INFO 08-12 14:27:27 [pool_scheduler.py:478] [KVPOOL] block_key_hit_check req=cmpl-cf055ef6-7e9a-4cb1-aa7f-92e15fe60876-0-82a45ceb hit_blocks=104/128 states_sample=[1, 1, 1, 1, 1, 1, 1, 1]
(EngineCore pid=126) INFO 08-12 14:27:27 [pool_scheduler.py:663] Reqid: cmpl-cf055ef6-7e9a-4cb1-aa7f-92e15fe60876-0-82a45ceb, Total tokens 16384, kvpool hit tokens: 13312, need to load: 13312
(EngineCore pid=126) INFO 08-12 14:27:27 [pool_scheduler.py:683] KV pool load spec created req=cmpl-cf055ef6-7e9a-4cb1-aa7f-92e15fe60876-0-82a45ceb vllm_cached=0 kvpool_cached=13312 need_to_allocate=13312 load_async=False use_layerwise=True
(EngineCore pid=126) INFO 08-12 14:27:28 [core.py:452] Iteration(1080): 1 context requests, 1024 context tokens, 0 generation requests, 0 generation tokens, iteration elapsed time: 273.67 ms
(APIServer pid=88) INFO:     10.250.202.7:39062 - "POST /v1/completions HTTP/1.1" 200 OK
(EngineCore pid=126) INFO 08-12 14:27:28 [core.py:452] Iteration(1081): 1 context requests, 1024 context tokens, 0 generation requests, 0 generation tokens, iteration elapsed time: 313.13 ms
(EngineCore pid=126) INFO 08-12 14:27:28 [core.py:452] Iteration(1082): 1 context requests, 1024 context tokens, 0 generation requests, 0 generation tokens, iteration elapsed time: 263.51 ms
(EngineCore pid=126) INFO 08-12 14:27:28 [pool_scheduler.py:478] [KVPOOL] block_key_hit_check req=cmpl-1f1abb2d-8de4-4ef6-a1e1-60e60cc888c2-0-8a0ca573 hit_blocks=104/128 states_sample=[1, 1, 1, 1, 1, 1, 1, 1]
(EngineCore pid=126) INFO 08-12 14:27:28 [pool_scheduler.py:663] Reqid: cmpl-1f1abb2d-8de4-4ef6-a1e1-60e60cc888c2-0-8a0ca573, Total tokens 16384, kvpool hit tokens: 13312, need to load: 13312
(EngineCore pid=126) INFO 08-12 14:27:28 [pool_scheduler.py:683] KV pool load spec created req=cmpl-1f1abb2d-8de4-4ef6-a1e1-60e60cc888c2-0-8a0ca573 vllm_cached=0 kvpool_cached=13312 need_to_allocate=13312 load_async=False use_layerwise=True
(EngineCore pid=126) INFO 08-12 14:27:28 [core.py:452] Iteration(1083): 1 context requests, 1024 context tokens, 0 generation requests, 0 generation tokens, iteration elapsed time: 270.27 ms
(APIServer pid=88) INFO:     10.250.202.7:39078 - "POST /v1/completions HTTP/1.1" 200 OK
(EngineCore pid=126) INFO 08-12 14:27:29 [core.py:452] Iteration(1084): 1 context requests, 1024 context tokens, 0 generation requests, 0 generation tokens, iteration elapsed time: 299.04 ms
(EngineCore pid=126) INFO 08-12 14:27:29 [core.py:452] Iteration(1085): 1 context requests, 1024 context tokens, 0 generation requests, 0 generation tokens, iteration elapsed time: 255.25 ms
(EngineCore pid=126) INFO 08-12 14:27:29 [pool_scheduler.py:478] [KVPOOL] block_key_hit_check req=cmpl-47a9ec79-ce03-4d0b-8367-996ec7562474-0-8952672f hit_blocks=104/128 states_sample=[1, 1, 1, 1, 1, 1, 1, 1]
(EngineCore pid=126) INFO 08-12 14:27:29 [pool_scheduler.py:663] Reqid: cmpl-47a9ec79-ce03-4d0b-8367-996ec7562474-0-8952672f, Total tokens 16384, kvpool hit tokens: 13312, need to load: 13312
(EngineCore pid=126) INFO 08-12 14:27:29 [pool_scheduler.py:683] KV pool load spec created req=cmpl-47a9ec79-ce03-4d0b-8367-996ec7562474-0-8952672f vllm_cached=0 kvpool_cached=13312 need_to_allocate=13312 load_async=False use_layerwise=True
(EngineCore pid=126) INFO 08-12 14:27:29 [core.py:452] Iteration(1086): 1 context requests, 1024 context tokens, 0 generation requests, 0 generation tokens, iteration elapsed time: 271.74 ms
(APIServer pid=88) INFO:     10.250.202.7:39086 - "POST /v1/completions HTTP/1.1" 200 OK
(EngineCore pid=126) INFO 08-12 14:27:30 [core.py:452] Iteration(1087): 1 context requests, 1024 context tokens, 0 generation requests, 0 generation tokens, iteration elapsed time: 296.44 ms
(EngineCore pid=126) INFO 08-12 14:27:30 [core.py:452] Iteration(1088): 1 context requests, 1024 context tokens, 0 generation requests, 0 generation tokens, iteration elapsed time: 257.87 ms
(EngineCore pid=126) INFO 08-12 14:27:30 [pool_scheduler.py:478] [KVPOOL] block_key_hit_check req=cmpl-b733288b-0100-4acc-8823-1e14018987b7-0-b25f7065 hit_blocks=104/128 states_sample=[1, 1, 1, 1, 1, 1, 1, 1]
(EngineCore pid=126) INFO 08-12 14:27:30 [pool_scheduler.py:663] Reqid: cmpl-b733288b-0100-4acc-8823-1e14018987b7-0-b25f7065, Total tokens 16384, kvpool hit tokens: 13312, need to load: 13312
(EngineCore pid=126) INFO 08-12 14:27:30 [pool_scheduler.py:683] KV pool load spec created req=cmpl-b733288b-0100-4acc-8823-1e14018987b7-0-b25f7065 vllm_cached=0 kvpool_cached=13312 need_to_allocate=13312 load_async=False use_layerwise=True
(EngineCore pid=126) INFO 08-12 14:27:30 [core.py:452] Iteration(1089): 1 context requests, 1024 context tokens, 0 generation requests, 0 generation tokens, iteration elapsed time: 275.55 ms
(APIServer pid=88) INFO:     10.250.202.7:39094 - "POST /v1/completions HTTP/1.1" 200 OK
(EngineCore pid=126) INFO 08-12 14:27:30 [core.py:452] Iteration(1090): 1 context requests, 1024 context tokens, 0 generation requests, 0 generation tokens, iteration elapsed time: 320.16 ms
(APIServer pid=88) INFO:     192.168.200.27:49392 - "GET /v1/models HTTP/1.1" 200 OK
(EngineCore pid=126) INFO 08-12 14:27:31 [core.py:452] Iteration(1091): 1 context requests, 1024 context tokens, 0 generation requests, 0 generation tokens, iteration elapsed time: 257.66 ms
(EngineCore pid=126) INFO 08-12 14:27:31 [pool_scheduler.py:478] [KVPOOL] block_key_hit_check req=cmpl-acb4c5ef-31df-45ed-951b-5e8c24ce5f72-0-a0200e9d hit_blocks=104/128 states_sample=[1, 1, 1, 1, 1, 1, 1, 1]
(EngineCore pid=126) INFO 08-12 14:27:31 [pool_scheduler.py:663] Reqid: cmpl-acb4c5ef-31df-45ed-951b-5e8c24ce5f72-0-a0200e9d, Total tokens 16384, kvpool hit tokens: 13312, need to load: 13312
(EngineCore pid=126) INFO 08-12 14:27:31 [pool_scheduler.py:683] KV pool load spec created req=cmpl-acb4c5ef-31df-45ed-951b-5e8c24ce5f72-0-a0200e9d vllm_cached=0 kvpool_cached=13312 need_to_allocate=13312 load_async=False use_layerwise=True
(EngineCore pid=126) INFO 08-12 14:27:31 [core.py:452] Iteration(1092): 1 context requests, 1024 context tokens, 0 generation requests, 0 generation tokens, iteration elapsed time: 272.97 ms
(APIServer pid=88) INFO:     10.250.202.7:39096 - "POST /v1/completions HTTP/1.1" 200 OK
(EngineCore pid=126) INFO 08-12 14:27:31 [core.py:452] Iteration(1093): 1 context requests, 1024 context tokens, 0 generation requests, 0 generation tokens, iteration elapsed time: 309.86 ms
(EngineCore pid=126) INFO 08-12 14:27:31 [core.py:452] Iteration(1094): 1 context requests, 1024 context tokens, 0 generation requests, 0 generation tokens, iteration elapsed time: 258.96 ms
(EngineCore pid=126) INFO 08-12 14:27:32 [pool_scheduler.py:478] [KVPOOL] block_key_hit_check req=cmpl-aa362fbd-bffd-4e84-b9ae-dcea8318a6ff-0-83e9bcc1 hit_blocks=104/128 states_sample=[1, 1, 1, 1, 1, 1, 1, 1]
(EngineCore pid=126) INFO 08-12 14:27:32 [pool_scheduler.py:663] Reqid: cmpl-aa362fbd-bffd-4e84-b9ae-dcea8318a6ff-0-83e9bcc1, Total tokens 16384, kvpool hit tokens: 13312, need to load: 13312
(EngineCore pid=126) INFO 08-12 14:27:32 [pool_scheduler.py:683] KV pool load spec created req=cmpl-aa362fbd-bffd-4e84-b9ae-dcea8318a6ff-0-83e9bcc1 vllm_cached=0 kvpool_cached=13312 need_to_allocate=13312 load_async=False use_layerwise=True
(EngineCore pid=126) INFO 08-12 14:27:32 [core.py:452] Iteration(1095): 1 context requests, 1024 context tokens, 0 generation requests, 0 generation tokens, iteration elapsed time: 273.20 ms
(APIServer pid=88) INFO:     10.250.202.7:39106 - "POST /v1/completions HTTP/1.1" 200 OK
(EngineCore pid=126) INFO 08-12 14:27:32 [core.py:452] Iteration(1096): 1 context requests, 1024 context tokens, 0 generation requests, 0 generation tokens, iteration elapsed time: 348.05 ms
(EngineCore pid=126) INFO 08-12 14:27:32 [core.py:452] Iteration(1097): 1 context requests, 1024 context tokens, 0 generation requests, 0 generation tokens, iteration elapsed time: 255.98 ms
(EngineCore pid=126) INFO 08-12 14:27:32 [pool_scheduler.py:478] [KVPOOL] block_key_hit_check req=cmpl-a4302f12-df23-4cff-b8a7-c538d9680948-0-8a414af7 hit_blocks=104/128 states_sample=[1, 1, 1, 1, 1, 1, 1, 1]
(EngineCore pid=126) INFO 08-12 14:27:32 [pool_scheduler.py:663] Reqid: cmpl-a4302f12-df23-4cff-b8a7-c538d9680948-0-8a414af7, Total tokens 16384, kvpool hit tokens: 13312, need to load: 13312
(EngineCore pid=126) INFO 08-12 14:27:32 [pool_scheduler.py:683] KV pool load spec created req=cmpl-a4302f12-df23-4cff-b8a7-c538d9680948-0-8a414af7 vllm_cached=0 kvpool_cached=13312 need_to_allocate=13312 load_async=False use_layerwise=True
(EngineCore pid=126) INFO 08-12 14:27:33 [core.py:452] Iteration(1098): 1 context requests, 1024 context tokens, 0 generation requests, 0 generation tokens, iteration elapsed time: 273.07 ms
(APIServer pid=88) INFO:     10.250.202.7:39048 - "POST /v1/completions HTTP/1.1" 200 OK
(EngineCore pid=126) INFO 08-12 14:27:33 [core.py:452] Iteration(1099): 1 context requests, 1024 context tokens, 0 generation requests, 0 generation tokens, iteration elapsed time: 325.76 ms
(EngineCore pid=126) INFO 08-12 14:27:33 [core.py:452] Iteration(1100): 1 context requests, 1024 context tokens, 0 generation requests, 0 generation tokens, iteration elapsed time: 258.29 ms
(EngineCore pid=126) INFO 08-12 14:27:33 [pool_scheduler.py:478] [KVPOOL] block_key_hit_check req=cmpl-450ce29f-5016-4a45-b419-0f65d52ac306-0-b5242b81 hit_blocks=104/128 states_sample=[1, 1, 1, 1, 1, 1, 1, 1]
(EngineCore pid=126) INFO 08-12 14:27:33 [pool_scheduler.py:663] Reqid: cmpl-450ce29f-5016-4a45-b419-0f65d52ac306-0-b5242b81, Total tokens 16384, kvpool hit tokens: 13312, need to load: 13312
(EngineCore pid=126) INFO 08-12 14:27:33 [pool_scheduler.py:683] KV pool load spec created req=cmpl-450ce29f-5016-4a45-b419-0f65d52ac306-0-b5242b81 vllm_cached=0 kvpool_cached=13312 need_to_allocate=13312 load_async=False use_layerwise=True
(EngineCore pid=126) INFO 08-12 14:27:34 [core.py:452] Iteration(1101): 1 context requests, 1024 context tokens, 0 generation requests, 0 generation tokens, iteration elapsed time: 274.00 ms
(APIServer pid=88) INFO:     10.250.202.7:39050 - "POST /v1/completions HTTP/1.1" 200 OK
(EngineCore pid=126) INFO 08-12 14:27:34 [core.py:452] Iteration(1102): 1 context requests, 1024 context tokens, 0 generation requests, 0 generation tokens, iteration elapsed time: 316.95 ms
(EngineCore pid=126) INFO 08-12 14:27:34 [core.py:452] Iteration(1103): 1 context requests, 1024 context tokens, 0 generation requests, 0 generation tokens, iteration elapsed time: 259.72 ms
(EngineCore pid=126) INFO 08-12 14:27:34 [pool_scheduler.py:478] [KVPOOL] block_key_hit_check req=cmpl-5186412c-b473-4227-9f3c-095fe86bdd38-0-85f99c1b hit_blocks=104/128 states_sample=[1, 1, 1, 1, 1, 1, 1, 1]
(EngineCore pid=126) INFO 08-12 14:27:34 [pool_scheduler.py:663] Reqid: cmpl-5186412c-b473-4227-9f3c-095fe86bdd38-0-85f99c1b, Total tokens 16384, kvpool hit tokens: 13312, need to load: 13312
(EngineCore pid=126) INFO 08-12 14:27:34 [pool_scheduler.py:683] KV pool load spec created req=cmpl-5186412c-b473-4227-9f3c-095fe86bdd38-0-85f99c1b vllm_cached=0 kvpool_cached=13312 need_to_allocate=13312 load_async=False use_layerwise=True
(EngineCore pid=126) INFO 08-12 14:27:34 [core.py:452] Iteration(1104): 1 context requests, 1024 context tokens, 0 generation requests, 0 generation tokens, iteration elapsed time: 274.48 ms
(APIServer pid=88) INFO:     10.250.202.7:39062 - "POST /v1/completions HTTP/1.1" 200 OK
(EngineCore pid=126) INFO 08-12 14:27:35 [core.py:452] Iteration(1105): 1 context requests, 1024 context tokens, 0 generation requests, 0 generation tokens, iteration elapsed time: 346.56 ms
(EngineCore pid=126) INFO 08-12 14:27:35 [core.py:452] Iteration(1106): 1 context requests, 1024 context tokens, 0 generation requests, 0 generation tokens, iteration elapsed time: 265.57 ms
(EngineCore pid=126) INFO 08-12 14:27:35 [pool_scheduler.py:478] [KVPOOL] block_key_hit_check req=cmpl-da8343fd-a871-45c9-8676-acc813768dea-0-afb724f4 hit_blocks=104/128 states_sample=[1, 1, 1, 1, 1, 1, 1, 1]
(EngineCore pid=126) INFO 08-12 14:27:35 [pool_scheduler.py:663] Reqid: cmpl-da8343fd-a871-45c9-8676-acc813768dea-0-afb724f4, Total tokens 16384, kvpool hit tokens: 13312, need to load: 13312
(EngineCore pid=126) INFO 08-12 14:27:35 [pool_scheduler.py:683] KV pool load spec created req=cmpl-da8343fd-a871-45c9-8676-acc813768dea-0-afb724f4 vllm_cached=0 kvpool_cached=13312 need_to_allocate=13312 load_async=False use_layerwise=True
(EngineCore pid=126) INFO 08-12 14:27:35 [core.py:452] Iteration(1107): 1 context requests, 1024 context tokens, 0 generation requests, 0 generation tokens, iteration elapsed time: 270.13 ms
(APIServer pid=88) INFO:     10.250.202.7:39078 - "POST /v1/completions HTTP/1.1" 200 OK
(APIServer pid=88) INFO:     192.168.200.27:49394 - "GET /v1/models HTTP/1.1" 200 OK
(EngineCore pid=126) INFO 08-12 14:27:36 [core.py:452] Iteration(1108): 1 context requests, 1024 context tokens, 0 generation requests, 0 generation tokens, iteration elapsed time: 383.78 ms
(EngineCore pid=126) INFO 08-12 14:27:36 [core.py:452] Iteration(1109): 1 context requests, 1024 context tokens, 0 generation requests, 0 generation tokens, iteration elapsed time: 255.54 ms
(EngineCore pid=126) INFO 08-12 14:27:36 [pool_scheduler.py:478] [KVPOOL] block_key_hit_check req=cmpl-4456a250-a6c0-42aa-830e-44104ae98c52-0-b2978956 hit_blocks=104/128 states_sample=[1, 1, 1, 1, 1, 1, 1, 1]
(EngineCore pid=126) INFO 08-12 14:27:36 [pool_scheduler.py:663] Reqid: cmpl-4456a250-a6c0-42aa-830e-44104ae98c52-0-b2978956, Total tokens 16384, kvpool hit tokens: 13312, need to load: 13312
(EngineCore pid=126) INFO 08-12 14:27:36 [pool_scheduler.py:683] KV pool load spec created req=cmpl-4456a250-a6c0-42aa-830e-44104ae98c52-0-b2978956 vllm_cached=0 kvpool_cached=13312 need_to_allocate=13312 load_async=False use_layerwise=True
(EngineCore pid=126) INFO 08-12 14:27:36 [core.py:452] Iteration(1110): 1 context requests, 1024 context tokens, 0 generation requests, 0 generation tokens, iteration elapsed time: 271.48 ms
(APIServer pid=88) INFO:     10.250.202.7:39086 - "POST /v1/completions HTTP/1.1" 200 OK
(EngineCore pid=126) INFO 08-12 14:27:37 [core.py:452] Iteration(1111): 1 context requests, 1024 context tokens, 0 generation requests, 0 generation tokens, iteration elapsed time: 316.56 ms
(APIServer pid=88) INFO 08-12 14:27:37 [loggers.py:273] Engine 000: Avg prompt throughput: 3685.8 tokens/s, Avg generation throughput: 1.2 tokens/s, Running: 1 reqs, Waiting: 6 reqs, GPU KV cache usage: 2.4%, Prefix cache hit rate: 0.0%, External prefix cache hit rate: 34.9%
(EngineCore pid=126) INFO 08-12 14:27:37 [core.py:452] Iteration(1112): 1 context requests, 1024 context tokens, 0 generation requests, 0 generation tokens, iteration elapsed time: 256.88 ms
(EngineCore pid=126) INFO 08-12 14:27:37 [pool_scheduler.py:478] [KVPOOL] block_key_hit_check req=cmpl-48b99b46-3d0b-45bc-a205-2d7706f09d85-0-951b32c0 hit_blocks=104/128 states_sample=[1, 1, 1, 1, 1, 1, 1, 1]
(EngineCore pid=126) INFO 08-12 14:27:37 [pool_scheduler.py:663] Reqid: cmpl-48b99b46-3d0b-45bc-a205-2d7706f09d85-0-951b32c0, Total tokens 16384, kvpool hit tokens: 13312, need to load: 13312
(EngineCore pid=126) INFO 08-12 14:27:37 [pool_scheduler.py:683] KV pool load spec created req=cmpl-48b99b46-3d0b-45bc-a205-2d7706f09d85-0-951b32c0 vllm_cached=0 kvpool_cached=13312 need_to_allocate=13312 load_async=False use_layerwise=True
(EngineCore pid=126) INFO 08-12 14:27:37 [core.py:452] Iteration(1113): 1 context requests, 1024 context tokens, 0 generation requests, 0 generation tokens, iteration elapsed time: 272.13 ms
(APIServer pid=88) INFO:     10.250.202.7:39094 - "POST /v1/completions HTTP/1.1" 200 OK
(EngineCore pid=126) INFO 08-12 14:27:37 [core.py:452] Iteration(1114): 1 context requests, 1024 context tokens, 0 generation requests, 0 generation tokens, iteration elapsed time: 308.00 ms
(EngineCore pid=126) INFO 08-12 14:27:38 [core.py:452] Iteration(1115): 1 context requests, 1024 context tokens, 0 generation requests, 0 generation tokens, iteration elapsed time: 256.98 ms
(EngineCore pid=126) INFO 08-12 14:27:38 [pool_scheduler.py:478] [KVPOOL] block_key_hit_check req=cmpl-51fb5b24-a748-4267-b975-8cd1a608f9ec-0-8a79dd3e hit_blocks=104/128 states_sample=[1, 1, 1, 1, 1, 1, 1, 1]
(EngineCore pid=126) INFO 08-12 14:27:38 [pool_scheduler.py:663] Reqid: cmpl-51fb5b24-a748-4267-b975-8cd1a608f9ec-0-8a79dd3e, Total tokens 16384, kvpool hit tokens: 13312, need to load: 13312
(EngineCore pid=126) INFO 08-12 14:27:38 [pool_scheduler.py:683] KV pool load spec created req=cmpl-51fb5b24-a748-4267-b975-8cd1a608f9ec-0-8a79dd3e vllm_cached=0 kvpool_cached=13312 need_to_allocate=13312 load_async=False use_layerwise=True
(EngineCore pid=126) INFO 08-12 14:27:38 [core.py:452] Iteration(1116): 1 context requests, 1024 context tokens, 0 generation requests, 0 generation tokens, iteration elapsed time: 271.30 ms
(APIServer pid=88) INFO:     10.250.202.7:39096 - "POST /v1/completions HTTP/1.1" 200 OK
(EngineCore pid=126) INFO 08-12 14:27:38 [core.py:452] Iteration(1117): 1 context requests, 1024 context tokens, 0 generation requests, 0 generation tokens, iteration elapsed time: 300.33 ms
(EngineCore pid=126) INFO 08-12 14:27:38 [core.py:452] Iteration(1118): 1 context requests, 1024 context tokens, 0 generation requests, 0 generation tokens, iteration elapsed time: 256.88 ms
(EngineCore pid=126) INFO 08-12 14:27:38 [pool_scheduler.py:478] [KVPOOL] block_key_hit_check req=cmpl-2e7f61f4-0015-4bfe-a6e7-b27f50951aa4-0-87f5b0cf hit_blocks=104/128 states_sample=[1, 1, 1, 1, 1, 1, 1, 1]
(EngineCore pid=126) INFO 08-12 14:27:38 [pool_scheduler.py:663] Reqid: cmpl-2e7f61f4-0015-4bfe-a6e7-b27f50951aa4-0-87f5b0cf, Total tokens 16384, kvpool hit tokens: 13312, need to load: 13312
(EngineCore pid=126) INFO 08-12 14:27:38 [pool_scheduler.py:683] KV pool load spec created req=cmpl-2e7f61f4-0015-4bfe-a6e7-b27f50951aa4-0-87f5b0cf vllm_cached=0 kvpool_cached=13312 need_to_allocate=13312 load_async=False use_layerwise=True
(EngineCore pid=126) INFO 08-12 14:27:39 [core.py:452] Iteration(1119): 1 context requests, 1024 context tokens, 0 generation requests, 0 generation tokens, iteration elapsed time: 272.44 ms
(APIServer pid=88) INFO:     10.250.202.7:39106 - "POST /v1/completions HTTP/1.1" 200 OK
(EngineCore pid=126) INFO 08-12 14:27:39 [core.py:452] Iteration(1120): 1 context requests, 1024 context tokens, 0 generation requests, 0 generation tokens, iteration elapsed time: 300.30 ms
(EngineCore pid=126) INFO 08-12 14:27:39 [core.py:452] Iteration(1121): 1 context requests, 1024 context tokens, 0 generation requests, 0 generation tokens, iteration elapsed time: 255.98 ms
(EngineCore pid=126) INFO 08-12 14:27:39 [pool_scheduler.py:478] [KVPOOL] block_key_hit_check req=cmpl-f9741a26-1e3a-42c7-a1fa-71ca475b513b-0-ac88ad1d hit_blocks=104/128 states_sample=[1, 1, 1, 1, 1, 1, 1, 1]
(EngineCore pid=126) INFO 08-12 14:27:39 [pool_scheduler.py:663] Reqid: cmpl-f9741a26-1e3a-42c7-a1fa-71ca475b513b-0-ac88ad1d, Total tokens 16384, kvpool hit tokens: 13312, need to load: 13312
(EngineCore pid=126) INFO 08-12 14:27:39 [pool_scheduler.py:683] KV pool load spec created req=cmpl-f9741a26-1e3a-42c7-a1fa-71ca475b513b-0-ac88ad1d vllm_cached=0 kvpool_cached=13312 need_to_allocate=13312 load_async=False use_layerwise=True
(EngineCore pid=126) INFO 08-12 14:27:40 [core.py:452] Iteration(1122): 1 context requests, 1024 context tokens, 0 generation requests, 0 generation tokens, iteration elapsed time: 271.66 ms
(APIServer pid=88) INFO:     10.250.202.7:39048 - "POST /v1/completions HTTP/1.1" 200 OK
(EngineCore pid=126) INFO 08-12 14:27:40 [core.py:452] Iteration(1123): 1 context requests, 1024 context tokens, 0 generation requests, 0 generation tokens, iteration elapsed time: 293.91 ms
(EngineCore pid=126) INFO 08-12 14:27:40 [core.py:452] Iteration(1124): 1 context requests, 1024 context tokens, 0 generation requests, 0 generation tokens, iteration elapsed time: 256.83 ms
(EngineCore pid=126) INFO 08-12 14:27:40 [pool_scheduler.py:478] [KVPOOL] block_key_hit_check req=cmpl-4addea50-b5db-414e-9451-0a7725dcebf5-0-9c2822ee hit_blocks=104/128 states_sample=[1, 1, 1, 1, 1, 1, 1, 1]
(EngineCore pid=126) INFO 08-12 14:27:40 [pool_scheduler.py:663] Reqid: cmpl-4addea50-b5db-414e-9451-0a7725dcebf5-0-9c2822ee, Total tokens 16384, kvpool hit tokens: 13312, need to load: 13312
(EngineCore pid=126) INFO 08-12 14:27:40 [pool_scheduler.py:683] KV pool load spec created req=cmpl-4addea50-b5db-414e-9451-0a7725dcebf5-0-9c2822ee vllm_cached=0 kvpool_cached=13312 need_to_allocate=13312 load_async=False use_layerwise=True
(EngineCore pid=126) INFO 08-12 14:27:40 [core.py:452] Iteration(1125): 1 context requests, 1024 context tokens, 0 generation requests, 0 generation tokens, iteration elapsed time: 269.37 ms
(APIServer pid=88) INFO:     10.250.202.7:39050 - "POST /v1/completions HTTP/1.1" 200 OK
(APIServer pid=88) INFO:     192.168.200.27:42310 - "GET /v1/models HTTP/1.1" 200 OK
(EngineCore pid=126) INFO 08-12 14:27:41 [core.py:452] Iteration(1126): 1 context requests, 1024 context tokens, 0 generation requests, 0 generation tokens, iteration elapsed time: 329.33 ms
(EngineCore pid=126) INFO 08-12 14:27:41 [core.py:452] Iteration(1127): 1 context requests, 1024 context tokens, 0 generation requests, 0 generation tokens, iteration elapsed time: 259.02 ms
(EngineCore pid=126) INFO 08-12 14:27:41 [pool_scheduler.py:478] [KVPOOL] block_key_hit_check req=cmpl-ce2d27e0-a44b-4644-94ab-a4de225fed73-0-9e44203a hit_blocks=104/128 states_sample=[1, 1, 1, 1, 1, 1, 1, 1]
(EngineCore pid=126) INFO 08-12 14:27:41 [pool_scheduler.py:663] Reqid: cmpl-ce2d27e0-a44b-4644-94ab-a4de225fed73-0-9e44203a, Total tokens 16384, kvpool hit tokens: 13312, need to load: 13312
(EngineCore pid=126) INFO 08-12 14:27:41 [pool_scheduler.py:683] KV pool load spec created req=cmpl-ce2d27e0-a44b-4644-94ab-a4de225fed73-0-9e44203a vllm_cached=0 kvpool_cached=13312 need_to_allocate=13312 load_async=False use_layerwise=True
(EngineCore pid=126) INFO 08-12 14:27:41 [core.py:452] Iteration(1128): 1 context requests, 1024 context tokens, 0 generation requests, 0 generation tokens, iteration elapsed time: 271.28 ms
(APIServer pid=88) INFO:     10.250.202.7:39062 - "POST /v1/completions HTTP/1.1" 200 OK
(EngineCore pid=126) INFO 08-12 14:27:42 [core.py:452] Iteration(1129): 1 context requests, 1024 context tokens, 0 generation requests, 0 generation tokens, iteration elapsed time: 301.23 ms
(EngineCore pid=126) INFO 08-12 14:27:42 [core.py:452] Iteration(1130): 1 context requests, 1024 context tokens, 0 generation requests, 0 generation tokens, iteration elapsed time: 258.32 ms
(EngineCore pid=126) INFO 08-12 14:27:42 [pool_scheduler.py:478] [KVPOOL] block_key_hit_check req=cmpl-bb62c592-0aae-47ae-b597-1d86c267baff-0-978a3316 hit_blocks=104/128 states_sample=[1, 1, 1, 1, 1, 1, 1, 1]
(EngineCore pid=126) INFO 08-12 14:27:42 [pool_scheduler.py:663] Reqid: cmpl-bb62c592-0aae-47ae-b597-1d86c267baff-0-978a3316, Total tokens 16384, kvpool hit tokens: 13312, need to load: 13312
(EngineCore pid=126) INFO 08-12 14:27:42 [pool_scheduler.py:683] KV pool load spec created req=cmpl-bb62c592-0aae-47ae-b597-1d86c267baff-0-978a3316 vllm_cached=0 kvpool_cached=13312 need_to_allocate=13312 load_async=False use_layerwise=True
(EngineCore pid=126) INFO 08-12 14:27:42 [core.py:452] Iteration(1131): 1 context requests, 1024 context tokens, 0 generation requests, 0 generation tokens, iteration elapsed time: 272.49 ms
(APIServer pid=88) INFO:     10.250.202.7:39078 - "POST /v1/completions HTTP/1.1" 200 OK
(EngineCore pid=126) INFO 08-12 14:27:42 [core.py:452] Iteration(1132): 1 context requests, 1024 context tokens, 0 generation requests, 0 generation tokens, iteration elapsed time: 305.69 ms
(EngineCore pid=126) INFO 08-12 14:27:43 [core.py:452] Iteration(1133): 1 context requests, 1024 context tokens, 0 generation requests, 0 generation tokens, iteration elapsed time: 256.52 ms
(EngineCore pid=126) INFO 08-12 14:27:43 [pool_scheduler.py:478] [KVPOOL] block_key_hit_check req=cmpl-8c31d358-6078-43dd-8992-696afb8a5068-0-acd75481 hit_blocks=104/128 states_sample=[1, 1, 1, 1, 1, 1, 1, 1]
(EngineCore pid=126) INFO 08-12 14:27:43 [pool_scheduler.py:663] Reqid: cmpl-8c31d358-6078-43dd-8992-696afb8a5068-0-acd75481, Total tokens 16384, kvpool hit tokens: 13312, need to load: 13312
(EngineCore pid=126) INFO 08-12 14:27:43 [pool_scheduler.py:683] KV pool load spec created req=cmpl-8c31d358-6078-43dd-8992-696afb8a5068-0-acd75481 vllm_cached=0 kvpool_cached=13312 need_to_allocate=13312 load_async=False use_layerwise=True
(EngineCore pid=126) INFO 08-12 14:27:43 [core.py:452] Iteration(1134): 1 context requests, 1024 context tokens, 0 generation requests, 0 generation tokens, iteration elapsed time: 271.71 ms
(APIServer pid=88) INFO:     10.250.202.7:39086 - "POST /v1/completions HTTP/1.1" 200 OK
(EngineCore pid=126) INFO 08-12 14:27:43 [core.py:452] Iteration(1135): 1 context requests, 1024 context tokens, 0 generation requests, 0 generation tokens, iteration elapsed time: 317.49 ms
(EngineCore pid=126) INFO 08-12 14:27:44 [core.py:452] Iteration(1136): 1 context requests, 1024 context tokens, 0 generation requests, 0 generation tokens, iteration elapsed time: 256.97 ms
(EngineCore pid=126) INFO 08-12 14:27:44 [pool_scheduler.py:478] [KVPOOL] block_key_hit_check req=cmpl-7fb75ccb-3fa6-45c5-9460-53df6a483f7d-0-8365b94d hit_blocks=104/128 states_sample=[1, 1, 1, 1, 1, 1, 1, 1]
(EngineCore pid=126) INFO 08-12 14:27:44 [pool_scheduler.py:663] Reqid: cmpl-7fb75ccb-3fa6-45c5-9460-53df6a483f7d-0-8365b94d, Total tokens 16384, kvpool hit tokens: 13312, need to load: 13312
(EngineCore pid=126) INFO 08-12 14:27:44 [pool_scheduler.py:683] KV pool load spec created req=cmpl-7fb75ccb-3fa6-45c5-9460-53df6a483f7d-0-8365b94d vllm_cached=0 kvpool_cached=13312 need_to_allocate=13312 load_async=False use_layerwise=True
(EngineCore pid=126) INFO 08-12 14:27:44 [core.py:452] Iteration(1137): 1 context requests, 1024 context tokens, 0 generation requests, 0 generation tokens, iteration elapsed time: 271.34 ms
(APIServer pid=88) INFO:     10.250.202.7:39094 - "POST /v1/completions HTTP/1.1" 200 OK
(EngineCore pid=126) INFO 08-12 14:27:44 [core.py:452] Iteration(1138): 1 context requests, 1024 context tokens, 0 generation requests, 0 generation tokens, iteration elapsed time: 305.81 ms
(EngineCore pid=126) INFO 08-12 14:27:44 [core.py:452] Iteration(1139): 1 context requests, 1024 context tokens, 0 generation requests, 0 generation tokens, iteration elapsed time: 256.47 ms
(EngineCore pid=126) INFO 08-12 14:27:44 [pool_scheduler.py:478] [KVPOOL] block_key_hit_check req=cmpl-88178aea-5dc3-4ff9-80da-3bc71f77848c-0-b2616161 hit_blocks=104/128 states_sample=[1, 1, 1, 1, 1, 1, 1, 1]
(EngineCore pid=126) INFO 08-12 14:27:44 [pool_scheduler.py:663] Reqid: cmpl-88178aea-5dc3-4ff9-80da-3bc71f77848c-0-b2616161, Total tokens 16384, kvpool hit tokens: 13312, need to load: 13312
(EngineCore pid=126) INFO 08-12 14:27:44 [pool_scheduler.py:683] KV pool load spec created req=cmpl-88178aea-5dc3-4ff9-80da-3bc71f77848c-0-b2616161 vllm_cached=0 kvpool_cached=13312 need_to_allocate=13312 load_async=False use_layerwise=True
(EngineCore pid=126) INFO 08-12 14:27:45 [core.py:452] Iteration(1140): 1 context requests, 1024 context tokens, 0 generation requests, 0 generation tokens, iteration elapsed time: 272.34 ms
(APIServer pid=88) INFO:     10.250.202.7:39096 - "POST /v1/completions HTTP/1.1" 200 OK
(EngineCore pid=126) INFO 08-12 14:27:45 [core.py:452] Iteration(1141): 1 context requests, 1024 context tokens, 0 generation requests, 0 generation tokens, iteration elapsed time: 296.93 ms
(EngineCore pid=126) INFO 08-12 14:27:45 [core.py:452] Iteration(1142): 1 context requests, 1024 context tokens, 0 generation requests, 0 generation tokens, iteration elapsed time: 257.49 ms
(EngineCore pid=126) INFO 08-12 14:27:45 [pool_scheduler.py:478] [KVPOOL] block_key_hit_check req=cmpl-bfd9d05f-e98d-4ae8-944d-7823095b7d85-0-83f709a9 hit_blocks=104/128 states_sample=[1, 1, 1, 1, 1, 1, 1, 1]
(EngineCore pid=126) INFO 08-12 14:27:45 [pool_scheduler.py:663] Reqid: cmpl-bfd9d05f-e98d-4ae8-944d-7823095b7d85-0-83f709a9, Total tokens 16384, kvpool hit tokens: 13312, need to load: 13312
(EngineCore pid=126) INFO 08-12 14:27:45 [pool_scheduler.py:683] KV pool load spec created req=cmpl-bfd9d05f-e98d-4ae8-944d-7823095b7d85-0-83f709a9 vllm_cached=0 kvpool_cached=13312 need_to_allocate=13312 load_async=False use_layerwise=True
(EngineCore pid=126) INFO 08-12 14:27:45 [core.py:452] Iteration(1143): 1 context requests, 1024 context tokens, 0 generation requests, 0 generation tokens, iteration elapsed time: 271.18 ms
(APIServer pid=88) INFO:     10.250.202.7:39106 - "POST /v1/completions HTTP/1.1" 200 OK
(APIServer pid=88) INFO:     192.168.200.27:42322 - "GET /v1/models HTTP/1.1" 200 OK
(EngineCore pid=126) INFO 08-12 14:27:46 [core.py:452] Iteration(1144): 1 context requests, 1024 context tokens, 0 generation requests, 0 generation tokens, iteration elapsed time: 297.48 ms
(EngineCore pid=126) INFO 08-12 14:27:46 [core.py:452] Iteration(1145): 1 context requests, 1024 context tokens, 0 generation requests, 0 generation tokens, iteration elapsed time: 255.72 ms
(EngineCore pid=126) INFO 08-12 14:27:46 [pool_scheduler.py:478] [KVPOOL] block_key_hit_check req=cmpl-764fd6d2-1c8c-477a-9acb-a8a6ad5086d2-0-b0d1192c hit_blocks=104/128 states_sample=[1, 1, 1, 1, 1, 1, 1, 1]
(EngineCore pid=126) INFO 08-12 14:27:46 [pool_scheduler.py:663] Reqid: cmpl-764fd6d2-1c8c-477a-9acb-a8a6ad5086d2-0-b0d1192c, Total tokens 16384, kvpool hit tokens: 13312, need to load: 13312
(EngineCore pid=126) INFO 08-12 14:27:46 [pool_scheduler.py:683] KV pool load spec created req=cmpl-764fd6d2-1c8c-477a-9acb-a8a6ad5086d2-0-b0d1192c vllm_cached=0 kvpool_cached=13312 need_to_allocate=13312 load_async=False use_layerwise=True
(EngineCore pid=126) INFO 08-12 14:27:46 [core.py:452] Iteration(1146): 1 context requests, 1024 context tokens, 0 generation requests, 0 generation tokens, iteration elapsed time: 272.71 ms
(APIServer pid=88) INFO:     10.250.202.7:39048 - "POST /v1/completions HTTP/1.1" 200 OK
(EngineCore pid=126) INFO 08-12 14:27:47 [core.py:452] Iteration(1147): 1 context requests, 1024 context tokens, 0 generation requests, 0 generation tokens, iteration elapsed time: 295.15 ms
(APIServer pid=88) INFO 08-12 14:27:47 [loggers.py:273] Engine 000: Avg prompt throughput: 3686.1 tokens/s, Avg generation throughput: 1.2 tokens/s, Running: 1 reqs, Waiting: 6 reqs, GPU KV cache usage: 2.4%, Prefix cache hit rate: 0.0%, External prefix cache hit rate: 39.6%
(EngineCore pid=126) INFO 08-12 14:27:47 [core.py:452] Iteration(1148): 1 context requests, 1024 context tokens, 0 generation requests, 0 generation tokens, iteration elapsed time: 256.71 ms
(EngineCore pid=126) INFO 08-12 14:27:47 [pool_scheduler.py:478] [KVPOOL] block_key_hit_check req=cmpl-8a6c12d4-c534-4bb5-a7d2-02297fae4184-0-bbc36e26 hit_blocks=104/128 states_sample=[1, 1, 1, 1, 1, 1, 1, 1]
(EngineCore pid=126) INFO 08-12 14:27:47 [pool_scheduler.py:663] Reqid: cmpl-8a6c12d4-c534-4bb5-a7d2-02297fae4184-0-bbc36e26, Total tokens 16384, kvpool hit tokens: 13312, need to load: 13312
(EngineCore pid=126) INFO 08-12 14:27:47 [pool_scheduler.py:683] KV pool load spec created req=cmpl-8a6c12d4-c534-4bb5-a7d2-02297fae4184-0-bbc36e26 vllm_cached=0 kvpool_cached=13312 need_to_allocate=13312 load_async=False use_layerwise=True
(EngineCore pid=126) INFO 08-12 14:27:47 [core.py:452] Iteration(1149): 1 context requests, 1024 context tokens, 0 generation requests, 0 generation tokens, iteration elapsed time: 270.71 ms
(APIServer pid=88) INFO:     10.250.202.7:39050 - "POST /v1/completions HTTP/1.1" 200 OK
(EngineCore pid=126) INFO 08-12 14:27:47 [core.py:452] Iteration(1150): 1 context requests, 1024 context tokens, 0 generation requests, 0 generation tokens, iteration elapsed time: 308.30 ms
(EngineCore pid=126) INFO 08-12 14:27:48 [core.py:452] Iteration(1151): 1 context requests, 1024 context tokens, 0 generation requests, 0 generation tokens, iteration elapsed time: 255.77 ms
(EngineCore pid=126) INFO 08-12 14:27:48 [pool_scheduler.py:478] [KVPOOL] block_key_hit_check req=cmpl-bdb9ad82-0a83-4ab1-8cd1-f3d6456f980d-0-888281f9 hit_blocks=104/128 states_sample=[1, 1, 1, 1, 1, 1, 1, 1]
(EngineCore pid=126) INFO 08-12 14:27:48 [pool_scheduler.py:663] Reqid: cmpl-bdb9ad82-0a83-4ab1-8cd1-f3d6456f980d-0-888281f9, Total tokens 16384, kvpool hit tokens: 13312, need to load: 13312
(EngineCore pid=126) INFO 08-12 14:27:48 [pool_scheduler.py:683] KV pool load spec created req=cmpl-bdb9ad82-0a83-4ab1-8cd1-f3d6456f980d-0-888281f9 vllm_cached=0 kvpool_cached=13312 need_to_allocate=13312 load_async=False use_layerwise=True
(EngineCore pid=126) INFO 08-12 14:27:48 [core.py:452] Iteration(1152): 1 context requests, 1024 context tokens, 0 generation requests, 0 generation tokens, iteration elapsed time: 278.13 ms
(APIServer pid=88) INFO:     10.250.202.7:39062 - "POST /v1/completions HTTP/1.1" 200 OK
(EngineCore pid=126) INFO 08-12 14:27:48 [core.py:452] Iteration(1153): 1 context requests, 1024 context tokens, 0 generation requests, 0 generation tokens, iteration elapsed time: 288.56 ms
(EngineCore pid=126) INFO 08-12 14:27:49 [core.py:452] Iteration(1154): 1 context requests, 1024 context tokens, 0 generation requests, 0 generation tokens, iteration elapsed time: 256.95 ms
(EngineCore pid=126) INFO 08-12 14:27:49 [pool_scheduler.py:478] [KVPOOL] block_key_hit_check req=cmpl-b13864a7-9b19-4bf5-806b-6f0ed942ce35-0-843780cd hit_blocks=104/128 states_sample=[1, 1, 1, 1, 1, 1, 1, 1]
(EngineCore pid=126) INFO 08-12 14:27:49 [pool_scheduler.py:663] Reqid: cmpl-b13864a7-9b19-4bf5-806b-6f0ed942ce35-0-843780cd, Total tokens 16384, kvpool hit tokens: 13312, need to load: 13312
(EngineCore pid=126) INFO 08-12 14:27:49 [pool_scheduler.py:683] KV pool load spec created req=cmpl-b13864a7-9b19-4bf5-806b-6f0ed942ce35-0-843780cd vllm_cached=0 kvpool_cached=13312 need_to_allocate=13312 load_async=False use_layerwise=True
(EngineCore pid=126) INFO 08-12 14:27:49 [core.py:452] Iteration(1155): 1 context requests, 1024 context tokens, 0 generation requests, 0 generation tokens, iteration elapsed time: 272.05 ms
(APIServer pid=88) INFO:     10.250.202.7:39078 - "POST /v1/completions HTTP/1.1" 200 OK
(EngineCore pid=126) INFO 08-12 14:27:49 [core.py:452] Iteration(1156): 1 context requests, 1024 context tokens, 0 generation requests, 0 generation tokens, iteration elapsed time: 302.88 ms
(EngineCore pid=126) INFO 08-12 14:27:49 [core.py:452] Iteration(1157): 1 context requests, 1024 context tokens, 0 generation requests, 0 generation tokens, iteration elapsed time: 257.96 ms
(EngineCore pid=126) INFO 08-12 14:27:49 [pool_scheduler.py:478] [KVPOOL] block_key_hit_check req=cmpl-5f589e0b-871c-450e-87cb-f0e7cb3dc607-0-8e511d81 hit_blocks=104/128 states_sample=[1, 1, 1, 1, 1, 1, 1, 1]
(EngineCore pid=126) INFO 08-12 14:27:49 [pool_scheduler.py:663] Reqid: cmpl-5f589e0b-871c-450e-87cb-f0e7cb3dc607-0-8e511d81, Total tokens 16384, kvpool hit tokens: 13312, need to load: 13312
(EngineCore pid=126) INFO 08-12 14:27:49 [pool_scheduler.py:683] KV pool load spec created req=cmpl-5f589e0b-871c-450e-87cb-f0e7cb3dc607-0-8e511d81 vllm_cached=0 kvpool_cached=13312 need_to_allocate=13312 load_async=False use_layerwise=True
(EngineCore pid=126) INFO 08-12 14:27:50 [core.py:452] Iteration(1158): 1 context requests, 1024 context tokens, 0 generation requests, 0 generation tokens, iteration elapsed time: 271.21 ms
(APIServer pid=88) INFO:     10.250.202.7:39086 - "POST /v1/completions HTTP/1.1" 200 OK
(EngineCore pid=126) INFO 08-12 14:27:50 [core.py:452] Iteration(1159): 1 context requests, 1024 context tokens, 0 generation requests, 0 generation tokens, iteration elapsed time: 283.20 ms
(EngineCore pid=126) INFO 08-12 14:27:50 [core.py:452] Iteration(1160): 1 context requests, 1024 context tokens, 0 generation requests, 0 generation tokens, iteration elapsed time: 255.84 ms
(EngineCore pid=126) INFO 08-12 14:27:50 [pool_scheduler.py:478] [KVPOOL] block_key_hit_check req=cmpl-99cc168e-8dd1-4a48-810c-f65ccb869f32-0-8f3222f1 hit_blocks=104/128 states_sample=[1, 1, 1, 1, 1, 1, 1, 1]
(EngineCore pid=126) INFO 08-12 14:27:50 [pool_scheduler.py:663] Reqid: cmpl-99cc168e-8dd1-4a48-810c-f65ccb869f32-0-8f3222f1, Total tokens 16384, kvpool hit tokens: 13312, need to load: 13312
(EngineCore pid=126) INFO 08-12 14:27:50 [pool_scheduler.py:683] KV pool load spec created req=cmpl-99cc168e-8dd1-4a48-810c-f65ccb869f32-0-8f3222f1 vllm_cached=0 kvpool_cached=13312 need_to_allocate=13312 load_async=False use_layerwise=True
(EngineCore pid=126) INFO 08-12 14:27:50 [core.py:452] Iteration(1161): 1 context requests, 1024 context tokens, 0 generation requests, 0 generation tokens, iteration elapsed time: 271.48 ms
(APIServer pid=88) INFO:     10.250.202.7:39094 - "POST /v1/completions HTTP/1.1" 200 OK
(APIServer pid=88) INFO:     192.168.200.27:47196 - "GET /v1/models HTTP/1.1" 200 OK
(EngineCore pid=126) INFO 08-12 14:27:51 [core.py:452] Iteration(1162): 1 context requests, 1024 context tokens, 0 generation requests, 0 generation tokens, iteration elapsed time: 288.62 ms
(EngineCore pid=126) INFO 08-12 14:27:51 [core.py:452] Iteration(1163): 1 context requests, 1024 context tokens, 0 generation requests, 0 generation tokens, iteration elapsed time: 255.96 ms
(EngineCore pid=126) INFO 08-12 14:27:51 [pool_scheduler.py:478] [KVPOOL] block_key_hit_check req=cmpl-6f00f0e6-d0b9-4426-bf3c-517f806e578a-0-94fa12a4 hit_blocks=104/128 states_sample=[1, 1, 1, 1, 1, 1, 1, 1]
(EngineCore pid=126) INFO 08-12 14:27:51 [pool_scheduler.py:663] Reqid: cmpl-6f00f0e6-d0b9-4426-bf3c-517f806e578a-0-94fa12a4, Total tokens 16384, kvpool hit tokens: 13312, need to load: 13312
(EngineCore pid=126) INFO 08-12 14:27:51 [pool_scheduler.py:683] KV pool load spec created req=cmpl-6f00f0e6-d0b9-4426-bf3c-517f806e578a-0-94fa12a4 vllm_cached=0 kvpool_cached=13312 need_to_allocate=13312 load_async=False use_layerwise=True
(EngineCore pid=126) INFO 08-12 14:27:51 [core.py:452] Iteration(1164): 1 context requests, 1024 context tokens, 0 generation requests, 0 generation tokens, iteration elapsed time: 270.94 ms
(APIServer pid=88) INFO:     10.250.202.7:39096 - "POST /v1/completions HTTP/1.1" 200 OK
(EngineCore pid=126) INFO 08-12 14:27:52 [core.py:452] Iteration(1165): 1 context requests, 1024 context tokens, 0 generation requests, 0 generation tokens, iteration elapsed time: 294.31 ms
(EngineCore pid=126) INFO 08-12 14:27:52 [core.py:452] Iteration(1166): 1 context requests, 1024 context tokens, 0 generation requests, 0 generation tokens, iteration elapsed time: 259.59 ms
(EngineCore pid=126) INFO 08-12 14:27:52 [core.py:452] Iteration(1167): 1 context requests, 1024 context tokens, 0 generation requests, 0 generation tokens, iteration elapsed time: 277.40 ms
(APIServer pid=88) INFO:     10.250.202.7:39106 - "POST /v1/completions HTTP/1.1" 200 OK
(APIServer pid=88) INFO:     192.168.200.27:47206 - "GET /v1/models HTTP/1.1" 200 OK
(APIServer pid=88) INFO 08-12 14:27:57 [loggers.py:273] Engine 000: Avg prompt throughput: 2150.2 tokens/s, Avg generation throughput: 0.7 tokens/s, Running: 0 reqs, Waiting: 0 reqs, GPU KV cache usage: 0.0%, Prefix cache hit rate: 0.0%, External prefix cache hit rate: 41.6%
(APIServer pid=88) INFO:     192.168.200.27:44230 - "GET /v1/models HTTP/1.1" 200 OK
