2026-08-10T05:09:16.707983864Z
+------------------------------------------------------------------------------------------------+
| npu-smi 25.5.2                   Version: 25.5.2                                               |
+---------------------------+---------------+----------------------------------------------------+
| NPU   Name                | Health        | Power(W)    Temp(C)           Hugepages-Usage(page)|
| Chip                      | Bus-Id        | AICore(%)   Memory-Usage(MB)  HBM-Usage(MB)        |
+===========================+===============+====================================================+
| 2     910B4               | OK            | 90.2        42                0    / 0             |
| 0                         | 0000:81:00.0  | 0           0    / 0          30691/ 32768         |
+===========================+===============+====================================================+
| 3     910B4               | OK            | 94.8        43                0    / 0             |
| 0                         | 0000:82:00.0  | 0           0    / 0          30561/ 32768         |
+===========================+===============+====================================================+
+---------------------------+---------------+----------------------------------------------------+
| NPU     Chip              | Process id    | Process name             | Process memory(MB)      |
+===========================+===============+====================================================+
| 2       0                 | 157           | VLLMWorker_TP            | 27738                   |
| 2       0                 | 125           | VLLMEngineCor            | 184                     |
+===========================+===============+====================================================+
| 3       0                 | 182           | VLLMWorker_TP            | 27738                   |
+===========================+===============+====================================================+
2026-08-10T05:09:27.442633487Z
+------------------------------------------------------------------------------------------------+
| npu-smi 25.5.2                   Version: 25.5.2                                               |
+---------------------------+---------------+----------------------------------------------------+
| NPU   Name                | Health        | Power(W)    Temp(C)           Hugepages-Usage(page)|
| Chip                      | Bus-Id        | AICore(%)   Memory-Usage(MB)  HBM-Usage(MB)        |
+===========================+===============+====================================================+
| 2     910B4               | OK            | 90.2        42                0    / 0             |
| 0                         | 0000:81:00.0  | 0           0    / 0          30691/ 32768         |
+===========================+===============+====================================================+
| 3     910B4               | OK            | 94.9        43                0    / 0             |
| 0                         | 0000:82:00.0  | 0           0    / 0          30561/ 32768         |
+===========================+===============+====================================================+
+---------------------------+---------------+----------------------------------------------------+
| NPU     Chip              | Process id    | Process name             | Process memory(MB)      |
+===========================+===============+====================================================+
| 2       0                 | 157           | VLLMWorker_TP            | 27738                   |
| 2       0                 | 125           | VLLMEngineCor            | 184                     |
+===========================+===============+====================================================+
| 3       0                 | 182           | VLLMWorker_TP            | 27738                   |
+===========================+===============+====================================================+
2026-08-10T05:09:38.197559826Z
+------------------------------------------------------------------------------------------------+
| npu-smi 25.5.2                   Version: 25.5.2                                               |
+---------------------------+---------------+----------------------------------------------------+
| NPU   Name                | Health        | Power(W)    Temp(C)           Hugepages-Usage(page)|
| Chip                      | Bus-Id        | AICore(%)   Memory-Usage(MB)  HBM-Usage(MB)        |
+===========================+===============+====================================================+
| 2     910B4               | OK            | 90.3        41                0    / 0             |
| 0                         | 0000:81:00.0  | 0           0    / 0          30691/ 32768         |
+===========================+===============+====================================================+
| 3     910B4               | OK            | 94.8        43                0    / 0             |
| 0                         | 0000:82:00.0  | 0           0    / 0          30561/ 32768         |
+===========================+===============+====================================================+
+---------------------------+---------------+----------------------------------------------------+
| NPU     Chip              | Process id    | Process name             | Process memory(MB)      |
+===========================+===============+====================================================+
| 2       0                 | 157           | VLLMWorker_TP            | 27738                   |
| 2       0                 | 125           | VLLMEngineCor            | 184                     |
+===========================+===============+====================================================+
| 3       0                 | 182           | VLLMWorker_TP            | 27738                   |
+===========================+===============+====================================================+
2026-08-10T05:09:48.945068676Z
+------------------------------------------------------------------------------------------------+
| npu-smi 25.5.2                   Version: 25.5.2                                               |
+---------------------------+---------------+----------------------------------------------------+
| NPU   Name                | Health        | Power(W)    Temp(C)           Hugepages-Usage(page)|
| Chip                      | Bus-Id        | AICore(%)   Memory-Usage(MB)  HBM-Usage(MB)        |
+===========================+===============+====================================================+
| 2     910B4               | OK            | 98.1        42                0    / 0             |
| 0                         | 0000:81:00.0  | 0           0    / 0          30691/ 32768         |
+===========================+===============+====================================================+
| 3     910B4               | OK            | 101.0       43                0    / 0             |
| 0                         | 0000:82:00.0  | 0           0    / 0          30561/ 32768         |
+===========================+===============+====================================================+
+---------------------------+---------------+----------------------------------------------------+
| NPU     Chip              | Process id    | Process name             | Process memory(MB)      |
+===========================+===============+====================================================+
| 2       0                 | 157           | VLLMWorker_TP            | 27738                   |
| 2       0                 | 125           | VLLMEngineCor            | 184                     |
+===========================+===============+====================================================+
| 3       0                 | 182           | VLLMWorker_TP            | 27738                   |
+===========================+===============+====================================================+
2026-08-10T05:09:59.690365345Z
+------------------------------------------------------------------------------------------------+
| npu-smi 25.5.2                   Version: 25.5.2                                               |
+---------------------------+---------------+----------------------------------------------------+
| NPU   Name                | Health        | Power(W)    Temp(C)           Hugepages-Usage(page)|
| Chip                      | Bus-Id        | AICore(%)   Memory-Usage(MB)  HBM-Usage(MB)        |
+===========================+===============+====================================================+
| 2     910B4               | OK            | 98.4        43                0    / 0             |
| 0                         | 0000:81:00.0  | 0           0    / 0          30691/ 32768         |
+===========================+===============+====================================================+
| 3     910B4               | OK            | 100.6       43                0    / 0             |
| 0                         | 0000:82:00.0  | 0           0    / 0          30561/ 32768         |
+===========================+===============+====================================================+
+---------------------------+---------------+----------------------------------------------------+
| NPU     Chip              | Process id    | Process name             | Process memory(MB)      |
+===========================+===============+====================================================+
| 2       0                 | 157           | VLLMWorker_TP            | 27738                   |
| 2       0                 | 125           | VLLMEngineCor            | 184                     |
+===========================+===============+====================================================+
| 3       0                 | 182           | VLLMWorker_TP            | 27738                   |
+===========================+===============+====================================================+
2026-08-10T05:10:10.417350898Z
+------------------------------------------------------------------------------------------------+
| npu-smi 25.5.2                   Version: 25.5.2                                               |
+---------------------------+---------------+----------------------------------------------------+
| NPU   Name                | Health        | Power(W)    Temp(C)           Hugepages-Usage(page)|
| Chip                      | Bus-Id        | AICore(%)   Memory-Usage(MB)  HBM-Usage(MB)        |
+===========================+===============+====================================================+
| 2     910B4               | OK            | 98.6        42                0    / 0             |
| 0                         | 0000:81:00.0  | 6           0    / 0          30691/ 32768         |
+===========================+===============+====================================================+
| 3     910B4               | OK            | 102.1       43                0    / 0             |
| 0                         | 0000:82:00.0  | 5           0    / 0          30561/ 32768         |
+===========================+===============+====================================================+
+---------------------------+---------------+----------------------------------------------------+
| NPU     Chip              | Process id    | Process name             | Process memory(MB)      |
+===========================+===============+====================================================+
| 2       0                 | 157           | VLLMWorker_TP            | 27738                   |
| 2       0                 | 125           | VLLMEngineCor            | 184                     |
+===========================+===============+====================================================+
| 3       0                 | 182           | VLLMWorker_TP            | 27738                   |
+===========================+===============+====================================================+
2026-08-10T05:10:21.173728094Z
+------------------------------------------------------------------------------------------------+
| npu-smi 25.5.2                   Version: 25.5.2                                               |
+---------------------------+---------------+----------------------------------------------------+
| NPU   Name                | Health        | Power(W)    Temp(C)           Hugepages-Usage(page)|
| Chip                      | Bus-Id        | AICore(%)   Memory-Usage(MB)  HBM-Usage(MB)        |
+===========================+===============+====================================================+
| 2     910B4               | OK            | 98.7        43                0    / 0             |
| 0                         | 0000:81:00.0  | 0           0    / 0          30691/ 32768         |
+===========================+===============+====================================================+
| 3     910B4               | OK            | 101.2       43                0    / 0             |
| 0                         | 0000:82:00.0  | 0           0    / 0          30561/ 32768         |
+===========================+===============+====================================================+
+---------------------------+---------------+----------------------------------------------------+
| NPU     Chip              | Process id    | Process name             | Process memory(MB)      |
+===========================+===============+====================================================+
| 2       0                 | 157           | VLLMWorker_TP            | 27738                   |
| 2       0                 | 125           | VLLMEngineCor            | 184                     |
+===========================+===============+====================================================+
| 3       0                 | 182           | VLLMWorker_TP            | 27738                   |
+===========================+===============+====================================================+
2026-08-10T05:10:31.921206724Z
+------------------------------------------------------------------------------------------------+
| npu-smi 25.5.2                   Version: 25.5.2                                               |
+---------------------------+---------------+----------------------------------------------------+
| NPU   Name                | Health        | Power(W)    Temp(C)           Hugepages-Usage(page)|
| Chip                      | Bus-Id        | AICore(%)   Memory-Usage(MB)  HBM-Usage(MB)        |
+===========================+===============+====================================================+
| 2     910B4               | OK            | 98.4        43                0    / 0             |
| 0                         | 0000:81:00.0  | 0           0    / 0          30691/ 32768         |
+===========================+===============+====================================================+
| 3     910B4               | OK            | 101.2       44                0    / 0             |
| 0                         | 0000:82:00.0  | 0           0    / 0          30561/ 32768         |
+===========================+===============+====================================================+
+---------------------------+---------------+----------------------------------------------------+
| NPU     Chip              | Process id    | Process name             | Process memory(MB)      |
+===========================+===============+====================================================+
| 2       0                 | 157           | VLLMWorker_TP            | 27738                   |
| 2       0                 | 125           | VLLMEngineCor            | 184                     |
+===========================+===============+====================================================+
| 3       0                 | 182           | VLLMWorker_TP            | 27738                   |
+===========================+===============+====================================================+
2026-08-10T05:10:42.665239357Z
+------------------------------------------------------------------------------------------------+
| npu-smi 25.5.2                   Version: 25.5.2                                               |
+---------------------------+---------------+----------------------------------------------------+
| NPU   Name                | Health        | Power(W)    Temp(C)           Hugepages-Usage(page)|
| Chip                      | Bus-Id        | AICore(%)   Memory-Usage(MB)  HBM-Usage(MB)        |
+===========================+===============+====================================================+
| 2     910B4               | OK            | 99.4        42                0    / 0             |
| 0                         | 0000:81:00.0  | 10          0    / 0          30691/ 32768         |
+===========================+===============+====================================================+
| 3     910B4               | OK            | 101.6       44                0    / 0             |
| 0                         | 0000:82:00.0  | 0           0    / 0          30560/ 32768         |
+===========================+===============+====================================================+
+---------------------------+---------------+----------------------------------------------------+
| NPU     Chip              | Process id    | Process name             | Process memory(MB)      |
+===========================+===============+====================================================+
| 2       0                 | 157           | VLLMWorker_TP            | 27738                   |
| 2       0                 | 125           | VLLMEngineCor            | 184                     |
+===========================+===============+====================================================+
| 3       0                 | 182           | VLLMWorker_TP            | 27738                   |
+===========================+===============+====================================================+
2026-08-10T05:10:53.447438158Z
+------------------------------------------------------------------------------------------------+
| npu-smi 25.5.2                   Version: 25.5.2                                               |
+---------------------------+---------------+----------------------------------------------------+
| NPU   Name                | Health        | Power(W)    Temp(C)           Hugepages-Usage(page)|
| Chip                      | Bus-Id        | AICore(%)   Memory-Usage(MB)  HBM-Usage(MB)        |
+===========================+===============+====================================================+
| 2     910B4               | OK            | 98.8        43                0    / 0             |
| 0                         | 0000:81:00.0  | 0           0    / 0          30691/ 32768         |
+===========================+===============+====================================================+
| 3     910B4               | OK            | 101.2       43                0    / 0             |
| 0                         | 0000:82:00.0  | 0           0    / 0          30561/ 32768         |
+===========================+===============+====================================================+
+---------------------------+---------------+----------------------------------------------------+
| NPU     Chip              | Process id    | Process name             | Process memory(MB)      |
+===========================+===============+====================================================+
| 2       0                 | 157           | VLLMWorker_TP            | 27738                   |
| 2       0                 | 125           | VLLMEngineCor            | 184                     |
+===========================+===============+====================================================+
| 3       0                 | 182           | VLLMWorker_TP            | 27738                   |
+===========================+===============+====================================================+
2026-08-10T05:11:04.183011356Z
+------------------------------------------------------------------------------------------------+
| npu-smi 25.5.2                   Version: 25.5.2                                               |
+---------------------------+---------------+----------------------------------------------------+
| NPU   Name                | Health        | Power(W)    Temp(C)           Hugepages-Usage(page)|
| Chip                      | Bus-Id        | AICore(%)   Memory-Usage(MB)  HBM-Usage(MB)        |
+===========================+===============+====================================================+
| 2     910B4               | OK            | 98.4        42                0    / 0             |
| 0                         | 0000:81:00.0  | 0           0    / 0          30691/ 32768         |
+===========================+===============+====================================================+
| 3     910B4               | OK            | 101.4       43                0    / 0             |
| 0                         | 0000:82:00.0  | 0           0    / 0          30561/ 32768         |
+===========================+===============+====================================================+
+---------------------------+---------------+----------------------------------------------------+
| NPU     Chip              | Process id    | Process name             | Process memory(MB)      |
+===========================+===============+====================================================+
| 2       0                 | 157           | VLLMWorker_TP            | 27738                   |
| 2       0                 | 125           | VLLMEngineCor            | 184                     |
+===========================+===============+====================================================+
| 3       0                 | 182           | VLLMWorker_TP            | 27738                   |
+===========================+===============+====================================================+
2026-08-10T05:11:14.938559598Z
+------------------------------------------------------------------------------------------------+
| npu-smi 25.5.2                   Version: 25.5.2                                               |
+---------------------------+---------------+----------------------------------------------------+
| NPU   Name                | Health        | Power(W)    Temp(C)           Hugepages-Usage(page)|
| Chip                      | Bus-Id        | AICore(%)   Memory-Usage(MB)  HBM-Usage(MB)        |
+===========================+===============+====================================================+
| 2     910B4               | OK            | 98.5        42                0    / 0             |
| 0                         | 0000:81:00.0  | 0           0    / 0          30691/ 32768         |
+===========================+===============+====================================================+
| 3     910B4               | OK            | 101.2       43                0    / 0             |
| 0                         | 0000:82:00.0  | 0           0    / 0          30560/ 32768         |
+===========================+===============+====================================================+
+---------------------------+---------------+----------------------------------------------------+
| NPU     Chip              | Process id    | Process name             | Process memory(MB)      |
+===========================+===============+====================================================+
| 2       0                 | 157           | VLLMWorker_TP            | 27738                   |
| 2       0                 | 125           | VLLMEngineCor            | 184                     |
+===========================+===============+====================================================+
| 3       0                 | 182           | VLLMWorker_TP            | 27738                   |
+===========================+===============+====================================================+
2026-08-10T05:11:25.683079523Z
+------------------------------------------------------------------------------------------------+
| npu-smi 25.5.2                   Version: 25.5.2                                               |
+---------------------------+---------------+----------------------------------------------------+
| NPU   Name                | Health        | Power(W)    Temp(C)           Hugepages-Usage(page)|
| Chip                      | Bus-Id        | AICore(%)   Memory-Usage(MB)  HBM-Usage(MB)        |
+===========================+===============+====================================================+
| 2     910B4               | OK            | 98.5        43                0    / 0             |
| 0                         | 0000:81:00.0  | 0           0    / 0          30691/ 32768         |
+===========================+===============+====================================================+
| 3     910B4               | OK            | 101.4       43                0    / 0             |
| 0                         | 0000:82:00.0  | 0           0    / 0          30560/ 32768         |
+===========================+===============+====================================================+
+---------------------------+---------------+----------------------------------------------------+
| NPU     Chip              | Process id    | Process name             | Process memory(MB)      |
+===========================+===============+====================================================+
| 2       0                 | 157           | VLLMWorker_TP            | 27738                   |
| 2       0                 | 125           | VLLMEngineCor            | 184                     |
+===========================+===============+====================================================+
| 3       0                 | 182           | VLLMWorker_TP            | 27738                   |
+===========================+===============+====================================================+
2026-08-10T05:11:36.427424127Z
+------------------------------------------------------------------------------------------------+
| npu-smi 25.5.2                   Version: 25.5.2                                               |
+---------------------------+---------------+----------------------------------------------------+
| NPU   Name                | Health        | Power(W)    Temp(C)           Hugepages-Usage(page)|
| Chip                      | Bus-Id        | AICore(%)   Memory-Usage(MB)  HBM-Usage(MB)        |
+===========================+===============+====================================================+
| 2     910B4               | OK            | 98.6        43                0    / 0             |
| 0                         | 0000:81:00.0  | 0           0    / 0          30691/ 32768         |
+===========================+===============+====================================================+
| 3     910B4               | OK            | 100.9       44                0    / 0             |
| 0                         | 0000:82:00.0  | 0           0    / 0          30560/ 32768         |
+===========================+===============+====================================================+
+---------------------------+---------------+----------------------------------------------------+
| NPU     Chip              | Process id    | Process name             | Process memory(MB)      |
+===========================+===============+====================================================+
| 2       0                 | 157           | VLLMWorker_TP            | 27738                   |
| 2       0                 | 125           | VLLMEngineCor            | 184                     |
+===========================+===============+====================================================+
| 3       0                 | 182           | VLLMWorker_TP            | 27738                   |
+===========================+===============+====================================================+
2026-08-10T05:11:47.188889660Z
+------------------------------------------------------------------------------------------------+
| npu-smi 25.5.2                   Version: 25.5.2                                               |
+---------------------------+---------------+----------------------------------------------------+
| NPU   Name                | Health        | Power(W)    Temp(C)           Hugepages-Usage(page)|
| Chip                      | Bus-Id        | AICore(%)   Memory-Usage(MB)  HBM-Usage(MB)        |
+===========================+===============+====================================================+
| 2     910B4               | OK            | 98.7        43                0    / 0             |
| 0                         | 0000:81:00.0  | 0           0    / 0          30691/ 32768         |
+===========================+===============+====================================================+
| 3     910B4               | OK            | 101.0       44                0    / 0             |
| 0                         | 0000:82:00.0  | 0           0    / 0          30561/ 32768         |
+===========================+===============+====================================================+
+---------------------------+---------------+----------------------------------------------------+
| NPU     Chip              | Process id    | Process name             | Process memory(MB)      |
+===========================+===============+====================================================+
| 2       0                 | 157           | VLLMWorker_TP            | 27738                   |
| 2       0                 | 125           | VLLMEngineCor            | 184                     |
+===========================+===============+====================================================+
| 3       0                 | 182           | VLLMWorker_TP            | 27738                   |
+===========================+===============+====================================================+
2026-08-10T05:11:57.920903409Z
+------------------------------------------------------------------------------------------------+
| npu-smi 25.5.2                   Version: 25.5.2                                               |
+---------------------------+---------------+----------------------------------------------------+
| NPU   Name                | Health        | Power(W)    Temp(C)           Hugepages-Usage(page)|
| Chip                      | Bus-Id        | AICore(%)   Memory-Usage(MB)  HBM-Usage(MB)        |
+===========================+===============+====================================================+
| 2     910B4               | OK            | 98.4        42                0    / 0             |
| 0                         | 0000:81:00.0  | 0           0    / 0          30691/ 32768         |
+===========================+===============+====================================================+
| 3     910B4               | OK            | 101.0       44                0    / 0             |
| 0                         | 0000:82:00.0  | 0           0    / 0          30561/ 32768         |
+===========================+===============+====================================================+
+---------------------------+---------------+----------------------------------------------------+
| NPU     Chip              | Process id    | Process name             | Process memory(MB)      |
+===========================+===============+====================================================+
| 2       0                 | 157           | VLLMWorker_TP            | 27738                   |
| 2       0                 | 125           | VLLMEngineCor            | 184                     |
+===========================+===============+====================================================+
| 3       0                 | 182           | VLLMWorker_TP            | 27738                   |
+===========================+===============+====================================================+
2026-08-10T05:12:08.676519042Z
+------------------------------------------------------------------------------------------------+
| npu-smi 25.5.2                   Version: 25.5.2                                               |
+---------------------------+---------------+----------------------------------------------------+
| NPU   Name                | Health        | Power(W)    Temp(C)           Hugepages-Usage(page)|
| Chip                      | Bus-Id        | AICore(%)   Memory-Usage(MB)  HBM-Usage(MB)        |
+===========================+===============+====================================================+
| 2     910B4               | OK            | 98.3        42                0    / 0             |
| 0                         | 0000:81:00.0  | 0           0    / 0          30691/ 32768         |
+===========================+===============+====================================================+
| 3     910B4               | OK            | 100.8       43                0    / 0             |
| 0                         | 0000:82:00.0  | 0           0    / 0          30560/ 32768         |
+===========================+===============+====================================================+
+---------------------------+---------------+----------------------------------------------------+
| NPU     Chip              | Process id    | Process name             | Process memory(MB)      |
+===========================+===============+====================================================+
| 2       0                 | 157           | VLLMWorker_TP            | 27738                   |
| 2       0                 | 125           | VLLMEngineCor            | 184                     |
+===========================+===============+====================================================+
| 3       0                 | 182           | VLLMWorker_TP            | 27738                   |
+===========================+===============+====================================================+
2026-08-10T05:12:19.410773773Z
+------------------------------------------------------------------------------------------------+
| npu-smi 25.5.2                   Version: 25.5.2                                               |
+---------------------------+---------------+----------------------------------------------------+
| NPU   Name                | Health        | Power(W)    Temp(C)           Hugepages-Usage(page)|
| Chip                      | Bus-Id        | AICore(%)   Memory-Usage(MB)  HBM-Usage(MB)        |
+===========================+===============+====================================================+
| 2     910B4               | OK            | 98.8        43                0    / 0             |
| 0                         | 0000:81:00.0  | 0           0    / 0          30691/ 32768         |
+===========================+===============+====================================================+
| 3     910B4               | OK            | 101.1       44                0    / 0             |
| 0                         | 0000:82:00.0  | 0           0    / 0          30560/ 32768         |
+===========================+===============+====================================================+
+---------------------------+---------------+----------------------------------------------------+
| NPU     Chip              | Process id    | Process name             | Process memory(MB)      |
+===========================+===============+====================================================+
| 2       0                 | 157           | VLLMWorker_TP            | 27738                   |
| 2       0                 | 125           | VLLMEngineCor            | 184                     |
+===========================+===============+====================================================+
| 3       0                 | 182           | VLLMWorker_TP            | 27738                   |
+===========================+===============+====================================================+
2026-08-10T05:12:30.143855838Z
+------------------------------------------------------------------------------------------------+
| npu-smi 25.5.2                   Version: 25.5.2                                               |
+---------------------------+---------------+----------------------------------------------------+
| NPU   Name                | Health        | Power(W)    Temp(C)           Hugepages-Usage(page)|
| Chip                      | Bus-Id        | AICore(%)   Memory-Usage(MB)  HBM-Usage(MB)        |
+===========================+===============+====================================================+
| 2     910B4               | OK            | 98.7        43                0    / 0             |
| 0                         | 0000:81:00.0  | 0           0    / 0          30692/ 32768         |
+===========================+===============+====================================================+
| 3     910B4               | OK            | 101.2       44                0    / 0             |
| 0                         | 0000:82:00.0  | 0           0    / 0          30561/ 32768         |
+===========================+===============+====================================================+
+---------------------------+---------------+----------------------------------------------------+
| NPU     Chip              | Process id    | Process name             | Process memory(MB)      |
+===========================+===============+====================================================+
| 2       0                 | 157           | VLLMWorker_TP            | 27738                   |
| 2       0                 | 125           | VLLMEngineCor            | 184                     |
+===========================+===============+====================================================+
| 3       0                 | 182           | VLLMWorker_TP            | 27738                   |
+===========================+===============+====================================================+
2026-08-10T05:12:40.897637881Z
+------------------------------------------------------------------------------------------------+
| npu-smi 25.5.2                   Version: 25.5.2                                               |
+---------------------------+---------------+----------------------------------------------------+
| NPU   Name                | Health        | Power(W)    Temp(C)           Hugepages-Usage(page)|
| Chip                      | Bus-Id        | AICore(%)   Memory-Usage(MB)  HBM-Usage(MB)        |
+===========================+===============+====================================================+
| 2     910B4               | OK            | 98.8        42                0    / 0             |
| 0                         | 0000:81:00.0  | 0           0    / 0          30691/ 32768         |
+===========================+===============+====================================================+
| 3     910B4               | OK            | 101.0       43                0    / 0             |
| 0                         | 0000:82:00.0  | 0           0    / 0          30560/ 32768         |
+===========================+===============+====================================================+
+---------------------------+---------------+----------------------------------------------------+
| NPU     Chip              | Process id    | Process name             | Process memory(MB)      |
+===========================+===============+====================================================+
| 2       0                 | 157           | VLLMWorker_TP            | 27738                   |
| 2       0                 | 125           | VLLMEngineCor            | 184                     |
+===========================+===============+====================================================+
| 3       0                 | 182           | VLLMWorker_TP            | 27738                   |
+===========================+===============+====================================================+
2026-08-10T05:12:51.657162474Z
+------------------------------------------------------------------------------------------------+
| npu-smi 25.5.2                   Version: 25.5.2                                               |
+---------------------------+---------------+----------------------------------------------------+
| NPU   Name                | Health        | Power(W)    Temp(C)           Hugepages-Usage(page)|
| Chip                      | Bus-Id        | AICore(%)   Memory-Usage(MB)  HBM-Usage(MB)        |
+===========================+===============+====================================================+
| 2     910B4               | OK            | 98.5        43                0    / 0             |
| 0                         | 0000:81:00.0  | 0           0    / 0          30692/ 32768         |
+===========================+===============+====================================================+
| 3     910B4               | OK            | 100.9       44                0    / 0             |
| 0                         | 0000:82:00.0  | 0           0    / 0          30560/ 32768         |
+===========================+===============+====================================================+
+---------------------------+---------------+----------------------------------------------------+
| NPU     Chip              | Process id    | Process name             | Process memory(MB)      |
+===========================+===============+====================================================+
| 2       0                 | 157           | VLLMWorker_TP            | 27738                   |
| 2       0                 | 125           | VLLMEngineCor            | 184                     |
+===========================+===============+====================================================+
| 3       0                 | 182           | VLLMWorker_TP            | 27738                   |
+===========================+===============+====================================================+
2026-08-10T05:13:02.418730288Z
+------------------------------------------------------------------------------------------------+
| npu-smi 25.5.2                   Version: 25.5.2                                               |
+---------------------------+---------------+----------------------------------------------------+
| NPU   Name                | Health        | Power(W)    Temp(C)           Hugepages-Usage(page)|
| Chip                      | Bus-Id        | AICore(%)   Memory-Usage(MB)  HBM-Usage(MB)        |
+===========================+===============+====================================================+
| 2     910B4               | OK            | 98.0        43                0    / 0             |
| 0                         | 0000:81:00.0  | 0           0    / 0          30691/ 32768         |
+===========================+===============+====================================================+
| 3     910B4               | OK            | 101.3       44                0    / 0             |
| 0                         | 0000:82:00.0  | 0           0    / 0          30561/ 32768         |
+===========================+===============+====================================================+
+---------------------------+---------------+----------------------------------------------------+
| NPU     Chip              | Process id    | Process name             | Process memory(MB)      |
+===========================+===============+====================================================+
| 2       0                 | 157           | VLLMWorker_TP            | 27738                   |
| 2       0                 | 125           | VLLMEngineCor            | 184                     |
+===========================+===============+====================================================+
| 3       0                 | 182           | VLLMWorker_TP            | 27738                   |
+===========================+===============+====================================================+
2026-08-10T05:13:13.176749023Z
+------------------------------------------------------------------------------------------------+
| npu-smi 25.5.2                   Version: 25.5.2                                               |
+---------------------------+---------------+----------------------------------------------------+
| NPU   Name                | Health        | Power(W)    Temp(C)           Hugepages-Usage(page)|
| Chip                      | Bus-Id        | AICore(%)   Memory-Usage(MB)  HBM-Usage(MB)        |
+===========================+===============+====================================================+
| 2     910B4               | OK            | 98.2        43                0    / 0             |
| 0                         | 0000:81:00.0  | 0           0    / 0          30691/ 32768         |
+===========================+===============+====================================================+
| 3     910B4               | OK            | 101.1       44                0    / 0             |
| 0                         | 0000:82:00.0  | 0           0    / 0          30561/ 32768         |
+===========================+===============+====================================================+
+---------------------------+---------------+----------------------------------------------------+
| NPU     Chip              | Process id    | Process name             | Process memory(MB)      |
+===========================+===============+====================================================+
| 2       0                 | 157           | VLLMWorker_TP            | 27738                   |
| 2       0                 | 125           | VLLMEngineCor            | 184                     |
+===========================+===============+====================================================+
| 3       0                 | 182           | VLLMWorker_TP            | 27738                   |
+===========================+===============+====================================================+
2026-08-10T05:13:23.938737049Z
+------------------------------------------------------------------------------------------------+
| npu-smi 25.5.2                   Version: 25.5.2                                               |
+---------------------------+---------------+----------------------------------------------------+
| NPU   Name                | Health        | Power(W)    Temp(C)           Hugepages-Usage(page)|
| Chip                      | Bus-Id        | AICore(%)   Memory-Usage(MB)  HBM-Usage(MB)        |
+===========================+===============+====================================================+
| 2     910B4               | OK            | 98.8        43                0    / 0             |
| 0                         | 0000:81:00.0  | 0           0    / 0          30691/ 32768         |
+===========================+===============+====================================================+
| 3     910B4               | OK            | 101.4       44                0    / 0             |
| 0                         | 0000:82:00.0  | 0           0    / 0          30561/ 32768         |
+===========================+===============+====================================================+
+---------------------------+---------------+----------------------------------------------------+
| NPU     Chip              | Process id    | Process name             | Process memory(MB)      |
+===========================+===============+====================================================+
| 2       0                 | 157           | VLLMWorker_TP            | 27738                   |
| 2       0                 | 125           | VLLMEngineCor            | 184                     |
+===========================+===============+====================================================+
| 3       0                 | 182           | VLLMWorker_TP            | 27738                   |
+===========================+===============+====================================================+
2026-08-10T05:13:34.674368137Z
+------------------------------------------------------------------------------------------------+
| npu-smi 25.5.2                   Version: 25.5.2                                               |
+---------------------------+---------------+----------------------------------------------------+
| NPU   Name                | Health        | Power(W)    Temp(C)           Hugepages-Usage(page)|
| Chip                      | Bus-Id        | AICore(%)   Memory-Usage(MB)  HBM-Usage(MB)        |
+===========================+===============+====================================================+
| 2     910B4               | OK            | 99.0        43                0    / 0             |
| 0                         | 0000:81:00.0  | 0           0    / 0          30691/ 32768         |
+===========================+===============+====================================================+
| 3     910B4               | OK            | 101.3       44                0    / 0             |
| 0                         | 0000:82:00.0  | 0           0    / 0          30561/ 32768         |
+===========================+===============+====================================================+
+---------------------------+---------------+----------------------------------------------------+
| NPU     Chip              | Process id    | Process name             | Process memory(MB)      |
+===========================+===============+====================================================+
| 2       0                 | 157           | VLLMWorker_TP            | 27738                   |
| 2       0                 | 125           | VLLMEngineCor            | 184                     |
+===========================+===============+====================================================+
| 3       0                 | 182           | VLLMWorker_TP            | 27738                   |
+===========================+===============+====================================================+
2026-08-10T05:13:45.410667418Z
+------------------------------------------------------------------------------------------------+
| npu-smi 25.5.2                   Version: 25.5.2                                               |
+---------------------------+---------------+----------------------------------------------------+
| NPU   Name                | Health        | Power(W)    Temp(C)           Hugepages-Usage(page)|
| Chip                      | Bus-Id        | AICore(%)   Memory-Usage(MB)  HBM-Usage(MB)        |
+===========================+===============+====================================================+
| 2     910B4               | OK            | 98.4        42                0    / 0             |
| 0                         | 0000:81:00.0  | 0           0    / 0          30692/ 32768         |
+===========================+===============+====================================================+
| 3     910B4               | OK            | 101.1       44                0    / 0             |
| 0                         | 0000:82:00.0  | 0           0    / 0          30560/ 32768         |
+===========================+===============+====================================================+
+---------------------------+---------------+----------------------------------------------------+
| NPU     Chip              | Process id    | Process name             | Process memory(MB)      |
+===========================+===============+====================================================+
| 2       0                 | 157           | VLLMWorker_TP            | 27738                   |
| 2       0                 | 125           | VLLMEngineCor            | 184                     |
+===========================+===============+====================================================+
| 3       0                 | 182           | VLLMWorker_TP            | 27738                   |
+===========================+===============+====================================================+
2026-08-10T05:13:56.157365814Z
+------------------------------------------------------------------------------------------------+
| npu-smi 25.5.2                   Version: 25.5.2                                               |
+---------------------------+---------------+----------------------------------------------------+
| NPU   Name                | Health        | Power(W)    Temp(C)           Hugepages-Usage(page)|
| Chip                      | Bus-Id        | AICore(%)   Memory-Usage(MB)  HBM-Usage(MB)        |
+===========================+===============+====================================================+
| 2     910B4               | OK            | 98.1        43                0    / 0             |
| 0                         | 0000:81:00.0  | 0           0    / 0          30692/ 32768         |
+===========================+===============+====================================================+
| 3     910B4               | OK            | 101.3       44                0    / 0             |
| 0                         | 0000:82:00.0  | 0           0    / 0          30560/ 32768         |
+===========================+===============+====================================================+
+---------------------------+---------------+----------------------------------------------------+
| NPU     Chip              | Process id    | Process name             | Process memory(MB)      |
+===========================+===============+====================================================+
| 2       0                 | 157           | VLLMWorker_TP            | 27738                   |
| 2       0                 | 125           | VLLMEngineCor            | 184                     |
+===========================+===============+====================================================+
| 3       0                 | 182           | VLLMWorker_TP            | 27738                   |
+===========================+===============+====================================================+
2026-08-10T05:14:06.887359303Z
+------------------------------------------------------------------------------------------------+
| npu-smi 25.5.2                   Version: 25.5.2                                               |
+---------------------------+---------------+----------------------------------------------------+
| NPU   Name                | Health        | Power(W)    Temp(C)           Hugepages-Usage(page)|
| Chip                      | Bus-Id        | AICore(%)   Memory-Usage(MB)  HBM-Usage(MB)        |
+===========================+===============+====================================================+
| 2     910B4               | OK            | 90.3        42                0    / 0             |
| 0                         | 0000:81:00.0  | 0           0    / 0          30691/ 32768         |
+===========================+===============+====================================================+
| 3     910B4               | OK            | 94.8        43                0    / 0             |
| 0                         | 0000:82:00.0  | 0           0    / 0          30560/ 32768         |
+===========================+===============+====================================================+
+---------------------------+---------------+----------------------------------------------------+
| NPU     Chip              | Process id    | Process name             | Process memory(MB)      |
+===========================+===============+====================================================+
| 2       0                 | 157           | VLLMWorker_TP            | 27738                   |
| 2       0                 | 125           | VLLMEngineCor            | 184                     |
+===========================+===============+====================================================+
| 3       0                 | 182           | VLLMWorker_TP            | 27738                   |
+===========================+===============+====================================================+
