2026-08-09T19:07:20.645111708Z
+------------------------------------------------------------------------------------------------+
| npu-smi 25.5.2                   Version: 25.5.2                                               |
+---------------------------+---------------+----------------------------------------------------+
| NPU   Name                | Health        | Power(W)    Temp(C)           Hugepages-Usage(page)|
| Chip                      | Bus-Id        | AICore(%)   Memory-Usage(MB)  HBM-Usage(MB)        |
+===========================+===============+====================================================+
| 2     910B4               | OK            | 90.6        43                0    / 0             |
| 0                         | 0000:81:00.0  | 0           0    / 0          30931/ 32768         |
+===========================+===============+====================================================+
| 3     910B4               | OK            | 95.4        44                0    / 0             |
| 0                         | 0000:82:00.0  | 0           0    / 0          30799/ 32768         |
+===========================+===============+====================================================+
+---------------------------+---------------+----------------------------------------------------+
| NPU     Chip              | Process id    | Process name             | Process memory(MB)      |
+===========================+===============+====================================================+
| 2       0                 | 126           | VLLMEngineCor            | 184                     |
| 2       0                 | 159           | VLLMWorker_TP            | 27976                   |
+===========================+===============+====================================================+
| 3       0                 | 183           | VLLMWorker_TP            | 27976                   |
+===========================+===============+====================================================+
2026-08-09T19:07:31.380566092Z
+------------------------------------------------------------------------------------------------+
| npu-smi 25.5.2                   Version: 25.5.2                                               |
+---------------------------+---------------+----------------------------------------------------+
| NPU   Name                | Health        | Power(W)    Temp(C)           Hugepages-Usage(page)|
| Chip                      | Bus-Id        | AICore(%)   Memory-Usage(MB)  HBM-Usage(MB)        |
+===========================+===============+====================================================+
| 2     910B4               | OK            | 90.5        42                0    / 0             |
| 0                         | 0000:81:00.0  | 0           0    / 0          30931/ 32768         |
+===========================+===============+====================================================+
| 3     910B4               | OK            | 95.4        44                0    / 0             |
| 0                         | 0000:82:00.0  | 0           0    / 0          30799/ 32768         |
+===========================+===============+====================================================+
+---------------------------+---------------+----------------------------------------------------+
| NPU     Chip              | Process id    | Process name             | Process memory(MB)      |
+===========================+===============+====================================================+
| 2       0                 | 126           | VLLMEngineCor            | 184                     |
| 2       0                 | 159           | VLLMWorker_TP            | 27976                   |
+===========================+===============+====================================================+
| 3       0                 | 183           | VLLMWorker_TP            | 27976                   |
+===========================+===============+====================================================+
2026-08-09T19:07:42.106060034Z
+------------------------------------------------------------------------------------------------+
| npu-smi 25.5.2                   Version: 25.5.2                                               |
+---------------------------+---------------+----------------------------------------------------+
| NPU   Name                | Health        | Power(W)    Temp(C)           Hugepages-Usage(page)|
| Chip                      | Bus-Id        | AICore(%)   Memory-Usage(MB)  HBM-Usage(MB)        |
+===========================+===============+====================================================+
| 2     910B4               | OK            | 90.3        42                0    / 0             |
| 0                         | 0000:81:00.0  | 0           0    / 0          30930/ 32768         |
+===========================+===============+====================================================+
| 3     910B4               | OK            | 95.1        43                0    / 0             |
| 0                         | 0000:82:00.0  | 0           0    / 0          30799/ 32768         |
+===========================+===============+====================================================+
+---------------------------+---------------+----------------------------------------------------+
| NPU     Chip              | Process id    | Process name             | Process memory(MB)      |
+===========================+===============+====================================================+
| 2       0                 | 126           | VLLMEngineCor            | 184                     |
| 2       0                 | 159           | VLLMWorker_TP            | 27976                   |
+===========================+===============+====================================================+
| 3       0                 | 183           | VLLMWorker_TP            | 27976                   |
+===========================+===============+====================================================+
2026-08-09T19:07:52.904174716Z
+------------------------------------------------------------------------------------------------+
| npu-smi 25.5.2                   Version: 25.5.2                                               |
+---------------------------+---------------+----------------------------------------------------+
| NPU   Name                | Health        | Power(W)    Temp(C)           Hugepages-Usage(page)|
| Chip                      | Bus-Id        | AICore(%)   Memory-Usage(MB)  HBM-Usage(MB)        |
+===========================+===============+====================================================+
| 2     910B4               | OK            | 123.4       45                0    / 0             |
| 0                         | 0000:81:00.0  | 79          0    / 0          30930/ 32768         |
+===========================+===============+====================================================+
| 3     910B4               | OK            | 127.4       46                0    / 0             |
| 0                         | 0000:82:00.0  | 34          0    / 0          30799/ 32768         |
+===========================+===============+====================================================+
+---------------------------+---------------+----------------------------------------------------+
| NPU     Chip              | Process id    | Process name             | Process memory(MB)      |
+===========================+===============+====================================================+
| 2       0                 | 126           | VLLMEngineCor            | 184                     |
| 2       0                 | 159           | VLLMWorker_TP            | 27976                   |
+===========================+===============+====================================================+
| 3       0                 | 183           | VLLMWorker_TP            | 27976                   |
+===========================+===============+====================================================+
2026-08-09T19:08:03.633612018Z
+------------------------------------------------------------------------------------------------+
| npu-smi 25.5.2                   Version: 25.5.2                                               |
+---------------------------+---------------+----------------------------------------------------+
| NPU   Name                | Health        | Power(W)    Temp(C)           Hugepages-Usage(page)|
| Chip                      | Bus-Id        | AICore(%)   Memory-Usage(MB)  HBM-Usage(MB)        |
+===========================+===============+====================================================+
| 2     910B4               | OK            | 133.0       46                0    / 0             |
| 0                         | 0000:81:00.0  | 75          0    / 0          30930/ 32768         |
+===========================+===============+====================================================+
| 3     910B4               | OK            | 129.0       47                0    / 0             |
| 0                         | 0000:82:00.0  | 46          0    / 0          30799/ 32768         |
+===========================+===============+====================================================+
+---------------------------+---------------+----------------------------------------------------+
| NPU     Chip              | Process id    | Process name             | Process memory(MB)      |
+===========================+===============+====================================================+
| 2       0                 | 126           | VLLMEngineCor            | 184                     |
| 2       0                 | 159           | VLLMWorker_TP            | 27976                   |
+===========================+===============+====================================================+
| 3       0                 | 183           | VLLMWorker_TP            | 27976                   |
+===========================+===============+====================================================+
2026-08-09T19:08:14.377131995Z
+------------------------------------------------------------------------------------------------+
| npu-smi 25.5.2                   Version: 25.5.2                                               |
+---------------------------+---------------+----------------------------------------------------+
| NPU   Name                | Health        | Power(W)    Temp(C)           Hugepages-Usage(page)|
| Chip                      | Bus-Id        | AICore(%)   Memory-Usage(MB)  HBM-Usage(MB)        |
+===========================+===============+====================================================+
| 2     910B4               | OK            | 129.1       46                0    / 0             |
| 0                         | 0000:81:00.0  | 100         0    / 0          30931/ 32768         |
+===========================+===============+====================================================+
| 3     910B4               | OK            | 131.2       48                0    / 0             |
| 0                         | 0000:82:00.0  | 45          0    / 0          30799/ 32768         |
+===========================+===============+====================================================+
+---------------------------+---------------+----------------------------------------------------+
| NPU     Chip              | Process id    | Process name             | Process memory(MB)      |
+===========================+===============+====================================================+
| 2       0                 | 126           | VLLMEngineCor            | 184                     |
| 2       0                 | 159           | VLLMWorker_TP            | 27976                   |
+===========================+===============+====================================================+
| 3       0                 | 183           | VLLMWorker_TP            | 27976                   |
+===========================+===============+====================================================+
2026-08-09T19:08:25.130199361Z
+------------------------------------------------------------------------------------------------+
| npu-smi 25.5.2                   Version: 25.5.2                                               |
+---------------------------+---------------+----------------------------------------------------+
| NPU   Name                | Health        | Power(W)    Temp(C)           Hugepages-Usage(page)|
| Chip                      | Bus-Id        | AICore(%)   Memory-Usage(MB)  HBM-Usage(MB)        |
+===========================+===============+====================================================+
| 2     910B4               | OK            | 90.8        43                0    / 0             |
| 0                         | 0000:81:00.0  | 0           0    / 0          30930/ 32768         |
+===========================+===============+====================================================+
| 3     910B4               | OK            | 95.8        45                0    / 0             |
| 0                         | 0000:82:00.0  | 0           0    / 0          30799/ 32768         |
+===========================+===============+====================================================+
+---------------------------+---------------+----------------------------------------------------+
| NPU     Chip              | Process id    | Process name             | Process memory(MB)      |
+===========================+===============+====================================================+
| 2       0                 | 126           | VLLMEngineCor            | 184                     |
| 2       0                 | 159           | VLLMWorker_TP            | 27976                   |
+===========================+===============+====================================================+
| 3       0                 | 183           | VLLMWorker_TP            | 27976                   |
+===========================+===============+====================================================+
