2026-08-10T05:23:17.418696224Z
+------------------------------------------------------------------------------------------------+
| npu-smi 25.5.2                   Version: 25.5.2                                               |
+---------------------------+---------------+----------------------------------------------------+
| NPU   Name                | Health        | Power(W)    Temp(C)           Hugepages-Usage(page)|
| Chip                      | Bus-Id        | AICore(%)   Memory-Usage(MB)  HBM-Usage(MB)        |
+===========================+===============+====================================================+
| 2     910B4               | OK            | 90.0        42                0    / 0             |
| 0                         | 0000:81:00.0  | 0           0    / 0          30689/ 32768         |
+===========================+===============+====================================================+
| 6     910B4               | OK            | 91.6        44                0    / 0             |
| 0                         | 0000:41:00.0  | 0           0    / 0          30559/ 32768         |
+===========================+===============+====================================================+
+---------------------------+---------------+----------------------------------------------------+
| NPU     Chip              | Process id    | Process name             | Process memory(MB)      |
+===========================+===============+====================================================+
| 2       0                 | 158           | VLLMWorker_TP            | 27736                   |
| 2       0                 | 126           | VLLMEngineCor            | 184                     |
+===========================+===============+====================================================+
| 6       0                 | 204           | VLLMWorker_TP            | 27736                   |
+===========================+===============+====================================================+
2026-08-10T05:23:28.286062430Z
+------------------------------------------------------------------------------------------------+
| npu-smi 25.5.2                   Version: 25.5.2                                               |
+---------------------------+---------------+----------------------------------------------------+
| NPU   Name                | Health        | Power(W)    Temp(C)           Hugepages-Usage(page)|
| Chip                      | Bus-Id        | AICore(%)   Memory-Usage(MB)  HBM-Usage(MB)        |
+===========================+===============+====================================================+
| 2     910B4               | OK            | 90.1        42                0    / 0             |
| 0                         | 0000:81:00.0  | 0           0    / 0          30689/ 32768         |
+===========================+===============+====================================================+
| 6     910B4               | OK            | 91.7        43                0    / 0             |
| 0                         | 0000:41:00.0  | 0           0    / 0          30558/ 32768         |
+===========================+===============+====================================================+
+---------------------------+---------------+----------------------------------------------------+
| NPU     Chip              | Process id    | Process name             | Process memory(MB)      |
+===========================+===============+====================================================+
| 2       0                 | 158           | VLLMWorker_TP            | 27736                   |
| 2       0                 | 126           | VLLMEngineCor            | 184                     |
+===========================+===============+====================================================+
| 6       0                 | 204           | VLLMWorker_TP            | 27736                   |
+===========================+===============+====================================================+
2026-08-10T05:23:39.036012803Z
+------------------------------------------------------------------------------------------------+
| npu-smi 25.5.2                   Version: 25.5.2                                               |
+---------------------------+---------------+----------------------------------------------------+
| NPU   Name                | Health        | Power(W)    Temp(C)           Hugepages-Usage(page)|
| Chip                      | Bus-Id        | AICore(%)   Memory-Usage(MB)  HBM-Usage(MB)        |
+===========================+===============+====================================================+
| 2     910B4               | OK            | 90.0        41                0    / 0             |
| 0                         | 0000:81:00.0  | 0           0    / 0          30689/ 32768         |
+===========================+===============+====================================================+
| 6     910B4               | OK            | 91.8        44                0    / 0             |
| 0                         | 0000:41:00.0  | 0           0    / 0          30559/ 32768         |
+===========================+===============+====================================================+
+---------------------------+---------------+----------------------------------------------------+
| NPU     Chip              | Process id    | Process name             | Process memory(MB)      |
+===========================+===============+====================================================+
| 2       0                 | 158           | VLLMWorker_TP            | 27736                   |
| 2       0                 | 126           | VLLMEngineCor            | 184                     |
+===========================+===============+====================================================+
| 6       0                 | 204           | VLLMWorker_TP            | 27736                   |
+===========================+===============+====================================================+
2026-08-10T05:23:49.788134748Z
+------------------------------------------------------------------------------------------------+
| npu-smi 25.5.2                   Version: 25.5.2                                               |
+---------------------------+---------------+----------------------------------------------------+
| NPU   Name                | Health        | Power(W)    Temp(C)           Hugepages-Usage(page)|
| Chip                      | Bus-Id        | AICore(%)   Memory-Usage(MB)  HBM-Usage(MB)        |
+===========================+===============+====================================================+
| 2     910B4               | OK            | 97.5        41                0    / 0             |
| 0                         | 0000:81:00.0  | 0           0    / 0          30689/ 32768         |
+===========================+===============+====================================================+
| 6     910B4               | OK            | 98.1        44                0    / 0             |
| 0                         | 0000:41:00.0  | 0           0    / 0          30559/ 32768         |
+===========================+===============+====================================================+
+---------------------------+---------------+----------------------------------------------------+
| NPU     Chip              | Process id    | Process name             | Process memory(MB)      |
+===========================+===============+====================================================+
| 2       0                 | 158           | VLLMWorker_TP            | 27736                   |
| 2       0                 | 126           | VLLMEngineCor            | 184                     |
+===========================+===============+====================================================+
| 6       0                 | 204           | VLLMWorker_TP            | 27736                   |
+===========================+===============+====================================================+
2026-08-10T05:24:00.546520435Z
+------------------------------------------------------------------------------------------------+
| npu-smi 25.5.2                   Version: 25.5.2                                               |
+---------------------------+---------------+----------------------------------------------------+
| NPU   Name                | Health        | Power(W)    Temp(C)           Hugepages-Usage(page)|
| Chip                      | Bus-Id        | AICore(%)   Memory-Usage(MB)  HBM-Usage(MB)        |
+===========================+===============+====================================================+
| 2     910B4               | OK            | 98.2        41                0    / 0             |
| 0                         | 0000:81:00.0  | 0           0    / 0          30689/ 32768         |
+===========================+===============+====================================================+
| 6     910B4               | OK            | 97.8        44                0    / 0             |
| 0                         | 0000:41:00.0  | 0           0    / 0          30558/ 32768         |
+===========================+===============+====================================================+
+---------------------------+---------------+----------------------------------------------------+
| NPU     Chip              | Process id    | Process name             | Process memory(MB)      |
+===========================+===============+====================================================+
| 2       0                 | 158           | VLLMWorker_TP            | 27736                   |
| 2       0                 | 126           | VLLMEngineCor            | 184                     |
+===========================+===============+====================================================+
| 6       0                 | 204           | VLLMWorker_TP            | 27736                   |
+===========================+===============+====================================================+
2026-08-10T05:24:11.281382139Z
+------------------------------------------------------------------------------------------------+
| npu-smi 25.5.2                   Version: 25.5.2                                               |
+---------------------------+---------------+----------------------------------------------------+
| NPU   Name                | Health        | Power(W)    Temp(C)           Hugepages-Usage(page)|
| Chip                      | Bus-Id        | AICore(%)   Memory-Usage(MB)  HBM-Usage(MB)        |
+===========================+===============+====================================================+
| 2     910B4               | OK            | 98.1        42                0    / 0             |
| 0                         | 0000:81:00.0  | 0           0    / 0          30689/ 32768         |
+===========================+===============+====================================================+
| 6     910B4               | OK            | 98.3        43                0    / 0             |
| 0                         | 0000:41:00.0  | 0           0    / 0          30558/ 32768         |
+===========================+===============+====================================================+
+---------------------------+---------------+----------------------------------------------------+
| NPU     Chip              | Process id    | Process name             | Process memory(MB)      |
+===========================+===============+====================================================+
| 2       0                 | 158           | VLLMWorker_TP            | 27736                   |
| 2       0                 | 126           | VLLMEngineCor            | 184                     |
+===========================+===============+====================================================+
| 6       0                 | 204           | VLLMWorker_TP            | 27736                   |
+===========================+===============+====================================================+
2026-08-10T05:24:22.044098589Z
+------------------------------------------------------------------------------------------------+
| npu-smi 25.5.2                   Version: 25.5.2                                               |
+---------------------------+---------------+----------------------------------------------------+
| NPU   Name                | Health        | Power(W)    Temp(C)           Hugepages-Usage(page)|
| Chip                      | Bus-Id        | AICore(%)   Memory-Usage(MB)  HBM-Usage(MB)        |
+===========================+===============+====================================================+
| 2     910B4               | OK            | 90.1        41                0    / 0             |
| 0                         | 0000:81:00.0  | 0           0    / 0          30689/ 32768         |
+===========================+===============+====================================================+
| 6     910B4               | OK            | 91.6        43                0    / 0             |
| 0                         | 0000:41:00.0  | 0           0    / 0          30559/ 32768         |
+===========================+===============+====================================================+
+---------------------------+---------------+----------------------------------------------------+
| NPU     Chip              | Process id    | Process name             | Process memory(MB)      |
+===========================+===============+====================================================+
| 2       0                 | 158           | VLLMWorker_TP            | 27736                   |
| 2       0                 | 126           | VLLMEngineCor            | 184                     |
+===========================+===============+====================================================+
| 6       0                 | 204           | VLLMWorker_TP            | 27736                   |
+===========================+===============+====================================================+
