2026-08-10T05:23:17.418589153Z
+------------------------------------------------------------------------------------------------+
| npu-smi 25.5.2                   Version: 25.5.2                                               |
+---------------------------+---------------+----------------------------------------------------+
| NPU   Name                | Health        | Power(W)    Temp(C)           Hugepages-Usage(page)|
| Chip                      | Bus-Id        | AICore(%)   Memory-Usage(MB)  HBM-Usage(MB)        |
+===========================+===============+====================================================+
| 1     910B4               | OK            | 83.2        43                0    / 0             |
| 0                         | 0000:C2:00.0  | 0           0    / 0          30851/ 32768         |
+===========================+===============+====================================================+
| 7     910B4               | OK            | 88.2        43                0    / 0             |
| 0                         | 0000:42:00.0  | 0           0    / 0          30718/ 32768         |
+===========================+===============+====================================================+
+---------------------------+---------------+----------------------------------------------------+
| NPU     Chip              | Process id    | Process name             | Process memory(MB)      |
+===========================+===============+====================================================+
| 1       0                 | 146           | VLLMEngineCor            | 184                     |
| 1       0                 | 178           | VLLMWorker_TP            | 27896                   |
+===========================+===============+====================================================+
| 7       0                 | 203           | VLLMWorker_TP            | 27896                   |
+===========================+===============+====================================================+
2026-08-10T05:23:28.281894449Z
+------------------------------------------------------------------------------------------------+
| npu-smi 25.5.2                   Version: 25.5.2                                               |
+---------------------------+---------------+----------------------------------------------------+
| NPU   Name                | Health        | Power(W)    Temp(C)           Hugepages-Usage(page)|
| Chip                      | Bus-Id        | AICore(%)   Memory-Usage(MB)  HBM-Usage(MB)        |
+===========================+===============+====================================================+
| 1     910B4               | OK            | 83.0        42                0    / 0             |
| 0                         | 0000:C2:00.0  | 0           0    / 0          30851/ 32768         |
+===========================+===============+====================================================+
| 7     910B4               | OK            | 88.1        43                0    / 0             |
| 0                         | 0000:42:00.0  | 0           0    / 0          30719/ 32768         |
+===========================+===============+====================================================+
+---------------------------+---------------+----------------------------------------------------+
| NPU     Chip              | Process id    | Process name             | Process memory(MB)      |
+===========================+===============+====================================================+
| 1       0                 | 146           | VLLMEngineCor            | 184                     |
| 1       0                 | 178           | VLLMWorker_TP            | 27896                   |
+===========================+===============+====================================================+
| 7       0                 | 203           | VLLMWorker_TP            | 27896                   |
+===========================+===============+====================================================+
2026-08-10T05:23:38.989437350Z
+------------------------------------------------------------------------------------------------+
| npu-smi 25.5.2                   Version: 25.5.2                                               |
+---------------------------+---------------+----------------------------------------------------+
| NPU   Name                | Health        | Power(W)    Temp(C)           Hugepages-Usage(page)|
| Chip                      | Bus-Id        | AICore(%)   Memory-Usage(MB)  HBM-Usage(MB)        |
+===========================+===============+====================================================+
| 1     910B4               | OK            | 83.4        42                0    / 0             |
| 0                         | 0000:C2:00.0  | 0           0    / 0          30851/ 32768         |
+===========================+===============+====================================================+
| 7     910B4               | OK            | 88.3        43                0    / 0             |
| 0                         | 0000:42:00.0  | 0           0    / 0          30719/ 32768         |
+===========================+===============+====================================================+
+---------------------------+---------------+----------------------------------------------------+
| NPU     Chip              | Process id    | Process name             | Process memory(MB)      |
+===========================+===============+====================================================+
| 1       0                 | 146           | VLLMEngineCor            | 184                     |
| 1       0                 | 178           | VLLMWorker_TP            | 27896                   |
+===========================+===============+====================================================+
| 7       0                 | 203           | VLLMWorker_TP            | 27896                   |
+===========================+===============+====================================================+
2026-08-10T05:23:49.754805554Z
+------------------------------------------------------------------------------------------------+
| npu-smi 25.5.2                   Version: 25.5.2                                               |
+---------------------------+---------------+----------------------------------------------------+
| NPU   Name                | Health        | Power(W)    Temp(C)           Hugepages-Usage(page)|
| Chip                      | Bus-Id        | AICore(%)   Memory-Usage(MB)  HBM-Usage(MB)        |
+===========================+===============+====================================================+
| 1     910B4               | OK            | 113.2       44                0    / 0             |
| 0                         | 0000:C2:00.0  | 73          0    / 0          30851/ 32768         |
+===========================+===============+====================================================+
| 7     910B4               | OK            | 124.2       46                0    / 0             |
| 0                         | 0000:42:00.0  | 31          0    / 0          30718/ 32768         |
+===========================+===============+====================================================+
+---------------------------+---------------+----------------------------------------------------+
| NPU     Chip              | Process id    | Process name             | Process memory(MB)      |
+===========================+===============+====================================================+
| 1       0                 | 146           | VLLMEngineCor            | 184                     |
| 1       0                 | 178           | VLLMWorker_TP            | 27896                   |
+===========================+===============+====================================================+
| 7       0                 | 203           | VLLMWorker_TP            | 27896                   |
+===========================+===============+====================================================+
2026-08-10T05:24:00.502287914Z
+------------------------------------------------------------------------------------------------+
| npu-smi 25.5.2                   Version: 25.5.2                                               |
+---------------------------+---------------+----------------------------------------------------+
| NPU   Name                | Health        | Power(W)    Temp(C)           Hugepages-Usage(page)|
| Chip                      | Bus-Id        | AICore(%)   Memory-Usage(MB)  HBM-Usage(MB)        |
+===========================+===============+====================================================+
| 1     910B4               | OK            | 120.6       45                0    / 0             |
| 0                         | 0000:C2:00.0  | 100         0    / 0          30851/ 32768         |
+===========================+===============+====================================================+
| 7     910B4               | OK            | 128.5       49                0    / 0             |
| 0                         | 0000:42:00.0  | 49          0    / 0          30718/ 32768         |
+===========================+===============+====================================================+
+---------------------------+---------------+----------------------------------------------------+
| NPU     Chip              | Process id    | Process name             | Process memory(MB)      |
+===========================+===============+====================================================+
| 1       0                 | 146           | VLLMEngineCor            | 184                     |
| 1       0                 | 178           | VLLMWorker_TP            | 27896                   |
+===========================+===============+====================================================+
| 7       0                 | 203           | VLLMWorker_TP            | 27896                   |
+===========================+===============+====================================================+
2026-08-10T05:24:11.260896802Z
+------------------------------------------------------------------------------------------------+
| npu-smi 25.5.2                   Version: 25.5.2                                               |
+---------------------------+---------------+----------------------------------------------------+
| NPU   Name                | Health        | Power(W)    Temp(C)           Hugepages-Usage(page)|
| Chip                      | Bus-Id        | AICore(%)   Memory-Usage(MB)  HBM-Usage(MB)        |
+===========================+===============+====================================================+
| 1     910B4               | OK            | 118.1       45                0    / 0             |
| 0                         | 0000:C2:00.0  | 100         0    / 0          30850/ 32768         |
+===========================+===============+====================================================+
| 7     910B4               | OK            | 128.2       48                0    / 0             |
| 0                         | 0000:42:00.0  | 41          0    / 0          30718/ 32768         |
+===========================+===============+====================================================+
+---------------------------+---------------+----------------------------------------------------+
| NPU     Chip              | Process id    | Process name             | Process memory(MB)      |
+===========================+===============+====================================================+
| 1       0                 | 146           | VLLMEngineCor            | 184                     |
| 1       0                 | 178           | VLLMWorker_TP            | 27896                   |
+===========================+===============+====================================================+
| 7       0                 | 203           | VLLMWorker_TP            | 27896                   |
+===========================+===============+====================================================+
2026-08-10T05:24:22.041351124Z
+------------------------------------------------------------------------------------------------+
| npu-smi 25.5.2                   Version: 25.5.2                                               |
+---------------------------+---------------+----------------------------------------------------+
| NPU   Name                | Health        | Power(W)    Temp(C)           Hugepages-Usage(page)|
| Chip                      | Bus-Id        | AICore(%)   Memory-Usage(MB)  HBM-Usage(MB)        |
+===========================+===============+====================================================+
| 1     910B4               | OK            | 83.4        43                0    / 0             |
| 0                         | 0000:C2:00.0  | 0           0    / 0          30851/ 32768         |
+===========================+===============+====================================================+
| 7     910B4               | OK            | 88.6        45                0    / 0             |
| 0                         | 0000:42:00.0  | 0           0    / 0          30718/ 32768         |
+===========================+===============+====================================================+
+---------------------------+---------------+----------------------------------------------------+
| NPU     Chip              | Process id    | Process name             | Process memory(MB)      |
+===========================+===============+====================================================+
| 1       0                 | 146           | VLLMEngineCor            | 184                     |
| 1       0                 | 178           | VLLMWorker_TP            | 27896                   |
+===========================+===============+====================================================+
| 7       0                 | 203           | VLLMWorker_TP            | 27896                   |
+===========================+===============+====================================================+
