2026-08-09T18:51:50.031208677Z
+------------------------------------------------------------------------------------------------+
| npu-smi 25.5.2                   Version: 25.5.2                                               |
+---------------------------+---------------+----------------------------------------------------+
| NPU   Name                | Health        | Power(W)    Temp(C)           Hugepages-Usage(page)|
| Chip                      | Bus-Id        | AICore(%)   Memory-Usage(MB)  HBM-Usage(MB)        |
+===========================+===============+====================================================+
| 1     910B4               | OK            | 83.2        43                0    / 0             |
| 0                         | 0000:C2:00.0  | 0           0    / 0          30695/ 32768         |
+===========================+===============+====================================================+
| 7     910B4               | OK            | 88.7        44                0    / 0             |
| 0                         | 0000:42:00.0  | 0           0    / 0          30564/ 32768         |
+===========================+===============+====================================================+
+---------------------------+---------------+----------------------------------------------------+
| NPU     Chip              | Process id    | Process name             | Process memory(MB)      |
+===========================+===============+====================================================+
| 1       0                 | 157           | VLLMWorker_TP            | 27738                   |
| 1       0                 | 125           | VLLMEngineCor            | 184                     |
+===========================+===============+====================================================+
| 7       0                 | 181           | VLLMWorker_TP            | 27738                   |
+===========================+===============+====================================================+
2026-08-09T18:52:00.819751290Z
+------------------------------------------------------------------------------------------------+
| npu-smi 25.5.2                   Version: 25.5.2                                               |
+---------------------------+---------------+----------------------------------------------------+
| NPU   Name                | Health        | Power(W)    Temp(C)           Hugepages-Usage(page)|
| Chip                      | Bus-Id        | AICore(%)   Memory-Usage(MB)  HBM-Usage(MB)        |
+===========================+===============+====================================================+
| 1     910B4               | OK            | 83.4        43                0    / 0             |
| 0                         | 0000:C2:00.0  | 0           0    / 0          30694/ 32768         |
+===========================+===============+====================================================+
| 7     910B4               | OK            | 88.6        44                0    / 0             |
| 0                         | 0000:42:00.0  | 0           0    / 0          30563/ 32768         |
+===========================+===============+====================================================+
+---------------------------+---------------+----------------------------------------------------+
| NPU     Chip              | Process id    | Process name             | Process memory(MB)      |
+===========================+===============+====================================================+
| 1       0                 | 157           | VLLMWorker_TP            | 27738                   |
| 1       0                 | 125           | VLLMEngineCor            | 184                     |
+===========================+===============+====================================================+
| 7       0                 | 181           | VLLMWorker_TP            | 27738                   |
+===========================+===============+====================================================+
2026-08-09T18:52:11.639537005Z
+------------------------------------------------------------------------------------------------+
| npu-smi 25.5.2                   Version: 25.5.2                                               |
+---------------------------+---------------+----------------------------------------------------+
| NPU   Name                | Health        | Power(W)    Temp(C)           Hugepages-Usage(page)|
| Chip                      | Bus-Id        | AICore(%)   Memory-Usage(MB)  HBM-Usage(MB)        |
+===========================+===============+====================================================+
| 1     910B4               | OK            | 83.4        43                0    / 0             |
| 0                         | 0000:C2:00.0  | 0           0    / 0          30694/ 32768         |
+===========================+===============+====================================================+
| 7     910B4               | OK            | 88.5        44                0    / 0             |
| 0                         | 0000:42:00.0  | 0           0    / 0          30563/ 32768         |
+===========================+===============+====================================================+
+---------------------------+---------------+----------------------------------------------------+
| NPU     Chip              | Process id    | Process name             | Process memory(MB)      |
+===========================+===============+====================================================+
| 1       0                 | 157           | VLLMWorker_TP            | 27738                   |
| 1       0                 | 125           | VLLMEngineCor            | 184                     |
+===========================+===============+====================================================+
| 7       0                 | 181           | VLLMWorker_TP            | 27738                   |
+===========================+===============+====================================================+
2026-08-09T18:52:22.447649690Z
+------------------------------------------------------------------------------------------------+
| npu-smi 25.5.2                   Version: 25.5.2                                               |
+---------------------------+---------------+----------------------------------------------------+
| NPU   Name                | Health        | Power(W)    Temp(C)           Hugepages-Usage(page)|
| Chip                      | Bus-Id        | AICore(%)   Memory-Usage(MB)  HBM-Usage(MB)        |
+===========================+===============+====================================================+
| 1     910B4               | OK            | 91.0        43                0    / 0             |
| 0                         | 0000:C2:00.0  | 2           0    / 0          30694/ 32768         |
+===========================+===============+====================================================+
| 7     910B4               | OK            | 95.2        45                0    / 0             |
| 0                         | 0000:42:00.0  | 0           0    / 0          30563/ 32768         |
+===========================+===============+====================================================+
+---------------------------+---------------+----------------------------------------------------+
| NPU     Chip              | Process id    | Process name             | Process memory(MB)      |
+===========================+===============+====================================================+
| 1       0                 | 157           | VLLMWorker_TP            | 27738                   |
| 1       0                 | 125           | VLLMEngineCor            | 184                     |
+===========================+===============+====================================================+
| 7       0                 | 181           | VLLMWorker_TP            | 27738                   |
+===========================+===============+====================================================+
2026-08-09T18:52:33.158795447Z
+------------------------------------------------------------------------------------------------+
| npu-smi 25.5.2                   Version: 25.5.2                                               |
+---------------------------+---------------+----------------------------------------------------+
| NPU   Name                | Health        | Power(W)    Temp(C)           Hugepages-Usage(page)|
| Chip                      | Bus-Id        | AICore(%)   Memory-Usage(MB)  HBM-Usage(MB)        |
+===========================+===============+====================================================+
| 1     910B4               | OK            | 89.5        43                0    / 0             |
| 0                         | 0000:C2:00.0  | 0           0    / 0          30694/ 32768         |
+===========================+===============+====================================================+
| 7     910B4               | OK            | 95.7        44                0    / 0             |
| 0                         | 0000:42:00.0  | 0           0    / 0          30563/ 32768         |
+===========================+===============+====================================================+
+---------------------------+---------------+----------------------------------------------------+
| NPU     Chip              | Process id    | Process name             | Process memory(MB)      |
+===========================+===============+====================================================+
| 1       0                 | 157           | VLLMWorker_TP            | 27738                   |
| 1       0                 | 125           | VLLMEngineCor            | 184                     |
+===========================+===============+====================================================+
| 7       0                 | 181           | VLLMWorker_TP            | 27738                   |
+===========================+===============+====================================================+
2026-08-09T18:52:43.938434492Z
+------------------------------------------------------------------------------------------------+
| npu-smi 25.5.2                   Version: 25.5.2                                               |
+---------------------------+---------------+----------------------------------------------------+
| NPU   Name                | Health        | Power(W)    Temp(C)           Hugepages-Usage(page)|
| Chip                      | Bus-Id        | AICore(%)   Memory-Usage(MB)  HBM-Usage(MB)        |
+===========================+===============+====================================================+
| 1     910B4               | OK            | 83.4        43                0    / 0             |
| 0                         | 0000:C2:00.0  | 0           0    / 0          30694/ 32768         |
+===========================+===============+====================================================+
| 7     910B4               | OK            | 88.6        44                0    / 0             |
| 0                         | 0000:42:00.0  | 0           0    / 0          30563/ 32768         |
+===========================+===============+====================================================+
+---------------------------+---------------+----------------------------------------------------+
| NPU     Chip              | Process id    | Process name             | Process memory(MB)      |
+===========================+===============+====================================================+
| 1       0                 | 157           | VLLMWorker_TP            | 27738                   |
| 1       0                 | 125           | VLLMEngineCor            | 184                     |
+===========================+===============+====================================================+
| 7       0                 | 181           | VLLMWorker_TP            | 27738                   |
+===========================+===============+====================================================+
