2026-08-09T18:51:50.030498904Z
+------------------------------------------------------------------------------------------------+
| npu-smi 25.5.2                   Version: 25.5.2                                               |
+---------------------------+---------------+----------------------------------------------------+
| NPU   Name                | Health        | Power(W)    Temp(C)           Hugepages-Usage(page)|
| Chip                      | Bus-Id        | AICore(%)   Memory-Usage(MB)  HBM-Usage(MB)        |
+===========================+===============+====================================================+
| 5     910B4               | OK            | 92.0        47                0    / 0             |
| 0                         | 0000:02:00.0  | 0           0    / 0          30932/ 32768         |
+===========================+===============+====================================================+
| 6     910B4               | OK            | 92.4        45                0    / 0             |
| 0                         | 0000:41:00.0  | 0           0    / 0          30801/ 32768         |
+===========================+===============+====================================================+
+---------------------------+---------------+----------------------------------------------------+
| NPU     Chip              | Process id    | Process name             | Process memory(MB)      |
+===========================+===============+====================================================+
| 5       0                 | 159           | VLLMWorker_TP            | 27976                   |
| 5       0                 | 126           | VLLMEngineCor            | 184                     |
+===========================+===============+====================================================+
| 6       0                 | 184           | VLLMWorker_TP            | 27976                   |
+===========================+===============+====================================================+
2026-08-09T18:52:00.763341264Z
+------------------------------------------------------------------------------------------------+
| npu-smi 25.5.2                   Version: 25.5.2                                               |
+---------------------------+---------------+----------------------------------------------------+
| NPU   Name                | Health        | Power(W)    Temp(C)           Hugepages-Usage(page)|
| Chip                      | Bus-Id        | AICore(%)   Memory-Usage(MB)  HBM-Usage(MB)        |
+===========================+===============+====================================================+
| 5     910B4               | OK            | 91.9        47                0    / 0             |
| 0                         | 0000:02:00.0  | 0           0    / 0          30932/ 32768         |
+===========================+===============+====================================================+
| 6     910B4               | OK            | 92.2        45                0    / 0             |
| 0                         | 0000:41:00.0  | 0           0    / 0          30801/ 32768         |
+===========================+===============+====================================================+
+---------------------------+---------------+----------------------------------------------------+
| NPU     Chip              | Process id    | Process name             | Process memory(MB)      |
+===========================+===============+====================================================+
| 5       0                 | 159           | VLLMWorker_TP            | 27976                   |
| 5       0                 | 126           | VLLMEngineCor            | 184                     |
+===========================+===============+====================================================+
| 6       0                 | 184           | VLLMWorker_TP            | 27976                   |
+===========================+===============+====================================================+
2026-08-09T18:52:11.456355706Z
+------------------------------------------------------------------------------------------------+
| npu-smi 25.5.2                   Version: 25.5.2                                               |
+---------------------------+---------------+----------------------------------------------------+
| NPU   Name                | Health        | Power(W)    Temp(C)           Hugepages-Usage(page)|
| Chip                      | Bus-Id        | AICore(%)   Memory-Usage(MB)  HBM-Usage(MB)        |
+===========================+===============+====================================================+
| 5     910B4               | OK            | 91.7        47                0    / 0             |
| 0                         | 0000:02:00.0  | 0           0    / 0          30932/ 32768         |
+===========================+===============+====================================================+
| 6     910B4               | OK            | 92.3        44                0    / 0             |
| 0                         | 0000:41:00.0  | 0           0    / 0          30801/ 32768         |
+===========================+===============+====================================================+
+---------------------------+---------------+----------------------------------------------------+
| NPU     Chip              | Process id    | Process name             | Process memory(MB)      |
+===========================+===============+====================================================+
| 5       0                 | 159           | VLLMWorker_TP            | 27976                   |
| 5       0                 | 126           | VLLMEngineCor            | 184                     |
+===========================+===============+====================================================+
| 6       0                 | 184           | VLLMWorker_TP            | 27976                   |
+===========================+===============+====================================================+
2026-08-09T18:52:22.195762291Z
+------------------------------------------------------------------------------------------------+
| npu-smi 25.5.2                   Version: 25.5.2                                               |
+---------------------------+---------------+----------------------------------------------------+
| NPU   Name                | Health        | Power(W)    Temp(C)           Hugepages-Usage(page)|
| Chip                      | Bus-Id        | AICore(%)   Memory-Usage(MB)  HBM-Usage(MB)        |
+===========================+===============+====================================================+
| 5     910B4               | OK            | 120.1       48                0    / 0             |
| 0                         | 0000:02:00.0  | 29          0    / 0          30932/ 32768         |
+===========================+===============+====================================================+
| 6     910B4               | OK            | 125.9       47                0    / 0             |
| 0                         | 0000:41:00.0  | 41          0    / 0          30801/ 32768         |
+===========================+===============+====================================================+
+---------------------------+---------------+----------------------------------------------------+
| NPU     Chip              | Process id    | Process name             | Process memory(MB)      |
+===========================+===============+====================================================+
| 5       0                 | 159           | VLLMWorker_TP            | 27976                   |
| 5       0                 | 126           | VLLMEngineCor            | 184                     |
+===========================+===============+====================================================+
| 6       0                 | 184           | VLLMWorker_TP            | 27976                   |
+===========================+===============+====================================================+
2026-08-09T18:52:33.061685248Z
+------------------------------------------------------------------------------------------------+
| npu-smi 25.5.2                   Version: 25.5.2                                               |
+---------------------------+---------------+----------------------------------------------------+
| NPU   Name                | Health        | Power(W)    Temp(C)           Hugepages-Usage(page)|
| Chip                      | Bus-Id        | AICore(%)   Memory-Usage(MB)  HBM-Usage(MB)        |
+===========================+===============+====================================================+
| 5     910B4               | OK            | 125.8       49                0    / 0             |
| 0                         | 0000:02:00.0  | 35          0    / 0          30932/ 32768         |
+===========================+===============+====================================================+
| 6     910B4               | OK            | 129.3       48                0    / 0             |
| 0                         | 0000:41:00.0  | 43          0    / 0          30801/ 32768         |
+===========================+===============+====================================================+
+---------------------------+---------------+----------------------------------------------------+
| NPU     Chip              | Process id    | Process name             | Process memory(MB)      |
+===========================+===============+====================================================+
| 5       0                 | 159           | VLLMWorker_TP            | 27976                   |
| 5       0                 | 126           | VLLMEngineCor            | 184                     |
+===========================+===============+====================================================+
| 6       0                 | 184           | VLLMWorker_TP            | 27976                   |
+===========================+===============+====================================================+
2026-08-09T18:52:43.802922312Z
+------------------------------------------------------------------------------------------------+
| npu-smi 25.5.2                   Version: 25.5.2                                               |
+---------------------------+---------------+----------------------------------------------------+
| NPU   Name                | Health        | Power(W)    Temp(C)           Hugepages-Usage(page)|
| Chip                      | Bus-Id        | AICore(%)   Memory-Usage(MB)  HBM-Usage(MB)        |
+===========================+===============+====================================================+
| 5     910B4               | OK            | 92.4        48                0    / 0             |
| 0                         | 0000:02:00.0  | 0           0    / 0          30932/ 32768         |
+===========================+===============+====================================================+
| 6     910B4               | OK            | 92.9        45                0    / 0             |
| 0                         | 0000:41:00.0  | 0           0    / 0          30801/ 32768         |
+===========================+===============+====================================================+
+---------------------------+---------------+----------------------------------------------------+
| NPU     Chip              | Process id    | Process name             | Process memory(MB)      |
+===========================+===============+====================================================+
| 5       0                 | 159           | VLLMWorker_TP            | 27976                   |
| 5       0                 | 126           | VLLMEngineCor            | 184                     |
+===========================+===============+====================================================+
| 6       0                 | 184           | VLLMWorker_TP            | 27976                   |
+===========================+===============+====================================================+
