2026-08-12T11:15:43.596171980Z
+------------------------------------------------------------------------------------------------+
| npu-smi 25.5.2                   Version: 25.5.2                                               |
+---------------------------+---------------+----------------------------------------------------+
| NPU   Name                | Health        | Power(W)    Temp(C)           Hugepages-Usage(page)|
| Chip                      | Bus-Id        | AICore(%)   Memory-Usage(MB)  HBM-Usage(MB)        |
+===========================+===============+====================================================+
| 4     910B4               | OK            | 92.3        47                0    / 0             |
| 0                         | 0000:01:00.0  | 0           0    / 0          30690/ 32768         |
+===========================+===============+====================================================+
| 5     910B4               | OK            | 90.4        45                0    / 0             |
| 0                         | 0000:02:00.0  | 0           0    / 0          30559/ 32768         |
+===========================+===============+====================================================+
+---------------------------+---------------+----------------------------------------------------+
| NPU     Chip              | Process id    | Process name             | Process memory(MB)      |
+===========================+===============+====================================================+
| 4       0                 | 163           | VLLMWorker_TP            | 27736                   |
| 4       0                 | 131           | VLLMEngineCor            | 184                     |
+===========================+===============+====================================================+
| 5       0                 | 195           | VLLMWorker_TP            | 27736                   |
+===========================+===============+====================================================+
2026-08-12T11:15:54.340441222Z
+------------------------------------------------------------------------------------------------+
| npu-smi 25.5.2                   Version: 25.5.2                                               |
+---------------------------+---------------+----------------------------------------------------+
| NPU   Name                | Health        | Power(W)    Temp(C)           Hugepages-Usage(page)|
| Chip                      | Bus-Id        | AICore(%)   Memory-Usage(MB)  HBM-Usage(MB)        |
+===========================+===============+====================================================+
| 4     910B4               | OK            | 92.5        47                0    / 0             |
| 0                         | 0000:01:00.0  | 0           0    / 0          30690/ 32768         |
+===========================+===============+====================================================+
| 5     910B4               | OK            | 90.5        45                0    / 0             |
| 0                         | 0000:02:00.0  | 0           0    / 0          30559/ 32768         |
+===========================+===============+====================================================+
+---------------------------+---------------+----------------------------------------------------+
| NPU     Chip              | Process id    | Process name             | Process memory(MB)      |
+===========================+===============+====================================================+
| 4       0                 | 163           | VLLMWorker_TP            | 27736                   |
| 4       0                 | 131           | VLLMEngineCor            | 184                     |
+===========================+===============+====================================================+
| 5       0                 | 195           | VLLMWorker_TP            | 27736                   |
+===========================+===============+====================================================+
2026-08-12T11:16:05.126542879Z
+------------------------------------------------------------------------------------------------+
| npu-smi 25.5.2                   Version: 25.5.2                                               |
+---------------------------+---------------+----------------------------------------------------+
| NPU   Name                | Health        | Power(W)    Temp(C)           Hugepages-Usage(page)|
| Chip                      | Bus-Id        | AICore(%)   Memory-Usage(MB)  HBM-Usage(MB)        |
+===========================+===============+====================================================+
| 4     910B4               | OK            | 92.3        47                0    / 0             |
| 0                         | 0000:01:00.0  | 0           0    / 0          30689/ 32768         |
+===========================+===============+====================================================+
| 5     910B4               | OK            | 90.4        45                0    / 0             |
| 0                         | 0000:02:00.0  | 0           0    / 0          30559/ 32768         |
+===========================+===============+====================================================+
+---------------------------+---------------+----------------------------------------------------+
| NPU     Chip              | Process id    | Process name             | Process memory(MB)      |
+===========================+===============+====================================================+
| 4       0                 | 163           | VLLMWorker_TP            | 27736                   |
| 4       0                 | 131           | VLLMEngineCor            | 184                     |
+===========================+===============+====================================================+
| 5       0                 | 195           | VLLMWorker_TP            | 27736                   |
+===========================+===============+====================================================+
2026-08-12T11:16:15.870264288Z
+------------------------------------------------------------------------------------------------+
| npu-smi 25.5.2                   Version: 25.5.2                                               |
+---------------------------+---------------+----------------------------------------------------+
| NPU   Name                | Health        | Power(W)    Temp(C)           Hugepages-Usage(page)|
| Chip                      | Bus-Id        | AICore(%)   Memory-Usage(MB)  HBM-Usage(MB)        |
+===========================+===============+====================================================+
| 4     910B4               | OK            | 100.2       47                0    / 0             |
| 0                         | 0000:01:00.0  | 0           0    / 0          30690/ 32768         |
+===========================+===============+====================================================+
| 5     910B4               | OK            | 96.9        45                0    / 0             |
| 0                         | 0000:02:00.0  | 0           0    / 0          30559/ 32768         |
+===========================+===============+====================================================+
+---------------------------+---------------+----------------------------------------------------+
| NPU     Chip              | Process id    | Process name             | Process memory(MB)      |
+===========================+===============+====================================================+
| 4       0                 | 163           | VLLMWorker_TP            | 27736                   |
| 4       0                 | 131           | VLLMEngineCor            | 184                     |
+===========================+===============+====================================================+
| 5       0                 | 195           | VLLMWorker_TP            | 27736                   |
+===========================+===============+====================================================+
2026-08-12T11:16:26.695118553Z
+------------------------------------------------------------------------------------------------+
| npu-smi 25.5.2                   Version: 25.5.2                                               |
+---------------------------+---------------+----------------------------------------------------+
| NPU   Name                | Health        | Power(W)    Temp(C)           Hugepages-Usage(page)|
| Chip                      | Bus-Id        | AICore(%)   Memory-Usage(MB)  HBM-Usage(MB)        |
+===========================+===============+====================================================+
| 4     910B4               | OK            | 100.2       47                0    / 0             |
| 0                         | 0000:01:00.0  | 0           0    / 0          30690/ 32768         |
+===========================+===============+====================================================+
| 5     910B4               | OK            | 97.0        45                0    / 0             |
| 0                         | 0000:02:00.0  | 0           0    / 0          30559/ 32768         |
+===========================+===============+====================================================+
+---------------------------+---------------+----------------------------------------------------+
| NPU     Chip              | Process id    | Process name             | Process memory(MB)      |
+===========================+===============+====================================================+
| 4       0                 | 163           | VLLMWorker_TP            | 27736                   |
| 4       0                 | 131           | VLLMEngineCor            | 184                     |
+===========================+===============+====================================================+
| 5       0                 | 195           | VLLMWorker_TP            | 27736                   |
+===========================+===============+====================================================+
2026-08-12T11:16:37.500208827Z
+------------------------------------------------------------------------------------------------+
| npu-smi 25.5.2                   Version: 25.5.2                                               |
+---------------------------+---------------+----------------------------------------------------+
| NPU   Name                | Health        | Power(W)    Temp(C)           Hugepages-Usage(page)|
| Chip                      | Bus-Id        | AICore(%)   Memory-Usage(MB)  HBM-Usage(MB)        |
+===========================+===============+====================================================+
| 4     910B4               | OK            | 100.4       47                0    / 0             |
| 0                         | 0000:01:00.0  | 0           0    / 0          30690/ 32768         |
+===========================+===============+====================================================+
| 5     910B4               | OK            | 97.1        45                0    / 0             |
| 0                         | 0000:02:00.0  | 0           0    / 0          30559/ 32768         |
+===========================+===============+====================================================+
+---------------------------+---------------+----------------------------------------------------+
| NPU     Chip              | Process id    | Process name             | Process memory(MB)      |
+===========================+===============+====================================================+
| 4       0                 | 163           | VLLMWorker_TP            | 27736                   |
| 4       0                 | 131           | VLLMEngineCor            | 184                     |
+===========================+===============+====================================================+
| 5       0                 | 195           | VLLMWorker_TP            | 27736                   |
+===========================+===============+====================================================+
2026-08-12T11:16:48.232174116Z
+------------------------------------------------------------------------------------------------+
| npu-smi 25.5.2                   Version: 25.5.2                                               |
+---------------------------+---------------+----------------------------------------------------+
| NPU   Name                | Health        | Power(W)    Temp(C)           Hugepages-Usage(page)|
| Chip                      | Bus-Id        | AICore(%)   Memory-Usage(MB)  HBM-Usage(MB)        |
+===========================+===============+====================================================+
| 4     910B4               | OK            | 92.3        47                0    / 0             |
| 0                         | 0000:01:00.0  | 0           0    / 0          30689/ 32768         |
+===========================+===============+====================================================+
| 5     910B4               | OK            | 90.9        45                0    / 0             |
| 0                         | 0000:02:00.0  | 0           0    / 0          30559/ 32768         |
+===========================+===============+====================================================+
+---------------------------+---------------+----------------------------------------------------+
| NPU     Chip              | Process id    | Process name             | Process memory(MB)      |
+===========================+===============+====================================================+
| 4       0                 | 163           | VLLMWorker_TP            | 27736                   |
| 4       0                 | 131           | VLLMEngineCor            | 184                     |
+===========================+===============+====================================================+
| 5       0                 | 195           | VLLMWorker_TP            | 27736                   |
+===========================+===============+====================================================+
