2026-08-12T11:15:43.595989559Z
+------------------------------------------------------------------------------------------------+
| npu-smi 25.5.2                   Version: 25.5.2                                               |
+---------------------------+---------------+----------------------------------------------------+
| NPU   Name                | Health        | Power(W)    Temp(C)           Hugepages-Usage(page)|
| Chip                      | Bus-Id        | AICore(%)   Memory-Usage(MB)  HBM-Usage(MB)        |
+===========================+===============+====================================================+
| 1     910B4               | OK            | 82.7        40                0    / 0             |
| 0                         | 0000:C2:00.0  | 0           0    / 0          30850/ 32768         |
+===========================+===============+====================================================+
| 2     910B4               | OK            | 89.5        41                0    / 0             |
| 0                         | 0000:81:00.0  | 0           0    / 0          30718/ 32768         |
+===========================+===============+====================================================+
+---------------------------+---------------+----------------------------------------------------+
| NPU     Chip              | Process id    | Process name             | Process memory(MB)      |
+===========================+===============+====================================================+
| 1       0                 | 126           | VLLMEngineCor            | 184                     |
| 1       0                 | 159           | VLLMWorker_TP            | 27896                   |
+===========================+===============+====================================================+
| 2       0                 | 184           | VLLMWorker_TP            | 27896                   |
+===========================+===============+====================================================+
2026-08-12T11:15:54.346523823Z
+------------------------------------------------------------------------------------------------+
| npu-smi 25.5.2                   Version: 25.5.2                                               |
+---------------------------+---------------+----------------------------------------------------+
| NPU   Name                | Health        | Power(W)    Temp(C)           Hugepages-Usage(page)|
| Chip                      | Bus-Id        | AICore(%)   Memory-Usage(MB)  HBM-Usage(MB)        |
+===========================+===============+====================================================+
| 1     910B4               | OK            | 82.6        41                0    / 0             |
| 0                         | 0000:C2:00.0  | 0           0    / 0          30850/ 32768         |
+===========================+===============+====================================================+
| 2     910B4               | OK            | 89.7        40                0    / 0             |
| 0                         | 0000:81:00.0  | 0           0    / 0          30719/ 32768         |
+===========================+===============+====================================================+
+---------------------------+---------------+----------------------------------------------------+
| NPU     Chip              | Process id    | Process name             | Process memory(MB)      |
+===========================+===============+====================================================+
| 1       0                 | 126           | VLLMEngineCor            | 184                     |
| 1       0                 | 159           | VLLMWorker_TP            | 27896                   |
+===========================+===============+====================================================+
| 2       0                 | 184           | VLLMWorker_TP            | 27896                   |
+===========================+===============+====================================================+
2026-08-12T11:16:05.131686875Z
+------------------------------------------------------------------------------------------------+
| npu-smi 25.5.2                   Version: 25.5.2                                               |
+---------------------------+---------------+----------------------------------------------------+
| NPU   Name                | Health        | Power(W)    Temp(C)           Hugepages-Usage(page)|
| Chip                      | Bus-Id        | AICore(%)   Memory-Usage(MB)  HBM-Usage(MB)        |
+===========================+===============+====================================================+
| 1     910B4               | OK            | 82.6        41                0    / 0             |
| 0                         | 0000:C2:00.0  | 0           0    / 0          30851/ 32768         |
+===========================+===============+====================================================+
| 2     910B4               | OK            | 89.5        41                0    / 0             |
| 0                         | 0000:81:00.0  | 0           0    / 0          30718/ 32768         |
+===========================+===============+====================================================+
+---------------------------+---------------+----------------------------------------------------+
| NPU     Chip              | Process id    | Process name             | Process memory(MB)      |
+===========================+===============+====================================================+
| 1       0                 | 126           | VLLMEngineCor            | 184                     |
| 1       0                 | 159           | VLLMWorker_TP            | 27896                   |
+===========================+===============+====================================================+
| 2       0                 | 184           | VLLMWorker_TP            | 27896                   |
+===========================+===============+====================================================+
2026-08-12T11:16:15.857339912Z
+------------------------------------------------------------------------------------------------+
| npu-smi 25.5.2                   Version: 25.5.2                                               |
+---------------------------+---------------+----------------------------------------------------+
| NPU   Name                | Health        | Power(W)    Temp(C)           Hugepages-Usage(page)|
| Chip                      | Bus-Id        | AICore(%)   Memory-Usage(MB)  HBM-Usage(MB)        |
+===========================+===============+====================================================+
| 1     910B4               | OK            | 109.4       42                0    / 0             |
| 0                         | 0000:C2:00.0  | 75          0    / 0          30851/ 32768         |
+===========================+===============+====================================================+
| 2     910B4               | OK            | 123.1       43                0    / 0             |
| 0                         | 0000:81:00.0  | 73          0    / 0          30718/ 32768         |
+===========================+===============+====================================================+
+---------------------------+---------------+----------------------------------------------------+
| NPU     Chip              | Process id    | Process name             | Process memory(MB)      |
+===========================+===============+====================================================+
| 1       0                 | 126           | VLLMEngineCor            | 184                     |
| 1       0                 | 159           | VLLMWorker_TP            | 27896                   |
+===========================+===============+====================================================+
| 2       0                 | 184           | VLLMWorker_TP            | 27896                   |
+===========================+===============+====================================================+
2026-08-12T11:16:26.684930101Z
+------------------------------------------------------------------------------------------------+
| npu-smi 25.5.2                   Version: 25.5.2                                               |
+---------------------------+---------------+----------------------------------------------------+
| NPU   Name                | Health        | Power(W)    Temp(C)           Hugepages-Usage(page)|
| Chip                      | Bus-Id        | AICore(%)   Memory-Usage(MB)  HBM-Usage(MB)        |
+===========================+===============+====================================================+
| 1     910B4               | OK            | 124.0       44                0    / 0             |
| 0                         | 0000:C2:00.0  | 100         0    / 0          30850/ 32768         |
+===========================+===============+====================================================+
| 2     910B4               | OK            | 125.3       43                0    / 0             |
| 0                         | 0000:81:00.0  | 49          0    / 0          30718/ 32768         |
+===========================+===============+====================================================+
+---------------------------+---------------+----------------------------------------------------+
| NPU     Chip              | Process id    | Process name             | Process memory(MB)      |
+===========================+===============+====================================================+
| 1       0                 | 126           | VLLMEngineCor            | 184                     |
| 1       0                 | 159           | VLLMWorker_TP            | 27896                   |
+===========================+===============+====================================================+
| 2       0                 | 184           | VLLMWorker_TP            | 27896                   |
+===========================+===============+====================================================+
2026-08-12T11:16:37.432713321Z
+------------------------------------------------------------------------------------------------+
| npu-smi 25.5.2                   Version: 25.5.2                                               |
+---------------------------+---------------+----------------------------------------------------+
| NPU   Name                | Health        | Power(W)    Temp(C)           Hugepages-Usage(page)|
| Chip                      | Bus-Id        | AICore(%)   Memory-Usage(MB)  HBM-Usage(MB)        |
+===========================+===============+====================================================+
| 1     910B4               | OK            | 119.1       43                0    / 0             |
| 0                         | 0000:C2:00.0  | 100         0    / 0          30850/ 32768         |
+===========================+===============+====================================================+
| 2     910B4               | OK            | 130.4       45                0    / 0             |
| 0                         | 0000:81:00.0  | 100         0    / 0          30718/ 32768         |
+===========================+===============+====================================================+
+---------------------------+---------------+----------------------------------------------------+
| NPU     Chip              | Process id    | Process name             | Process memory(MB)      |
+===========================+===============+====================================================+
| 1       0                 | 126           | VLLMEngineCor            | 184                     |
| 1       0                 | 159           | VLLMWorker_TP            | 27896                   |
+===========================+===============+====================================================+
| 2       0                 | 184           | VLLMWorker_TP            | 27896                   |
+===========================+===============+====================================================+
2026-08-12T11:16:48.200311243Z
+------------------------------------------------------------------------------------------------+
| npu-smi 25.5.2                   Version: 25.5.2                                               |
+---------------------------+---------------+----------------------------------------------------+
| NPU   Name                | Health        | Power(W)    Temp(C)           Hugepages-Usage(page)|
| Chip                      | Bus-Id        | AICore(%)   Memory-Usage(MB)  HBM-Usage(MB)        |
+===========================+===============+====================================================+
| 1     910B4               | OK            | 83.0        42                0    / 0             |
| 0                         | 0000:C2:00.0  | 0           0    / 0          30850/ 32768         |
+===========================+===============+====================================================+
| 2     910B4               | OK            | 90.0        42                0    / 0             |
| 0                         | 0000:81:00.0  | 0           0    / 0          30718/ 32768         |
+===========================+===============+====================================================+
+---------------------------+---------------+----------------------------------------------------+
| NPU     Chip              | Process id    | Process name             | Process memory(MB)      |
+===========================+===============+====================================================+
| 1       0                 | 126           | VLLMEngineCor            | 184                     |
| 1       0                 | 159           | VLLMWorker_TP            | 27896                   |
+===========================+===============+====================================================+
| 2       0                 | 184           | VLLMWorker_TP            | 27896                   |
+===========================+===============+====================================================+
