2026-08-10T05:24:28.493117404Z
+------------------------------------------------------------------------------------------------+
| npu-smi 25.5.2                   Version: 25.5.2                                               |
+---------------------------+---------------+----------------------------------------------------+
| NPU   Name                | Health        | Power(W)    Temp(C)           Hugepages-Usage(page)|
| Chip                      | Bus-Id        | AICore(%)   Memory-Usage(MB)  HBM-Usage(MB)        |
+===========================+===============+====================================================+
| 2     910B4               | OK            | 90.0        42                0    / 0             |
| 0                         | 0000:81:00.0  | 0           0    / 0          30689/ 32768         |
+===========================+===============+====================================================+
| 6     910B4               | OK            | 91.8        44                0    / 0             |
| 0                         | 0000:41:00.0  | 0           0    / 0          30559/ 32768         |
+===========================+===============+====================================================+
+---------------------------+---------------+----------------------------------------------------+
| NPU     Chip              | Process id    | Process name             | Process memory(MB)      |
+===========================+===============+====================================================+
| 2       0                 | 158           | VLLMWorker_TP            | 27736                   |
| 2       0                 | 126           | VLLMEngineCor            | 184                     |
+===========================+===============+====================================================+
| 6       0                 | 204           | VLLMWorker_TP            | 27736                   |
+===========================+===============+====================================================+
2026-08-10T05:24:39.253683992Z
+------------------------------------------------------------------------------------------------+
| npu-smi 25.5.2                   Version: 25.5.2                                               |
+---------------------------+---------------+----------------------------------------------------+
| NPU   Name                | Health        | Power(W)    Temp(C)           Hugepages-Usage(page)|
| Chip                      | Bus-Id        | AICore(%)   Memory-Usage(MB)  HBM-Usage(MB)        |
+===========================+===============+====================================================+
| 2     910B4               | OK            | 90.1        41                0    / 0             |
| 0                         | 0000:81:00.0  | 0           0    / 0          30689/ 32768         |
+===========================+===============+====================================================+
| 6     910B4               | OK            | 91.7        44                0    / 0             |
| 0                         | 0000:41:00.0  | 0           0    / 0          30559/ 32768         |
+===========================+===============+====================================================+
+---------------------------+---------------+----------------------------------------------------+
| NPU     Chip              | Process id    | Process name             | Process memory(MB)      |
+===========================+===============+====================================================+
| 2       0                 | 158           | VLLMWorker_TP            | 27736                   |
| 2       0                 | 126           | VLLMEngineCor            | 184                     |
+===========================+===============+====================================================+
| 6       0                 | 204           | VLLMWorker_TP            | 27736                   |
+===========================+===============+====================================================+
2026-08-10T05:24:49.981555100Z
+------------------------------------------------------------------------------------------------+
| npu-smi 25.5.2                   Version: 25.5.2                                               |
+---------------------------+---------------+----------------------------------------------------+
| NPU   Name                | Health        | Power(W)    Temp(C)           Hugepages-Usage(page)|
| Chip                      | Bus-Id        | AICore(%)   Memory-Usage(MB)  HBM-Usage(MB)        |
+===========================+===============+====================================================+
| 2     910B4               | OK            | 90.0        41                0    / 0             |
| 0                         | 0000:81:00.0  | 0           0    / 0          30689/ 32768         |
+===========================+===============+====================================================+
| 6     910B4               | OK            | 91.6        44                0    / 0             |
| 0                         | 0000:41:00.0  | 0           0    / 0          30559/ 32768         |
+===========================+===============+====================================================+
+---------------------------+---------------+----------------------------------------------------+
| NPU     Chip              | Process id    | Process name             | Process memory(MB)      |
+===========================+===============+====================================================+
| 2       0                 | 158           | VLLMWorker_TP            | 27736                   |
| 2       0                 | 126           | VLLMEngineCor            | 184                     |
+===========================+===============+====================================================+
| 6       0                 | 204           | VLLMWorker_TP            | 27736                   |
+===========================+===============+====================================================+
2026-08-10T05:25:00.735378123Z
+------------------------------------------------------------------------------------------------+
| npu-smi 25.5.2                   Version: 25.5.2                                               |
+---------------------------+---------------+----------------------------------------------------+
| NPU   Name                | Health        | Power(W)    Temp(C)           Hugepages-Usage(page)|
| Chip                      | Bus-Id        | AICore(%)   Memory-Usage(MB)  HBM-Usage(MB)        |
+===========================+===============+====================================================+
| 2     910B4               | OK            | 98.0        41                0    / 0             |
| 0                         | 0000:81:00.0  | 0           0    / 0          30689/ 32768         |
+===========================+===============+====================================================+
| 6     910B4               | OK            | 98.2        44                0    / 0             |
| 0                         | 0000:41:00.0  | 0           0    / 0          30559/ 32768         |
+===========================+===============+====================================================+
+---------------------------+---------------+----------------------------------------------------+
| NPU     Chip              | Process id    | Process name             | Process memory(MB)      |
+===========================+===============+====================================================+
| 2       0                 | 158           | VLLMWorker_TP            | 27736                   |
| 2       0                 | 126           | VLLMEngineCor            | 184                     |
+===========================+===============+====================================================+
| 6       0                 | 204           | VLLMWorker_TP            | 27736                   |
+===========================+===============+====================================================+
2026-08-10T05:25:11.461713843Z
+------------------------------------------------------------------------------------------------+
| npu-smi 25.5.2                   Version: 25.5.2                                               |
+---------------------------+---------------+----------------------------------------------------+
| NPU   Name                | Health        | Power(W)    Temp(C)           Hugepages-Usage(page)|
| Chip                      | Bus-Id        | AICore(%)   Memory-Usage(MB)  HBM-Usage(MB)        |
+===========================+===============+====================================================+
| 2     910B4               | OK            | 97.9        41                0    / 0             |
| 0                         | 0000:81:00.0  | 0           0    / 0          30689/ 32768         |
+===========================+===============+====================================================+
| 6     910B4               | OK            | 98.3        44                0    / 0             |
| 0                         | 0000:41:00.0  | 0           0    / 0          30559/ 32768         |
+===========================+===============+====================================================+
+---------------------------+---------------+----------------------------------------------------+
| NPU     Chip              | Process id    | Process name             | Process memory(MB)      |
+===========================+===============+====================================================+
| 2       0                 | 158           | VLLMWorker_TP            | 27736                   |
| 2       0                 | 126           | VLLMEngineCor            | 184                     |
+===========================+===============+====================================================+
| 6       0                 | 204           | VLLMWorker_TP            | 27736                   |
+===========================+===============+====================================================+
2026-08-10T05:25:22.212512250Z
+------------------------------------------------------------------------------------------------+
| npu-smi 25.5.2                   Version: 25.5.2                                               |
+---------------------------+---------------+----------------------------------------------------+
| NPU   Name                | Health        | Power(W)    Temp(C)           Hugepages-Usage(page)|
| Chip                      | Bus-Id        | AICore(%)   Memory-Usage(MB)  HBM-Usage(MB)        |
+===========================+===============+====================================================+
| 2     910B4               | OK            | 98.2        41                0    / 0             |
| 0                         | 0000:81:00.0  | 0           0    / 0          30689/ 32768         |
+===========================+===============+====================================================+
| 6     910B4               | OK            | 97.9        44                0    / 0             |
| 0                         | 0000:41:00.0  | 0           0    / 0          30559/ 32768         |
+===========================+===============+====================================================+
+---------------------------+---------------+----------------------------------------------------+
| NPU     Chip              | Process id    | Process name             | Process memory(MB)      |
+===========================+===============+====================================================+
| 2       0                 | 158           | VLLMWorker_TP            | 27736                   |
| 2       0                 | 126           | VLLMEngineCor            | 184                     |
+===========================+===============+====================================================+
| 6       0                 | 204           | VLLMWorker_TP            | 27736                   |
+===========================+===============+====================================================+
2026-08-10T05:25:33.001105485Z
+------------------------------------------------------------------------------------------------+
| npu-smi 25.5.2                   Version: 25.5.2                                               |
+---------------------------+---------------+----------------------------------------------------+
| NPU   Name                | Health        | Power(W)    Temp(C)           Hugepages-Usage(page)|
| Chip                      | Bus-Id        | AICore(%)   Memory-Usage(MB)  HBM-Usage(MB)        |
+===========================+===============+====================================================+
| 2     910B4               | OK            | 98.5        41                0    / 0             |
| 0                         | 0000:81:00.0  | 0           0    / 0          30689/ 32768         |
+===========================+===============+====================================================+
| 6     910B4               | OK            | 98.0        44                0    / 0             |
| 0                         | 0000:41:00.0  | 0           0    / 0          30559/ 32768         |
+===========================+===============+====================================================+
+---------------------------+---------------+----------------------------------------------------+
| NPU     Chip              | Process id    | Process name             | Process memory(MB)      |
+===========================+===============+====================================================+
| 2       0                 | 158           | VLLMWorker_TP            | 27736                   |
| 2       0                 | 126           | VLLMEngineCor            | 184                     |
+===========================+===============+====================================================+
| 6       0                 | 204           | VLLMWorker_TP            | 27736                   |
+===========================+===============+====================================================+
2026-08-10T05:25:43.764673429Z
+------------------------------------------------------------------------------------------------+
| npu-smi 25.5.2                   Version: 25.5.2                                               |
+---------------------------+---------------+----------------------------------------------------+
| NPU   Name                | Health        | Power(W)    Temp(C)           Hugepages-Usage(page)|
| Chip                      | Bus-Id        | AICore(%)   Memory-Usage(MB)  HBM-Usage(MB)        |
+===========================+===============+====================================================+
| 2     910B4               | OK            | 98.3        41                0    / 0             |
| 0                         | 0000:81:00.0  | 0           0    / 0          30689/ 32768         |
+===========================+===============+====================================================+
| 6     910B4               | OK            | 98.2        44                0    / 0             |
| 0                         | 0000:41:00.0  | 0           0    / 0          30559/ 32768         |
+===========================+===============+====================================================+
+---------------------------+---------------+----------------------------------------------------+
| NPU     Chip              | Process id    | Process name             | Process memory(MB)      |
+===========================+===============+====================================================+
| 2       0                 | 158           | VLLMWorker_TP            | 27736                   |
| 2       0                 | 126           | VLLMEngineCor            | 184                     |
+===========================+===============+====================================================+
| 6       0                 | 204           | VLLMWorker_TP            | 27736                   |
+===========================+===============+====================================================+
2026-08-10T05:25:54.463747466Z
+------------------------------------------------------------------------------------------------+
| npu-smi 25.5.2                   Version: 25.5.2                                               |
+---------------------------+---------------+----------------------------------------------------+
| NPU   Name                | Health        | Power(W)    Temp(C)           Hugepages-Usage(page)|
| Chip                      | Bus-Id        | AICore(%)   Memory-Usage(MB)  HBM-Usage(MB)        |
+===========================+===============+====================================================+
| 2     910B4               | OK            | 97.2        41                0    / 0             |
| 0                         | 0000:81:00.0  | 0           0    / 0          30689/ 32768         |
+===========================+===============+====================================================+
| 6     910B4               | OK            | 98.9        43                0    / 0             |
| 0                         | 0000:41:00.0  | 0           0    / 0          30559/ 32768         |
+===========================+===============+====================================================+
+---------------------------+---------------+----------------------------------------------------+
| NPU     Chip              | Process id    | Process name             | Process memory(MB)      |
+===========================+===============+====================================================+
| 2       0                 | 158           | VLLMWorker_TP            | 27736                   |
| 2       0                 | 126           | VLLMEngineCor            | 184                     |
+===========================+===============+====================================================+
| 6       0                 | 204           | VLLMWorker_TP            | 27736                   |
+===========================+===============+====================================================+
2026-08-10T05:26:05.260496294Z
+------------------------------------------------------------------------------------------------+
| npu-smi 25.5.2                   Version: 25.5.2                                               |
+---------------------------+---------------+----------------------------------------------------+
| NPU   Name                | Health        | Power(W)    Temp(C)           Hugepages-Usage(page)|
| Chip                      | Bus-Id        | AICore(%)   Memory-Usage(MB)  HBM-Usage(MB)        |
+===========================+===============+====================================================+
| 2     910B4               | OK            | 98.2        42                0    / 0             |
| 0                         | 0000:81:00.0  | 0           0    / 0          30689/ 32768         |
+===========================+===============+====================================================+
| 6     910B4               | OK            | 98.7        44                0    / 0             |
| 0                         | 0000:41:00.0  | 0           0    / 0          30558/ 32768         |
+===========================+===============+====================================================+
+---------------------------+---------------+----------------------------------------------------+
| NPU     Chip              | Process id    | Process name             | Process memory(MB)      |
+===========================+===============+====================================================+
| 2       0                 | 158           | VLLMWorker_TP            | 27736                   |
| 2       0                 | 126           | VLLMEngineCor            | 184                     |
+===========================+===============+====================================================+
| 6       0                 | 204           | VLLMWorker_TP            | 27736                   |
+===========================+===============+====================================================+
2026-08-10T05:26:16.000986288Z
+------------------------------------------------------------------------------------------------+
| npu-smi 25.5.2                   Version: 25.5.2                                               |
+---------------------------+---------------+----------------------------------------------------+
| NPU   Name                | Health        | Power(W)    Temp(C)           Hugepages-Usage(page)|
| Chip                      | Bus-Id        | AICore(%)   Memory-Usage(MB)  HBM-Usage(MB)        |
+===========================+===============+====================================================+
| 2     910B4               | OK            | 97.9        42                0    / 0             |
| 0                         | 0000:81:00.0  | 0           0    / 0          30689/ 32768         |
+===========================+===============+====================================================+
| 6     910B4               | OK            | 98.2        44                0    / 0             |
| 0                         | 0000:41:00.0  | 0           0    / 0          30559/ 32768         |
+===========================+===============+====================================================+
+---------------------------+---------------+----------------------------------------------------+
| NPU     Chip              | Process id    | Process name             | Process memory(MB)      |
+===========================+===============+====================================================+
| 2       0                 | 158           | VLLMWorker_TP            | 27736                   |
| 2       0                 | 126           | VLLMEngineCor            | 184                     |
+===========================+===============+====================================================+
| 6       0                 | 204           | VLLMWorker_TP            | 27736                   |
+===========================+===============+====================================================+
2026-08-10T05:26:26.733493479Z
+------------------------------------------------------------------------------------------------+
| npu-smi 25.5.2                   Version: 25.5.2                                               |
+---------------------------+---------------+----------------------------------------------------+
| NPU   Name                | Health        | Power(W)    Temp(C)           Hugepages-Usage(page)|
| Chip                      | Bus-Id        | AICore(%)   Memory-Usage(MB)  HBM-Usage(MB)        |
+===========================+===============+====================================================+
| 2     910B4               | OK            | 98.2        43                0    / 0             |
| 0                         | 0000:81:00.0  | 0           0    / 0          30689/ 32768         |
+===========================+===============+====================================================+
| 6     910B4               | OK            | 98.5        44                0    / 0             |
| 0                         | 0000:41:00.0  | 0           0    / 0          30559/ 32768         |
+===========================+===============+====================================================+
+---------------------------+---------------+----------------------------------------------------+
| NPU     Chip              | Process id    | Process name             | Process memory(MB)      |
+===========================+===============+====================================================+
| 2       0                 | 158           | VLLMWorker_TP            | 27736                   |
| 2       0                 | 126           | VLLMEngineCor            | 184                     |
+===========================+===============+====================================================+
| 6       0                 | 204           | VLLMWorker_TP            | 27736                   |
+===========================+===============+====================================================+
2026-08-10T05:26:37.456809933Z
+------------------------------------------------------------------------------------------------+
| npu-smi 25.5.2                   Version: 25.5.2                                               |
+---------------------------+---------------+----------------------------------------------------+
| NPU   Name                | Health        | Power(W)    Temp(C)           Hugepages-Usage(page)|
| Chip                      | Bus-Id        | AICore(%)   Memory-Usage(MB)  HBM-Usage(MB)        |
+===========================+===============+====================================================+
| 2     910B4               | OK            | 97.9        42                0    / 0             |
| 0                         | 0000:81:00.0  | 0           0    / 0          30689/ 32768         |
+===========================+===============+====================================================+
| 6     910B4               | OK            | 98.6        44                0    / 0             |
| 0                         | 0000:41:00.0  | 0           0    / 0          30559/ 32768         |
+===========================+===============+====================================================+
+---------------------------+---------------+----------------------------------------------------+
| NPU     Chip              | Process id    | Process name             | Process memory(MB)      |
+===========================+===============+====================================================+
| 2       0                 | 158           | VLLMWorker_TP            | 27736                   |
| 2       0                 | 126           | VLLMEngineCor            | 184                     |
+===========================+===============+====================================================+
| 6       0                 | 204           | VLLMWorker_TP            | 27736                   |
+===========================+===============+====================================================+
2026-08-10T05:26:48.272988552Z
+------------------------------------------------------------------------------------------------+
| npu-smi 25.5.2                   Version: 25.5.2                                               |
+---------------------------+---------------+----------------------------------------------------+
| NPU   Name                | Health        | Power(W)    Temp(C)           Hugepages-Usage(page)|
| Chip                      | Bus-Id        | AICore(%)   Memory-Usage(MB)  HBM-Usage(MB)        |
+===========================+===============+====================================================+
| 2     910B4               | OK            | 98.5        42                0    / 0             |
| 0                         | 0000:81:00.0  | 0           0    / 0          30689/ 32768         |
+===========================+===============+====================================================+
| 6     910B4               | OK            | 97.9        44                0    / 0             |
| 0                         | 0000:41:00.0  | 0           0    / 0          30559/ 32768         |
+===========================+===============+====================================================+
+---------------------------+---------------+----------------------------------------------------+
| NPU     Chip              | Process id    | Process name             | Process memory(MB)      |
+===========================+===============+====================================================+
| 2       0                 | 158           | VLLMWorker_TP            | 27736                   |
| 2       0                 | 126           | VLLMEngineCor            | 184                     |
+===========================+===============+====================================================+
| 6       0                 | 204           | VLLMWorker_TP            | 27736                   |
+===========================+===============+====================================================+
2026-08-10T05:26:58.960526669Z
+------------------------------------------------------------------------------------------------+
| npu-smi 25.5.2                   Version: 25.5.2                                               |
+---------------------------+---------------+----------------------------------------------------+
| NPU   Name                | Health        | Power(W)    Temp(C)           Hugepages-Usage(page)|
| Chip                      | Bus-Id        | AICore(%)   Memory-Usage(MB)  HBM-Usage(MB)        |
+===========================+===============+====================================================+
| 2     910B4               | OK            | 98.3        42                0    / 0             |
| 0                         | 0000:81:00.0  | 0           0    / 0          30689/ 32768         |
+===========================+===============+====================================================+
| 6     910B4               | OK            | 98.3        44                0    / 0             |
| 0                         | 0000:41:00.0  | 0           0    / 0          30559/ 32768         |
+===========================+===============+====================================================+
+---------------------------+---------------+----------------------------------------------------+
| NPU     Chip              | Process id    | Process name             | Process memory(MB)      |
+===========================+===============+====================================================+
| 2       0                 | 158           | VLLMWorker_TP            | 27736                   |
| 2       0                 | 126           | VLLMEngineCor            | 184                     |
+===========================+===============+====================================================+
| 6       0                 | 204           | VLLMWorker_TP            | 27736                   |
+===========================+===============+====================================================+
2026-08-10T05:27:09.708397181Z
+------------------------------------------------------------------------------------------------+
| npu-smi 25.5.2                   Version: 25.5.2                                               |
+---------------------------+---------------+----------------------------------------------------+
| NPU   Name                | Health        | Power(W)    Temp(C)           Hugepages-Usage(page)|
| Chip                      | Bus-Id        | AICore(%)   Memory-Usage(MB)  HBM-Usage(MB)        |
+===========================+===============+====================================================+
| 2     910B4               | OK            | 98.3        43                0    / 0             |
| 0                         | 0000:81:00.0  | 0           0    / 0          30689/ 32768         |
+===========================+===============+====================================================+
| 6     910B4               | OK            | 97.7        44                0    / 0             |
| 0                         | 0000:41:00.0  | 0           0    / 0          30559/ 32768         |
+===========================+===============+====================================================+
+---------------------------+---------------+----------------------------------------------------+
| NPU     Chip              | Process id    | Process name             | Process memory(MB)      |
+===========================+===============+====================================================+
| 2       0                 | 158           | VLLMWorker_TP            | 27736                   |
| 2       0                 | 126           | VLLMEngineCor            | 184                     |
+===========================+===============+====================================================+
| 6       0                 | 204           | VLLMWorker_TP            | 27736                   |
+===========================+===============+====================================================+
2026-08-10T05:27:20.430435269Z
+------------------------------------------------------------------------------------------------+
| npu-smi 25.5.2                   Version: 25.5.2                                               |
+---------------------------+---------------+----------------------------------------------------+
| NPU   Name                | Health        | Power(W)    Temp(C)           Hugepages-Usage(page)|
| Chip                      | Bus-Id        | AICore(%)   Memory-Usage(MB)  HBM-Usage(MB)        |
+===========================+===============+====================================================+
| 2     910B4               | OK            | 99.3        42                0    / 0             |
| 0                         | 0000:81:00.0  | 4           0    / 0          30689/ 32768         |
+===========================+===============+====================================================+
| 6     910B4               | OK            | 98.3        44                0    / 0             |
| 0                         | 0000:41:00.0  | 0           0    / 0          30559/ 32768         |
+===========================+===============+====================================================+
+---------------------------+---------------+----------------------------------------------------+
| NPU     Chip              | Process id    | Process name             | Process memory(MB)      |
+===========================+===============+====================================================+
| 2       0                 | 158           | VLLMWorker_TP            | 27736                   |
| 2       0                 | 126           | VLLMEngineCor            | 184                     |
+===========================+===============+====================================================+
| 6       0                 | 204           | VLLMWorker_TP            | 27736                   |
+===========================+===============+====================================================+
2026-08-10T05:27:31.196494616Z
+------------------------------------------------------------------------------------------------+
| npu-smi 25.5.2                   Version: 25.5.2                                               |
+---------------------------+---------------+----------------------------------------------------+
| NPU   Name                | Health        | Power(W)    Temp(C)           Hugepages-Usage(page)|
| Chip                      | Bus-Id        | AICore(%)   Memory-Usage(MB)  HBM-Usage(MB)        |
+===========================+===============+====================================================+
| 2     910B4               | OK            | 98.7        42                0    / 0             |
| 0                         | 0000:81:00.0  | 0           0    / 0          30689/ 32768         |
+===========================+===============+====================================================+
| 6     910B4               | OK            | 98.5        44                0    / 0             |
| 0                         | 0000:41:00.0  | 0           0    / 0          30559/ 32768         |
+===========================+===============+====================================================+
+---------------------------+---------------+----------------------------------------------------+
| NPU     Chip              | Process id    | Process name             | Process memory(MB)      |
+===========================+===============+====================================================+
| 2       0                 | 158           | VLLMWorker_TP            | 27736                   |
| 2       0                 | 126           | VLLMEngineCor            | 184                     |
+===========================+===============+====================================================+
| 6       0                 | 204           | VLLMWorker_TP            | 27736                   |
+===========================+===============+====================================================+
2026-08-10T05:27:41.930356755Z
+------------------------------------------------------------------------------------------------+
| npu-smi 25.5.2                   Version: 25.5.2                                               |
+---------------------------+---------------+----------------------------------------------------+
| NPU   Name                | Health        | Power(W)    Temp(C)           Hugepages-Usage(page)|
| Chip                      | Bus-Id        | AICore(%)   Memory-Usage(MB)  HBM-Usage(MB)        |
+===========================+===============+====================================================+
| 2     910B4               | OK            | 98.1        41                0    / 0             |
| 0                         | 0000:81:00.0  | 0           0    / 0          30689/ 32768         |
+===========================+===============+====================================================+
| 6     910B4               | OK            | 98.3        44                0    / 0             |
| 0                         | 0000:41:00.0  | 0           0    / 0          30559/ 32768         |
+===========================+===============+====================================================+
+---------------------------+---------------+----------------------------------------------------+
| NPU     Chip              | Process id    | Process name             | Process memory(MB)      |
+===========================+===============+====================================================+
| 2       0                 | 158           | VLLMWorker_TP            | 27736                   |
| 2       0                 | 126           | VLLMEngineCor            | 184                     |
+===========================+===============+====================================================+
| 6       0                 | 204           | VLLMWorker_TP            | 27736                   |
+===========================+===============+====================================================+
2026-08-10T05:27:52.670326766Z
+------------------------------------------------------------------------------------------------+
| npu-smi 25.5.2                   Version: 25.5.2                                               |
+---------------------------+---------------+----------------------------------------------------+
| NPU   Name                | Health        | Power(W)    Temp(C)           Hugepages-Usage(page)|
| Chip                      | Bus-Id        | AICore(%)   Memory-Usage(MB)  HBM-Usage(MB)        |
+===========================+===============+====================================================+
| 2     910B4               | OK            | 97.9        41                0    / 0             |
| 0                         | 0000:81:00.0  | 0           0    / 0          30689/ 32768         |
+===========================+===============+====================================================+
| 6     910B4               | OK            | 97.9        44                0    / 0             |
| 0                         | 0000:41:00.0  | 0           0    / 0          30559/ 32768         |
+===========================+===============+====================================================+
+---------------------------+---------------+----------------------------------------------------+
| NPU     Chip              | Process id    | Process name             | Process memory(MB)      |
+===========================+===============+====================================================+
| 2       0                 | 158           | VLLMWorker_TP            | 27736                   |
| 2       0                 | 126           | VLLMEngineCor            | 184                     |
+===========================+===============+====================================================+
| 6       0                 | 204           | VLLMWorker_TP            | 27736                   |
+===========================+===============+====================================================+
2026-08-10T05:28:03.484233963Z
+------------------------------------------------------------------------------------------------+
| npu-smi 25.5.2                   Version: 25.5.2                                               |
+---------------------------+---------------+----------------------------------------------------+
| NPU   Name                | Health        | Power(W)    Temp(C)           Hugepages-Usage(page)|
| Chip                      | Bus-Id        | AICore(%)   Memory-Usage(MB)  HBM-Usage(MB)        |
+===========================+===============+====================================================+
| 2     910B4               | OK            | 98.2        41                0    / 0             |
| 0                         | 0000:81:00.0  | 0           0    / 0          30689/ 32768         |
+===========================+===============+====================================================+
| 6     910B4               | OK            | 98.2        44                0    / 0             |
| 0                         | 0000:41:00.0  | 0           0    / 0          30559/ 32768         |
+===========================+===============+====================================================+
+---------------------------+---------------+----------------------------------------------------+
| NPU     Chip              | Process id    | Process name             | Process memory(MB)      |
+===========================+===============+====================================================+
| 2       0                 | 158           | VLLMWorker_TP            | 27736                   |
| 2       0                 | 126           | VLLMEngineCor            | 184                     |
+===========================+===============+====================================================+
| 6       0                 | 204           | VLLMWorker_TP            | 27736                   |
+===========================+===============+====================================================+
2026-08-10T05:28:14.231739783Z
+------------------------------------------------------------------------------------------------+
| npu-smi 25.5.2                   Version: 25.5.2                                               |
+---------------------------+---------------+----------------------------------------------------+
| NPU   Name                | Health        | Power(W)    Temp(C)           Hugepages-Usage(page)|
| Chip                      | Bus-Id        | AICore(%)   Memory-Usage(MB)  HBM-Usage(MB)        |
+===========================+===============+====================================================+
| 2     910B4               | OK            | 98.8        42                0    / 0             |
| 0                         | 0000:81:00.0  | 0           0    / 0          30689/ 32768         |
+===========================+===============+====================================================+
| 6     910B4               | OK            | 98.3        44                0    / 0             |
| 0                         | 0000:41:00.0  | 0           0    / 0          30559/ 32768         |
+===========================+===============+====================================================+
+---------------------------+---------------+----------------------------------------------------+
| NPU     Chip              | Process id    | Process name             | Process memory(MB)      |
+===========================+===============+====================================================+
| 2       0                 | 158           | VLLMWorker_TP            | 27736                   |
| 2       0                 | 126           | VLLMEngineCor            | 184                     |
+===========================+===============+====================================================+
| 6       0                 | 204           | VLLMWorker_TP            | 27736                   |
+===========================+===============+====================================================+
2026-08-10T05:28:24.989875149Z
+------------------------------------------------------------------------------------------------+
| npu-smi 25.5.2                   Version: 25.5.2                                               |
+---------------------------+---------------+----------------------------------------------------+
| NPU   Name                | Health        | Power(W)    Temp(C)           Hugepages-Usage(page)|
| Chip                      | Bus-Id        | AICore(%)   Memory-Usage(MB)  HBM-Usage(MB)        |
+===========================+===============+====================================================+
| 2     910B4               | OK            | 98.3        42                0    / 0             |
| 0                         | 0000:81:00.0  | 0           0    / 0          30689/ 32768         |
+===========================+===============+====================================================+
| 6     910B4               | OK            | 98.4        44                0    / 0             |
| 0                         | 0000:41:00.0  | 0           0    / 0          30559/ 32768         |
+===========================+===============+====================================================+
+---------------------------+---------------+----------------------------------------------------+
| NPU     Chip              | Process id    | Process name             | Process memory(MB)      |
+===========================+===============+====================================================+
| 2       0                 | 158           | VLLMWorker_TP            | 27736                   |
| 2       0                 | 126           | VLLMEngineCor            | 184                     |
+===========================+===============+====================================================+
| 6       0                 | 204           | VLLMWorker_TP            | 27736                   |
+===========================+===============+====================================================+
2026-08-10T05:28:35.733979821Z
+------------------------------------------------------------------------------------------------+
| npu-smi 25.5.2                   Version: 25.5.2                                               |
+---------------------------+---------------+----------------------------------------------------+
| NPU   Name                | Health        | Power(W)    Temp(C)           Hugepages-Usage(page)|
| Chip                      | Bus-Id        | AICore(%)   Memory-Usage(MB)  HBM-Usage(MB)        |
+===========================+===============+====================================================+
| 2     910B4               | OK            | 97.9        42                0    / 0             |
| 0                         | 0000:81:00.0  | 0           0    / 0          30689/ 32768         |
+===========================+===============+====================================================+
| 6     910B4               | OK            | 97.8        44                0    / 0             |
| 0                         | 0000:41:00.0  | 0           0    / 0          30559/ 32768         |
+===========================+===============+====================================================+
+---------------------------+---------------+----------------------------------------------------+
| NPU     Chip              | Process id    | Process name             | Process memory(MB)      |
+===========================+===============+====================================================+
| 2       0                 | 158           | VLLMWorker_TP            | 27736                   |
| 2       0                 | 126           | VLLMEngineCor            | 184                     |
+===========================+===============+====================================================+
| 6       0                 | 204           | VLLMWorker_TP            | 27736                   |
+===========================+===============+====================================================+
2026-08-10T05:28:46.483622773Z
+------------------------------------------------------------------------------------------------+
| npu-smi 25.5.2                   Version: 25.5.2                                               |
+---------------------------+---------------+----------------------------------------------------+
| NPU   Name                | Health        | Power(W)    Temp(C)           Hugepages-Usage(page)|
| Chip                      | Bus-Id        | AICore(%)   Memory-Usage(MB)  HBM-Usage(MB)        |
+===========================+===============+====================================================+
| 2     910B4               | OK            | 98.1        42                0    / 0             |
| 0                         | 0000:81:00.0  | 0           0    / 0          30689/ 32768         |
+===========================+===============+====================================================+
| 6     910B4               | OK            | 98.2        44                0    / 0             |
| 0                         | 0000:41:00.0  | 0           0    / 0          30559/ 32768         |
+===========================+===============+====================================================+
+---------------------------+---------------+----------------------------------------------------+
| NPU     Chip              | Process id    | Process name             | Process memory(MB)      |
+===========================+===============+====================================================+
| 2       0                 | 158           | VLLMWorker_TP            | 27736                   |
| 2       0                 | 126           | VLLMEngineCor            | 184                     |
+===========================+===============+====================================================+
| 6       0                 | 204           | VLLMWorker_TP            | 27736                   |
+===========================+===============+====================================================+
2026-08-10T05:28:57.209935192Z
+------------------------------------------------------------------------------------------------+
| npu-smi 25.5.2                   Version: 25.5.2                                               |
+---------------------------+---------------+----------------------------------------------------+
| NPU   Name                | Health        | Power(W)    Temp(C)           Hugepages-Usage(page)|
| Chip                      | Bus-Id        | AICore(%)   Memory-Usage(MB)  HBM-Usage(MB)        |
+===========================+===============+====================================================+
| 2     910B4               | OK            | 97.8        42                0    / 0             |
| 0                         | 0000:81:00.0  | 0           0    / 0          30689/ 32768         |
+===========================+===============+====================================================+
| 6     910B4               | OK            | 98.3        44                0    / 0             |
| 0                         | 0000:41:00.0  | 0           0    / 0          30558/ 32768         |
+===========================+===============+====================================================+
+---------------------------+---------------+----------------------------------------------------+
| NPU     Chip              | Process id    | Process name             | Process memory(MB)      |
+===========================+===============+====================================================+
| 2       0                 | 158           | VLLMWorker_TP            | 27736                   |
| 2       0                 | 126           | VLLMEngineCor            | 184                     |
+===========================+===============+====================================================+
| 6       0                 | 204           | VLLMWorker_TP            | 27736                   |
+===========================+===============+====================================================+
2026-08-10T05:29:07.957256362Z
+------------------------------------------------------------------------------------------------+
| npu-smi 25.5.2                   Version: 25.5.2                                               |
+---------------------------+---------------+----------------------------------------------------+
| NPU   Name                | Health        | Power(W)    Temp(C)           Hugepages-Usage(page)|
| Chip                      | Bus-Id        | AICore(%)   Memory-Usage(MB)  HBM-Usage(MB)        |
+===========================+===============+====================================================+
| 2     910B4               | OK            | 97.8        41                0    / 0             |
| 0                         | 0000:81:00.0  | 0           0    / 0          30689/ 32768         |
+===========================+===============+====================================================+
| 6     910B4               | OK            | 98.0        44                0    / 0             |
| 0                         | 0000:41:00.0  | 0           0    / 0          30559/ 32768         |
+===========================+===============+====================================================+
+---------------------------+---------------+----------------------------------------------------+
| NPU     Chip              | Process id    | Process name             | Process memory(MB)      |
+===========================+===============+====================================================+
| 2       0                 | 158           | VLLMWorker_TP            | 27736                   |
| 2       0                 | 126           | VLLMEngineCor            | 184                     |
+===========================+===============+====================================================+
| 6       0                 | 204           | VLLMWorker_TP            | 27736                   |
+===========================+===============+====================================================+
2026-08-10T05:29:18.713854969Z
+------------------------------------------------------------------------------------------------+
| npu-smi 25.5.2                   Version: 25.5.2                                               |
+---------------------------+---------------+----------------------------------------------------+
| NPU   Name                | Health        | Power(W)    Temp(C)           Hugepages-Usage(page)|
| Chip                      | Bus-Id        | AICore(%)   Memory-Usage(MB)  HBM-Usage(MB)        |
+===========================+===============+====================================================+
| 2     910B4               | OK            | 98.1        41                0    / 0             |
| 0                         | 0000:81:00.0  | 0           0    / 0          30689/ 32768         |
+===========================+===============+====================================================+
| 6     910B4               | OK            | 98.4        44                0    / 0             |
| 0                         | 0000:41:00.0  | 0           0    / 0          30559/ 32768         |
+===========================+===============+====================================================+
+---------------------------+---------------+----------------------------------------------------+
| NPU     Chip              | Process id    | Process name             | Process memory(MB)      |
+===========================+===============+====================================================+
| 2       0                 | 158           | VLLMWorker_TP            | 27736                   |
| 2       0                 | 126           | VLLMEngineCor            | 184                     |
+===========================+===============+====================================================+
| 6       0                 | 204           | VLLMWorker_TP            | 27736                   |
+===========================+===============+====================================================+
