2026-08-10T05:24:28.492504980Z
+------------------------------------------------------------------------------------------------+
| npu-smi 25.5.2                   Version: 25.5.2                                               |
+---------------------------+---------------+----------------------------------------------------+
| NPU   Name                | Health        | Power(W)    Temp(C)           Hugepages-Usage(page)|
| Chip                      | Bus-Id        | AICore(%)   Memory-Usage(MB)  HBM-Usage(MB)        |
+===========================+===============+====================================================+
| 1     910B4               | OK            | 83.6        43                0    / 0             |
| 0                         | 0000:C2:00.0  | 0           0    / 0          30851/ 32768         |
+===========================+===============+====================================================+
| 7     910B4               | OK            | 88.5        44                0    / 0             |
| 0                         | 0000:42:00.0  | 0           0    / 0          30718/ 32768         |
+===========================+===============+====================================================+
+---------------------------+---------------+----------------------------------------------------+
| NPU     Chip              | Process id    | Process name             | Process memory(MB)      |
+===========================+===============+====================================================+
| 1       0                 | 146           | VLLMEngineCor            | 184                     |
| 1       0                 | 178           | VLLMWorker_TP            | 27896                   |
+===========================+===============+====================================================+
| 7       0                 | 203           | VLLMWorker_TP            | 27896                   |
+===========================+===============+====================================================+
2026-08-10T05:24:39.253683002Z
+------------------------------------------------------------------------------------------------+
| npu-smi 25.5.2                   Version: 25.5.2                                               |
+---------------------------+---------------+----------------------------------------------------+
| NPU   Name                | Health        | Power(W)    Temp(C)           Hugepages-Usage(page)|
| Chip                      | Bus-Id        | AICore(%)   Memory-Usage(MB)  HBM-Usage(MB)        |
+===========================+===============+====================================================+
| 1     910B4               | OK            | 83.4        43                0    / 0             |
| 0                         | 0000:C2:00.0  | 0           0    / 0          30851/ 32768         |
+===========================+===============+====================================================+
| 7     910B4               | OK            | 88.3        44                0    / 0             |
| 0                         | 0000:42:00.0  | 0           0    / 0          30718/ 32768         |
+===========================+===============+====================================================+
+---------------------------+---------------+----------------------------------------------------+
| NPU     Chip              | Process id    | Process name             | Process memory(MB)      |
+===========================+===============+====================================================+
| 1       0                 | 146           | VLLMEngineCor            | 184                     |
| 1       0                 | 178           | VLLMWorker_TP            | 27896                   |
+===========================+===============+====================================================+
| 7       0                 | 203           | VLLMWorker_TP            | 27896                   |
+===========================+===============+====================================================+
2026-08-10T05:24:49.988096154Z
+------------------------------------------------------------------------------------------------+
| npu-smi 25.5.2                   Version: 25.5.2                                               |
+---------------------------+---------------+----------------------------------------------------+
| NPU   Name                | Health        | Power(W)    Temp(C)           Hugepages-Usage(page)|
| Chip                      | Bus-Id        | AICore(%)   Memory-Usage(MB)  HBM-Usage(MB)        |
+===========================+===============+====================================================+
| 1     910B4               | OK            | 83.4        43                0    / 0             |
| 0                         | 0000:C2:00.0  | 0           0    / 0          30851/ 32768         |
+===========================+===============+====================================================+
| 7     910B4               | OK            | 88.2        44                0    / 0             |
| 0                         | 0000:42:00.0  | 0           0    / 0          30718/ 32768         |
+===========================+===============+====================================================+
+---------------------------+---------------+----------------------------------------------------+
| NPU     Chip              | Process id    | Process name             | Process memory(MB)      |
+===========================+===============+====================================================+
| 1       0                 | 146           | VLLMEngineCor            | 184                     |
| 1       0                 | 178           | VLLMWorker_TP            | 27896                   |
+===========================+===============+====================================================+
| 7       0                 | 203           | VLLMWorker_TP            | 27896                   |
+===========================+===============+====================================================+
2026-08-10T05:25:00.732821510Z
+------------------------------------------------------------------------------------------------+
| npu-smi 25.5.2                   Version: 25.5.2                                               |
+---------------------------+---------------+----------------------------------------------------+
| NPU   Name                | Health        | Power(W)    Temp(C)           Hugepages-Usage(page)|
| Chip                      | Bus-Id        | AICore(%)   Memory-Usage(MB)  HBM-Usage(MB)        |
+===========================+===============+====================================================+
| 1     910B4               | OK            | 116.7       45                0    / 0             |
| 0                         | 0000:C2:00.0  | 100         0    / 0          30851/ 32768         |
+===========================+===============+====================================================+
| 7     910B4               | OK            | 124.3       47                0    / 0             |
| 0                         | 0000:42:00.0  | 44          0    / 0          30718/ 32768         |
+===========================+===============+====================================================+
+---------------------------+---------------+----------------------------------------------------+
| NPU     Chip              | Process id    | Process name             | Process memory(MB)      |
+===========================+===============+====================================================+
| 1       0                 | 146           | VLLMEngineCor            | 184                     |
| 1       0                 | 178           | VLLMWorker_TP            | 27896                   |
+===========================+===============+====================================================+
| 7       0                 | 203           | VLLMWorker_TP            | 27896                   |
+===========================+===============+====================================================+
2026-08-10T05:25:11.471349693Z
+------------------------------------------------------------------------------------------------+
| npu-smi 25.5.2                   Version: 25.5.2                                               |
+---------------------------+---------------+----------------------------------------------------+
| NPU   Name                | Health        | Power(W)    Temp(C)           Hugepages-Usage(page)|
| Chip                      | Bus-Id        | AICore(%)   Memory-Usage(MB)  HBM-Usage(MB)        |
+===========================+===============+====================================================+
| 1     910B4               | OK            | 109.3       44                0    / 0             |
| 0                         | 0000:C2:00.0  | 55          0    / 0          30851/ 32768         |
+===========================+===============+====================================================+
| 7     910B4               | OK            | 115.0       47                0    / 0             |
| 0                         | 0000:42:00.0  | 30          0    / 0          30718/ 32768         |
+===========================+===============+====================================================+
+---------------------------+---------------+----------------------------------------------------+
| NPU     Chip              | Process id    | Process name             | Process memory(MB)      |
+===========================+===============+====================================================+
| 1       0                 | 146           | VLLMEngineCor            | 184                     |
| 1       0                 | 178           | VLLMWorker_TP            | 27896                   |
+===========================+===============+====================================================+
| 7       0                 | 203           | VLLMWorker_TP            | 27896                   |
+===========================+===============+====================================================+
2026-08-10T05:25:22.215479666Z
+------------------------------------------------------------------------------------------------+
| npu-smi 25.5.2                   Version: 25.5.2                                               |
+---------------------------+---------------+----------------------------------------------------+
| NPU   Name                | Health        | Power(W)    Temp(C)           Hugepages-Usage(page)|
| Chip                      | Bus-Id        | AICore(%)   Memory-Usage(MB)  HBM-Usage(MB)        |
+===========================+===============+====================================================+
| 1     910B4               | OK            | 121.4       45                0    / 0             |
| 0                         | 0000:C2:00.0  | 98          0    / 0          30850/ 32768         |
+===========================+===============+====================================================+
| 7     910B4               | OK            | 127.4       48                0    / 0             |
| 0                         | 0000:42:00.0  | 44          0    / 0          30718/ 32768         |
+===========================+===============+====================================================+
+---------------------------+---------------+----------------------------------------------------+
| NPU     Chip              | Process id    | Process name             | Process memory(MB)      |
+===========================+===============+====================================================+
| 1       0                 | 146           | VLLMEngineCor            | 184                     |
| 1       0                 | 178           | VLLMWorker_TP            | 27896                   |
+===========================+===============+====================================================+
| 7       0                 | 203           | VLLMWorker_TP            | 27896                   |
+===========================+===============+====================================================+
2026-08-10T05:25:33.028821690Z
+------------------------------------------------------------------------------------------------+
| npu-smi 25.5.2                   Version: 25.5.2                                               |
+---------------------------+---------------+----------------------------------------------------+
| NPU   Name                | Health        | Power(W)    Temp(C)           Hugepages-Usage(page)|
| Chip                      | Bus-Id        | AICore(%)   Memory-Usage(MB)  HBM-Usage(MB)        |
+===========================+===============+====================================================+
| 1     910B4               | OK            | 112.7       45                0    / 0             |
| 0                         | 0000:C2:00.0  | 59          0    / 0          30851/ 32768         |
+===========================+===============+====================================================+
| 7     910B4               | OK            | 116.3       47                0    / 0             |
| 0                         | 0000:42:00.0  | 34          0    / 0          30718/ 32768         |
+===========================+===============+====================================================+
+---------------------------+---------------+----------------------------------------------------+
| NPU     Chip              | Process id    | Process name             | Process memory(MB)      |
+===========================+===============+====================================================+
| 1       0                 | 146           | VLLMEngineCor            | 184                     |
| 1       0                 | 178           | VLLMWorker_TP            | 27896                   |
+===========================+===============+====================================================+
| 7       0                 | 203           | VLLMWorker_TP            | 27896                   |
+===========================+===============+====================================================+
2026-08-10T05:25:43.767592975Z
+------------------------------------------------------------------------------------------------+
| npu-smi 25.5.2                   Version: 25.5.2                                               |
+---------------------------+---------------+----------------------------------------------------+
| NPU   Name                | Health        | Power(W)    Temp(C)           Hugepages-Usage(page)|
| Chip                      | Bus-Id        | AICore(%)   Memory-Usage(MB)  HBM-Usage(MB)        |
+===========================+===============+====================================================+
| 1     910B4               | OK            | 124.6       47                0    / 0             |
| 0                         | 0000:C2:00.0  | 100         0    / 0          30851/ 32768         |
+===========================+===============+====================================================+
| 7     910B4               | OK            | 129.9       49                0    / 0             |
| 0                         | 0000:42:00.0  | 52          0    / 0          30718/ 32768         |
+===========================+===============+====================================================+
+---------------------------+---------------+----------------------------------------------------+
| NPU     Chip              | Process id    | Process name             | Process memory(MB)      |
+===========================+===============+====================================================+
| 1       0                 | 146           | VLLMEngineCor            | 184                     |
| 1       0                 | 178           | VLLMWorker_TP            | 27896                   |
+===========================+===============+====================================================+
| 7       0                 | 203           | VLLMWorker_TP            | 27896                   |
+===========================+===============+====================================================+
2026-08-10T05:25:54.470519882Z
+------------------------------------------------------------------------------------------------+
| npu-smi 25.5.2                   Version: 25.5.2                                               |
+---------------------------+---------------+----------------------------------------------------+
| NPU   Name                | Health        | Power(W)    Temp(C)           Hugepages-Usage(page)|
| Chip                      | Bus-Id        | AICore(%)   Memory-Usage(MB)  HBM-Usage(MB)        |
+===========================+===============+====================================================+
| 1     910B4               | OK            | 117.4       45                0    / 0             |
| 0                         | 0000:C2:00.0  | 80          0    / 0          30851/ 32768         |
+===========================+===============+====================================================+
| 7     910B4               | OK            | 120.2       48                0    / 0             |
| 0                         | 0000:42:00.0  | 36          0    / 0          30718/ 32768         |
+===========================+===============+====================================================+
+---------------------------+---------------+----------------------------------------------------+
| NPU     Chip              | Process id    | Process name             | Process memory(MB)      |
+===========================+===============+====================================================+
| 1       0                 | 146           | VLLMEngineCor            | 184                     |
| 1       0                 | 178           | VLLMWorker_TP            | 27896                   |
+===========================+===============+====================================================+
| 7       0                 | 203           | VLLMWorker_TP            | 27896                   |
+===========================+===============+====================================================+
2026-08-10T05:26:05.217340418Z
+------------------------------------------------------------------------------------------------+
| npu-smi 25.5.2                   Version: 25.5.2                                               |
+---------------------------+---------------+----------------------------------------------------+
| NPU   Name                | Health        | Power(W)    Temp(C)           Hugepages-Usage(page)|
| Chip                      | Bus-Id        | AICore(%)   Memory-Usage(MB)  HBM-Usage(MB)        |
+===========================+===============+====================================================+
| 1     910B4               | OK            | 110.9       45                0    / 0             |
| 0                         | 0000:C2:00.0  | 50          0    / 0          30851/ 32768         |
+===========================+===============+====================================================+
| 7     910B4               | OK            | 113.6       47                0    / 0             |
| 0                         | 0000:42:00.0  | 24          0    / 0          30718/ 32768         |
+===========================+===============+====================================================+
+---------------------------+---------------+----------------------------------------------------+
| NPU     Chip              | Process id    | Process name             | Process memory(MB)      |
+===========================+===============+====================================================+
| 1       0                 | 146           | VLLMEngineCor            | 184                     |
| 1       0                 | 178           | VLLMWorker_TP            | 27896                   |
+===========================+===============+====================================================+
| 7       0                 | 203           | VLLMWorker_TP            | 27896                   |
+===========================+===============+====================================================+
2026-08-10T05:26:15.940479611Z
+------------------------------------------------------------------------------------------------+
| npu-smi 25.5.2                   Version: 25.5.2                                               |
+---------------------------+---------------+----------------------------------------------------+
| NPU   Name                | Health        | Power(W)    Temp(C)           Hugepages-Usage(page)|
| Chip                      | Bus-Id        | AICore(%)   Memory-Usage(MB)  HBM-Usage(MB)        |
+===========================+===============+====================================================+
| 1     910B4               | OK            | 127.0       47                0    / 0             |
| 0                         | 0000:C2:00.0  | 100         0    / 0          30850/ 32768         |
+===========================+===============+====================================================+
| 7     910B4               | OK            | 125.3       48                0    / 0             |
| 0                         | 0000:42:00.0  | 40          0    / 0          30718/ 32768         |
+===========================+===============+====================================================+
+---------------------------+---------------+----------------------------------------------------+
| NPU     Chip              | Process id    | Process name             | Process memory(MB)      |
+===========================+===============+====================================================+
| 1       0                 | 146           | VLLMEngineCor            | 184                     |
| 1       0                 | 178           | VLLMWorker_TP            | 27896                   |
+===========================+===============+====================================================+
| 7       0                 | 203           | VLLMWorker_TP            | 27896                   |
+===========================+===============+====================================================+
2026-08-10T05:26:26.690449084Z
+------------------------------------------------------------------------------------------------+
| npu-smi 25.5.2                   Version: 25.5.2                                               |
+---------------------------+---------------+----------------------------------------------------+
| NPU   Name                | Health        | Power(W)    Temp(C)           Hugepages-Usage(page)|
| Chip                      | Bus-Id        | AICore(%)   Memory-Usage(MB)  HBM-Usage(MB)        |
+===========================+===============+====================================================+
| 1     910B4               | OK            | 120.0       45                0    / 0             |
| 0                         | 0000:C2:00.0  | 85          0    / 0          30851/ 32768         |
+===========================+===============+====================================================+
| 7     910B4               | OK            | 118.2       47                0    / 0             |
| 0                         | 0000:42:00.0  | 28          0    / 0          30718/ 32768         |
+===========================+===============+====================================================+
+---------------------------+---------------+----------------------------------------------------+
| NPU     Chip              | Process id    | Process name             | Process memory(MB)      |
+===========================+===============+====================================================+
| 1       0                 | 146           | VLLMEngineCor            | 184                     |
| 1       0                 | 178           | VLLMWorker_TP            | 27896                   |
+===========================+===============+====================================================+
| 7       0                 | 203           | VLLMWorker_TP            | 27896                   |
+===========================+===============+====================================================+
2026-08-10T05:26:37.443771895Z
+------------------------------------------------------------------------------------------------+
| npu-smi 25.5.2                   Version: 25.5.2                                               |
+---------------------------+---------------+----------------------------------------------------+
| NPU   Name                | Health        | Power(W)    Temp(C)           Hugepages-Usage(page)|
| Chip                      | Bus-Id        | AICore(%)   Memory-Usage(MB)  HBM-Usage(MB)        |
+===========================+===============+====================================================+
| 1     910B4               | OK            | 129.3       47                0    / 0             |
| 0                         | 0000:C2:00.0  | 100         0    / 0          30851/ 32768         |
+===========================+===============+====================================================+
| 7     910B4               | OK            | 126.3       49                0    / 0             |
| 0                         | 0000:42:00.0  | 42          0    / 0          30719/ 32768         |
+===========================+===============+====================================================+
+---------------------------+---------------+----------------------------------------------------+
| NPU     Chip              | Process id    | Process name             | Process memory(MB)      |
+===========================+===============+====================================================+
| 1       0                 | 146           | VLLMEngineCor            | 184                     |
| 1       0                 | 178           | VLLMWorker_TP            | 27896                   |
+===========================+===============+====================================================+
| 7       0                 | 203           | VLLMWorker_TP            | 27896                   |
+===========================+===============+====================================================+
2026-08-10T05:26:48.256832038Z
+------------------------------------------------------------------------------------------------+
| npu-smi 25.5.2                   Version: 25.5.2                                               |
+---------------------------+---------------+----------------------------------------------------+
| NPU   Name                | Health        | Power(W)    Temp(C)           Hugepages-Usage(page)|
| Chip                      | Bus-Id        | AICore(%)   Memory-Usage(MB)  HBM-Usage(MB)        |
+===========================+===============+====================================================+
| 1     910B4               | OK            | 121.8       46                0    / 0             |
| 0                         | 0000:C2:00.0  | 100         0    / 0          30851/ 32768         |
+===========================+===============+====================================================+
| 7     910B4               | OK            | 125.0       49                0    / 0             |
| 0                         | 0000:42:00.0  | 39          0    / 0          30718/ 32768         |
+===========================+===============+====================================================+
+---------------------------+---------------+----------------------------------------------------+
| NPU     Chip              | Process id    | Process name             | Process memory(MB)      |
+===========================+===============+====================================================+
| 1       0                 | 146           | VLLMEngineCor            | 184                     |
| 1       0                 | 178           | VLLMWorker_TP            | 27896                   |
+===========================+===============+====================================================+
| 7       0                 | 203           | VLLMWorker_TP            | 27896                   |
+===========================+===============+====================================================+
2026-08-10T05:26:59.008240539Z
+------------------------------------------------------------------------------------------------+
| npu-smi 25.5.2                   Version: 25.5.2                                               |
+---------------------------+---------------+----------------------------------------------------+
| NPU   Name                | Health        | Power(W)    Temp(C)           Hugepages-Usage(page)|
| Chip                      | Bus-Id        | AICore(%)   Memory-Usage(MB)  HBM-Usage(MB)        |
+===========================+===============+====================================================+
| 1     910B4               | OK            | 122.2       47                0    / 0             |
| 0                         | 0000:C2:00.0  | 100         0    / 0          30851/ 32768         |
+===========================+===============+====================================================+
| 7     910B4               | OK            | 128.7       49                0    / 0             |
| 0                         | 0000:42:00.0  | 52          0    / 0          30719/ 32768         |
+===========================+===============+====================================================+
+---------------------------+---------------+----------------------------------------------------+
| NPU     Chip              | Process id    | Process name             | Process memory(MB)      |
+===========================+===============+====================================================+
| 1       0                 | 146           | VLLMEngineCor            | 184                     |
| 1       0                 | 178           | VLLMWorker_TP            | 27896                   |
+===========================+===============+====================================================+
| 7       0                 | 203           | VLLMWorker_TP            | 27896                   |
+===========================+===============+====================================================+
2026-08-10T05:27:09.749651627Z
+------------------------------------------------------------------------------------------------+
| npu-smi 25.5.2                   Version: 25.5.2                                               |
+---------------------------+---------------+----------------------------------------------------+
| NPU   Name                | Health        | Power(W)    Temp(C)           Hugepages-Usage(page)|
| Chip                      | Bus-Id        | AICore(%)   Memory-Usage(MB)  HBM-Usage(MB)        |
+===========================+===============+====================================================+
| 1     910B4               | OK            | 116.7       45                0    / 0             |
| 0                         | 0000:C2:00.0  | 68          0    / 0          30851/ 32768         |
+===========================+===============+====================================================+
| 7     910B4               | OK            | 124.1       49                0    / 0             |
| 0                         | 0000:42:00.0  | 46          0    / 0          30718/ 32768         |
+===========================+===============+====================================================+
+---------------------------+---------------+----------------------------------------------------+
| NPU     Chip              | Process id    | Process name             | Process memory(MB)      |
+===========================+===============+====================================================+
| 1       0                 | 146           | VLLMEngineCor            | 184                     |
| 1       0                 | 178           | VLLMWorker_TP            | 27896                   |
+===========================+===============+====================================================+
| 7       0                 | 203           | VLLMWorker_TP            | 27896                   |
+===========================+===============+====================================================+
2026-08-10T05:27:20.452636885Z
+------------------------------------------------------------------------------------------------+
| npu-smi 25.5.2                   Version: 25.5.2                                               |
+---------------------------+---------------+----------------------------------------------------+
| NPU   Name                | Health        | Power(W)    Temp(C)           Hugepages-Usage(page)|
| Chip                      | Bus-Id        | AICore(%)   Memory-Usage(MB)  HBM-Usage(MB)        |
+===========================+===============+====================================================+
| 1     910B4               | OK            | 107.4       45                0    / 0             |
| 0                         | 0000:C2:00.0  | 43          0    / 0          30850/ 32768         |
+===========================+===============+====================================================+
| 7     910B4               | OK            | 116.4       47                0    / 0             |
| 0                         | 0000:42:00.0  | 26          0    / 0          30718/ 32768         |
+===========================+===============+====================================================+
+---------------------------+---------------+----------------------------------------------------+
| NPU     Chip              | Process id    | Process name             | Process memory(MB)      |
+===========================+===============+====================================================+
| 1       0                 | 146           | VLLMEngineCor            | 184                     |
| 1       0                 | 178           | VLLMWorker_TP            | 27896                   |
+===========================+===============+====================================================+
| 7       0                 | 203           | VLLMWorker_TP            | 27896                   |
+===========================+===============+====================================================+
2026-08-10T05:27:31.207969236Z
+------------------------------------------------------------------------------------------------+
| npu-smi 25.5.2                   Version: 25.5.2                                               |
+---------------------------+---------------+----------------------------------------------------+
| NPU   Name                | Health        | Power(W)    Temp(C)           Hugepages-Usage(page)|
| Chip                      | Bus-Id        | AICore(%)   Memory-Usage(MB)  HBM-Usage(MB)        |
+===========================+===============+====================================================+
| 1     910B4               | OK            | 118.9       47                0    / 0             |
| 0                         | 0000:C2:00.0  | 83          0    / 0          30851/ 32768         |
+===========================+===============+====================================================+
| 7     910B4               | OK            | 129.6       50                0    / 0             |
| 0                         | 0000:42:00.0  | 49          0    / 0          30718/ 32768         |
+===========================+===============+====================================================+
+---------------------------+---------------+----------------------------------------------------+
| NPU     Chip              | Process id    | Process name             | Process memory(MB)      |
+===========================+===============+====================================================+
| 1       0                 | 146           | VLLMEngineCor            | 184                     |
| 1       0                 | 178           | VLLMWorker_TP            | 27896                   |
+===========================+===============+====================================================+
| 7       0                 | 203           | VLLMWorker_TP            | 27896                   |
+===========================+===============+====================================================+
2026-08-10T05:27:41.940541738Z
+------------------------------------------------------------------------------------------------+
| npu-smi 25.5.2                   Version: 25.5.2                                               |
+---------------------------+---------------+----------------------------------------------------+
| NPU   Name                | Health        | Power(W)    Temp(C)           Hugepages-Usage(page)|
| Chip                      | Bus-Id        | AICore(%)   Memory-Usage(MB)  HBM-Usage(MB)        |
+===========================+===============+====================================================+
| 1     910B4               | OK            | 112.8       45                0    / 0             |
| 0                         | 0000:C2:00.0  | 76          0    / 0          30850/ 32768         |
+===========================+===============+====================================================+
| 7     910B4               | OK            | 115.4       47                0    / 0             |
| 0                         | 0000:42:00.0  | 26          0    / 0          30718/ 32768         |
+===========================+===============+====================================================+
+---------------------------+---------------+----------------------------------------------------+
| NPU     Chip              | Process id    | Process name             | Process memory(MB)      |
+===========================+===============+====================================================+
| 1       0                 | 146           | VLLMEngineCor            | 184                     |
| 1       0                 | 178           | VLLMWorker_TP            | 27896                   |
+===========================+===============+====================================================+
| 7       0                 | 203           | VLLMWorker_TP            | 27896                   |
+===========================+===============+====================================================+
2026-08-10T05:27:52.681890666Z
+------------------------------------------------------------------------------------------------+
| npu-smi 25.5.2                   Version: 25.5.2                                               |
+---------------------------+---------------+----------------------------------------------------+
| NPU   Name                | Health        | Power(W)    Temp(C)           Hugepages-Usage(page)|
| Chip                      | Bus-Id        | AICore(%)   Memory-Usage(MB)  HBM-Usage(MB)        |
+===========================+===============+====================================================+
| 1     910B4               | OK            | 123.9       47                0    / 0             |
| 0                         | 0000:C2:00.0  | 90          0    / 0          30850/ 32768         |
+===========================+===============+====================================================+
| 7     910B4               | OK            | 128.6       51                0    / 0             |
| 0                         | 0000:42:00.0  | 50          0    / 0          30719/ 32768         |
+===========================+===============+====================================================+
+---------------------------+---------------+----------------------------------------------------+
| NPU     Chip              | Process id    | Process name             | Process memory(MB)      |
+===========================+===============+====================================================+
| 1       0                 | 146           | VLLMEngineCor            | 184                     |
| 1       0                 | 178           | VLLMWorker_TP            | 27896                   |
+===========================+===============+====================================================+
| 7       0                 | 203           | VLLMWorker_TP            | 27896                   |
+===========================+===============+====================================================+
2026-08-10T05:28:03.503596944Z
+------------------------------------------------------------------------------------------------+
| npu-smi 25.5.2                   Version: 25.5.2                                               |
+---------------------------+---------------+----------------------------------------------------+
| NPU   Name                | Health        | Power(W)    Temp(C)           Hugepages-Usage(page)|
| Chip                      | Bus-Id        | AICore(%)   Memory-Usage(MB)  HBM-Usage(MB)        |
+===========================+===============+====================================================+
| 1     910B4               | OK            | 119.7       45                0    / 0             |
| 0                         | 0000:C2:00.0  | 90          0    / 0          30851/ 32768         |
+===========================+===============+====================================================+
| 7     910B4               | OK            | 124.7       49                0    / 0             |
| 0                         | 0000:42:00.0  | 41          0    / 0          30718/ 32768         |
+===========================+===============+====================================================+
+---------------------------+---------------+----------------------------------------------------+
| NPU     Chip              | Process id    | Process name             | Process memory(MB)      |
+===========================+===============+====================================================+
| 1       0                 | 146           | VLLMEngineCor            | 184                     |
| 1       0                 | 178           | VLLMWorker_TP            | 27896                   |
+===========================+===============+====================================================+
| 7       0                 | 203           | VLLMWorker_TP            | 27896                   |
+===========================+===============+====================================================+
2026-08-10T05:28:14.235301812Z
+------------------------------------------------------------------------------------------------+
| npu-smi 25.5.2                   Version: 25.5.2                                               |
+---------------------------+---------------+----------------------------------------------------+
| NPU   Name                | Health        | Power(W)    Temp(C)           Hugepages-Usage(page)|
| Chip                      | Bus-Id        | AICore(%)   Memory-Usage(MB)  HBM-Usage(MB)        |
+===========================+===============+====================================================+
| 1     910B4               | OK            | 107.9       45                0    / 0             |
| 0                         | 0000:C2:00.0  | 47          0    / 0          30851/ 32768         |
+===========================+===============+====================================================+
| 7     910B4               | OK            | 109.3       47                0    / 0             |
| 0                         | 0000:42:00.0  | 23          0    / 0          30718/ 32768         |
+===========================+===============+====================================================+
+---------------------------+---------------+----------------------------------------------------+
| NPU     Chip              | Process id    | Process name             | Process memory(MB)      |
+===========================+===============+====================================================+
| 1       0                 | 146           | VLLMEngineCor            | 184                     |
| 1       0                 | 178           | VLLMWorker_TP            | 27896                   |
+===========================+===============+====================================================+
| 7       0                 | 203           | VLLMWorker_TP            | 27896                   |
+===========================+===============+====================================================+
2026-08-10T05:28:24.999258308Z
+------------------------------------------------------------------------------------------------+
| npu-smi 25.5.2                   Version: 25.5.2                                               |
+---------------------------+---------------+----------------------------------------------------+
| NPU   Name                | Health        | Power(W)    Temp(C)           Hugepages-Usage(page)|
| Chip                      | Bus-Id        | AICore(%)   Memory-Usage(MB)  HBM-Usage(MB)        |
+===========================+===============+====================================================+
| 1     910B4               | OK            | 120.2       45                0    / 0             |
| 0                         | 0000:C2:00.0  | 88          0    / 0          30851/ 32768         |
+===========================+===============+====================================================+
| 7     910B4               | OK            | 128.0       50                0    / 0             |
| 0                         | 0000:42:00.0  | 44          0    / 0          30718/ 32768         |
+===========================+===============+====================================================+
+---------------------------+---------------+----------------------------------------------------+
| NPU     Chip              | Process id    | Process name             | Process memory(MB)      |
+===========================+===============+====================================================+
| 1       0                 | 146           | VLLMEngineCor            | 184                     |
| 1       0                 | 178           | VLLMWorker_TP            | 27896                   |
+===========================+===============+====================================================+
| 7       0                 | 203           | VLLMWorker_TP            | 27896                   |
+===========================+===============+====================================================+
2026-08-10T05:28:35.746588577Z
+------------------------------------------------------------------------------------------------+
| npu-smi 25.5.2                   Version: 25.5.2                                               |
+---------------------------+---------------+----------------------------------------------------+
| NPU   Name                | Health        | Power(W)    Temp(C)           Hugepages-Usage(page)|
| Chip                      | Bus-Id        | AICore(%)   Memory-Usage(MB)  HBM-Usage(MB)        |
+===========================+===============+====================================================+
| 1     910B4               | OK            | 118.3       46                0    / 0             |
| 0                         | 0000:C2:00.0  | 79          0    / 0          30851/ 32768         |
+===========================+===============+====================================================+
| 7     910B4               | OK            | 119.9       48                0    / 0             |
| 0                         | 0000:42:00.0  | 33          0    / 0          30719/ 32768         |
+===========================+===============+====================================================+
+---------------------------+---------------+----------------------------------------------------+
| NPU     Chip              | Process id    | Process name             | Process memory(MB)      |
+===========================+===============+====================================================+
| 1       0                 | 146           | VLLMEngineCor            | 184                     |
| 1       0                 | 178           | VLLMWorker_TP            | 27896                   |
+===========================+===============+====================================================+
| 7       0                 | 203           | VLLMWorker_TP            | 27896                   |
+===========================+===============+====================================================+
2026-08-10T05:28:46.504396011Z
+------------------------------------------------------------------------------------------------+
| npu-smi 25.5.2                   Version: 25.5.2                                               |
+---------------------------+---------------+----------------------------------------------------+
| NPU   Name                | Health        | Power(W)    Temp(C)           Hugepages-Usage(page)|
| Chip                      | Bus-Id        | AICore(%)   Memory-Usage(MB)  HBM-Usage(MB)        |
+===========================+===============+====================================================+
| 1     910B4               | OK            | 127.2       47                0    / 0             |
| 0                         | 0000:C2:00.0  | 100         0    / 0          30851/ 32768         |
+===========================+===============+====================================================+
| 7     910B4               | OK            | 128.4       48                0    / 0             |
| 0                         | 0000:42:00.0  | 36          0    / 0          30718/ 32768         |
+===========================+===============+====================================================+
+---------------------------+---------------+----------------------------------------------------+
| NPU     Chip              | Process id    | Process name             | Process memory(MB)      |
+===========================+===============+====================================================+
| 1       0                 | 146           | VLLMEngineCor            | 184                     |
| 1       0                 | 178           | VLLMWorker_TP            | 27896                   |
+===========================+===============+====================================================+
| 7       0                 | 203           | VLLMWorker_TP            | 27896                   |
+===========================+===============+====================================================+
2026-08-10T05:28:57.228732390Z
+------------------------------------------------------------------------------------------------+
| npu-smi 25.5.2                   Version: 25.5.2                                               |
+---------------------------+---------------+----------------------------------------------------+
| NPU   Name                | Health        | Power(W)    Temp(C)           Hugepages-Usage(page)|
| Chip                      | Bus-Id        | AICore(%)   Memory-Usage(MB)  HBM-Usage(MB)        |
+===========================+===============+====================================================+
| 1     910B4               | OK            | 125.1       46                0    / 0             |
| 0                         | 0000:C2:00.0  | 100         0    / 0          30850/ 32768         |
+===========================+===============+====================================================+
| 7     910B4               | OK            | 125.5       49                0    / 0             |
| 0                         | 0000:42:00.0  | 36          0    / 0          30718/ 32768         |
+===========================+===============+====================================================+
+---------------------------+---------------+----------------------------------------------------+
| NPU     Chip              | Process id    | Process name             | Process memory(MB)      |
+===========================+===============+====================================================+
| 1       0                 | 146           | VLLMEngineCor            | 184                     |
| 1       0                 | 178           | VLLMWorker_TP            | 27896                   |
+===========================+===============+====================================================+
| 7       0                 | 203           | VLLMWorker_TP            | 27896                   |
+===========================+===============+====================================================+
2026-08-10T05:29:07.984073062Z
+------------------------------------------------------------------------------------------------+
| npu-smi 25.5.2                   Version: 25.5.2                                               |
+---------------------------+---------------+----------------------------------------------------+
| NPU   Name                | Health        | Power(W)    Temp(C)           Hugepages-Usage(page)|
| Chip                      | Bus-Id        | AICore(%)   Memory-Usage(MB)  HBM-Usage(MB)        |
+===========================+===============+====================================================+
| 1     910B4               | OK            | 105.4       44                0    / 0             |
| 0                         | 0000:C2:00.0  | 30          0    / 0          30851/ 32768         |
+===========================+===============+====================================================+
| 7     910B4               | OK            | 121.1       48                0    / 0             |
| 0                         | 0000:42:00.0  | 28          0    / 0          30718/ 32768         |
+===========================+===============+====================================================+
+---------------------------+---------------+----------------------------------------------------+
| NPU     Chip              | Process id    | Process name             | Process memory(MB)      |
+===========================+===============+====================================================+
| 1       0                 | 146           | VLLMEngineCor            | 184                     |
| 1       0                 | 178           | VLLMWorker_TP            | 27896                   |
+===========================+===============+====================================================+
| 7       0                 | 203           | VLLMWorker_TP            | 27896                   |
+===========================+===============+====================================================+
2026-08-10T05:29:18.730045094Z
+------------------------------------------------------------------------------------------------+
| npu-smi 25.5.2                   Version: 25.5.2                                               |
+---------------------------+---------------+----------------------------------------------------+
| NPU   Name                | Health        | Power(W)    Temp(C)           Hugepages-Usage(page)|
| Chip                      | Bus-Id        | AICore(%)   Memory-Usage(MB)  HBM-Usage(MB)        |
+===========================+===============+====================================================+
| 1     910B4               | OK            | 119.2       45                0    / 0             |
| 0                         | 0000:C2:00.0  | 79          0    / 0          30851/ 32768         |
+===========================+===============+====================================================+
| 7     910B4               | OK            | 125.8       49                0    / 0             |
| 0                         | 0000:42:00.0  | 51          0    / 0          30718/ 32768         |
+===========================+===============+====================================================+
+---------------------------+---------------+----------------------------------------------------+
| NPU     Chip              | Process id    | Process name             | Process memory(MB)      |
+===========================+===============+====================================================+
| 1       0                 | 146           | VLLMEngineCor            | 184                     |
| 1       0                 | 178           | VLLMWorker_TP            | 27896                   |
+===========================+===============+====================================================+
| 7       0                 | 203           | VLLMWorker_TP            | 27896                   |
+===========================+===============+====================================================+
