2026-08-12T14:22:04.198405369Z
+------------------------------------------------------------------------------------------------+
| npu-smi 25.5.2                   Version: 25.5.2                                               |
+---------------------------+---------------+----------------------------------------------------+
| NPU   Name                | Health        | Power(W)    Temp(C)           Hugepages-Usage(page)|
| Chip                      | Bus-Id        | AICore(%)   Memory-Usage(MB)  HBM-Usage(MB)        |
+===========================+===============+====================================================+
| 3     910B4               | OK            | 94.2        42                0    / 0             |
| 0                         | 0000:82:00.0  | 0           0    / 0          30688/ 32768         |
+===========================+===============+====================================================+
| 6     910B4               | OK            | 91.3        43                0    / 0             |
| 0                         | 0000:41:00.0  | 0           0    / 0          30558/ 32768         |
+===========================+===============+====================================================+
+---------------------------+---------------+----------------------------------------------------+
| NPU     Chip              | Process id    | Process name             | Process memory(MB)      |
+===========================+===============+====================================================+
| 3       0                 | 159           | VLLMWorker_TP            | 27736                   |
| 3       0                 | 126           | VLLMEngineCor            | 184                     |
+===========================+===============+====================================================+
| 6       0                 | 183           | VLLMWorker_TP            | 27736                   |
+===========================+===============+====================================================+
2026-08-12T14:22:14.953804513Z
+------------------------------------------------------------------------------------------------+
| npu-smi 25.5.2                   Version: 25.5.2                                               |
+---------------------------+---------------+----------------------------------------------------+
| NPU   Name                | Health        | Power(W)    Temp(C)           Hugepages-Usage(page)|
| Chip                      | Bus-Id        | AICore(%)   Memory-Usage(MB)  HBM-Usage(MB)        |
+===========================+===============+====================================================+
| 3     910B4               | OK            | 94.1        42                0    / 0             |
| 0                         | 0000:82:00.0  | 0           0    / 0          30689/ 32768         |
+===========================+===============+====================================================+
| 6     910B4               | OK            | 91.4        43                0    / 0             |
| 0                         | 0000:41:00.0  | 0           0    / 0          30559/ 32768         |
+===========================+===============+====================================================+
+---------------------------+---------------+----------------------------------------------------+
| NPU     Chip              | Process id    | Process name             | Process memory(MB)      |
+===========================+===============+====================================================+
| 3       0                 | 159           | VLLMWorker_TP            | 27736                   |
| 3       0                 | 126           | VLLMEngineCor            | 184                     |
+===========================+===============+====================================================+
| 6       0                 | 183           | VLLMWorker_TP            | 27736                   |
+===========================+===============+====================================================+
2026-08-12T14:22:25.680764192Z
+------------------------------------------------------------------------------------------------+
| npu-smi 25.5.2                   Version: 25.5.2                                               |
+---------------------------+---------------+----------------------------------------------------+
| NPU   Name                | Health        | Power(W)    Temp(C)           Hugepages-Usage(page)|
| Chip                      | Bus-Id        | AICore(%)   Memory-Usage(MB)  HBM-Usage(MB)        |
+===========================+===============+====================================================+
| 3     910B4               | OK            | 94.3        42                0    / 0             |
| 0                         | 0000:82:00.0  | 0           0    / 0          30688/ 32768         |
+===========================+===============+====================================================+
| 6     910B4               | OK            | 91.3        43                0    / 0             |
| 0                         | 0000:41:00.0  | 0           0    / 0          30558/ 32768         |
+===========================+===============+====================================================+
+---------------------------+---------------+----------------------------------------------------+
| NPU     Chip              | Process id    | Process name             | Process memory(MB)      |
+===========================+===============+====================================================+
| 3       0                 | 159           | VLLMWorker_TP            | 27736                   |
| 3       0                 | 126           | VLLMEngineCor            | 184                     |
+===========================+===============+====================================================+
| 6       0                 | 183           | VLLMWorker_TP            | 27736                   |
+===========================+===============+====================================================+
2026-08-12T14:22:36.427022870Z
+------------------------------------------------------------------------------------------------+
| npu-smi 25.5.2                   Version: 25.5.2                                               |
+---------------------------+---------------+----------------------------------------------------+
| NPU   Name                | Health        | Power(W)    Temp(C)           Hugepages-Usage(page)|
| Chip                      | Bus-Id        | AICore(%)   Memory-Usage(MB)  HBM-Usage(MB)        |
+===========================+===============+====================================================+
| 3     910B4               | OK            | 100.3       42                0    / 0             |
| 0                         | 0000:82:00.0  | 0           0    / 0          30689/ 32768         |
+===========================+===============+====================================================+
| 6     910B4               | OK            | 97.7        43                0    / 0             |
| 0                         | 0000:41:00.0  | 0           0    / 0          30558/ 32768         |
+===========================+===============+====================================================+
+---------------------------+---------------+----------------------------------------------------+
| NPU     Chip              | Process id    | Process name             | Process memory(MB)      |
+===========================+===============+====================================================+
| 3       0                 | 159           | VLLMWorker_TP            | 27736                   |
| 3       0                 | 126           | VLLMEngineCor            | 184                     |
+===========================+===============+====================================================+
| 6       0                 | 183           | VLLMWorker_TP            | 27736                   |
+===========================+===============+====================================================+
2026-08-12T14:22:47.196656176Z
+------------------------------------------------------------------------------------------------+
| npu-smi 25.5.2                   Version: 25.5.2                                               |
+---------------------------+---------------+----------------------------------------------------+
| NPU   Name                | Health        | Power(W)    Temp(C)           Hugepages-Usage(page)|
| Chip                      | Bus-Id        | AICore(%)   Memory-Usage(MB)  HBM-Usage(MB)        |
+===========================+===============+====================================================+
| 3     910B4               | OK            | 100.7       42                0    / 0             |
| 0                         | 0000:82:00.0  | 0           0    / 0          30689/ 32768         |
+===========================+===============+====================================================+
| 6     910B4               | OK            | 98.0        43                0    / 0             |
| 0                         | 0000:41:00.0  | 0           0    / 0          30559/ 32768         |
+===========================+===============+====================================================+
+---------------------------+---------------+----------------------------------------------------+
| NPU     Chip              | Process id    | Process name             | Process memory(MB)      |
+===========================+===============+====================================================+
| 3       0                 | 159           | VLLMWorker_TP            | 27736                   |
| 3       0                 | 126           | VLLMEngineCor            | 184                     |
+===========================+===============+====================================================+
| 6       0                 | 183           | VLLMWorker_TP            | 27736                   |
+===========================+===============+====================================================+
2026-08-12T14:22:57.889448012Z
+------------------------------------------------------------------------------------------------+
| npu-smi 25.5.2                   Version: 25.5.2                                               |
+---------------------------+---------------+----------------------------------------------------+
| NPU   Name                | Health        | Power(W)    Temp(C)           Hugepages-Usage(page)|
| Chip                      | Bus-Id        | AICore(%)   Memory-Usage(MB)  HBM-Usage(MB)        |
+===========================+===============+====================================================+
| 3     910B4               | OK            | 100.5       43                0    / 0             |
| 0                         | 0000:82:00.0  | 0           0    / 0          30688/ 32768         |
+===========================+===============+====================================================+
| 6     910B4               | OK            | 97.9        44                0    / 0             |
| 0                         | 0000:41:00.0  | 0           0    / 0          30559/ 32768         |
+===========================+===============+====================================================+
+---------------------------+---------------+----------------------------------------------------+
| NPU     Chip              | Process id    | Process name             | Process memory(MB)      |
+===========================+===============+====================================================+
| 3       0                 | 159           | VLLMWorker_TP            | 27736                   |
| 3       0                 | 126           | VLLMEngineCor            | 184                     |
+===========================+===============+====================================================+
| 6       0                 | 183           | VLLMWorker_TP            | 27736                   |
+===========================+===============+====================================================+
