2026-08-12T14:22:04.197554665Z
+------------------------------------------------------------------------------------------------+
| npu-smi 25.5.2                   Version: 25.5.2                                               |
+---------------------------+---------------+----------------------------------------------------+
| NPU   Name                | Health        | Power(W)    Temp(C)           Hugepages-Usage(page)|
| Chip                      | Bus-Id        | AICore(%)   Memory-Usage(MB)  HBM-Usage(MB)        |
+===========================+===============+====================================================+
| 1     910B4               | OK            | 82.5        40                0    / 0             |
| 0                         | 0000:C2:00.0  | 0           0    / 0          30931/ 32768         |
+===========================+===============+====================================================+
| 2     910B4               | OK            | 89.5        41                0    / 0             |
| 0                         | 0000:81:00.0  | 0           0    / 0          30799/ 32768         |
+===========================+===============+====================================================+
+---------------------------+---------------+----------------------------------------------------+
| NPU     Chip              | Process id    | Process name             | Process memory(MB)      |
+===========================+===============+====================================================+
| 1       0                 | 158           | VLLMWorker_TP            | 27976                   |
| 1       0                 | 126           | VLLMEngineCor            | 184                     |
+===========================+===============+====================================================+
| 2       0                 | 182           | VLLMWorker_TP            | 27976                   |
+===========================+===============+====================================================+
2026-08-12T14:22:14.979737795Z
+------------------------------------------------------------------------------------------------+
| npu-smi 25.5.2                   Version: 25.5.2                                               |
+---------------------------+---------------+----------------------------------------------------+
| NPU   Name                | Health        | Power(W)    Temp(C)           Hugepages-Usage(page)|
| Chip                      | Bus-Id        | AICore(%)   Memory-Usage(MB)  HBM-Usage(MB)        |
+===========================+===============+====================================================+
| 1     910B4               | OK            | 82.7        41                0    / 0             |
| 0                         | 0000:C2:00.0  | 0           0    / 0          30931/ 32768         |
+===========================+===============+====================================================+
| 2     910B4               | OK            | 89.5        40                0    / 0             |
| 0                         | 0000:81:00.0  | 0           0    / 0          30799/ 32768         |
+===========================+===============+====================================================+
+---------------------------+---------------+----------------------------------------------------+
| NPU     Chip              | Process id    | Process name             | Process memory(MB)      |
+===========================+===============+====================================================+
| 1       0                 | 158           | VLLMWorker_TP            | 27976                   |
| 1       0                 | 126           | VLLMEngineCor            | 184                     |
+===========================+===============+====================================================+
| 2       0                 | 182           | VLLMWorker_TP            | 27976                   |
+===========================+===============+====================================================+
2026-08-12T14:22:25.694948934Z
+------------------------------------------------------------------------------------------------+
| npu-smi 25.5.2                   Version: 25.5.2                                               |
+---------------------------+---------------+----------------------------------------------------+
| NPU   Name                | Health        | Power(W)    Temp(C)           Hugepages-Usage(page)|
| Chip                      | Bus-Id        | AICore(%)   Memory-Usage(MB)  HBM-Usage(MB)        |
+===========================+===============+====================================================+
| 1     910B4               | OK            | 82.8        40                0    / 0             |
| 0                         | 0000:C2:00.0  | 0           0    / 0          30930/ 32768         |
+===========================+===============+====================================================+
| 2     910B4               | OK            | 89.6        41                0    / 0             |
| 0                         | 0000:81:00.0  | 0           0    / 0          30799/ 32768         |
+===========================+===============+====================================================+
+---------------------------+---------------+----------------------------------------------------+
| NPU     Chip              | Process id    | Process name             | Process memory(MB)      |
+===========================+===============+====================================================+
| 1       0                 | 158           | VLLMWorker_TP            | 27976                   |
| 1       0                 | 126           | VLLMEngineCor            | 184                     |
+===========================+===============+====================================================+
| 2       0                 | 182           | VLLMWorker_TP            | 27976                   |
+===========================+===============+====================================================+
2026-08-12T14:22:36.424044785Z
+------------------------------------------------------------------------------------------------+
| npu-smi 25.5.2                   Version: 25.5.2                                               |
+---------------------------+---------------+----------------------------------------------------+
| NPU   Name                | Health        | Power(W)    Temp(C)           Hugepages-Usage(page)|
| Chip                      | Bus-Id        | AICore(%)   Memory-Usage(MB)  HBM-Usage(MB)        |
+===========================+===============+====================================================+
| 1     910B4               | OK            | 132.3       45                0    / 0             |
| 0                         | 0000:C2:00.0  | 100         0    / 0          30930/ 32768         |
+===========================+===============+====================================================+
| 2     910B4               | OK            | 137.6       45                0    / 0             |
| 0                         | 0000:81:00.0  | 100         0    / 0          30799/ 32768         |
+===========================+===============+====================================================+
+---------------------------+---------------+----------------------------------------------------+
| NPU     Chip              | Process id    | Process name             | Process memory(MB)      |
+===========================+===============+====================================================+
| 1       0                 | 158           | VLLMWorker_TP            | 27976                   |
| 1       0                 | 126           | VLLMEngineCor            | 184                     |
+===========================+===============+====================================================+
| 2       0                 | 182           | VLLMWorker_TP            | 27976                   |
+===========================+===============+====================================================+
2026-08-12T14:22:47.159957130Z
+------------------------------------------------------------------------------------------------+
| npu-smi 25.5.2                   Version: 25.5.2                                               |
+---------------------------+---------------+----------------------------------------------------+
| NPU   Name                | Health        | Power(W)    Temp(C)           Hugepages-Usage(page)|
| Chip                      | Bus-Id        | AICore(%)   Memory-Usage(MB)  HBM-Usage(MB)        |
+===========================+===============+====================================================+
| 1     910B4               | OK            | 133.5       45                0    / 0             |
| 0                         | 0000:C2:00.0  | 100         0    / 0          30930/ 32768         |
+===========================+===============+====================================================+
| 2     910B4               | OK            | 142.5       46                0    / 0             |
| 0                         | 0000:81:00.0  | 100         0    / 0          30799/ 32768         |
+===========================+===============+====================================================+
+---------------------------+---------------+----------------------------------------------------+
| NPU     Chip              | Process id    | Process name             | Process memory(MB)      |
+===========================+===============+====================================================+
| 1       0                 | 158           | VLLMWorker_TP            | 27976                   |
| 1       0                 | 126           | VLLMEngineCor            | 184                     |
+===========================+===============+====================================================+
| 2       0                 | 182           | VLLMWorker_TP            | 27976                   |
+===========================+===============+====================================================+
2026-08-12T14:22:57.883503622Z
+------------------------------------------------------------------------------------------------+
| npu-smi 25.5.2                   Version: 25.5.2                                               |
+---------------------------+---------------+----------------------------------------------------+
| NPU   Name                | Health        | Power(W)    Temp(C)           Hugepages-Usage(page)|
| Chip                      | Bus-Id        | AICore(%)   Memory-Usage(MB)  HBM-Usage(MB)        |
+===========================+===============+====================================================+
| 1     910B4               | OK            | 89.5        43                0    / 0             |
| 0                         | 0000:C2:00.0  | 0           0    / 0          30931/ 32768         |
+===========================+===============+====================================================+
| 2     910B4               | OK            | 98.6        43                0    / 0             |
| 0                         | 0000:81:00.0  | 0           0    / 0          30799/ 32768         |
+===========================+===============+====================================================+
+---------------------------+---------------+----------------------------------------------------+
| NPU     Chip              | Process id    | Process name             | Process memory(MB)      |
+===========================+===============+====================================================+
| 1       0                 | 158           | VLLMWorker_TP            | 27976                   |
| 1       0                 | 126           | VLLMEngineCor            | 184                     |
+===========================+===============+====================================================+
| 2       0                 | 182           | VLLMWorker_TP            | 27976                   |
+===========================+===============+====================================================+
