2026-08-10T04:42:42.991238809Z
+------------------------------------------------------------------------------------------------+
| npu-smi 25.5.2                   Version: 25.5.2                                               |
+---------------------------+---------------+----------------------------------------------------+
| NPU   Name                | Health        | Power(W)    Temp(C)           Hugepages-Usage(page)|
| Chip                      | Bus-Id        | AICore(%)   Memory-Usage(MB)  HBM-Usage(MB)        |
+===========================+===============+====================================================+
| 2     910B4               | OK            | 90.4        42                0    / 0             |
| 0                         | 0000:81:00.0  | 0           0    / 0          30692/ 32768         |
+===========================+===============+====================================================+
| 3     910B4               | OK            | 94.8        43                0    / 0             |
| 0                         | 0000:82:00.0  | 0           0    / 0          30561/ 32768         |
+===========================+===============+====================================================+
+---------------------------+---------------+----------------------------------------------------+
| NPU     Chip              | Process id    | Process name             | Process memory(MB)      |
+===========================+===============+====================================================+
| 2       0                 | 159           | VLLMWorker_TP            | 27736                   |
| 2       0                 | 126           | VLLMEngineCor            | 184                     |
+===========================+===============+====================================================+
| 3       0                 | 184           | VLLMWorker_TP            | 27736                   |
+===========================+===============+====================================================+
2026-08-10T04:42:53.757323857Z
+------------------------------------------------------------------------------------------------+
| npu-smi 25.5.2                   Version: 25.5.2                                               |
+---------------------------+---------------+----------------------------------------------------+
| NPU   Name                | Health        | Power(W)    Temp(C)           Hugepages-Usage(page)|
| Chip                      | Bus-Id        | AICore(%)   Memory-Usage(MB)  HBM-Usage(MB)        |
+===========================+===============+====================================================+
| 2     910B4               | OK            | 90.2        42                0    / 0             |
| 0                         | 0000:81:00.0  | 0           0    / 0          30692/ 32768         |
+===========================+===============+====================================================+
| 3     910B4               | OK            | 94.8        43                0    / 0             |
| 0                         | 0000:82:00.0  | 0           0    / 0          30561/ 32768         |
+===========================+===============+====================================================+
+---------------------------+---------------+----------------------------------------------------+
| NPU     Chip              | Process id    | Process name             | Process memory(MB)      |
+===========================+===============+====================================================+
| 2       0                 | 159           | VLLMWorker_TP            | 27736                   |
| 2       0                 | 126           | VLLMEngineCor            | 184                     |
+===========================+===============+====================================================+
| 3       0                 | 184           | VLLMWorker_TP            | 27736                   |
+===========================+===============+====================================================+
2026-08-10T04:43:04.460140653Z
+------------------------------------------------------------------------------------------------+
| npu-smi 25.5.2                   Version: 25.5.2                                               |
+---------------------------+---------------+----------------------------------------------------+
| NPU   Name                | Health        | Power(W)    Temp(C)           Hugepages-Usage(page)|
| Chip                      | Bus-Id        | AICore(%)   Memory-Usage(MB)  HBM-Usage(MB)        |
+===========================+===============+====================================================+
| 2     910B4               | OK            | 90.4        42                0    / 0             |
| 0                         | 0000:81:00.0  | 0           0    / 0          30692/ 32768         |
+===========================+===============+====================================================+
| 3     910B4               | OK            | 94.8        43                0    / 0             |
| 0                         | 0000:82:00.0  | 0           0    / 0          30561/ 32768         |
+===========================+===============+====================================================+
+---------------------------+---------------+----------------------------------------------------+
| NPU     Chip              | Process id    | Process name             | Process memory(MB)      |
+===========================+===============+====================================================+
| 2       0                 | 159           | VLLMWorker_TP            | 27736                   |
| 2       0                 | 126           | VLLMEngineCor            | 184                     |
+===========================+===============+====================================================+
| 3       0                 | 184           | VLLMWorker_TP            | 27736                   |
+===========================+===============+====================================================+
2026-08-10T04:43:15.191959531Z
+------------------------------------------------------------------------------------------------+
| npu-smi 25.5.2                   Version: 25.5.2                                               |
+---------------------------+---------------+----------------------------------------------------+
| NPU   Name                | Health        | Power(W)    Temp(C)           Hugepages-Usage(page)|
| Chip                      | Bus-Id        | AICore(%)   Memory-Usage(MB)  HBM-Usage(MB)        |
+===========================+===============+====================================================+
| 2     910B4               | OK            | 101.7       43                0    / 0             |
| 0                         | 0000:81:00.0  | 19          0    / 0          30694/ 32768         |
+===========================+===============+====================================================+
| 3     910B4               | OK            | 103.8       44                0    / 0             |
| 0                         | 0000:82:00.0  | 7           0    / 0          30564/ 32768         |
+===========================+===============+====================================================+
+---------------------------+---------------+----------------------------------------------------+
| NPU     Chip              | Process id    | Process name             | Process memory(MB)      |
+===========================+===============+====================================================+
| 2       0                 | 159           | VLLMWorker_TP            | 27738                   |
| 2       0                 | 126           | VLLMEngineCor            | 184                     |
+===========================+===============+====================================================+
| 3       0                 | 184           | VLLMWorker_TP            | 27738                   |
+===========================+===============+====================================================+
2026-08-10T04:43:25.930523715Z
+------------------------------------------------------------------------------------------------+
| npu-smi 25.5.2                   Version: 25.5.2                                               |
+---------------------------+---------------+----------------------------------------------------+
| NPU   Name                | Health        | Power(W)    Temp(C)           Hugepages-Usage(page)|
| Chip                      | Bus-Id        | AICore(%)   Memory-Usage(MB)  HBM-Usage(MB)        |
+===========================+===============+====================================================+
| 2     910B4               | OK            | 104.8       43                0    / 0             |
| 0                         | 0000:81:00.0  | 40          0    / 0          30694/ 32768         |
+===========================+===============+====================================================+
| 3     910B4               | OK            | 107.5       44                0    / 0             |
| 0                         | 0000:82:00.0  | 15          0    / 0          30563/ 32768         |
+===========================+===============+====================================================+
+---------------------------+---------------+----------------------------------------------------+
| NPU     Chip              | Process id    | Process name             | Process memory(MB)      |
+===========================+===============+====================================================+
| 2       0                 | 159           | VLLMWorker_TP            | 27738                   |
| 2       0                 | 126           | VLLMEngineCor            | 184                     |
+===========================+===============+====================================================+
| 3       0                 | 184           | VLLMWorker_TP            | 27738                   |
+===========================+===============+====================================================+
2026-08-10T04:43:36.662448284Z
+------------------------------------------------------------------------------------------------+
| npu-smi 25.5.2                   Version: 25.5.2                                               |
+---------------------------+---------------+----------------------------------------------------+
| NPU   Name                | Health        | Power(W)    Temp(C)           Hugepages-Usage(page)|
| Chip                      | Bus-Id        | AICore(%)   Memory-Usage(MB)  HBM-Usage(MB)        |
+===========================+===============+====================================================+
| 2     910B4               | OK            | 104.5       43                0    / 0             |
| 0                         | 0000:81:00.0  | 35          0    / 0          30694/ 32768         |
+===========================+===============+====================================================+
| 3     910B4               | OK            | 107.7       44                0    / 0             |
| 0                         | 0000:82:00.0  | 12          0    / 0          30563/ 32768         |
+===========================+===============+====================================================+
+---------------------------+---------------+----------------------------------------------------+
| NPU     Chip              | Process id    | Process name             | Process memory(MB)      |
+===========================+===============+====================================================+
| 2       0                 | 159           | VLLMWorker_TP            | 27738                   |
| 2       0                 | 126           | VLLMEngineCor            | 184                     |
+===========================+===============+====================================================+
| 3       0                 | 184           | VLLMWorker_TP            | 27738                   |
+===========================+===============+====================================================+
2026-08-10T04:43:47.400957277Z
+------------------------------------------------------------------------------------------------+
| npu-smi 25.5.2                   Version: 25.5.2                                               |
+---------------------------+---------------+----------------------------------------------------+
| NPU   Name                | Health        | Power(W)    Temp(C)           Hugepages-Usage(page)|
| Chip                      | Bus-Id        | AICore(%)   Memory-Usage(MB)  HBM-Usage(MB)        |
+===========================+===============+====================================================+
| 2     910B4               | OK            | 99.9        42                0    / 0             |
| 0                         | 0000:81:00.0  | 0           0    / 0          30693/ 32768         |
+===========================+===============+====================================================+
| 3     910B4               | OK            | 101.6       44                0    / 0             |
| 0                         | 0000:82:00.0  | 0           0    / 0          30563/ 32768         |
+===========================+===============+====================================================+
+---------------------------+---------------+----------------------------------------------------+
| NPU     Chip              | Process id    | Process name             | Process memory(MB)      |
+===========================+===============+====================================================+
| 2       0                 | 159           | VLLMWorker_TP            | 27738                   |
| 2       0                 | 126           | VLLMEngineCor            | 184                     |
+===========================+===============+====================================================+
| 3       0                 | 184           | VLLMWorker_TP            | 27738                   |
+===========================+===============+====================================================+
