2026-08-10T04:42:42.991036918Z
+------------------------------------------------------------------------------------------------+
| npu-smi 25.5.2                   Version: 25.5.2                                               |
+---------------------------+---------------+----------------------------------------------------+
| NPU   Name                | Health        | Power(W)    Temp(C)           Hugepages-Usage(page)|
| Chip                      | Bus-Id        | AICore(%)   Memory-Usage(MB)  HBM-Usage(MB)        |
+===========================+===============+====================================================+
| 6     910B4               | OK            | 92.1        44                0    / 0             |
| 0                         | 0000:41:00.0  | 0           0    / 0          30932/ 32768         |
+===========================+===============+====================================================+
| 7     910B4               | OK            | 88.4        44                0    / 0             |
| 0                         | 0000:42:00.0  | 0           0    / 0          30801/ 32768         |
+===========================+===============+====================================================+
+---------------------------+---------------+----------------------------------------------------+
| NPU     Chip              | Process id    | Process name             | Process memory(MB)      |
+===========================+===============+====================================================+
| 6       0                 | 126           | VLLMEngineCor            | 184                     |
| 6       0                 | 159           | VLLMWorker_TP            | 27976                   |
+===========================+===============+====================================================+
| 7       0                 | 184           | VLLMWorker_TP            | 27976                   |
+===========================+===============+====================================================+
2026-08-10T04:42:53.753162895Z
+------------------------------------------------------------------------------------------------+
| npu-smi 25.5.2                   Version: 25.5.2                                               |
+---------------------------+---------------+----------------------------------------------------+
| NPU   Name                | Health        | Power(W)    Temp(C)           Hugepages-Usage(page)|
| Chip                      | Bus-Id        | AICore(%)   Memory-Usage(MB)  HBM-Usage(MB)        |
+===========================+===============+====================================================+
| 6     910B4               | OK            | 91.7        44                0    / 0             |
| 0                         | 0000:41:00.0  | 0           0    / 0          30932/ 32768         |
+===========================+===============+====================================================+
| 7     910B4               | OK            | 88.2        44                0    / 0             |
| 0                         | 0000:42:00.0  | 0           0    / 0          30801/ 32768         |
+===========================+===============+====================================================+
+---------------------------+---------------+----------------------------------------------------+
| NPU     Chip              | Process id    | Process name             | Process memory(MB)      |
+===========================+===============+====================================================+
| 6       0                 | 126           | VLLMEngineCor            | 184                     |
| 6       0                 | 159           | VLLMWorker_TP            | 27976                   |
+===========================+===============+====================================================+
| 7       0                 | 184           | VLLMWorker_TP            | 27976                   |
+===========================+===============+====================================================+
2026-08-10T04:43:04.465035289Z
+------------------------------------------------------------------------------------------------+
| npu-smi 25.5.2                   Version: 25.5.2                                               |
+---------------------------+---------------+----------------------------------------------------+
| NPU   Name                | Health        | Power(W)    Temp(C)           Hugepages-Usage(page)|
| Chip                      | Bus-Id        | AICore(%)   Memory-Usage(MB)  HBM-Usage(MB)        |
+===========================+===============+====================================================+
| 6     910B4               | OK            | 91.7        44                0    / 0             |
| 0                         | 0000:41:00.0  | 0           0    / 0          30932/ 32768         |
+===========================+===============+====================================================+
| 7     910B4               | OK            | 88.1        44                0    / 0             |
| 0                         | 0000:42:00.0  | 0           0    / 0          30801/ 32768         |
+===========================+===============+====================================================+
+---------------------------+---------------+----------------------------------------------------+
| NPU     Chip              | Process id    | Process name             | Process memory(MB)      |
+===========================+===============+====================================================+
| 6       0                 | 126           | VLLMEngineCor            | 184                     |
| 6       0                 | 159           | VLLMWorker_TP            | 27976                   |
+===========================+===============+====================================================+
| 7       0                 | 184           | VLLMWorker_TP            | 27976                   |
+===========================+===============+====================================================+
2026-08-10T04:43:15.199318690Z
+------------------------------------------------------------------------------------------------+
| npu-smi 25.5.2                   Version: 25.5.2                                               |
+---------------------------+---------------+----------------------------------------------------+
| NPU   Name                | Health        | Power(W)    Temp(C)           Hugepages-Usage(page)|
| Chip                      | Bus-Id        | AICore(%)   Memory-Usage(MB)  HBM-Usage(MB)        |
+===========================+===============+====================================================+
| 6     910B4               | OK            | 126.0       47                0    / 0             |
| 0                         | 0000:41:00.0  | 41          0    / 0          30933/ 32768         |
+===========================+===============+====================================================+
| 7     910B4               | OK            | 123.5       48                0    / 0             |
| 0                         | 0000:42:00.0  | 52          0    / 0          30801/ 32768         |
+===========================+===============+====================================================+
+---------------------------+---------------+----------------------------------------------------+
| NPU     Chip              | Process id    | Process name             | Process memory(MB)      |
+===========================+===============+====================================================+
| 6       0                 | 126           | VLLMEngineCor            | 184                     |
| 6       0                 | 159           | VLLMWorker_TP            | 27976                   |
+===========================+===============+====================================================+
| 7       0                 | 184           | VLLMWorker_TP            | 27976                   |
+===========================+===============+====================================================+
2026-08-10T04:43:25.931039858Z
+------------------------------------------------------------------------------------------------+
| npu-smi 25.5.2                   Version: 25.5.2                                               |
+---------------------------+---------------+----------------------------------------------------+
| NPU   Name                | Health        | Power(W)    Temp(C)           Hugepages-Usage(page)|
| Chip                      | Bus-Id        | AICore(%)   Memory-Usage(MB)  HBM-Usage(MB)        |
+===========================+===============+====================================================+
| 6     910B4               | OK            | 135.6       48                0    / 0             |
| 0                         | 0000:41:00.0  | 46          0    / 0          30932/ 32768         |
+===========================+===============+====================================================+
| 7     910B4               | OK            | 133.0       49                0    / 0             |
| 0                         | 0000:42:00.0  | 56          0    / 0          30801/ 32768         |
+===========================+===============+====================================================+
+---------------------------+---------------+----------------------------------------------------+
| NPU     Chip              | Process id    | Process name             | Process memory(MB)      |
+===========================+===============+====================================================+
| 6       0                 | 126           | VLLMEngineCor            | 184                     |
| 6       0                 | 159           | VLLMWorker_TP            | 27976                   |
+===========================+===============+====================================================+
| 7       0                 | 184           | VLLMWorker_TP            | 27976                   |
+===========================+===============+====================================================+
2026-08-10T04:43:36.666653746Z
+------------------------------------------------------------------------------------------------+
| npu-smi 25.5.2                   Version: 25.5.2                                               |
+---------------------------+---------------+----------------------------------------------------+
| NPU   Name                | Health        | Power(W)    Temp(C)           Hugepages-Usage(page)|
| Chip                      | Bus-Id        | AICore(%)   Memory-Usage(MB)  HBM-Usage(MB)        |
+===========================+===============+====================================================+
| 6     910B4               | OK            | 92.7        45                0    / 0             |
| 0                         | 0000:41:00.0  | 0           0    / 0          30933/ 32768         |
+===========================+===============+====================================================+
| 7     910B4               | OK            | 89.0        45                0    / 0             |
| 0                         | 0000:42:00.0  | 0           0    / 0          30801/ 32768         |
+===========================+===============+====================================================+
+---------------------------+---------------+----------------------------------------------------+
| NPU     Chip              | Process id    | Process name             | Process memory(MB)      |
+===========================+===============+====================================================+
| 6       0                 | 126           | VLLMEngineCor            | 184                     |
| 6       0                 | 159           | VLLMWorker_TP            | 27976                   |
+===========================+===============+====================================================+
| 7       0                 | 184           | VLLMWorker_TP            | 27976                   |
+===========================+===============+====================================================+
2026-08-10T04:43:47.390927695Z
+------------------------------------------------------------------------------------------------+
| npu-smi 25.5.2                   Version: 25.5.2                                               |
+---------------------------+---------------+----------------------------------------------------+
| NPU   Name                | Health        | Power(W)    Temp(C)           Hugepages-Usage(page)|
| Chip                      | Bus-Id        | AICore(%)   Memory-Usage(MB)  HBM-Usage(MB)        |
+===========================+===============+====================================================+
| 6     910B4               | OK            | 92.4        45                0    / 0             |
| 0                         | 0000:41:00.0  | 0           0    / 0          30932/ 32768         |
+===========================+===============+====================================================+
| 7     910B4               | OK            | 88.8        45                0    / 0             |
| 0                         | 0000:42:00.0  | 0           0    / 0          30801/ 32768         |
+===========================+===============+====================================================+
+---------------------------+---------------+----------------------------------------------------+
| NPU     Chip              | Process id    | Process name             | Process memory(MB)      |
+===========================+===============+====================================================+
| 6       0                 | 126           | VLLMEngineCor            | 184                     |
| 6       0                 | 159           | VLLMWorker_TP            | 27976                   |
+===========================+===============+====================================================+
| 7       0                 | 184           | VLLMWorker_TP            | 27976                   |
+===========================+===============+====================================================+
