2026-08-12T10:56:59.681737441Z
+------------------------------------------------------------------------------------------------+
| npu-smi 25.5.2                   Version: 25.5.2                                               |
+---------------------------+---------------+----------------------------------------------------+
| NPU   Name                | Health        | Power(W)    Temp(C)           Hugepages-Usage(page)|
| Chip                      | Bus-Id        | AICore(%)   Memory-Usage(MB)  HBM-Usage(MB)        |
+===========================+===============+====================================================+
| 4     910B4               | OK            | 92.4        47                0    / 0             |
| 0                         | 0000:01:00.0  | 0           0    / 0          30692/ 32768         |
+===========================+===============+====================================================+
| 5     910B4               | OK            | 90.6        45                0    / 0             |
| 0                         | 0000:02:00.0  | 0           0    / 0          30561/ 32768         |
+===========================+===============+====================================================+
+---------------------------+---------------+----------------------------------------------------+
| NPU     Chip              | Process id    | Process name             | Process memory(MB)      |
+===========================+===============+====================================================+
| 4       0                 | 131           | VLLMEngineCor            | 184                     |
| 4       0                 | 171           | VLLMWorker_TP            | 27738                   |
+===========================+===============+====================================================+
| 5       0                 | 195           | VLLMWorker_TP            | 27738                   |
+===========================+===============+====================================================+
2026-08-12T10:57:10.425208999Z
+------------------------------------------------------------------------------------------------+
| npu-smi 25.5.2                   Version: 25.5.2                                               |
+---------------------------+---------------+----------------------------------------------------+
| NPU   Name                | Health        | Power(W)    Temp(C)           Hugepages-Usage(page)|
| Chip                      | Bus-Id        | AICore(%)   Memory-Usage(MB)  HBM-Usage(MB)        |
+===========================+===============+====================================================+
| 4     910B4               | OK            | 92.1        47                0    / 0             |
| 0                         | 0000:01:00.0  | 0           0    / 0          30692/ 32768         |
+===========================+===============+====================================================+
| 5     910B4               | OK            | 90.6        45                0    / 0             |
| 0                         | 0000:02:00.0  | 0           0    / 0          30561/ 32768         |
+===========================+===============+====================================================+
+---------------------------+---------------+----------------------------------------------------+
| NPU     Chip              | Process id    | Process name             | Process memory(MB)      |
+===========================+===============+====================================================+
| 4       0                 | 131           | VLLMEngineCor            | 184                     |
| 4       0                 | 171           | VLLMWorker_TP            | 27738                   |
+===========================+===============+====================================================+
| 5       0                 | 195           | VLLMWorker_TP            | 27738                   |
+===========================+===============+====================================================+
2026-08-12T10:57:21.162758067Z
+------------------------------------------------------------------------------------------------+
| npu-smi 25.5.2                   Version: 25.5.2                                               |
+---------------------------+---------------+----------------------------------------------------+
| NPU   Name                | Health        | Power(W)    Temp(C)           Hugepages-Usage(page)|
| Chip                      | Bus-Id        | AICore(%)   Memory-Usage(MB)  HBM-Usage(MB)        |
+===========================+===============+====================================================+
| 4     910B4               | OK            | 92.3        47                0    / 0             |
| 0                         | 0000:01:00.0  | 0           0    / 0          30692/ 32768         |
+===========================+===============+====================================================+
| 5     910B4               | OK            | 90.4        45                0    / 0             |
| 0                         | 0000:02:00.0  | 0           0    / 0          30561/ 32768         |
+===========================+===============+====================================================+
+---------------------------+---------------+----------------------------------------------------+
| NPU     Chip              | Process id    | Process name             | Process memory(MB)      |
+===========================+===============+====================================================+
| 4       0                 | 131           | VLLMEngineCor            | 184                     |
| 4       0                 | 171           | VLLMWorker_TP            | 27738                   |
+===========================+===============+====================================================+
| 5       0                 | 195           | VLLMWorker_TP            | 27738                   |
+===========================+===============+====================================================+
2026-08-12T10:57:32.045268517Z
+------------------------------------------------------------------------------------------------+
| npu-smi 25.5.2                   Version: 25.5.2                                               |
+---------------------------+---------------+----------------------------------------------------+
| NPU   Name                | Health        | Power(W)    Temp(C)           Hugepages-Usage(page)|
| Chip                      | Bus-Id        | AICore(%)   Memory-Usage(MB)  HBM-Usage(MB)        |
+===========================+===============+====================================================+
| 4     910B4               | OK            | 102.9       47                0    / 0             |
| 0                         | 0000:01:00.0  | 7           0    / 0          30692/ 32768         |
+===========================+===============+====================================================+
| 5     910B4               | OK            | 98.2        45                0    / 0             |
| 0                         | 0000:02:00.0  | 7           0    / 0          30561/ 32768         |
+===========================+===============+====================================================+
+---------------------------+---------------+----------------------------------------------------+
| NPU     Chip              | Process id    | Process name             | Process memory(MB)      |
+===========================+===============+====================================================+
| 4       0                 | 131           | VLLMEngineCor            | 184                     |
| 4       0                 | 171           | VLLMWorker_TP            | 27738                   |
+===========================+===============+====================================================+
| 5       0                 | 195           | VLLMWorker_TP            | 27738                   |
+===========================+===============+====================================================+
2026-08-12T10:57:42.841480286Z
+------------------------------------------------------------------------------------------------+
| npu-smi 25.5.2                   Version: 25.5.2                                               |
+---------------------------+---------------+----------------------------------------------------+
| NPU   Name                | Health        | Power(W)    Temp(C)           Hugepages-Usage(page)|
| Chip                      | Bus-Id        | AICore(%)   Memory-Usage(MB)  HBM-Usage(MB)        |
+===========================+===============+====================================================+
| 4     910B4               | OK            | 104.2       47                0    / 0             |
| 0                         | 0000:01:00.0  | 15          0    / 0          30692/ 32768         |
+===========================+===============+====================================================+
| 5     910B4               | OK            | 101.7       45                0    / 0             |
| 0                         | 0000:02:00.0  | 15          0    / 0          30561/ 32768         |
+===========================+===============+====================================================+
+---------------------------+---------------+----------------------------------------------------+
| NPU     Chip              | Process id    | Process name             | Process memory(MB)      |
+===========================+===============+====================================================+
| 4       0                 | 131           | VLLMEngineCor            | 184                     |
| 4       0                 | 171           | VLLMWorker_TP            | 27738                   |
+===========================+===============+====================================================+
| 5       0                 | 195           | VLLMWorker_TP            | 27738                   |
+===========================+===============+====================================================+
2026-08-12T10:57:53.587236556Z
+------------------------------------------------------------------------------------------------+
| npu-smi 25.5.2                   Version: 25.5.2                                               |
+---------------------------+---------------+----------------------------------------------------+
| NPU   Name                | Health        | Power(W)    Temp(C)           Hugepages-Usage(page)|
| Chip                      | Bus-Id        | AICore(%)   Memory-Usage(MB)  HBM-Usage(MB)        |
+===========================+===============+====================================================+
| 4     910B4               | OK            | 104.9       47                0    / 0             |
| 0                         | 0000:01:00.0  | 14          0    / 0          30692/ 32768         |
+===========================+===============+====================================================+
| 5     910B4               | OK            | 101.0       45                0    / 0             |
| 0                         | 0000:02:00.0  | 15          0    / 0          30561/ 32768         |
+===========================+===============+====================================================+
+---------------------------+---------------+----------------------------------------------------+
| NPU     Chip              | Process id    | Process name             | Process memory(MB)      |
+===========================+===============+====================================================+
| 4       0                 | 131           | VLLMEngineCor            | 184                     |
| 4       0                 | 171           | VLLMWorker_TP            | 27738                   |
+===========================+===============+====================================================+
| 5       0                 | 195           | VLLMWorker_TP            | 27738                   |
+===========================+===============+====================================================+
2026-08-12T10:58:04.289284192Z
+------------------------------------------------------------------------------------------------+
| npu-smi 25.5.2                   Version: 25.5.2                                               |
+---------------------------+---------------+----------------------------------------------------+
| NPU   Name                | Health        | Power(W)    Temp(C)           Hugepages-Usage(page)|
| Chip                      | Bus-Id        | AICore(%)   Memory-Usage(MB)  HBM-Usage(MB)        |
+===========================+===============+====================================================+
| 4     910B4               | OK            | 104.2       48                0    / 0             |
| 0                         | 0000:01:00.0  | 15          0    / 0          30691/ 32768         |
+===========================+===============+====================================================+
| 5     910B4               | OK            | 102.4       45                0    / 0             |
| 0                         | 0000:02:00.0  | 13          0    / 0          30561/ 32768         |
+===========================+===============+====================================================+
+---------------------------+---------------+----------------------------------------------------+
| NPU     Chip              | Process id    | Process name             | Process memory(MB)      |
+===========================+===============+====================================================+
| 4       0                 | 131           | VLLMEngineCor            | 184                     |
| 4       0                 | 171           | VLLMWorker_TP            | 27738                   |
+===========================+===============+====================================================+
| 5       0                 | 195           | VLLMWorker_TP            | 27738                   |
+===========================+===============+====================================================+
2026-08-12T10:58:15.011271120Z
+------------------------------------------------------------------------------------------------+
| npu-smi 25.5.2                   Version: 25.5.2                                               |
+---------------------------+---------------+----------------------------------------------------+
| NPU   Name                | Health        | Power(W)    Temp(C)           Hugepages-Usage(page)|
| Chip                      | Bus-Id        | AICore(%)   Memory-Usage(MB)  HBM-Usage(MB)        |
+===========================+===============+====================================================+
| 4     910B4               | OK            | 105.1       47                0    / 0             |
| 0                         | 0000:01:00.0  | 14          0    / 0          30692/ 32768         |
+===========================+===============+====================================================+
| 5     910B4               | OK            | 102.4       45                0    / 0             |
| 0                         | 0000:02:00.0  | 15          0    / 0          30561/ 32768         |
+===========================+===============+====================================================+
+---------------------------+---------------+----------------------------------------------------+
| NPU     Chip              | Process id    | Process name             | Process memory(MB)      |
+===========================+===============+====================================================+
| 4       0                 | 131           | VLLMEngineCor            | 184                     |
| 4       0                 | 171           | VLLMWorker_TP            | 27738                   |
+===========================+===============+====================================================+
| 5       0                 | 195           | VLLMWorker_TP            | 27738                   |
+===========================+===============+====================================================+
2026-08-12T10:58:25.736111883Z
+------------------------------------------------------------------------------------------------+
| npu-smi 25.5.2                   Version: 25.5.2                                               |
+---------------------------+---------------+----------------------------------------------------+
| NPU   Name                | Health        | Power(W)    Temp(C)           Hugepages-Usage(page)|
| Chip                      | Bus-Id        | AICore(%)   Memory-Usage(MB)  HBM-Usage(MB)        |
+===========================+===============+====================================================+
| 4     910B4               | OK            | 103.9       47                0    / 0             |
| 0                         | 0000:01:00.0  | 11          0    / 0          30692/ 32768         |
+===========================+===============+====================================================+
| 5     910B4               | OK            | 101.6       45                0    / 0             |
| 0                         | 0000:02:00.0  | 15          0    / 0          30561/ 32768         |
+===========================+===============+====================================================+
+---------------------------+---------------+----------------------------------------------------+
| NPU     Chip              | Process id    | Process name             | Process memory(MB)      |
+===========================+===============+====================================================+
| 4       0                 | 131           | VLLMEngineCor            | 184                     |
| 4       0                 | 171           | VLLMWorker_TP            | 27738                   |
+===========================+===============+====================================================+
| 5       0                 | 195           | VLLMWorker_TP            | 27738                   |
+===========================+===============+====================================================+
2026-08-12T10:58:36.502390668Z
+------------------------------------------------------------------------------------------------+
| npu-smi 25.5.2                   Version: 25.5.2                                               |
+---------------------------+---------------+----------------------------------------------------+
| NPU   Name                | Health        | Power(W)    Temp(C)           Hugepages-Usage(page)|
| Chip                      | Bus-Id        | AICore(%)   Memory-Usage(MB)  HBM-Usage(MB)        |
+===========================+===============+====================================================+
| 4     910B4               | OK            | 104.0       47                0    / 0             |
| 0                         | 0000:01:00.0  | 10          0    / 0          30691/ 32768         |
+===========================+===============+====================================================+
| 5     910B4               | OK            | 101.2       46                0    / 0             |
| 0                         | 0000:02:00.0  | 15          0    / 0          30561/ 32768         |
+===========================+===============+====================================================+
+---------------------------+---------------+----------------------------------------------------+
| NPU     Chip              | Process id    | Process name             | Process memory(MB)      |
+===========================+===============+====================================================+
| 4       0                 | 131           | VLLMEngineCor            | 184                     |
| 4       0                 | 171           | VLLMWorker_TP            | 27738                   |
+===========================+===============+====================================================+
| 5       0                 | 195           | VLLMWorker_TP            | 27738                   |
+===========================+===============+====================================================+
2026-08-12T10:58:47.285863681Z
+------------------------------------------------------------------------------------------------+
| npu-smi 25.5.2                   Version: 25.5.2                                               |
+---------------------------+---------------+----------------------------------------------------+
| NPU   Name                | Health        | Power(W)    Temp(C)           Hugepages-Usage(page)|
| Chip                      | Bus-Id        | AICore(%)   Memory-Usage(MB)  HBM-Usage(MB)        |
+===========================+===============+====================================================+
| 4     910B4               | OK            | 103.9       48                0    / 0             |
| 0                         | 0000:01:00.0  | 15          0    / 0          30692/ 32768         |
+===========================+===============+====================================================+
| 5     910B4               | OK            | 101.9       46                0    / 0             |
| 0                         | 0000:02:00.0  | 16          0    / 0          30561/ 32768         |
+===========================+===============+====================================================+
+---------------------------+---------------+----------------------------------------------------+
| NPU     Chip              | Process id    | Process name             | Process memory(MB)      |
+===========================+===============+====================================================+
| 4       0                 | 131           | VLLMEngineCor            | 184                     |
| 4       0                 | 171           | VLLMWorker_TP            | 27738                   |
+===========================+===============+====================================================+
| 5       0                 | 195           | VLLMWorker_TP            | 27738                   |
+===========================+===============+====================================================+
2026-08-12T10:58:58.025831391Z
+------------------------------------------------------------------------------------------------+
| npu-smi 25.5.2                   Version: 25.5.2                                               |
+---------------------------+---------------+----------------------------------------------------+
| NPU   Name                | Health        | Power(W)    Temp(C)           Hugepages-Usage(page)|
| Chip                      | Bus-Id        | AICore(%)   Memory-Usage(MB)  HBM-Usage(MB)        |
+===========================+===============+====================================================+
| 4     910B4               | OK            | 103.1       48                0    / 0             |
| 0                         | 0000:01:00.0  | 15          0    / 0          30692/ 32768         |
+===========================+===============+====================================================+
| 5     910B4               | OK            | 101.8       46                0    / 0             |
| 0                         | 0000:02:00.0  | 14          0    / 0          30561/ 32768         |
+===========================+===============+====================================================+
+---------------------------+---------------+----------------------------------------------------+
| NPU     Chip              | Process id    | Process name             | Process memory(MB)      |
+===========================+===============+====================================================+
| 4       0                 | 131           | VLLMEngineCor            | 184                     |
| 4       0                 | 171           | VLLMWorker_TP            | 27738                   |
+===========================+===============+====================================================+
| 5       0                 | 195           | VLLMWorker_TP            | 27738                   |
+===========================+===============+====================================================+
2026-08-12T10:59:08.750465963Z
+------------------------------------------------------------------------------------------------+
| npu-smi 25.5.2                   Version: 25.5.2                                               |
+---------------------------+---------------+----------------------------------------------------+
| NPU   Name                | Health        | Power(W)    Temp(C)           Hugepages-Usage(page)|
| Chip                      | Bus-Id        | AICore(%)   Memory-Usage(MB)  HBM-Usage(MB)        |
+===========================+===============+====================================================+
| 4     910B4               | OK            | 104.3       47                0    / 0             |
| 0                         | 0000:01:00.0  | 13          0    / 0          30691/ 32768         |
+===========================+===============+====================================================+
| 5     910B4               | OK            | 101.9       46                0    / 0             |
| 0                         | 0000:02:00.0  | 16          0    / 0          30561/ 32768         |
+===========================+===============+====================================================+
+---------------------------+---------------+----------------------------------------------------+
| NPU     Chip              | Process id    | Process name             | Process memory(MB)      |
+===========================+===============+====================================================+
| 4       0                 | 131           | VLLMEngineCor            | 184                     |
| 4       0                 | 171           | VLLMWorker_TP            | 27738                   |
+===========================+===============+====================================================+
| 5       0                 | 195           | VLLMWorker_TP            | 27738                   |
+===========================+===============+====================================================+
2026-08-12T10:59:19.472589602Z
+------------------------------------------------------------------------------------------------+
| npu-smi 25.5.2                   Version: 25.5.2                                               |
+---------------------------+---------------+----------------------------------------------------+
| NPU   Name                | Health        | Power(W)    Temp(C)           Hugepages-Usage(page)|
| Chip                      | Bus-Id        | AICore(%)   Memory-Usage(MB)  HBM-Usage(MB)        |
+===========================+===============+====================================================+
| 4     910B4               | OK            | 104.0       47                0    / 0             |
| 0                         | 0000:01:00.0  | 15          0    / 0          30692/ 32768         |
+===========================+===============+====================================================+
| 5     910B4               | OK            | 101.2       47                0    / 0             |
| 0                         | 0000:02:00.0  | 14          0    / 0          30561/ 32768         |
+===========================+===============+====================================================+
+---------------------------+---------------+----------------------------------------------------+
| NPU     Chip              | Process id    | Process name             | Process memory(MB)      |
+===========================+===============+====================================================+
| 4       0                 | 131           | VLLMEngineCor            | 184                     |
| 4       0                 | 171           | VLLMWorker_TP            | 27738                   |
+===========================+===============+====================================================+
| 5       0                 | 195           | VLLMWorker_TP            | 27738                   |
+===========================+===============+====================================================+
2026-08-12T10:59:30.196676060Z
+------------------------------------------------------------------------------------------------+
| npu-smi 25.5.2                   Version: 25.5.2                                               |
+---------------------------+---------------+----------------------------------------------------+
| NPU   Name                | Health        | Power(W)    Temp(C)           Hugepages-Usage(page)|
| Chip                      | Bus-Id        | AICore(%)   Memory-Usage(MB)  HBM-Usage(MB)        |
+===========================+===============+====================================================+
| 4     910B4               | OK            | 105.3       47                0    / 0             |
| 0                         | 0000:01:00.0  | 13          0    / 0          30692/ 32768         |
+===========================+===============+====================================================+
| 5     910B4               | OK            | 102.5       46                0    / 0             |
| 0                         | 0000:02:00.0  | 14          0    / 0          30561/ 32768         |
+===========================+===============+====================================================+
+---------------------------+---------------+----------------------------------------------------+
| NPU     Chip              | Process id    | Process name             | Process memory(MB)      |
+===========================+===============+====================================================+
| 4       0                 | 131           | VLLMEngineCor            | 184                     |
| 4       0                 | 171           | VLLMWorker_TP            | 27738                   |
+===========================+===============+====================================================+
| 5       0                 | 195           | VLLMWorker_TP            | 27738                   |
+===========================+===============+====================================================+
2026-08-12T10:59:40.931600325Z
+------------------------------------------------------------------------------------------------+
| npu-smi 25.5.2                   Version: 25.5.2                                               |
+---------------------------+---------------+----------------------------------------------------+
| NPU   Name                | Health        | Power(W)    Temp(C)           Hugepages-Usage(page)|
| Chip                      | Bus-Id        | AICore(%)   Memory-Usage(MB)  HBM-Usage(MB)        |
+===========================+===============+====================================================+
| 4     910B4               | OK            | 105.5       48                0    / 0             |
| 0                         | 0000:01:00.0  | 14          0    / 0          30691/ 32768         |
+===========================+===============+====================================================+
| 5     910B4               | OK            | 101.5       47                0    / 0             |
| 0                         | 0000:02:00.0  | 15          0    / 0          30561/ 32768         |
+===========================+===============+====================================================+
+---------------------------+---------------+----------------------------------------------------+
| NPU     Chip              | Process id    | Process name             | Process memory(MB)      |
+===========================+===============+====================================================+
| 4       0                 | 131           | VLLMEngineCor            | 184                     |
| 4       0                 | 171           | VLLMWorker_TP            | 27738                   |
+===========================+===============+====================================================+
| 5       0                 | 195           | VLLMWorker_TP            | 27738                   |
+===========================+===============+====================================================+
2026-08-12T10:59:51.665263843Z
+------------------------------------------------------------------------------------------------+
| npu-smi 25.5.2                   Version: 25.5.2                                               |
+---------------------------+---------------+----------------------------------------------------+
| NPU   Name                | Health        | Power(W)    Temp(C)           Hugepages-Usage(page)|
| Chip                      | Bus-Id        | AICore(%)   Memory-Usage(MB)  HBM-Usage(MB)        |
+===========================+===============+====================================================+
| 4     910B4               | OK            | 104.9       47                0    / 0             |
| 0                         | 0000:01:00.0  | 13          0    / 0          30692/ 32768         |
+===========================+===============+====================================================+
| 5     910B4               | OK            | 102.0       46                0    / 0             |
| 0                         | 0000:02:00.0  | 13          0    / 0          30561/ 32768         |
+===========================+===============+====================================================+
+---------------------------+---------------+----------------------------------------------------+
| NPU     Chip              | Process id    | Process name             | Process memory(MB)      |
+===========================+===============+====================================================+
| 4       0                 | 131           | VLLMEngineCor            | 184                     |
| 4       0                 | 171           | VLLMWorker_TP            | 27738                   |
+===========================+===============+====================================================+
| 5       0                 | 195           | VLLMWorker_TP            | 27738                   |
+===========================+===============+====================================================+
2026-08-12T11:00:02.432234461Z
+------------------------------------------------------------------------------------------------+
| npu-smi 25.5.2                   Version: 25.5.2                                               |
+---------------------------+---------------+----------------------------------------------------+
| NPU   Name                | Health        | Power(W)    Temp(C)           Hugepages-Usage(page)|
| Chip                      | Bus-Id        | AICore(%)   Memory-Usage(MB)  HBM-Usage(MB)        |
+===========================+===============+====================================================+
| 4     910B4               | OK            | 105.5       47                0    / 0             |
| 0                         | 0000:01:00.0  | 13          0    / 0          30692/ 32768         |
+===========================+===============+====================================================+
| 5     910B4               | OK            | 102.0       47                0    / 0             |
| 0                         | 0000:02:00.0  | 10          0    / 0          30561/ 32768         |
+===========================+===============+====================================================+
+---------------------------+---------------+----------------------------------------------------+
| NPU     Chip              | Process id    | Process name             | Process memory(MB)      |
+===========================+===============+====================================================+
| 4       0                 | 131           | VLLMEngineCor            | 184                     |
| 4       0                 | 171           | VLLMWorker_TP            | 27738                   |
+===========================+===============+====================================================+
| 5       0                 | 195           | VLLMWorker_TP            | 27738                   |
+===========================+===============+====================================================+
2026-08-12T11:00:13.177605339Z
+------------------------------------------------------------------------------------------------+
| npu-smi 25.5.2                   Version: 25.5.2                                               |
+---------------------------+---------------+----------------------------------------------------+
| NPU   Name                | Health        | Power(W)    Temp(C)           Hugepages-Usage(page)|
| Chip                      | Bus-Id        | AICore(%)   Memory-Usage(MB)  HBM-Usage(MB)        |
+===========================+===============+====================================================+
| 4     910B4               | OK            | 106.1       48                0    / 0             |
| 0                         | 0000:01:00.0  | 14          0    / 0          30692/ 32768         |
+===========================+===============+====================================================+
| 5     910B4               | OK            | 102.2       47                0    / 0             |
| 0                         | 0000:02:00.0  | 15          0    / 0          30561/ 32768         |
+===========================+===============+====================================================+
+---------------------------+---------------+----------------------------------------------------+
| NPU     Chip              | Process id    | Process name             | Process memory(MB)      |
+===========================+===============+====================================================+
| 4       0                 | 131           | VLLMEngineCor            | 184                     |
| 4       0                 | 171           | VLLMWorker_TP            | 27738                   |
+===========================+===============+====================================================+
| 5       0                 | 195           | VLLMWorker_TP            | 27738                   |
+===========================+===============+====================================================+
2026-08-12T11:00:23.938071545Z
+------------------------------------------------------------------------------------------------+
| npu-smi 25.5.2                   Version: 25.5.2                                               |
+---------------------------+---------------+----------------------------------------------------+
| NPU   Name                | Health        | Power(W)    Temp(C)           Hugepages-Usage(page)|
| Chip                      | Bus-Id        | AICore(%)   Memory-Usage(MB)  HBM-Usage(MB)        |
+===========================+===============+====================================================+
| 4     910B4               | OK            | 104.8       47                0    / 0             |
| 0                         | 0000:01:00.0  | 15          0    / 0          30692/ 32768         |
+===========================+===============+====================================================+
| 5     910B4               | OK            | 101.6       46                0    / 0             |
| 0                         | 0000:02:00.0  | 14          0    / 0          30561/ 32768         |
+===========================+===============+====================================================+
+---------------------------+---------------+----------------------------------------------------+
| NPU     Chip              | Process id    | Process name             | Process memory(MB)      |
+===========================+===============+====================================================+
| 4       0                 | 131           | VLLMEngineCor            | 184                     |
| 4       0                 | 171           | VLLMWorker_TP            | 27738                   |
+===========================+===============+====================================================+
| 5       0                 | 195           | VLLMWorker_TP            | 27738                   |
+===========================+===============+====================================================+
2026-08-12T11:00:34.676858299Z
+------------------------------------------------------------------------------------------------+
| npu-smi 25.5.2                   Version: 25.5.2                                               |
+---------------------------+---------------+----------------------------------------------------+
| NPU   Name                | Health        | Power(W)    Temp(C)           Hugepages-Usage(page)|
| Chip                      | Bus-Id        | AICore(%)   Memory-Usage(MB)  HBM-Usage(MB)        |
+===========================+===============+====================================================+
| 4     910B4               | OK            | 104.4       48                0    / 0             |
| 0                         | 0000:01:00.0  | 15          0    / 0          30692/ 32768         |
+===========================+===============+====================================================+
| 5     910B4               | OK            | 102.6       47                0    / 0             |
| 0                         | 0000:02:00.0  | 14          0    / 0          30561/ 32768         |
+===========================+===============+====================================================+
+---------------------------+---------------+----------------------------------------------------+
| NPU     Chip              | Process id    | Process name             | Process memory(MB)      |
+===========================+===============+====================================================+
| 4       0                 | 131           | VLLMEngineCor            | 184                     |
| 4       0                 | 171           | VLLMWorker_TP            | 27738                   |
+===========================+===============+====================================================+
| 5       0                 | 195           | VLLMWorker_TP            | 27738                   |
+===========================+===============+====================================================+
2026-08-12T11:00:45.399514600Z
+------------------------------------------------------------------------------------------------+
| npu-smi 25.5.2                   Version: 25.5.2                                               |
+---------------------------+---------------+----------------------------------------------------+
| NPU   Name                | Health        | Power(W)    Temp(C)           Hugepages-Usage(page)|
| Chip                      | Bus-Id        | AICore(%)   Memory-Usage(MB)  HBM-Usage(MB)        |
+===========================+===============+====================================================+
| 4     910B4               | OK            | 105.6       48                0    / 0             |
| 0                         | 0000:01:00.0  | 14          0    / 0          30692/ 32768         |
+===========================+===============+====================================================+
| 5     910B4               | OK            | 102.5       47                0    / 0             |
| 0                         | 0000:02:00.0  | 14          0    / 0          30561/ 32768         |
+===========================+===============+====================================================+
+---------------------------+---------------+----------------------------------------------------+
| NPU     Chip              | Process id    | Process name             | Process memory(MB)      |
+===========================+===============+====================================================+
| 4       0                 | 131           | VLLMEngineCor            | 184                     |
| 4       0                 | 171           | VLLMWorker_TP            | 27738                   |
+===========================+===============+====================================================+
| 5       0                 | 195           | VLLMWorker_TP            | 27738                   |
+===========================+===============+====================================================+
2026-08-12T11:00:56.148922739Z
+------------------------------------------------------------------------------------------------+
| npu-smi 25.5.2                   Version: 25.5.2                                               |
+---------------------------+---------------+----------------------------------------------------+
| NPU   Name                | Health        | Power(W)    Temp(C)           Hugepages-Usage(page)|
| Chip                      | Bus-Id        | AICore(%)   Memory-Usage(MB)  HBM-Usage(MB)        |
+===========================+===============+====================================================+
| 4     910B4               | OK            | 103.9       48                0    / 0             |
| 0                         | 0000:01:00.0  | 14          0    / 0          30692/ 32768         |
+===========================+===============+====================================================+
| 5     910B4               | OK            | 102.4       47                0    / 0             |
| 0                         | 0000:02:00.0  | 12          0    / 0          30561/ 32768         |
+===========================+===============+====================================================+
+---------------------------+---------------+----------------------------------------------------+
| NPU     Chip              | Process id    | Process name             | Process memory(MB)      |
+===========================+===============+====================================================+
| 4       0                 | 131           | VLLMEngineCor            | 184                     |
| 4       0                 | 171           | VLLMWorker_TP            | 27738                   |
+===========================+===============+====================================================+
| 5       0                 | 195           | VLLMWorker_TP            | 27738                   |
+===========================+===============+====================================================+
2026-08-12T11:01:06.904108017Z
+------------------------------------------------------------------------------------------------+
| npu-smi 25.5.2                   Version: 25.5.2                                               |
+---------------------------+---------------+----------------------------------------------------+
| NPU   Name                | Health        | Power(W)    Temp(C)           Hugepages-Usage(page)|
| Chip                      | Bus-Id        | AICore(%)   Memory-Usage(MB)  HBM-Usage(MB)        |
+===========================+===============+====================================================+
| 4     910B4               | OK            | 103.7       47                0    / 0             |
| 0                         | 0000:01:00.0  | 11          0    / 0          30692/ 32768         |
+===========================+===============+====================================================+
| 5     910B4               | OK            | 101.6       47                0    / 0             |
| 0                         | 0000:02:00.0  | 11          0    / 0          30561/ 32768         |
+===========================+===============+====================================================+
+---------------------------+---------------+----------------------------------------------------+
| NPU     Chip              | Process id    | Process name             | Process memory(MB)      |
+===========================+===============+====================================================+
| 4       0                 | 131           | VLLMEngineCor            | 184                     |
| 4       0                 | 171           | VLLMWorker_TP            | 27738                   |
+===========================+===============+====================================================+
| 5       0                 | 195           | VLLMWorker_TP            | 27738                   |
+===========================+===============+====================================================+
2026-08-12T11:01:17.672863745Z
+------------------------------------------------------------------------------------------------+
| npu-smi 25.5.2                   Version: 25.5.2                                               |
+---------------------------+---------------+----------------------------------------------------+
| NPU   Name                | Health        | Power(W)    Temp(C)           Hugepages-Usage(page)|
| Chip                      | Bus-Id        | AICore(%)   Memory-Usage(MB)  HBM-Usage(MB)        |
+===========================+===============+====================================================+
| 4     910B4               | OK            | 92.6        47                0    / 0             |
| 0                         | 0000:01:00.0  | 0           0    / 0          30691/ 32768         |
+===========================+===============+====================================================+
| 5     910B4               | OK            | 91.6        47                0    / 0             |
| 0                         | 0000:02:00.0  | 0           0    / 0          30561/ 32768         |
+===========================+===============+====================================================+
+---------------------------+---------------+----------------------------------------------------+
| NPU     Chip              | Process id    | Process name             | Process memory(MB)      |
+===========================+===============+====================================================+
| 4       0                 | 131           | VLLMEngineCor            | 184                     |
| 4       0                 | 171           | VLLMWorker_TP            | 27738                   |
+===========================+===============+====================================================+
| 5       0                 | 195           | VLLMWorker_TP            | 27738                   |
+===========================+===============+====================================================+
