2026-08-10T05:01:29.744420258Z
+------------------------------------------------------------------------------------------------+
| npu-smi 25.5.2                   Version: 25.5.2                                               |
+---------------------------+---------------+----------------------------------------------------+
| NPU   Name                | Health        | Power(W)    Temp(C)           Hugepages-Usage(page)|
| Chip                      | Bus-Id        | AICore(%)   Memory-Usage(MB)  HBM-Usage(MB)        |
+===========================+===============+====================================================+
| 2     910B4               | OK            | 90.3        42                0    / 0             |
| 0                         | 0000:81:00.0  | 0           0    / 0          30689/ 32768         |
+===========================+===============+====================================================+
| 3     910B4               | OK            | 94.9        43                0    / 0             |
| 0                         | 0000:82:00.0  | 0           0    / 0          30559/ 32768         |
+===========================+===============+====================================================+
+---------------------------+---------------+----------------------------------------------------+
| NPU     Chip              | Process id    | Process name             | Process memory(MB)      |
+===========================+===============+====================================================+
| 2       0                 | 157           | VLLMWorker_TP            | 27736                   |
| 2       0                 | 125           | VLLMEngineCor            | 184                     |
+===========================+===============+====================================================+
| 3       0                 | 182           | VLLMWorker_TP            | 27736                   |
+===========================+===============+====================================================+
2026-08-10T05:01:40.490867682Z
+------------------------------------------------------------------------------------------------+
| npu-smi 25.5.2                   Version: 25.5.2                                               |
+---------------------------+---------------+----------------------------------------------------+
| NPU   Name                | Health        | Power(W)    Temp(C)           Hugepages-Usage(page)|
| Chip                      | Bus-Id        | AICore(%)   Memory-Usage(MB)  HBM-Usage(MB)        |
+===========================+===============+====================================================+
| 2     910B4               | OK            | 90.4        41                0    / 0             |
| 0                         | 0000:81:00.0  | 0           0    / 0          30689/ 32768         |
+===========================+===============+====================================================+
| 3     910B4               | OK            | 95.0        43                0    / 0             |
| 0                         | 0000:82:00.0  | 0           0    / 0          30558/ 32768         |
+===========================+===============+====================================================+
+---------------------------+---------------+----------------------------------------------------+
| NPU     Chip              | Process id    | Process name             | Process memory(MB)      |
+===========================+===============+====================================================+
| 2       0                 | 157           | VLLMWorker_TP            | 27736                   |
| 2       0                 | 125           | VLLMEngineCor            | 184                     |
+===========================+===============+====================================================+
| 3       0                 | 182           | VLLMWorker_TP            | 27736                   |
+===========================+===============+====================================================+
2026-08-10T05:01:51.222380299Z
+------------------------------------------------------------------------------------------------+
| npu-smi 25.5.2                   Version: 25.5.2                                               |
+---------------------------+---------------+----------------------------------------------------+
| NPU   Name                | Health        | Power(W)    Temp(C)           Hugepages-Usage(page)|
| Chip                      | Bus-Id        | AICore(%)   Memory-Usage(MB)  HBM-Usage(MB)        |
+===========================+===============+====================================================+
| 2     910B4               | OK            | 90.1        41                0    / 0             |
| 0                         | 0000:81:00.0  | 0           0    / 0          30689/ 32768         |
+===========================+===============+====================================================+
| 3     910B4               | OK            | 94.8        43                0    / 0             |
| 0                         | 0000:82:00.0  | 0           0    / 0          30559/ 32768         |
+===========================+===============+====================================================+
+---------------------------+---------------+----------------------------------------------------+
| NPU     Chip              | Process id    | Process name             | Process memory(MB)      |
+===========================+===============+====================================================+
| 2       0                 | 157           | VLLMWorker_TP            | 27736                   |
| 2       0                 | 125           | VLLMEngineCor            | 184                     |
+===========================+===============+====================================================+
| 3       0                 | 182           | VLLMWorker_TP            | 27736                   |
+===========================+===============+====================================================+
2026-08-10T05:02:01.941228890Z
+------------------------------------------------------------------------------------------------+
| npu-smi 25.5.2                   Version: 25.5.2                                               |
+---------------------------+---------------+----------------------------------------------------+
| NPU   Name                | Health        | Power(W)    Temp(C)           Hugepages-Usage(page)|
| Chip                      | Bus-Id        | AICore(%)   Memory-Usage(MB)  HBM-Usage(MB)        |
+===========================+===============+====================================================+
| 2     910B4               | OK            | 99.4        42                0    / 0             |
| 0                         | 0000:81:00.0  | 11          0    / 0          30689/ 32768         |
+===========================+===============+====================================================+
| 3     910B4               | OK            | 102.6       43                0    / 0             |
| 0                         | 0000:82:00.0  | 7           0    / 0          30559/ 32768         |
+===========================+===============+====================================================+
+---------------------------+---------------+----------------------------------------------------+
| NPU     Chip              | Process id    | Process name             | Process memory(MB)      |
+===========================+===============+====================================================+
| 2       0                 | 157           | VLLMWorker_TP            | 27736                   |
| 2       0                 | 125           | VLLMEngineCor            | 184                     |
+===========================+===============+====================================================+
| 3       0                 | 182           | VLLMWorker_TP            | 27736                   |
+===========================+===============+====================================================+
2026-08-10T05:02:12.692418079Z
+------------------------------------------------------------------------------------------------+
| npu-smi 25.5.2                   Version: 25.5.2                                               |
+---------------------------+---------------+----------------------------------------------------+
| NPU   Name                | Health        | Power(W)    Temp(C)           Hugepages-Usage(page)|
| Chip                      | Bus-Id        | AICore(%)   Memory-Usage(MB)  HBM-Usage(MB)        |
+===========================+===============+====================================================+
| 2     910B4               | OK            | 101.3       42                0    / 0             |
| 0                         | 0000:81:00.0  | 23          0    / 0          30691/ 32768         |
+===========================+===============+====================================================+
| 3     910B4               | OK            | 105.3       43                0    / 0             |
| 0                         | 0000:82:00.0  | 12          0    / 0          30560/ 32768         |
+===========================+===============+====================================================+
+---------------------------+---------------+----------------------------------------------------+
| NPU     Chip              | Process id    | Process name             | Process memory(MB)      |
+===========================+===============+====================================================+
| 2       0                 | 157           | VLLMWorker_TP            | 27738                   |
| 2       0                 | 125           | VLLMEngineCor            | 184                     |
+===========================+===============+====================================================+
| 3       0                 | 182           | VLLMWorker_TP            | 27738                   |
+===========================+===============+====================================================+
2026-08-10T05:02:23.423944866Z
+------------------------------------------------------------------------------------------------+
| npu-smi 25.5.2                   Version: 25.5.2                                               |
+---------------------------+---------------+----------------------------------------------------+
| NPU   Name                | Health        | Power(W)    Temp(C)           Hugepages-Usage(page)|
| Chip                      | Bus-Id        | AICore(%)   Memory-Usage(MB)  HBM-Usage(MB)        |
+===========================+===============+====================================================+
| 2     910B4               | OK            | 102.5       42                0    / 0             |
| 0                         | 0000:81:00.0  | 35          0    / 0          30691/ 32768         |
+===========================+===============+====================================================+
| 3     910B4               | OK            | 104.9       44                0    / 0             |
| 0                         | 0000:82:00.0  | 14          0    / 0          30560/ 32768         |
+===========================+===============+====================================================+
+---------------------------+---------------+----------------------------------------------------+
| NPU     Chip              | Process id    | Process name             | Process memory(MB)      |
+===========================+===============+====================================================+
| 2       0                 | 157           | VLLMWorker_TP            | 27738                   |
| 2       0                 | 125           | VLLMEngineCor            | 184                     |
+===========================+===============+====================================================+
| 3       0                 | 182           | VLLMWorker_TP            | 27738                   |
+===========================+===============+====================================================+
2026-08-10T05:02:34.154886569Z
+------------------------------------------------------------------------------------------------+
| npu-smi 25.5.2                   Version: 25.5.2                                               |
+---------------------------+---------------+----------------------------------------------------+
| NPU   Name                | Health        | Power(W)    Temp(C)           Hugepages-Usage(page)|
| Chip                      | Bus-Id        | AICore(%)   Memory-Usage(MB)  HBM-Usage(MB)        |
+===========================+===============+====================================================+
| 2     910B4               | OK            | 102.3       42                0    / 0             |
| 0                         | 0000:81:00.0  | 25          0    / 0          30691/ 32768         |
+===========================+===============+====================================================+
| 3     910B4               | OK            | 104.1       43                0    / 0             |
| 0                         | 0000:82:00.0  | 9           0    / 0          30561/ 32768         |
+===========================+===============+====================================================+
+---------------------------+---------------+----------------------------------------------------+
| NPU     Chip              | Process id    | Process name             | Process memory(MB)      |
+===========================+===============+====================================================+
| 2       0                 | 157           | VLLMWorker_TP            | 27738                   |
| 2       0                 | 125           | VLLMEngineCor            | 184                     |
+===========================+===============+====================================================+
| 3       0                 | 182           | VLLMWorker_TP            | 27738                   |
+===========================+===============+====================================================+
2026-08-10T05:02:44.905680017Z
+------------------------------------------------------------------------------------------------+
| npu-smi 25.5.2                   Version: 25.5.2                                               |
+---------------------------+---------------+----------------------------------------------------+
| NPU   Name                | Health        | Power(W)    Temp(C)           Hugepages-Usage(page)|
| Chip                      | Bus-Id        | AICore(%)   Memory-Usage(MB)  HBM-Usage(MB)        |
+===========================+===============+====================================================+
| 2     910B4               | OK            | 100.6       43                0    / 0             |
| 0                         | 0000:81:00.0  | 11          0    / 0          30691/ 32768         |
+===========================+===============+====================================================+
| 3     910B4               | OK            | 103.4       44                0    / 0             |
| 0                         | 0000:82:00.0  | 6           0    / 0          30561/ 32768         |
+===========================+===============+====================================================+
+---------------------------+---------------+----------------------------------------------------+
| NPU     Chip              | Process id    | Process name             | Process memory(MB)      |
+===========================+===============+====================================================+
| 2       0                 | 157           | VLLMWorker_TP            | 27738                   |
| 2       0                 | 125           | VLLMEngineCor            | 184                     |
+===========================+===============+====================================================+
| 3       0                 | 182           | VLLMWorker_TP            | 27738                   |
+===========================+===============+====================================================+
