2026-08-12T14:38:21.254792212Z
+------------------------------------------------------------------------------------------------+
| npu-smi 25.5.2                   Version: 25.5.2                                               |
+---------------------------+---------------+----------------------------------------------------+
| NPU   Name                | Health        | Power(W)    Temp(C)           Hugepages-Usage(page)|
| Chip                      | Bus-Id        | AICore(%)   Memory-Usage(MB)  HBM-Usage(MB)        |
+===========================+===============+====================================================+
| 1     910B4               | OK            | 82.8        41                0    / 0             |
| 0                         | 0000:C2:00.0  | 0           0    / 0          30851/ 32768         |
+===========================+===============+====================================================+
| 6     910B4               | OK            | 91.8        44                0    / 0             |
| 0                         | 0000:41:00.0  | 0           0    / 0          30718/ 32768         |
+===========================+===============+====================================================+
+---------------------------+---------------+----------------------------------------------------+
| NPU     Chip              | Process id    | Process name             | Process memory(MB)      |
+===========================+===============+====================================================+
| 1       0                 | 159           | VLLMWorker_TP            | 27896                   |
| 1       0                 | 126           | VLLMEngineCor            | 184                     |
+===========================+===============+====================================================+
| 6       0                 | 184           | VLLMWorker_TP            | 27896                   |
+===========================+===============+====================================================+
2026-08-12T14:38:32.048890790Z
+------------------------------------------------------------------------------------------------+
| npu-smi 25.5.2                   Version: 25.5.2                                               |
+---------------------------+---------------+----------------------------------------------------+
| NPU   Name                | Health        | Power(W)    Temp(C)           Hugepages-Usage(page)|
| Chip                      | Bus-Id        | AICore(%)   Memory-Usage(MB)  HBM-Usage(MB)        |
+===========================+===============+====================================================+
| 1     910B4               | OK            | 82.8        41                0    / 0             |
| 0                         | 0000:C2:00.0  | 0           0    / 0          30850/ 32768         |
+===========================+===============+====================================================+
| 6     910B4               | OK            | 91.6        44                0    / 0             |
| 0                         | 0000:41:00.0  | 0           0    / 0          30718/ 32768         |
+===========================+===============+====================================================+
+---------------------------+---------------+----------------------------------------------------+
| NPU     Chip              | Process id    | Process name             | Process memory(MB)      |
+===========================+===============+====================================================+
| 1       0                 | 159           | VLLMWorker_TP            | 27896                   |
| 1       0                 | 126           | VLLMEngineCor            | 184                     |
+===========================+===============+====================================================+
| 6       0                 | 184           | VLLMWorker_TP            | 27896                   |
+===========================+===============+====================================================+
2026-08-12T14:38:42.852290475Z
+------------------------------------------------------------------------------------------------+
| npu-smi 25.5.2                   Version: 25.5.2                                               |
+---------------------------+---------------+----------------------------------------------------+
| NPU   Name                | Health        | Power(W)    Temp(C)           Hugepages-Usage(page)|
| Chip                      | Bus-Id        | AICore(%)   Memory-Usage(MB)  HBM-Usage(MB)        |
+===========================+===============+====================================================+
| 1     910B4               | OK            | 82.6        41                0    / 0             |
| 0                         | 0000:C2:00.0  | 0           0    / 0          30850/ 32768         |
+===========================+===============+====================================================+
| 6     910B4               | OK            | 91.5        44                0    / 0             |
| 0                         | 0000:41:00.0  | 0           0    / 0          30718/ 32768         |
+===========================+===============+====================================================+
+---------------------------+---------------+----------------------------------------------------+
| NPU     Chip              | Process id    | Process name             | Process memory(MB)      |
+===========================+===============+====================================================+
| 1       0                 | 159           | VLLMWorker_TP            | 27896                   |
| 1       0                 | 126           | VLLMEngineCor            | 184                     |
+===========================+===============+====================================================+
| 6       0                 | 184           | VLLMWorker_TP            | 27896                   |
+===========================+===============+====================================================+
2026-08-12T14:38:53.622081810Z
+------------------------------------------------------------------------------------------------+
| npu-smi 25.5.2                   Version: 25.5.2                                               |
+---------------------------+---------------+----------------------------------------------------+
| NPU   Name                | Health        | Power(W)    Temp(C)           Hugepages-Usage(page)|
| Chip                      | Bus-Id        | AICore(%)   Memory-Usage(MB)  HBM-Usage(MB)        |
+===========================+===============+====================================================+
| 1     910B4               | OK            | 118.7       43                0    / 0             |
| 0                         | 0000:C2:00.0  | 85          0    / 0          30850/ 32768         |
+===========================+===============+====================================================+
| 6     910B4               | OK            | 131.2       46                0    / 0             |
| 0                         | 0000:41:00.0  | 49          0    / 0          30718/ 32768         |
+===========================+===============+====================================================+
+---------------------------+---------------+----------------------------------------------------+
| NPU     Chip              | Process id    | Process name             | Process memory(MB)      |
+===========================+===============+====================================================+
| 1       0                 | 159           | VLLMWorker_TP            | 27896                   |
| 1       0                 | 126           | VLLMEngineCor            | 184                     |
+===========================+===============+====================================================+
| 6       0                 | 184           | VLLMWorker_TP            | 27896                   |
+===========================+===============+====================================================+
2026-08-12T14:39:04.420920932Z
+------------------------------------------------------------------------------------------------+
| npu-smi 25.5.2                   Version: 25.5.2                                               |
+---------------------------+---------------+----------------------------------------------------+
| NPU   Name                | Health        | Power(W)    Temp(C)           Hugepages-Usage(page)|
| Chip                      | Bus-Id        | AICore(%)   Memory-Usage(MB)  HBM-Usage(MB)        |
+===========================+===============+====================================================+
| 1     910B4               | OK            | 112.4       42                0    / 0             |
| 0                         | 0000:C2:00.0  | 63          0    / 0          30850/ 32768         |
+===========================+===============+====================================================+
| 6     910B4               | OK            | 117.3       45                0    / 0             |
| 0                         | 0000:41:00.0  | 28          0    / 0          30718/ 32768         |
+===========================+===============+====================================================+
+---------------------------+---------------+----------------------------------------------------+
| NPU     Chip              | Process id    | Process name             | Process memory(MB)      |
+===========================+===============+====================================================+
| 1       0                 | 159           | VLLMWorker_TP            | 27896                   |
| 1       0                 | 126           | VLLMEngineCor            | 184                     |
+===========================+===============+====================================================+
| 6       0                 | 184           | VLLMWorker_TP            | 27896                   |
+===========================+===============+====================================================+
2026-08-12T14:39:15.166207712Z
+------------------------------------------------------------------------------------------------+
| npu-smi 25.5.2                   Version: 25.5.2                                               |
+---------------------------+---------------+----------------------------------------------------+
| NPU   Name                | Health        | Power(W)    Temp(C)           Hugepages-Usage(page)|
| Chip                      | Bus-Id        | AICore(%)   Memory-Usage(MB)  HBM-Usage(MB)        |
+===========================+===============+====================================================+
| 1     910B4               | OK            | 120.0       44                0    / 0             |
| 0                         | 0000:C2:00.0  | 100         0    / 0          30850/ 32768         |
+===========================+===============+====================================================+
| 6     910B4               | OK            | 130.5       47                0    / 0             |
| 0                         | 0000:41:00.0  | 47          0    / 0          30718/ 32768         |
+===========================+===============+====================================================+
+---------------------------+---------------+----------------------------------------------------+
| NPU     Chip              | Process id    | Process name             | Process memory(MB)      |
+===========================+===============+====================================================+
| 1       0                 | 159           | VLLMWorker_TP            | 27896                   |
| 1       0                 | 126           | VLLMEngineCor            | 184                     |
+===========================+===============+====================================================+
| 6       0                 | 184           | VLLMWorker_TP            | 27896                   |
+===========================+===============+====================================================+
2026-08-12T14:39:25.928676310Z
+------------------------------------------------------------------------------------------------+
| npu-smi 25.5.2                   Version: 25.5.2                                               |
+---------------------------+---------------+----------------------------------------------------+
| NPU   Name                | Health        | Power(W)    Temp(C)           Hugepages-Usage(page)|
| Chip                      | Bus-Id        | AICore(%)   Memory-Usage(MB)  HBM-Usage(MB)        |
+===========================+===============+====================================================+
| 1     910B4               | OK            | 107.0       43                0    / 0             |
| 0                         | 0000:C2:00.0  | 56          0    / 0          30851/ 32768         |
+===========================+===============+====================================================+
| 6     910B4               | OK            | 116.9       46                0    / 0             |
| 0                         | 0000:41:00.0  | 24          0    / 0          30718/ 32768         |
+===========================+===============+====================================================+
+---------------------------+---------------+----------------------------------------------------+
| NPU     Chip              | Process id    | Process name             | Process memory(MB)      |
+===========================+===============+====================================================+
| 1       0                 | 159           | VLLMWorker_TP            | 27896                   |
| 1       0                 | 126           | VLLMEngineCor            | 184                     |
+===========================+===============+====================================================+
| 6       0                 | 184           | VLLMWorker_TP            | 27896                   |
+===========================+===============+====================================================+
2026-08-12T14:39:36.733945075Z
+------------------------------------------------------------------------------------------------+
| npu-smi 25.5.2                   Version: 25.5.2                                               |
+---------------------------+---------------+----------------------------------------------------+
| NPU   Name                | Health        | Power(W)    Temp(C)           Hugepages-Usage(page)|
| Chip                      | Bus-Id        | AICore(%)   Memory-Usage(MB)  HBM-Usage(MB)        |
+===========================+===============+====================================================+
| 1     910B4               | OK            | 118.5       44                0    / 0             |
| 0                         | 0000:C2:00.0  | 60          0    / 0          30850/ 32768         |
+===========================+===============+====================================================+
| 6     910B4               | OK            | 130.4       48                0    / 0             |
| 0                         | 0000:41:00.0  | 47          0    / 0          30718/ 32768         |
+===========================+===============+====================================================+
+---------------------------+---------------+----------------------------------------------------+
| NPU     Chip              | Process id    | Process name             | Process memory(MB)      |
+===========================+===============+====================================================+
| 1       0                 | 159           | VLLMWorker_TP            | 27896                   |
| 1       0                 | 126           | VLLMEngineCor            | 184                     |
+===========================+===============+====================================================+
| 6       0                 | 184           | VLLMWorker_TP            | 27896                   |
+===========================+===============+====================================================+
2026-08-12T14:39:47.487943439Z
+------------------------------------------------------------------------------------------------+
| npu-smi 25.5.2                   Version: 25.5.2                                               |
+---------------------------+---------------+----------------------------------------------------+
| NPU   Name                | Health        | Power(W)    Temp(C)           Hugepages-Usage(page)|
| Chip                      | Bus-Id        | AICore(%)   Memory-Usage(MB)  HBM-Usage(MB)        |
+===========================+===============+====================================================+
| 1     910B4               | OK            | 111.2       43                0    / 0             |
| 0                         | 0000:C2:00.0  | 50          0    / 0          30851/ 32768         |
+===========================+===============+====================================================+
| 6     910B4               | OK            | 116.0       46                0    / 0             |
| 0                         | 0000:41:00.0  | 25          0    / 0          30718/ 32768         |
+===========================+===============+====================================================+
+---------------------------+---------------+----------------------------------------------------+
| NPU     Chip              | Process id    | Process name             | Process memory(MB)      |
+===========================+===============+====================================================+
| 1       0                 | 159           | VLLMWorker_TP            | 27896                   |
| 1       0                 | 126           | VLLMEngineCor            | 184                     |
+===========================+===============+====================================================+
| 6       0                 | 184           | VLLMWorker_TP            | 27896                   |
+===========================+===============+====================================================+
2026-08-12T14:39:58.239449791Z
+------------------------------------------------------------------------------------------------+
| npu-smi 25.5.2                   Version: 25.5.2                                               |
+---------------------------+---------------+----------------------------------------------------+
| NPU   Name                | Health        | Power(W)    Temp(C)           Hugepages-Usage(page)|
| Chip                      | Bus-Id        | AICore(%)   Memory-Usage(MB)  HBM-Usage(MB)        |
+===========================+===============+====================================================+
| 1     910B4               | OK            | 119.3       44                0    / 0             |
| 0                         | 0000:C2:00.0  | 100         0    / 0          30850/ 32768         |
+===========================+===============+====================================================+
| 6     910B4               | OK            | 124.8       46                0    / 0             |
| 0                         | 0000:41:00.0  | 33          0    / 0          30718/ 32768         |
+===========================+===============+====================================================+
+---------------------------+---------------+----------------------------------------------------+
| NPU     Chip              | Process id    | Process name             | Process memory(MB)      |
+===========================+===============+====================================================+
| 1       0                 | 159           | VLLMWorker_TP            | 27896                   |
| 1       0                 | 126           | VLLMEngineCor            | 184                     |
+===========================+===============+====================================================+
| 6       0                 | 184           | VLLMWorker_TP            | 27896                   |
+===========================+===============+====================================================+
2026-08-12T14:40:08.986642051Z
+------------------------------------------------------------------------------------------------+
| npu-smi 25.5.2                   Version: 25.5.2                                               |
+---------------------------+---------------+----------------------------------------------------+
| NPU   Name                | Health        | Power(W)    Temp(C)           Hugepages-Usage(page)|
| Chip                      | Bus-Id        | AICore(%)   Memory-Usage(MB)  HBM-Usage(MB)        |
+===========================+===============+====================================================+
| 1     910B4               | OK            | 106.4       43                0    / 0             |
| 0                         | 0000:C2:00.0  | 43          0    / 0          30851/ 32768         |
+===========================+===============+====================================================+
| 6     910B4               | OK            | 117.6       46                0    / 0             |
| 0                         | 0000:41:00.0  | 28          0    / 0          30718/ 32768         |
+===========================+===============+====================================================+
+---------------------------+---------------+----------------------------------------------------+
| NPU     Chip              | Process id    | Process name             | Process memory(MB)      |
+===========================+===============+====================================================+
| 1       0                 | 159           | VLLMWorker_TP            | 27896                   |
| 1       0                 | 126           | VLLMEngineCor            | 184                     |
+===========================+===============+====================================================+
| 6       0                 | 184           | VLLMWorker_TP            | 27896                   |
+===========================+===============+====================================================+
2026-08-12T14:40:19.781602243Z
+------------------------------------------------------------------------------------------------+
| npu-smi 25.5.2                   Version: 25.5.2                                               |
+---------------------------+---------------+----------------------------------------------------+
| NPU   Name                | Health        | Power(W)    Temp(C)           Hugepages-Usage(page)|
| Chip                      | Bus-Id        | AICore(%)   Memory-Usage(MB)  HBM-Usage(MB)        |
+===========================+===============+====================================================+
| 1     910B4               | OK            | 117.8       44                0    / 0             |
| 0                         | 0000:C2:00.0  | 83          0    / 0          30851/ 32768         |
+===========================+===============+====================================================+
| 6     910B4               | OK            | 129.8       47                0    / 0             |
| 0                         | 0000:41:00.0  | 41          0    / 0          30718/ 32768         |
+===========================+===============+====================================================+
+---------------------------+---------------+----------------------------------------------------+
| NPU     Chip              | Process id    | Process name             | Process memory(MB)      |
+===========================+===============+====================================================+
| 1       0                 | 159           | VLLMWorker_TP            | 27896                   |
| 1       0                 | 126           | VLLMEngineCor            | 184                     |
+===========================+===============+====================================================+
| 6       0                 | 184           | VLLMWorker_TP            | 27896                   |
+===========================+===============+====================================================+
2026-08-12T14:40:30.530393091Z
+------------------------------------------------------------------------------------------------+
| npu-smi 25.5.2                   Version: 25.5.2                                               |
+---------------------------+---------------+----------------------------------------------------+
| NPU   Name                | Health        | Power(W)    Temp(C)           Hugepages-Usage(page)|
| Chip                      | Bus-Id        | AICore(%)   Memory-Usage(MB)  HBM-Usage(MB)        |
+===========================+===============+====================================================+
| 1     910B4               | OK            | 107.6       43                0    / 0             |
| 0                         | 0000:C2:00.0  | 41          0    / 0          30850/ 32768         |
+===========================+===============+====================================================+
| 6     910B4               | OK            | 119.3       46                0    / 0             |
| 0                         | 0000:41:00.0  | 28          0    / 0          30718/ 32768         |
+===========================+===============+====================================================+
+---------------------------+---------------+----------------------------------------------------+
| NPU     Chip              | Process id    | Process name             | Process memory(MB)      |
+===========================+===============+====================================================+
| 1       0                 | 159           | VLLMWorker_TP            | 27896                   |
| 1       0                 | 126           | VLLMEngineCor            | 184                     |
+===========================+===============+====================================================+
| 6       0                 | 184           | VLLMWorker_TP            | 27896                   |
+===========================+===============+====================================================+
2026-08-12T14:40:41.266233264Z
+------------------------------------------------------------------------------------------------+
| npu-smi 25.5.2                   Version: 25.5.2                                               |
+---------------------------+---------------+----------------------------------------------------+
| NPU   Name                | Health        | Power(W)    Temp(C)           Hugepages-Usage(page)|
| Chip                      | Bus-Id        | AICore(%)   Memory-Usage(MB)  HBM-Usage(MB)        |
+===========================+===============+====================================================+
| 1     910B4               | OK            | 117.8       44                0    / 0             |
| 0                         | 0000:C2:00.0  | 100         0    / 0          30850/ 32768         |
+===========================+===============+====================================================+
| 6     910B4               | OK            | 128.0       47                0    / 0             |
| 0                         | 0000:41:00.0  | 39          0    / 0          30718/ 32768         |
+===========================+===============+====================================================+
+---------------------------+---------------+----------------------------------------------------+
| NPU     Chip              | Process id    | Process name             | Process memory(MB)      |
+===========================+===============+====================================================+
| 1       0                 | 159           | VLLMWorker_TP            | 27896                   |
| 1       0                 | 126           | VLLMEngineCor            | 184                     |
+===========================+===============+====================================================+
| 6       0                 | 184           | VLLMWorker_TP            | 27896                   |
+===========================+===============+====================================================+
2026-08-12T14:40:52.056031850Z
+------------------------------------------------------------------------------------------------+
| npu-smi 25.5.2                   Version: 25.5.2                                               |
+---------------------------+---------------+----------------------------------------------------+
| NPU   Name                | Health        | Power(W)    Temp(C)           Hugepages-Usage(page)|
| Chip                      | Bus-Id        | AICore(%)   Memory-Usage(MB)  HBM-Usage(MB)        |
+===========================+===============+====================================================+
| 1     910B4               | OK            | 112.9       44                0    / 0             |
| 0                         | 0000:C2:00.0  | 56          0    / 0          30850/ 32768         |
+===========================+===============+====================================================+
| 6     910B4               | OK            | 116.4       46                0    / 0             |
| 0                         | 0000:41:00.0  | 26          0    / 0          30718/ 32768         |
+===========================+===============+====================================================+
+---------------------------+---------------+----------------------------------------------------+
| NPU     Chip              | Process id    | Process name             | Process memory(MB)      |
+===========================+===============+====================================================+
| 1       0                 | 159           | VLLMWorker_TP            | 27896                   |
| 1       0                 | 126           | VLLMEngineCor            | 184                     |
+===========================+===============+====================================================+
| 6       0                 | 184           | VLLMWorker_TP            | 27896                   |
+===========================+===============+====================================================+
2026-08-12T14:41:02.791082038Z
+------------------------------------------------------------------------------------------------+
| npu-smi 25.5.2                   Version: 25.5.2                                               |
+---------------------------+---------------+----------------------------------------------------+
| NPU   Name                | Health        | Power(W)    Temp(C)           Hugepages-Usage(page)|
| Chip                      | Bus-Id        | AICore(%)   Memory-Usage(MB)  HBM-Usage(MB)        |
+===========================+===============+====================================================+
| 1     910B4               | OK            | 114.9       44                0    / 0             |
| 0                         | 0000:C2:00.0  | 69          0    / 0          30850/ 32768         |
+===========================+===============+====================================================+
| 6     910B4               | OK            | 122.4       47                0    / 0             |
| 0                         | 0000:41:00.0  | 33          0    / 0          30717/ 32768         |
+===========================+===============+====================================================+
+---------------------------+---------------+----------------------------------------------------+
| NPU     Chip              | Process id    | Process name             | Process memory(MB)      |
+===========================+===============+====================================================+
| 1       0                 | 159           | VLLMWorker_TP            | 27896                   |
| 1       0                 | 126           | VLLMEngineCor            | 184                     |
+===========================+===============+====================================================+
| 6       0                 | 184           | VLLMWorker_TP            | 27896                   |
+===========================+===============+====================================================+
2026-08-12T14:41:13.526370728Z
+------------------------------------------------------------------------------------------------+
| npu-smi 25.5.2                   Version: 25.5.2                                               |
+---------------------------+---------------+----------------------------------------------------+
| NPU   Name                | Health        | Power(W)    Temp(C)           Hugepages-Usage(page)|
| Chip                      | Bus-Id        | AICore(%)   Memory-Usage(MB)  HBM-Usage(MB)        |
+===========================+===============+====================================================+
| 1     910B4               | OK            | 124.7       45                0    / 0             |
| 0                         | 0000:C2:00.0  | 100         0    / 0          30850/ 32768         |
+===========================+===============+====================================================+
| 6     910B4               | OK            | 124.1       48                0    / 0             |
| 0                         | 0000:41:00.0  | 36          0    / 0          30718/ 32768         |
+===========================+===============+====================================================+
+---------------------------+---------------+----------------------------------------------------+
| NPU     Chip              | Process id    | Process name             | Process memory(MB)      |
+===========================+===============+====================================================+
| 1       0                 | 159           | VLLMWorker_TP            | 27896                   |
| 1       0                 | 126           | VLLMEngineCor            | 184                     |
+===========================+===============+====================================================+
| 6       0                 | 184           | VLLMWorker_TP            | 27896                   |
+===========================+===============+====================================================+
2026-08-12T14:41:24.275090865Z
+------------------------------------------------------------------------------------------------+
| npu-smi 25.5.2                   Version: 25.5.2                                               |
+---------------------------+---------------+----------------------------------------------------+
| NPU   Name                | Health        | Power(W)    Temp(C)           Hugepages-Usage(page)|
| Chip                      | Bus-Id        | AICore(%)   Memory-Usage(MB)  HBM-Usage(MB)        |
+===========================+===============+====================================================+
| 1     910B4               | OK            | 113.4       44                0    / 0             |
| 0                         | 0000:C2:00.0  | 84          0    / 0          30850/ 32768         |
+===========================+===============+====================================================+
| 6     910B4               | OK            | 126.1       47                0    / 0             |
| 0                         | 0000:41:00.0  | 38          0    / 0          30718/ 32768         |
+===========================+===============+====================================================+
+---------------------------+---------------+----------------------------------------------------+
| NPU     Chip              | Process id    | Process name             | Process memory(MB)      |
+===========================+===============+====================================================+
| 1       0                 | 159           | VLLMWorker_TP            | 27896                   |
| 1       0                 | 126           | VLLMEngineCor            | 184                     |
+===========================+===============+====================================================+
| 6       0                 | 184           | VLLMWorker_TP            | 27896                   |
+===========================+===============+====================================================+
2026-08-12T14:41:35.005466700Z
+------------------------------------------------------------------------------------------------+
| npu-smi 25.5.2                   Version: 25.5.2                                               |
+---------------------------+---------------+----------------------------------------------------+
| NPU   Name                | Health        | Power(W)    Temp(C)           Hugepages-Usage(page)|
| Chip                      | Bus-Id        | AICore(%)   Memory-Usage(MB)  HBM-Usage(MB)        |
+===========================+===============+====================================================+
| 1     910B4               | OK            | 124.2       45                0    / 0             |
| 0                         | 0000:C2:00.0  | 100         0    / 0          30850/ 32768         |
+===========================+===============+====================================================+
| 6     910B4               | OK            | 126.6       48                0    / 0             |
| 0                         | 0000:41:00.0  | 39          0    / 0          30718/ 32768         |
+===========================+===============+====================================================+
+---------------------------+---------------+----------------------------------------------------+
| NPU     Chip              | Process id    | Process name             | Process memory(MB)      |
+===========================+===============+====================================================+
| 1       0                 | 159           | VLLMWorker_TP            | 27896                   |
| 1       0                 | 126           | VLLMEngineCor            | 184                     |
+===========================+===============+====================================================+
| 6       0                 | 184           | VLLMWorker_TP            | 27896                   |
+===========================+===============+====================================================+
2026-08-12T14:41:45.775812677Z
+------------------------------------------------------------------------------------------------+
| npu-smi 25.5.2                   Version: 25.5.2                                               |
+---------------------------+---------------+----------------------------------------------------+
| NPU   Name                | Health        | Power(W)    Temp(C)           Hugepages-Usage(page)|
| Chip                      | Bus-Id        | AICore(%)   Memory-Usage(MB)  HBM-Usage(MB)        |
+===========================+===============+====================================================+
| 1     910B4               | OK            | 114.7       44                0    / 0             |
| 0                         | 0000:C2:00.0  | 74          0    / 0          30850/ 32768         |
+===========================+===============+====================================================+
| 6     910B4               | OK            | 119.5       47                0    / 0             |
| 0                         | 0000:41:00.0  | 27          0    / 0          30718/ 32768         |
+===========================+===============+====================================================+
+---------------------------+---------------+----------------------------------------------------+
| NPU     Chip              | Process id    | Process name             | Process memory(MB)      |
+===========================+===============+====================================================+
| 1       0                 | 159           | VLLMWorker_TP            | 27896                   |
| 1       0                 | 126           | VLLMEngineCor            | 184                     |
+===========================+===============+====================================================+
| 6       0                 | 184           | VLLMWorker_TP            | 27896                   |
+===========================+===============+====================================================+
2026-08-12T14:41:56.522197413Z
+------------------------------------------------------------------------------------------------+
| npu-smi 25.5.2                   Version: 25.5.2                                               |
+---------------------------+---------------+----------------------------------------------------+
| NPU   Name                | Health        | Power(W)    Temp(C)           Hugepages-Usage(page)|
| Chip                      | Bus-Id        | AICore(%)   Memory-Usage(MB)  HBM-Usage(MB)        |
+===========================+===============+====================================================+
| 1     910B4               | OK            | 122.4       45                0    / 0             |
| 0                         | 0000:C2:00.0  | 100         0    / 0          30850/ 32768         |
+===========================+===============+====================================================+
| 6     910B4               | OK            | 129.4       47                0    / 0             |
| 0                         | 0000:41:00.0  | 49          0    / 0          30718/ 32768         |
+===========================+===============+====================================================+
+---------------------------+---------------+----------------------------------------------------+
| NPU     Chip              | Process id    | Process name             | Process memory(MB)      |
+===========================+===============+====================================================+
| 1       0                 | 159           | VLLMWorker_TP            | 27896                   |
| 1       0                 | 126           | VLLMEngineCor            | 184                     |
+===========================+===============+====================================================+
| 6       0                 | 184           | VLLMWorker_TP            | 27896                   |
+===========================+===============+====================================================+
2026-08-12T14:42:07.284190308Z
+------------------------------------------------------------------------------------------------+
| npu-smi 25.5.2                   Version: 25.5.2                                               |
+---------------------------+---------------+----------------------------------------------------+
| NPU   Name                | Health        | Power(W)    Temp(C)           Hugepages-Usage(page)|
| Chip                      | Bus-Id        | AICore(%)   Memory-Usage(MB)  HBM-Usage(MB)        |
+===========================+===============+====================================================+
| 1     910B4               | OK            | 83.8        43                0    / 0             |
| 0                         | 0000:C2:00.0  | 0           0    / 0          30850/ 32768         |
+===========================+===============+====================================================+
| 6     910B4               | OK            | 92.7        45                0    / 0             |
| 0                         | 0000:41:00.0  | 0           0    / 0          30718/ 32768         |
+===========================+===============+====================================================+
+---------------------------+---------------+----------------------------------------------------+
| NPU     Chip              | Process id    | Process name             | Process memory(MB)      |
+===========================+===============+====================================================+
| 1       0                 | 159           | VLLMWorker_TP            | 27896                   |
| 1       0                 | 126           | VLLMEngineCor            | 184                     |
+===========================+===============+====================================================+
| 6       0                 | 184           | VLLMWorker_TP            | 27896                   |
+===========================+===============+====================================================+
