2026-08-10T05:08:07.290044981Z
+------------------------------------------------------------------------------------------------+
| npu-smi 25.5.2                   Version: 25.5.2                                               |
+---------------------------+---------------+----------------------------------------------------+
| NPU   Name                | Health        | Power(W)    Temp(C)           Hugepages-Usage(page)|
| Chip                      | Bus-Id        | AICore(%)   Memory-Usage(MB)  HBM-Usage(MB)        |
+===========================+===============+====================================================+
| 2     910B4               | OK            | 90.5        42                0    / 0             |
| 0                         | 0000:81:00.0  | 0           0    / 0          30691/ 32768         |
+===========================+===============+====================================================+
| 3     910B4               | OK            | 95.0        44                0    / 0             |
| 0                         | 0000:82:00.0  | 0           0    / 0          30560/ 32768         |
+===========================+===============+====================================================+
+---------------------------+---------------+----------------------------------------------------+
| NPU     Chip              | Process id    | Process name             | Process memory(MB)      |
+===========================+===============+====================================================+
| 2       0                 | 157           | VLLMWorker_TP            | 27738                   |
| 2       0                 | 125           | VLLMEngineCor            | 184                     |
+===========================+===============+====================================================+
| 3       0                 | 182           | VLLMWorker_TP            | 27738                   |
+===========================+===============+====================================================+
2026-08-10T05:08:18.099639846Z
+------------------------------------------------------------------------------------------------+
| npu-smi 25.5.2                   Version: 25.5.2                                               |
+---------------------------+---------------+----------------------------------------------------+
| NPU   Name                | Health        | Power(W)    Temp(C)           Hugepages-Usage(page)|
| Chip                      | Bus-Id        | AICore(%)   Memory-Usage(MB)  HBM-Usage(MB)        |
+===========================+===============+====================================================+
| 2     910B4               | OK            | 90.4        42                0    / 0             |
| 0                         | 0000:81:00.0  | 0           0    / 0          30691/ 32768         |
+===========================+===============+====================================================+
| 3     910B4               | OK            | 95.0        43                0    / 0             |
| 0                         | 0000:82:00.0  | 0           0    / 0          30560/ 32768         |
+===========================+===============+====================================================+
+---------------------------+---------------+----------------------------------------------------+
| NPU     Chip              | Process id    | Process name             | Process memory(MB)      |
+===========================+===============+====================================================+
| 2       0                 | 157           | VLLMWorker_TP            | 27738                   |
| 2       0                 | 125           | VLLMEngineCor            | 184                     |
+===========================+===============+====================================================+
| 3       0                 | 182           | VLLMWorker_TP            | 27738                   |
+===========================+===============+====================================================+
2026-08-10T05:08:28.893584589Z
+------------------------------------------------------------------------------------------------+
| npu-smi 25.5.2                   Version: 25.5.2                                               |
+---------------------------+---------------+----------------------------------------------------+
| NPU   Name                | Health        | Power(W)    Temp(C)           Hugepages-Usage(page)|
| Chip                      | Bus-Id        | AICore(%)   Memory-Usage(MB)  HBM-Usage(MB)        |
+===========================+===============+====================================================+
| 2     910B4               | OK            | 90.2        42                0    / 0             |
| 0                         | 0000:81:00.0  | 0           0    / 0          30691/ 32768         |
+===========================+===============+====================================================+
| 3     910B4               | OK            | 94.9        43                0    / 0             |
| 0                         | 0000:82:00.0  | 0           0    / 0          30560/ 32768         |
+===========================+===============+====================================================+
+---------------------------+---------------+----------------------------------------------------+
| NPU     Chip              | Process id    | Process name             | Process memory(MB)      |
+===========================+===============+====================================================+
| 2       0                 | 157           | VLLMWorker_TP            | 27738                   |
| 2       0                 | 125           | VLLMEngineCor            | 184                     |
+===========================+===============+====================================================+
| 3       0                 | 182           | VLLMWorker_TP            | 27738                   |
+===========================+===============+====================================================+
2026-08-10T05:08:39.635273779Z
+------------------------------------------------------------------------------------------------+
| npu-smi 25.5.2                   Version: 25.5.2                                               |
+---------------------------+---------------+----------------------------------------------------+
| NPU   Name                | Health        | Power(W)    Temp(C)           Hugepages-Usage(page)|
| Chip                      | Bus-Id        | AICore(%)   Memory-Usage(MB)  HBM-Usage(MB)        |
+===========================+===============+====================================================+
| 2     910B4               | OK            | 98.5        42                0    / 0             |
| 0                         | 0000:81:00.0  | 0           0    / 0          30691/ 32768         |
+===========================+===============+====================================================+
| 3     910B4               | OK            | 101.3       43                0    / 0             |
| 0                         | 0000:82:00.0  | 0           0    / 0          30560/ 32768         |
+===========================+===============+====================================================+
+---------------------------+---------------+----------------------------------------------------+
| NPU     Chip              | Process id    | Process name             | Process memory(MB)      |
+===========================+===============+====================================================+
| 2       0                 | 157           | VLLMWorker_TP            | 27738                   |
| 2       0                 | 125           | VLLMEngineCor            | 184                     |
+===========================+===============+====================================================+
| 3       0                 | 182           | VLLMWorker_TP            | 27738                   |
+===========================+===============+====================================================+
2026-08-10T05:08:50.361162366Z
+------------------------------------------------------------------------------------------------+
| npu-smi 25.5.2                   Version: 25.5.2                                               |
+---------------------------+---------------+----------------------------------------------------+
| NPU   Name                | Health        | Power(W)    Temp(C)           Hugepages-Usage(page)|
| Chip                      | Bus-Id        | AICore(%)   Memory-Usage(MB)  HBM-Usage(MB)        |
+===========================+===============+====================================================+
| 2     910B4               | OK            | 98.7        43                0    / 0             |
| 0                         | 0000:81:00.0  | 0           0    / 0          30691/ 32768         |
+===========================+===============+====================================================+
| 3     910B4               | OK            | 101.2       44                0    / 0             |
| 0                         | 0000:82:00.0  | 0           0    / 0          30560/ 32768         |
+===========================+===============+====================================================+
+---------------------------+---------------+----------------------------------------------------+
| NPU     Chip              | Process id    | Process name             | Process memory(MB)      |
+===========================+===============+====================================================+
| 2       0                 | 157           | VLLMWorker_TP            | 27738                   |
| 2       0                 | 125           | VLLMEngineCor            | 184                     |
+===========================+===============+====================================================+
| 3       0                 | 182           | VLLMWorker_TP            | 27738                   |
+===========================+===============+====================================================+
2026-08-10T05:09:01.082210188Z
+------------------------------------------------------------------------------------------------+
| npu-smi 25.5.2                   Version: 25.5.2                                               |
+---------------------------+---------------+----------------------------------------------------+
| NPU   Name                | Health        | Power(W)    Temp(C)           Hugepages-Usage(page)|
| Chip                      | Bus-Id        | AICore(%)   Memory-Usage(MB)  HBM-Usage(MB)        |
+===========================+===============+====================================================+
| 2     910B4               | OK            | 98.3        42                0    / 0             |
| 0                         | 0000:81:00.0  | 0           0    / 0          30691/ 32768         |
+===========================+===============+====================================================+
| 3     910B4               | OK            | 102.2       43                0    / 0             |
| 0                         | 0000:82:00.0  | 4           0    / 0          30561/ 32768         |
+===========================+===============+====================================================+
+---------------------------+---------------+----------------------------------------------------+
| NPU     Chip              | Process id    | Process name             | Process memory(MB)      |
+===========================+===============+====================================================+
| 2       0                 | 157           | VLLMWorker_TP            | 27738                   |
| 2       0                 | 125           | VLLMEngineCor            | 184                     |
+===========================+===============+====================================================+
| 3       0                 | 182           | VLLMWorker_TP            | 27738                   |
+===========================+===============+====================================================+
2026-08-10T05:09:11.907850547Z
+------------------------------------------------------------------------------------------------+
| npu-smi 25.5.2                   Version: 25.5.2                                               |
+---------------------------+---------------+----------------------------------------------------+
| NPU   Name                | Health        | Power(W)    Temp(C)           Hugepages-Usage(page)|
| Chip                      | Bus-Id        | AICore(%)   Memory-Usage(MB)  HBM-Usage(MB)        |
+===========================+===============+====================================================+
| 2     910B4               | OK            | 90.2        41                0    / 0             |
| 0                         | 0000:81:00.0  | 0           0    / 0          30691/ 32768         |
+===========================+===============+====================================================+
| 3     910B4               | OK            | 95.1        43                0    / 0             |
| 0                         | 0000:82:00.0  | 0           0    / 0          30560/ 32768         |
+===========================+===============+====================================================+
+---------------------------+---------------+----------------------------------------------------+
| NPU     Chip              | Process id    | Process name             | Process memory(MB)      |
+===========================+===============+====================================================+
| 2       0                 | 157           | VLLMWorker_TP            | 27738                   |
| 2       0                 | 125           | VLLMEngineCor            | 184                     |
+===========================+===============+====================================================+
| 3       0                 | 182           | VLLMWorker_TP            | 27738                   |
+===========================+===============+====================================================+
