README.md: OK
defect/argv.json: OK
defect/cpu-minimal-repro.exit: OK
defect/cpu-minimal-repro.log: OK
defect/minimal-repro-target.exit: OK
defect/minimal-repro-target.stderr.log: OK
defect/minimal-repro.exit: OK
defect/minimal-repro.stderr.log: OK
defect/result.json: OK
defect/stderr.txt: OK
defect/stdout.txt: OK
defect/tp2-startup-stack.txt: OK
defect/wait-prefill-ready.argv.json: OK
identity/handoff.json: OK
identity/planned-run-contract.json: OK
identity/source-identity.json: OK
recovery/commands/0001-stop-prefill/argv.json: OK
recovery/commands/0001-stop-prefill/result.json: OK
recovery/commands/0001-stop-prefill/stderr.txt: OK
recovery/commands/0001-stop-prefill/stdout.txt: OK
recovery/commands/0002-stop-decode/argv.json: OK
recovery/commands/0002-stop-decode/result.json: OK
recovery/commands/0002-stop-decode/stderr.txt: OK
recovery/commands/0002-stop-decode/stdout.txt: OK
recovery/commands/0003-wait-prefill-hbm-idle/argv.json: OK
recovery/commands/0003-wait-prefill-hbm-idle/result.json: OK
recovery/commands/0003-wait-prefill-hbm-idle/stderr.txt: OK
recovery/commands/0003-wait-prefill-hbm-idle/stdout.txt: OK
recovery/commands/0004-wait-decode-hbm-idle/argv.json: OK
recovery/commands/0004-wait-decode-hbm-idle/result.json: OK
recovery/commands/0004-wait-decode-hbm-idle/stderr.txt: OK
recovery/commands/0004-wait-decode-hbm-idle/stdout.txt: OK
recovery/commands/0005-restore-runtime-configmap/argv.json: OK
recovery/commands/0005-restore-runtime-configmap/result.json: OK
recovery/commands/0005-restore-runtime-configmap/stderr.txt: OK
recovery/commands/0005-restore-runtime-configmap/stdout.txt: OK
recovery/commands/0006-restore-prefill-deployment/argv.json: OK
recovery/commands/0006-restore-prefill-deployment/result.json: OK
recovery/commands/0006-restore-prefill-deployment/stderr.txt: OK
recovery/commands/0006-restore-prefill-deployment/stdout.txt: OK
recovery/commands/0007-restore-decode-deployment/argv.json: OK
recovery/commands/0007-restore-decode-deployment/result.json: OK
recovery/commands/0007-restore-decode-deployment/stderr.txt: OK
recovery/commands/0007-restore-decode-deployment/stdout.txt: OK
recovery/commands/0008-delete-performance-configmap/argv.json: OK
recovery/commands/0008-delete-performance-configmap/result.json: OK
recovery/commands/0008-delete-performance-configmap/stderr.txt: OK
recovery/commands/0008-delete-performance-configmap/stdout.txt: OK
recovery/commands/0009-final-reset-master/argv.json: OK
recovery/commands/0009-final-reset-master/result.json: OK
recovery/commands/0009-final-reset-master/stderr.txt: OK
recovery/commands/0009-final-reset-master/stdout.txt: OK
recovery/commands/0010-wait-final-master/argv.json: OK
recovery/commands/0010-wait-final-master/result.json: OK
recovery/commands/0010-wait-final-master/stderr.txt: OK
recovery/commands/0010-wait-final-master/stdout.txt: OK
recovery/commands/0011-prove-final-master-empty/argv.json: OK
recovery/commands/0011-prove-final-master-empty/result.json: OK
recovery/commands/0011-prove-final-master-empty/stderr.txt: OK
recovery/commands/0011-prove-final-master-empty/stdout.txt: OK
recovery/final-mooncake-empty.metrics: OK
recovery/final-npu-readiness.json: OK
recovery/post-decode.json: OK
recovery/post-prefill.json: OK
recovery/post-runtime-configmap.json: OK
recovery/restoration.json: OK
recovery/restored-prefill-pod.txt: OK
recovery/temp-configmap-get.exit: OK
recovery/temp-configmap-get.log: OK
