2026-08-12T14:11:32.253254845Z
+------------------------------------------------------------------------------------------------+
| npu-smi 25.5.2                   Version: 25.5.2                                               |
+---------------------------+---------------+----------------------------------------------------+
| NPU   Name                | Health        | Power(W)    Temp(C)           Hugepages-Usage(page)|
| Chip                      | Bus-Id        | AICore(%)   Memory-Usage(MB)  HBM-Usage(MB)        |
+===========================+===============+====================================================+
| 3     910B4               | OK            | 94.2        43                0    / 0             |
| 0                         | 0000:82:00.0  | 0           0    / 0          30692/ 32768         |
+===========================+===============+====================================================+
| 6     910B4               | OK            | 91.5        43                0    / 0             |
| 0                         | 0000:41:00.0  | 0           0    / 0          30561/ 32768         |
+===========================+===============+====================================================+
+---------------------------+---------------+----------------------------------------------------+
| NPU     Chip              | Process id    | Process name             | Process memory(MB)      |
+===========================+===============+====================================================+
| 3       0                 | 126           | VLLMEngineCor            | 184                     |
| 3       0                 | 159           | VLLMWorker_TP            | 27736                   |
+===========================+===============+====================================================+
| 6       0                 | 183           | VLLMWorker_TP            | 27736                   |
+===========================+===============+====================================================+
2026-08-12T14:11:43.037851705Z
+------------------------------------------------------------------------------------------------+
| npu-smi 25.5.2                   Version: 25.5.2                                               |
+---------------------------+---------------+----------------------------------------------------+
| NPU   Name                | Health        | Power(W)    Temp(C)           Hugepages-Usage(page)|
| Chip                      | Bus-Id        | AICore(%)   Memory-Usage(MB)  HBM-Usage(MB)        |
+===========================+===============+====================================================+
| 3     910B4               | OK            | 94.2        42                0    / 0             |
| 0                         | 0000:82:00.0  | 0           0    / 0          30691/ 32768         |
+===========================+===============+====================================================+
| 6     910B4               | OK            | 91.5        43                0    / 0             |
| 0                         | 0000:41:00.0  | 0           0    / 0          30561/ 32768         |
+===========================+===============+====================================================+
+---------------------------+---------------+----------------------------------------------------+
| NPU     Chip              | Process id    | Process name             | Process memory(MB)      |
+===========================+===============+====================================================+
| 3       0                 | 126           | VLLMEngineCor            | 184                     |
| 3       0                 | 159           | VLLMWorker_TP            | 27736                   |
+===========================+===============+====================================================+
| 6       0                 | 183           | VLLMWorker_TP            | 27736                   |
+===========================+===============+====================================================+
2026-08-12T14:11:53.772088859Z
+------------------------------------------------------------------------------------------------+
| npu-smi 25.5.2                   Version: 25.5.2                                               |
+---------------------------+---------------+----------------------------------------------------+
| NPU   Name                | Health        | Power(W)    Temp(C)           Hugepages-Usage(page)|
| Chip                      | Bus-Id        | AICore(%)   Memory-Usage(MB)  HBM-Usage(MB)        |
+===========================+===============+====================================================+
| 3     910B4               | OK            | 94.3        42                0    / 0             |
| 0                         | 0000:82:00.0  | 0           0    / 0          30691/ 32768         |
+===========================+===============+====================================================+
| 6     910B4               | OK            | 91.3        43                0    / 0             |
| 0                         | 0000:41:00.0  | 0           0    / 0          30561/ 32768         |
+===========================+===============+====================================================+
+---------------------------+---------------+----------------------------------------------------+
| NPU     Chip              | Process id    | Process name             | Process memory(MB)      |
+===========================+===============+====================================================+
| 3       0                 | 126           | VLLMEngineCor            | 184                     |
| 3       0                 | 159           | VLLMWorker_TP            | 27736                   |
+===========================+===============+====================================================+
| 6       0                 | 183           | VLLMWorker_TP            | 27736                   |
+===========================+===============+====================================================+
2026-08-12T14:12:04.487139526Z
+------------------------------------------------------------------------------------------------+
| npu-smi 25.5.2                   Version: 25.5.2                                               |
+---------------------------+---------------+----------------------------------------------------+
| NPU   Name                | Health        | Power(W)    Temp(C)           Hugepages-Usage(page)|
| Chip                      | Bus-Id        | AICore(%)   Memory-Usage(MB)  HBM-Usage(MB)        |
+===========================+===============+====================================================+
| 3     910B4               | OK            | 102.3       42                0    / 0             |
| 0                         | 0000:82:00.0  | 5           0    / 0          30691/ 32768         |
+===========================+===============+====================================================+
| 6     910B4               | OK            | 98.5        44                0    / 0             |
| 0                         | 0000:41:00.0  | 0           0    / 0          30561/ 32768         |
+===========================+===============+====================================================+
+---------------------------+---------------+----------------------------------------------------+
| NPU     Chip              | Process id    | Process name             | Process memory(MB)      |
+===========================+===============+====================================================+
| 3       0                 | 126           | VLLMEngineCor            | 184                     |
| 3       0                 | 159           | VLLMWorker_TP            | 27736                   |
+===========================+===============+====================================================+
| 6       0                 | 183           | VLLMWorker_TP            | 27736                   |
+===========================+===============+====================================================+
2026-08-12T14:12:15.245205221Z
+------------------------------------------------------------------------------------------------+
| npu-smi 25.5.2                   Version: 25.5.2                                               |
+---------------------------+---------------+----------------------------------------------------+
| NPU   Name                | Health        | Power(W)    Temp(C)           Hugepages-Usage(page)|
| Chip                      | Bus-Id        | AICore(%)   Memory-Usage(MB)  HBM-Usage(MB)        |
+===========================+===============+====================================================+
| 3     910B4               | OK            | 101.1       43                0    / 0             |
| 0                         | 0000:82:00.0  | 0           0    / 0          30692/ 32768         |
+===========================+===============+====================================================+
| 6     910B4               | OK            | 98.0        43                0    / 0             |
| 0                         | 0000:41:00.0  | 0           0    / 0          30561/ 32768         |
+===========================+===============+====================================================+
+---------------------------+---------------+----------------------------------------------------+
| NPU     Chip              | Process id    | Process name             | Process memory(MB)      |
+===========================+===============+====================================================+
| 3       0                 | 126           | VLLMEngineCor            | 184                     |
| 3       0                 | 159           | VLLMWorker_TP            | 27736                   |
+===========================+===============+====================================================+
| 6       0                 | 183           | VLLMWorker_TP            | 27736                   |
+===========================+===============+====================================================+
2026-08-12T14:12:25.947297901Z
+------------------------------------------------------------------------------------------------+
| npu-smi 25.5.2                   Version: 25.5.2                                               |
+---------------------------+---------------+----------------------------------------------------+
| NPU   Name                | Health        | Power(W)    Temp(C)           Hugepages-Usage(page)|
| Chip                      | Bus-Id        | AICore(%)   Memory-Usage(MB)  HBM-Usage(MB)        |
+===========================+===============+====================================================+
| 3     910B4               | OK            | 101.9       43                0    / 0             |
| 0                         | 0000:82:00.0  | 0           0    / 0          30692/ 32768         |
+===========================+===============+====================================================+
| 6     910B4               | OK            | 98.0        43                0    / 0             |
| 0                         | 0000:41:00.0  | 0           0    / 0          30561/ 32768         |
+===========================+===============+====================================================+
+---------------------------+---------------+----------------------------------------------------+
| NPU     Chip              | Process id    | Process name             | Process memory(MB)      |
+===========================+===============+====================================================+
| 3       0                 | 126           | VLLMEngineCor            | 184                     |
| 3       0                 | 159           | VLLMWorker_TP            | 27736                   |
+===========================+===============+====================================================+
| 6       0                 | 183           | VLLMWorker_TP            | 27736                   |
+===========================+===============+====================================================+
2026-08-12T14:12:36.702275981Z
+------------------------------------------------------------------------------------------------+
| npu-smi 25.5.2                   Version: 25.5.2                                               |
+---------------------------+---------------+----------------------------------------------------+
| NPU   Name                | Health        | Power(W)    Temp(C)           Hugepages-Usage(page)|
| Chip                      | Bus-Id        | AICore(%)   Memory-Usage(MB)  HBM-Usage(MB)        |
+===========================+===============+====================================================+
| 3     910B4               | OK            | 100.9       43                0    / 0             |
| 0                         | 0000:82:00.0  | 0           0    / 0          30691/ 32768         |
+===========================+===============+====================================================+
| 6     910B4               | OK            | 99.3        43                0    / 0             |
| 0                         | 0000:41:00.0  | 0           0    / 0          30561/ 32768         |
+===========================+===============+====================================================+
+---------------------------+---------------+----------------------------------------------------+
| NPU     Chip              | Process id    | Process name             | Process memory(MB)      |
+===========================+===============+====================================================+
| 3       0                 | 126           | VLLMEngineCor            | 184                     |
| 3       0                 | 159           | VLLMWorker_TP            | 27736                   |
+===========================+===============+====================================================+
| 6       0                 | 183           | VLLMWorker_TP            | 27736                   |
+===========================+===============+====================================================+
2026-08-12T14:12:47.485026462Z
+------------------------------------------------------------------------------------------------+
| npu-smi 25.5.2                   Version: 25.5.2                                               |
+---------------------------+---------------+----------------------------------------------------+
| NPU   Name                | Health        | Power(W)    Temp(C)           Hugepages-Usage(page)|
| Chip                      | Bus-Id        | AICore(%)   Memory-Usage(MB)  HBM-Usage(MB)        |
+===========================+===============+====================================================+
| 3     910B4               | OK            | 94.4        43                0    / 0             |
| 0                         | 0000:82:00.0  | 0           0    / 0          30691/ 32768         |
+===========================+===============+====================================================+
| 6     910B4               | OK            | 91.5        43                0    / 0             |
| 0                         | 0000:41:00.0  | 0           0    / 0          30561/ 32768         |
+===========================+===============+====================================================+
+---------------------------+---------------+----------------------------------------------------+
| NPU     Chip              | Process id    | Process name             | Process memory(MB)      |
+===========================+===============+====================================================+
| 3       0                 | 126           | VLLMEngineCor            | 184                     |
| 3       0                 | 159           | VLLMWorker_TP            | 27736                   |
+===========================+===============+====================================================+
| 6       0                 | 183           | VLLMWorker_TP            | 27736                   |
+===========================+===============+====================================================+
