(APIServer pid=88) INFO:     192.168.200.27:34828 - "GET /v1/models HTTP/1.1" 200 OK
(APIServer pid=88) INFO 08-12 14:11:35 [loggers.py:273] Engine 000: Avg prompt throughput: 0.0 tokens/s, Avg generation throughput: 0.0 tokens/s, Running: 0 reqs, Waiting: 0 reqs, GPU KV cache usage: 0.0%, Prefix cache hit rate: 0.0%, External prefix cache hit rate: 0.0%
(APIServer pid=88) INFO:     192.168.200.27:33846 - "GET /v1/models HTTP/1.1" 200 OK
(APIServer pid=88) INFO:     192.168.200.27:33860 - "GET /v1/models HTTP/1.1" 200 OK
(APIServer pid=88) INFO:     192.168.200.27:41808 - "GET /v1/models HTTP/1.1" 200 OK
(APIServer pid=88) INFO:     192.168.200.27:41818 - "GET /v1/models HTTP/1.1" 200 OK
(APIServer pid=88) INFO:     192.168.200.27:35486 - "GET /v1/models HTTP/1.1" 200 OK
(EngineCore pid=125) INFO 08-12 14:11:59 [pool_scheduler.py:663] Reqid: cmpl-17b10391-036a-4879-9317-7c3394d3a3b1-0-9dcf2e38, Total tokens 16384, kvpool hit tokens: 13312, need to load: 13312
(EngineCore pid=125) INFO 08-12 14:11:59 [pool_scheduler.py:683] KV pool load spec created req=cmpl-17b10391-036a-4879-9317-7c3394d3a3b1-0-9dcf2e38 vllm_cached=0 kvpool_cached=13312 need_to_allocate=13312 load_async=False use_layerwise=False
(EngineCore pid=125) INFO 08-12 14:11:59 [core.py:452] Iteration(976): 1 context requests, 1024 context tokens, 0 generation requests, 0 generation tokens, iteration elapsed time: 392.47 ms
(EngineCore pid=125) INFO 08-12 14:11:59 [core.py:452] Iteration(977): 1 context requests, 1024 context tokens, 0 generation requests, 0 generation tokens, iteration elapsed time: 161.42 ms
(EngineCore pid=125) INFO 08-12 14:11:59 [pool_scheduler.py:663] Reqid: cmpl-3ee4dbdf-2ca8-42c1-a0a1-355e693df8d2-0-b450d96d, Total tokens 16384, kvpool hit tokens: 13312, need to load: 13312
(EngineCore pid=125) INFO 08-12 14:11:59 [pool_scheduler.py:683] KV pool load spec created req=cmpl-3ee4dbdf-2ca8-42c1-a0a1-355e693df8d2-0-b450d96d vllm_cached=0 kvpool_cached=13312 need_to_allocate=13312 load_async=False use_layerwise=False
(EngineCore pid=125) INFO 08-12 14:12:00 [core.py:452] Iteration(978): 1 context requests, 1024 context tokens, 0 generation requests, 0 generation tokens, iteration elapsed time: 164.31 ms
(APIServer pid=88) INFO:     10.250.202.7:38584 - "POST /v1/completions HTTP/1.1" 200 OK
(EngineCore pid=125) INFO 08-12 14:12:00 [core.py:452] Iteration(979): 1 context requests, 1024 context tokens, 0 generation requests, 0 generation tokens, iteration elapsed time: 287.65 ms
(EngineCore pid=125) INFO 08-12 14:12:00 [core.py:452] Iteration(980): 1 context requests, 1024 context tokens, 0 generation requests, 0 generation tokens, iteration elapsed time: 162.65 ms
(EngineCore pid=125) INFO 08-12 14:12:00 [pool_scheduler.py:663] Reqid: cmpl-364dd62d-21da-4f28-89a1-31784860b9af-0-88f75910, Total tokens 16384, kvpool hit tokens: 13312, need to load: 13312
(EngineCore pid=125) INFO 08-12 14:12:00 [pool_scheduler.py:683] KV pool load spec created req=cmpl-364dd62d-21da-4f28-89a1-31784860b9af-0-88f75910 vllm_cached=0 kvpool_cached=13312 need_to_allocate=13312 load_async=False use_layerwise=False
(EngineCore pid=125) INFO 08-12 14:12:00 [core.py:452] Iteration(981): 1 context requests, 1024 context tokens, 0 generation requests, 0 generation tokens, iteration elapsed time: 167.32 ms
(APIServer pid=88) INFO:     10.250.202.7:38594 - "POST /v1/completions HTTP/1.1" 200 OK
(EngineCore pid=125) INFO 08-12 14:12:00 [core.py:452] Iteration(982): 1 context requests, 1024 context tokens, 0 generation requests, 0 generation tokens, iteration elapsed time: 294.60 ms
(EngineCore pid=125) INFO 08-12 14:12:01 [core.py:452] Iteration(983): 1 context requests, 1024 context tokens, 0 generation requests, 0 generation tokens, iteration elapsed time: 160.69 ms
(EngineCore pid=125) INFO 08-12 14:12:01 [pool_scheduler.py:663] Reqid: cmpl-9579bc3b-c6e3-4874-bc9b-c7f17281e654-0-a9c4fa05, Total tokens 16384, kvpool hit tokens: 13312, need to load: 13312
(EngineCore pid=125) INFO 08-12 14:12:01 [pool_scheduler.py:683] KV pool load spec created req=cmpl-9579bc3b-c6e3-4874-bc9b-c7f17281e654-0-a9c4fa05 vllm_cached=0 kvpool_cached=13312 need_to_allocate=13312 load_async=False use_layerwise=False
(EngineCore pid=125) INFO 08-12 14:12:01 [core.py:452] Iteration(984): 1 context requests, 1024 context tokens, 0 generation requests, 0 generation tokens, iteration elapsed time: 163.91 ms
(APIServer pid=88) INFO:     10.250.202.7:38604 - "POST /v1/completions HTTP/1.1" 200 OK
(EngineCore pid=125) INFO 08-12 14:12:01 [core.py:452] Iteration(985): 1 context requests, 1024 context tokens, 0 generation requests, 0 generation tokens, iteration elapsed time: 285.66 ms
(EngineCore pid=125) INFO 08-12 14:12:01 [core.py:452] Iteration(986): 1 context requests, 1024 context tokens, 0 generation requests, 0 generation tokens, iteration elapsed time: 159.70 ms
(EngineCore pid=125) INFO 08-12 14:12:01 [pool_scheduler.py:663] Reqid: cmpl-5663d7cf-0685-462e-922d-d3a5aaed5ab3-0-845da55d, Total tokens 16384, kvpool hit tokens: 13312, need to load: 13312
(EngineCore pid=125) INFO 08-12 14:12:01 [pool_scheduler.py:683] KV pool load spec created req=cmpl-5663d7cf-0685-462e-922d-d3a5aaed5ab3-0-845da55d vllm_cached=0 kvpool_cached=13312 need_to_allocate=13312 load_async=False use_layerwise=False
(EngineCore pid=125) INFO 08-12 14:12:01 [core.py:452] Iteration(987): 1 context requests, 1024 context tokens, 0 generation requests, 0 generation tokens, iteration elapsed time: 158.63 ms
(APIServer pid=88) INFO:     10.250.202.7:38606 - "POST /v1/completions HTTP/1.1" 200 OK
(EngineCore pid=125) INFO 08-12 14:12:02 [core.py:452] Iteration(988): 1 context requests, 1024 context tokens, 0 generation requests, 0 generation tokens, iteration elapsed time: 292.61 ms
(EngineCore pid=125) INFO 08-12 14:12:02 [core.py:452] Iteration(989): 1 context requests, 1024 context tokens, 0 generation requests, 0 generation tokens, iteration elapsed time: 158.21 ms
(EngineCore pid=125) INFO 08-12 14:12:02 [pool_scheduler.py:663] Reqid: cmpl-01cf3c21-b343-402b-bd37-d71a07c93be3-0-a245762b, Total tokens 16384, kvpool hit tokens: 13312, need to load: 13312
(EngineCore pid=125) INFO 08-12 14:12:02 [pool_scheduler.py:683] KV pool load spec created req=cmpl-01cf3c21-b343-402b-bd37-d71a07c93be3-0-a245762b vllm_cached=0 kvpool_cached=13312 need_to_allocate=13312 load_async=False use_layerwise=False
(EngineCore pid=125) INFO 08-12 14:12:02 [core.py:452] Iteration(990): 1 context requests, 1024 context tokens, 0 generation requests, 0 generation tokens, iteration elapsed time: 161.43 ms
(APIServer pid=88) INFO:     10.250.202.7:38610 - "POST /v1/completions HTTP/1.1" 200 OK
(EngineCore pid=125) INFO 08-12 14:12:02 [core.py:452] Iteration(991): 1 context requests, 1024 context tokens, 0 generation requests, 0 generation tokens, iteration elapsed time: 281.78 ms
(EngineCore pid=125) INFO 08-12 14:12:02 [core.py:452] Iteration(992): 1 context requests, 1024 context tokens, 0 generation requests, 0 generation tokens, iteration elapsed time: 163.68 ms
(EngineCore pid=125) INFO 08-12 14:12:02 [pool_scheduler.py:663] Reqid: cmpl-5f12a7d8-5c41-490a-9fec-b05b2faf5132-0-acba39a6, Total tokens 16384, kvpool hit tokens: 13312, need to load: 13312
(EngineCore pid=125) INFO 08-12 14:12:02 [pool_scheduler.py:683] KV pool load spec created req=cmpl-5f12a7d8-5c41-490a-9fec-b05b2faf5132-0-acba39a6 vllm_cached=0 kvpool_cached=13312 need_to_allocate=13312 load_async=False use_layerwise=False
(APIServer pid=88) INFO:     192.168.200.27:35494 - "GET /v1/models HTTP/1.1" 200 OK
(EngineCore pid=125) INFO 08-12 14:12:03 [core.py:452] Iteration(993): 1 context requests, 1024 context tokens, 0 generation requests, 0 generation tokens, iteration elapsed time: 163.28 ms
(APIServer pid=88) INFO:     10.250.202.7:38626 - "POST /v1/completions HTTP/1.1" 200 OK
(EngineCore pid=125) INFO 08-12 14:12:03 [core.py:452] Iteration(994): 1 context requests, 1024 context tokens, 0 generation requests, 0 generation tokens, iteration elapsed time: 298.18 ms
(EngineCore pid=125) INFO 08-12 14:12:03 [core.py:452] Iteration(995): 1 context requests, 1024 context tokens, 0 generation requests, 0 generation tokens, iteration elapsed time: 167.93 ms
(EngineCore pid=125) INFO 08-12 14:12:03 [pool_scheduler.py:663] Reqid: cmpl-264e3dff-121c-4e0a-a353-7dbcbd722e7a-0-9c8bf907, Total tokens 16384, kvpool hit tokens: 13312, need to load: 13312
(EngineCore pid=125) INFO 08-12 14:12:03 [pool_scheduler.py:683] KV pool load spec created req=cmpl-264e3dff-121c-4e0a-a353-7dbcbd722e7a-0-9c8bf907 vllm_cached=0 kvpool_cached=13312 need_to_allocate=13312 load_async=False use_layerwise=False
(EngineCore pid=125) INFO 08-12 14:12:03 [core.py:452] Iteration(996): 1 context requests, 1024 context tokens, 0 generation requests, 0 generation tokens, iteration elapsed time: 162.25 ms
(APIServer pid=88) INFO:     10.250.202.7:38642 - "POST /v1/completions HTTP/1.1" 200 OK
(EngineCore pid=125) INFO 08-12 14:12:04 [core.py:452] Iteration(997): 1 context requests, 1024 context tokens, 0 generation requests, 0 generation tokens, iteration elapsed time: 293.68 ms
(EngineCore pid=125) INFO 08-12 14:12:04 [core.py:452] Iteration(998): 1 context requests, 1024 context tokens, 0 generation requests, 0 generation tokens, iteration elapsed time: 164.09 ms
(EngineCore pid=125) INFO 08-12 14:12:04 [pool_scheduler.py:663] Reqid: cmpl-087090d3-32cd-45e9-bd4e-ad3fbe6ef602-0-863de8bf, Total tokens 16384, kvpool hit tokens: 13312, need to load: 13312
(EngineCore pid=125) INFO 08-12 14:12:04 [pool_scheduler.py:683] KV pool load spec created req=cmpl-087090d3-32cd-45e9-bd4e-ad3fbe6ef602-0-863de8bf vllm_cached=0 kvpool_cached=13312 need_to_allocate=13312 load_async=False use_layerwise=False
(EngineCore pid=125) INFO 08-12 14:12:04 [core.py:452] Iteration(999): 1 context requests, 1024 context tokens, 0 generation requests, 0 generation tokens, iteration elapsed time: 158.62 ms
(APIServer pid=88) INFO:     10.250.202.7:38652 - "POST /v1/completions HTTP/1.1" 200 OK
(EngineCore pid=125) INFO 08-12 14:12:04 [core.py:452] Iteration(1000): 1 context requests, 1024 context tokens, 0 generation requests, 0 generation tokens, iteration elapsed time: 275.47 ms
(EngineCore pid=125) INFO 08-12 14:12:04 [core.py:452] Iteration(1001): 1 context requests, 1024 context tokens, 0 generation requests, 0 generation tokens, iteration elapsed time: 166.19 ms
(EngineCore pid=125) INFO 08-12 14:12:04 [pool_scheduler.py:663] Reqid: cmpl-70112713-1767-4903-9a19-08330b070f07-0-ac978558, Total tokens 16384, kvpool hit tokens: 13312, need to load: 13312
(EngineCore pid=125) INFO 08-12 14:12:04 [pool_scheduler.py:683] KV pool load spec created req=cmpl-70112713-1767-4903-9a19-08330b070f07-0-ac978558 vllm_cached=0 kvpool_cached=13312 need_to_allocate=13312 load_async=False use_layerwise=False
(EngineCore pid=125) INFO 08-12 14:12:05 [core.py:452] Iteration(1002): 1 context requests, 1024 context tokens, 0 generation requests, 0 generation tokens, iteration elapsed time: 171.81 ms
(APIServer pid=88) INFO:     10.250.202.7:38584 - "POST /v1/completions HTTP/1.1" 200 OK
(EngineCore pid=125) INFO 08-12 14:12:05 [core.py:452] Iteration(1003): 1 context requests, 1024 context tokens, 0 generation requests, 0 generation tokens, iteration elapsed time: 273.70 ms
(EngineCore pid=125) INFO 08-12 14:12:05 [core.py:452] Iteration(1004): 1 context requests, 1024 context tokens, 0 generation requests, 0 generation tokens, iteration elapsed time: 161.13 ms
(EngineCore pid=125) INFO 08-12 14:12:05 [pool_scheduler.py:663] Reqid: cmpl-5aa71ad0-415e-4d60-be57-0e5eedaf7854-0-93c5cea2, Total tokens 16384, kvpool hit tokens: 13312, need to load: 13312
(EngineCore pid=125) INFO 08-12 14:12:05 [pool_scheduler.py:683] KV pool load spec created req=cmpl-5aa71ad0-415e-4d60-be57-0e5eedaf7854-0-93c5cea2 vllm_cached=0 kvpool_cached=13312 need_to_allocate=13312 load_async=False use_layerwise=False
(APIServer pid=88) INFO 08-12 14:12:05 [loggers.py:273] Engine 000: Avg prompt throughput: 2764.6 tokens/s, Avg generation throughput: 0.9 tokens/s, Running: 1 reqs, Waiting: 6 reqs, GPU KV cache usage: 2.6%, Prefix cache hit rate: 0.0%, External prefix cache hit rate: 11.4%
(EngineCore pid=125) INFO 08-12 14:12:05 [core.py:452] Iteration(1005): 1 context requests, 1024 context tokens, 0 generation requests, 0 generation tokens, iteration elapsed time: 215.30 ms
(APIServer pid=88) INFO:     10.250.202.7:38594 - "POST /v1/completions HTTP/1.1" 200 OK
(EngineCore pid=125) INFO 08-12 14:12:05 [core.py:452] Iteration(1006): 1 context requests, 1024 context tokens, 0 generation requests, 0 generation tokens, iteration elapsed time: 284.49 ms
(EngineCore pid=125) INFO 08-12 14:12:06 [core.py:452] Iteration(1007): 1 context requests, 1024 context tokens, 0 generation requests, 0 generation tokens, iteration elapsed time: 169.01 ms
(EngineCore pid=125) INFO 08-12 14:12:06 [pool_scheduler.py:663] Reqid: cmpl-eabe0907-d3af-46b7-93e6-5526659122b1-0-bcdc649c, Total tokens 16384, kvpool hit tokens: 13312, need to load: 13312
(EngineCore pid=125) INFO 08-12 14:12:06 [pool_scheduler.py:683] KV pool load spec created req=cmpl-eabe0907-d3af-46b7-93e6-5526659122b1-0-bcdc649c vllm_cached=0 kvpool_cached=13312 need_to_allocate=13312 load_async=False use_layerwise=False
(EngineCore pid=125) INFO 08-12 14:12:06 [core.py:452] Iteration(1008): 1 context requests, 1024 context tokens, 0 generation requests, 0 generation tokens, iteration elapsed time: 162.22 ms
(APIServer pid=88) INFO:     10.250.202.7:38604 - "POST /v1/completions HTTP/1.1" 200 OK
(EngineCore pid=125) INFO 08-12 14:12:06 [core.py:452] Iteration(1009): 1 context requests, 1024 context tokens, 0 generation requests, 0 generation tokens, iteration elapsed time: 282.45 ms
(EngineCore pid=125) INFO 08-12 14:12:06 [core.py:452] Iteration(1010): 1 context requests, 1024 context tokens, 0 generation requests, 0 generation tokens, iteration elapsed time: 164.86 ms
(EngineCore pid=125) INFO 08-12 14:12:06 [pool_scheduler.py:663] Reqid: cmpl-dd6531d7-8e87-47a8-bf01-50d244c42b8d-0-a3968797, Total tokens 16384, kvpool hit tokens: 13312, need to load: 13312
(EngineCore pid=125) INFO 08-12 14:12:06 [pool_scheduler.py:683] KV pool load spec created req=cmpl-dd6531d7-8e87-47a8-bf01-50d244c42b8d-0-a3968797 vllm_cached=0 kvpool_cached=13312 need_to_allocate=13312 load_async=False use_layerwise=False
(EngineCore pid=125) INFO 08-12 14:12:06 [core.py:452] Iteration(1011): 1 context requests, 1024 context tokens, 0 generation requests, 0 generation tokens, iteration elapsed time: 158.54 ms
(APIServer pid=88) INFO:     10.250.202.7:38606 - "POST /v1/completions HTTP/1.1" 200 OK
(EngineCore pid=125) INFO 08-12 14:12:07 [core.py:452] Iteration(1012): 1 context requests, 1024 context tokens, 0 generation requests, 0 generation tokens, iteration elapsed time: 285.02 ms
(EngineCore pid=125) INFO 08-12 14:12:07 [core.py:452] Iteration(1013): 1 context requests, 1024 context tokens, 0 generation requests, 0 generation tokens, iteration elapsed time: 167.75 ms
(EngineCore pid=125) INFO 08-12 14:12:07 [pool_scheduler.py:663] Reqid: cmpl-5de26418-160a-48ab-96a0-427dd96dd654-0-831ecaa1, Total tokens 16384, kvpool hit tokens: 13312, need to load: 13312
(EngineCore pid=125) INFO 08-12 14:12:07 [pool_scheduler.py:683] KV pool load spec created req=cmpl-5de26418-160a-48ab-96a0-427dd96dd654-0-831ecaa1 vllm_cached=0 kvpool_cached=13312 need_to_allocate=13312 load_async=False use_layerwise=False
(EngineCore pid=125) INFO 08-12 14:12:07 [core.py:452] Iteration(1014): 1 context requests, 1024 context tokens, 0 generation requests, 0 generation tokens, iteration elapsed time: 173.66 ms
(APIServer pid=88) INFO:     10.250.202.7:38610 - "POST /v1/completions HTTP/1.1" 200 OK
(EngineCore pid=125) INFO 08-12 14:12:07 [core.py:452] Iteration(1015): 1 context requests, 1024 context tokens, 0 generation requests, 0 generation tokens, iteration elapsed time: 286.25 ms
(EngineCore pid=125) INFO 08-12 14:12:08 [core.py:452] Iteration(1016): 1 context requests, 1024 context tokens, 0 generation requests, 0 generation tokens, iteration elapsed time: 163.76 ms
(EngineCore pid=125) INFO 08-12 14:12:08 [pool_scheduler.py:663] Reqid: cmpl-af3d26d4-b426-42d6-b00a-846854df75be-0-9e2eff36, Total tokens 16384, kvpool hit tokens: 13312, need to load: 13312
(EngineCore pid=125) INFO 08-12 14:12:08 [pool_scheduler.py:683] KV pool load spec created req=cmpl-af3d26d4-b426-42d6-b00a-846854df75be-0-9e2eff36 vllm_cached=0 kvpool_cached=13312 need_to_allocate=13312 load_async=False use_layerwise=False
(APIServer pid=88) INFO:     192.168.200.27:43484 - "GET /v1/models HTTP/1.1" 200 OK
(EngineCore pid=125) INFO 08-12 14:12:08 [core.py:452] Iteration(1017): 1 context requests, 1024 context tokens, 0 generation requests, 0 generation tokens, iteration elapsed time: 159.48 ms
(APIServer pid=88) INFO:     10.250.202.7:38626 - "POST /v1/completions HTTP/1.1" 200 OK
(EngineCore pid=125) INFO 08-12 14:12:08 [core.py:452] Iteration(1018): 1 context requests, 1024 context tokens, 0 generation requests, 0 generation tokens, iteration elapsed time: 270.98 ms
(EngineCore pid=125) INFO 08-12 14:12:08 [core.py:452] Iteration(1019): 1 context requests, 1024 context tokens, 0 generation requests, 0 generation tokens, iteration elapsed time: 163.33 ms
(EngineCore pid=125) INFO 08-12 14:12:08 [pool_scheduler.py:663] Reqid: cmpl-9a4e0b6c-7f35-4609-b757-6c33fd69eb39-0-ad5fc058, Total tokens 16384, kvpool hit tokens: 13312, need to load: 13312
(EngineCore pid=125) INFO 08-12 14:12:08 [pool_scheduler.py:683] KV pool load spec created req=cmpl-9a4e0b6c-7f35-4609-b757-6c33fd69eb39-0-ad5fc058 vllm_cached=0 kvpool_cached=13312 need_to_allocate=13312 load_async=False use_layerwise=False
(EngineCore pid=125) INFO 08-12 14:12:08 [core.py:452] Iteration(1020): 1 context requests, 1024 context tokens, 0 generation requests, 0 generation tokens, iteration elapsed time: 164.57 ms
(APIServer pid=88) INFO:     10.250.202.7:38642 - "POST /v1/completions HTTP/1.1" 200 OK
(EngineCore pid=125) INFO 08-12 14:12:09 [core.py:452] Iteration(1021): 1 context requests, 1024 context tokens, 0 generation requests, 0 generation tokens, iteration elapsed time: 268.06 ms
(EngineCore pid=125) INFO 08-12 14:12:09 [core.py:452] Iteration(1022): 1 context requests, 1024 context tokens, 0 generation requests, 0 generation tokens, iteration elapsed time: 162.26 ms
(EngineCore pid=125) INFO 08-12 14:12:09 [pool_scheduler.py:663] Reqid: cmpl-2fc530e3-8f51-48fa-8c18-1ae193a2fb60-0-9fadbbfa, Total tokens 16384, kvpool hit tokens: 13312, need to load: 13312
(EngineCore pid=125) INFO 08-12 14:12:09 [pool_scheduler.py:683] KV pool load spec created req=cmpl-2fc530e3-8f51-48fa-8c18-1ae193a2fb60-0-9fadbbfa vllm_cached=0 kvpool_cached=13312 need_to_allocate=13312 load_async=False use_layerwise=False
(EngineCore pid=125) INFO 08-12 14:12:09 [core.py:452] Iteration(1023): 1 context requests, 1024 context tokens, 0 generation requests, 0 generation tokens, iteration elapsed time: 157.38 ms
(APIServer pid=88) INFO:     10.250.202.7:38652 - "POST /v1/completions HTTP/1.1" 200 OK
(EngineCore pid=125) INFO 08-12 14:12:09 [core.py:452] Iteration(1024): 1 context requests, 1024 context tokens, 0 generation requests, 0 generation tokens, iteration elapsed time: 286.26 ms
(EngineCore pid=125) INFO 08-12 14:12:09 [core.py:452] Iteration(1025): 1 context requests, 1024 context tokens, 0 generation requests, 0 generation tokens, iteration elapsed time: 161.83 ms
(EngineCore pid=125) INFO 08-12 14:12:09 [pool_scheduler.py:663] Reqid: cmpl-2be54ad7-01d8-4abc-8c57-369db1e0fc4f-0-88ad7e67, Total tokens 16384, kvpool hit tokens: 13312, need to load: 13312
(EngineCore pid=125) INFO 08-12 14:12:09 [pool_scheduler.py:683] KV pool load spec created req=cmpl-2be54ad7-01d8-4abc-8c57-369db1e0fc4f-0-88ad7e67 vllm_cached=0 kvpool_cached=13312 need_to_allocate=13312 load_async=False use_layerwise=False
(EngineCore pid=125) INFO 08-12 14:12:10 [core.py:452] Iteration(1026): 1 context requests, 1024 context tokens, 0 generation requests, 0 generation tokens, iteration elapsed time: 159.58 ms
(APIServer pid=88) INFO:     10.250.202.7:38584 - "POST /v1/completions HTTP/1.1" 200 OK
(EngineCore pid=125) INFO 08-12 14:12:10 [core.py:452] Iteration(1027): 1 context requests, 1024 context tokens, 0 generation requests, 0 generation tokens, iteration elapsed time: 292.18 ms
(EngineCore pid=125) INFO 08-12 14:12:10 [core.py:452] Iteration(1028): 1 context requests, 1024 context tokens, 0 generation requests, 0 generation tokens, iteration elapsed time: 163.25 ms
(EngineCore pid=125) INFO 08-12 14:12:10 [pool_scheduler.py:663] Reqid: cmpl-9a785608-1bf3-4a1a-aab7-a57bbe517568-0-87fd48d6, Total tokens 16384, kvpool hit tokens: 13312, need to load: 13312
(EngineCore pid=125) INFO 08-12 14:12:10 [pool_scheduler.py:683] KV pool load spec created req=cmpl-9a785608-1bf3-4a1a-aab7-a57bbe517568-0-87fd48d6 vllm_cached=0 kvpool_cached=13312 need_to_allocate=13312 load_async=False use_layerwise=False
(EngineCore pid=125) INFO 08-12 14:12:10 [core.py:452] Iteration(1029): 1 context requests, 1024 context tokens, 0 generation requests, 0 generation tokens, iteration elapsed time: 163.80 ms
(APIServer pid=88) INFO:     10.250.202.7:38594 - "POST /v1/completions HTTP/1.1" 200 OK
(EngineCore pid=125) INFO 08-12 14:12:10 [core.py:452] Iteration(1030): 1 context requests, 1024 context tokens, 0 generation requests, 0 generation tokens, iteration elapsed time: 287.43 ms
(EngineCore pid=125) INFO 08-12 14:12:11 [core.py:452] Iteration(1031): 1 context requests, 1024 context tokens, 0 generation requests, 0 generation tokens, iteration elapsed time: 166.21 ms
(EngineCore pid=125) INFO 08-12 14:12:11 [pool_scheduler.py:663] Reqid: cmpl-b2d451ec-087e-4bf6-92d4-67557e25eece-0-a1ed9281, Total tokens 16384, kvpool hit tokens: 13312, need to load: 13312
(EngineCore pid=125) INFO 08-12 14:12:11 [pool_scheduler.py:683] KV pool load spec created req=cmpl-b2d451ec-087e-4bf6-92d4-67557e25eece-0-a1ed9281 vllm_cached=0 kvpool_cached=13312 need_to_allocate=13312 load_async=False use_layerwise=False
(EngineCore pid=125) INFO 08-12 14:12:11 [core.py:452] Iteration(1032): 1 context requests, 1024 context tokens, 0 generation requests, 0 generation tokens, iteration elapsed time: 164.37 ms
(APIServer pid=88) INFO:     10.250.202.7:38604 - "POST /v1/completions HTTP/1.1" 200 OK
(EngineCore pid=125) INFO 08-12 14:12:11 [core.py:452] Iteration(1033): 1 context requests, 1024 context tokens, 0 generation requests, 0 generation tokens, iteration elapsed time: 295.96 ms
(EngineCore pid=125) INFO 08-12 14:12:11 [core.py:452] Iteration(1034): 1 context requests, 1024 context tokens, 0 generation requests, 0 generation tokens, iteration elapsed time: 160.90 ms
(EngineCore pid=125) INFO 08-12 14:12:11 [pool_scheduler.py:663] Reqid: cmpl-e08c97d5-16b8-4b31-85e7-5efb8f906120-0-9cb51979, Total tokens 16384, kvpool hit tokens: 13312, need to load: 13312
(EngineCore pid=125) INFO 08-12 14:12:11 [pool_scheduler.py:683] KV pool load spec created req=cmpl-e08c97d5-16b8-4b31-85e7-5efb8f906120-0-9cb51979 vllm_cached=0 kvpool_cached=13312 need_to_allocate=13312 load_async=False use_layerwise=False
(EngineCore pid=125) INFO 08-12 14:12:11 [core.py:452] Iteration(1035): 1 context requests, 1024 context tokens, 0 generation requests, 0 generation tokens, iteration elapsed time: 158.71 ms
(APIServer pid=88) INFO:     10.250.202.7:38606 - "POST /v1/completions HTTP/1.1" 200 OK
(EngineCore pid=125) INFO 08-12 14:12:12 [core.py:452] Iteration(1036): 1 context requests, 1024 context tokens, 0 generation requests, 0 generation tokens, iteration elapsed time: 293.44 ms
(EngineCore pid=125) INFO 08-12 14:12:12 [core.py:452] Iteration(1037): 1 context requests, 1024 context tokens, 0 generation requests, 0 generation tokens, iteration elapsed time: 165.14 ms
(EngineCore pid=125) INFO 08-12 14:12:12 [pool_scheduler.py:663] Reqid: cmpl-cdd3709e-cf40-47e6-87f4-c5e6ebceb985-0-ad6303bc, Total tokens 16384, kvpool hit tokens: 13312, need to load: 13312
(EngineCore pid=125) INFO 08-12 14:12:12 [pool_scheduler.py:683] KV pool load spec created req=cmpl-cdd3709e-cf40-47e6-87f4-c5e6ebceb985-0-ad6303bc vllm_cached=0 kvpool_cached=13312 need_to_allocate=13312 load_async=False use_layerwise=False
(EngineCore pid=125) INFO 08-12 14:12:12 [core.py:452] Iteration(1038): 1 context requests, 1024 context tokens, 0 generation requests, 0 generation tokens, iteration elapsed time: 164.45 ms
(APIServer pid=88) INFO:     10.250.202.7:38610 - "POST /v1/completions HTTP/1.1" 200 OK
(EngineCore pid=125) INFO 08-12 14:12:12 [core.py:452] Iteration(1039): 1 context requests, 1024 context tokens, 0 generation requests, 0 generation tokens, iteration elapsed time: 297.75 ms
(EngineCore pid=125) INFO 08-12 14:12:13 [core.py:452] Iteration(1040): 1 context requests, 1024 context tokens, 0 generation requests, 0 generation tokens, iteration elapsed time: 160.11 ms
(EngineCore pid=125) INFO 08-12 14:12:13 [pool_scheduler.py:663] Reqid: cmpl-6e6f57fa-e874-46b9-b789-b8a9d1da39f3-0-92402f13, Total tokens 16384, kvpool hit tokens: 13312, need to load: 13312
(EngineCore pid=125) INFO 08-12 14:12:13 [pool_scheduler.py:683] KV pool load spec created req=cmpl-6e6f57fa-e874-46b9-b789-b8a9d1da39f3-0-92402f13 vllm_cached=0 kvpool_cached=13312 need_to_allocate=13312 load_async=False use_layerwise=False
(APIServer pid=88) INFO:     192.168.200.27:43488 - "GET /v1/models HTTP/1.1" 200 OK
(EngineCore pid=125) INFO 08-12 14:12:13 [core.py:452] Iteration(1041): 1 context requests, 1024 context tokens, 0 generation requests, 0 generation tokens, iteration elapsed time: 160.89 ms
(APIServer pid=88) INFO:     10.250.202.7:38626 - "POST /v1/completions HTTP/1.1" 200 OK
(EngineCore pid=125) INFO 08-12 14:12:13 [core.py:452] Iteration(1042): 1 context requests, 1024 context tokens, 0 generation requests, 0 generation tokens, iteration elapsed time: 276.94 ms
(EngineCore pid=125) INFO 08-12 14:12:13 [core.py:452] Iteration(1043): 1 context requests, 1024 context tokens, 0 generation requests, 0 generation tokens, iteration elapsed time: 163.89 ms
(EngineCore pid=125) INFO 08-12 14:12:13 [pool_scheduler.py:663] Reqid: cmpl-2c888553-b09f-4020-8c6e-fd11e80968be-0-ab4de094, Total tokens 16384, kvpool hit tokens: 13312, need to load: 13312
(EngineCore pid=125) INFO 08-12 14:12:13 [pool_scheduler.py:683] KV pool load spec created req=cmpl-2c888553-b09f-4020-8c6e-fd11e80968be-0-ab4de094 vllm_cached=0 kvpool_cached=13312 need_to_allocate=13312 load_async=False use_layerwise=False
(EngineCore pid=125) INFO 08-12 14:12:13 [core.py:452] Iteration(1044): 1 context requests, 1024 context tokens, 0 generation requests, 0 generation tokens, iteration elapsed time: 160.45 ms
(APIServer pid=88) INFO:     10.250.202.7:38642 - "POST /v1/completions HTTP/1.1" 200 OK
(EngineCore pid=125) INFO 08-12 14:12:14 [core.py:452] Iteration(1045): 1 context requests, 1024 context tokens, 0 generation requests, 0 generation tokens, iteration elapsed time: 283.67 ms
(EngineCore pid=125) INFO 08-12 14:12:14 [core.py:452] Iteration(1046): 1 context requests, 1024 context tokens, 0 generation requests, 0 generation tokens, iteration elapsed time: 161.44 ms
(EngineCore pid=125) INFO 08-12 14:12:14 [pool_scheduler.py:663] Reqid: cmpl-28b86a5b-9949-4c17-b5cb-8cf3badfc65d-0-833d21fa, Total tokens 16384, kvpool hit tokens: 13312, need to load: 13312
(EngineCore pid=125) INFO 08-12 14:12:14 [pool_scheduler.py:683] KV pool load spec created req=cmpl-28b86a5b-9949-4c17-b5cb-8cf3badfc65d-0-833d21fa vllm_cached=0 kvpool_cached=13312 need_to_allocate=13312 load_async=False use_layerwise=False
(EngineCore pid=125) INFO 08-12 14:12:14 [core.py:452] Iteration(1047): 1 context requests, 1024 context tokens, 0 generation requests, 0 generation tokens, iteration elapsed time: 204.09 ms
(APIServer pid=88) INFO:     10.250.202.7:38652 - "POST /v1/completions HTTP/1.1" 200 OK
(EngineCore pid=125) INFO 08-12 14:12:14 [core.py:452] Iteration(1048): 1 context requests, 1024 context tokens, 0 generation requests, 0 generation tokens, iteration elapsed time: 292.45 ms
(EngineCore pid=125) INFO 08-12 14:12:14 [core.py:452] Iteration(1049): 1 context requests, 1024 context tokens, 0 generation requests, 0 generation tokens, iteration elapsed time: 166.68 ms
(EngineCore pid=125) INFO 08-12 14:12:14 [pool_scheduler.py:663] Reqid: cmpl-e5c6b23b-14d4-4c1a-992f-3e04724a5efc-0-8428f80c, Total tokens 16384, kvpool hit tokens: 13312, need to load: 13312
(EngineCore pid=125) INFO 08-12 14:12:14 [pool_scheduler.py:683] KV pool load spec created req=cmpl-e5c6b23b-14d4-4c1a-992f-3e04724a5efc-0-8428f80c vllm_cached=0 kvpool_cached=13312 need_to_allocate=13312 load_async=False use_layerwise=False
(EngineCore pid=125) INFO 08-12 14:12:15 [core.py:452] Iteration(1050): 1 context requests, 1024 context tokens, 0 generation requests, 0 generation tokens, iteration elapsed time: 159.99 ms
(APIServer pid=88) INFO:     10.250.202.7:38584 - "POST /v1/completions HTTP/1.1" 200 OK
(EngineCore pid=125) INFO 08-12 14:12:15 [core.py:452] Iteration(1051): 1 context requests, 1024 context tokens, 0 generation requests, 0 generation tokens, iteration elapsed time: 284.19 ms
(EngineCore pid=125) INFO 08-12 14:12:15 [core.py:452] Iteration(1052): 1 context requests, 1024 context tokens, 0 generation requests, 0 generation tokens, iteration elapsed time: 170.80 ms
(EngineCore pid=125) INFO 08-12 14:12:15 [pool_scheduler.py:663] Reqid: cmpl-5d2a4498-9790-427c-b186-292da3716369-0-b7e1b8f3, Total tokens 16384, kvpool hit tokens: 13312, need to load: 13312
(EngineCore pid=125) INFO 08-12 14:12:15 [pool_scheduler.py:683] KV pool load spec created req=cmpl-5d2a4498-9790-427c-b186-292da3716369-0-b7e1b8f3 vllm_cached=0 kvpool_cached=13312 need_to_allocate=13312 load_async=False use_layerwise=False
(APIServer pid=88) INFO 08-12 14:12:15 [loggers.py:273] Engine 000: Avg prompt throughput: 4913.9 tokens/s, Avg generation throughput: 1.6 tokens/s, Running: 1 reqs, Waiting: 6 reqs, GPU KV cache usage: 2.6%, Prefix cache hit rate: 0.0%, External prefix cache hit rate: 24.3%
(EngineCore pid=125) INFO 08-12 14:12:15 [core.py:452] Iteration(1053): 1 context requests, 1024 context tokens, 0 generation requests, 0 generation tokens, iteration elapsed time: 155.97 ms
(APIServer pid=88) INFO:     10.250.202.7:38594 - "POST /v1/completions HTTP/1.1" 200 OK
(EngineCore pid=125) INFO 08-12 14:12:16 [core.py:452] Iteration(1054): 1 context requests, 1024 context tokens, 0 generation requests, 0 generation tokens, iteration elapsed time: 308.27 ms
(EngineCore pid=125) INFO 08-12 14:12:16 [core.py:452] Iteration(1055): 1 context requests, 1024 context tokens, 0 generation requests, 0 generation tokens, iteration elapsed time: 165.81 ms
(EngineCore pid=125) INFO 08-12 14:12:16 [pool_scheduler.py:663] Reqid: cmpl-436b8f8f-7ac2-4a03-97ca-052091cae5b8-0-b08742fb, Total tokens 16384, kvpool hit tokens: 13312, need to load: 13312
(EngineCore pid=125) INFO 08-12 14:12:16 [pool_scheduler.py:683] KV pool load spec created req=cmpl-436b8f8f-7ac2-4a03-97ca-052091cae5b8-0-b08742fb vllm_cached=0 kvpool_cached=13312 need_to_allocate=13312 load_async=False use_layerwise=False
(EngineCore pid=125) INFO 08-12 14:12:16 [core.py:452] Iteration(1056): 1 context requests, 1024 context tokens, 0 generation requests, 0 generation tokens, iteration elapsed time: 155.56 ms
(APIServer pid=88) INFO:     10.250.202.7:38604 - "POST /v1/completions HTTP/1.1" 200 OK
(EngineCore pid=125) INFO 08-12 14:12:16 [core.py:452] Iteration(1057): 1 context requests, 1024 context tokens, 0 generation requests, 0 generation tokens, iteration elapsed time: 328.19 ms
(EngineCore pid=125) INFO 08-12 14:12:16 [core.py:452] Iteration(1058): 1 context requests, 1024 context tokens, 0 generation requests, 0 generation tokens, iteration elapsed time: 162.27 ms
(EngineCore pid=125) INFO 08-12 14:12:16 [pool_scheduler.py:663] Reqid: cmpl-1a77142a-8282-4d36-b9ab-641071d2668e-0-bf6877b9, Total tokens 16384, kvpool hit tokens: 13312, need to load: 13312
(EngineCore pid=125) INFO 08-12 14:12:16 [pool_scheduler.py:683] KV pool load spec created req=cmpl-1a77142a-8282-4d36-b9ab-641071d2668e-0-bf6877b9 vllm_cached=0 kvpool_cached=13312 need_to_allocate=13312 load_async=False use_layerwise=False
(EngineCore pid=125) INFO 08-12 14:12:17 [core.py:452] Iteration(1059): 1 context requests, 1024 context tokens, 0 generation requests, 0 generation tokens, iteration elapsed time: 157.57 ms
(APIServer pid=88) INFO:     10.250.202.7:38606 - "POST /v1/completions HTTP/1.1" 200 OK
(EngineCore pid=125) INFO 08-12 14:12:17 [core.py:452] Iteration(1060): 1 context requests, 1024 context tokens, 0 generation requests, 0 generation tokens, iteration elapsed time: 273.76 ms
(EngineCore pid=125) INFO 08-12 14:12:17 [core.py:452] Iteration(1061): 1 context requests, 1024 context tokens, 0 generation requests, 0 generation tokens, iteration elapsed time: 168.96 ms
(EngineCore pid=125) INFO 08-12 14:12:17 [pool_scheduler.py:663] Reqid: cmpl-0ca6c8ed-7270-4e60-824a-21dfb545962c-0-a9d6ec22, Total tokens 16384, kvpool hit tokens: 13312, need to load: 13312
(EngineCore pid=125) INFO 08-12 14:12:17 [pool_scheduler.py:683] KV pool load spec created req=cmpl-0ca6c8ed-7270-4e60-824a-21dfb545962c-0-a9d6ec22 vllm_cached=0 kvpool_cached=13312 need_to_allocate=13312 load_async=False use_layerwise=False
(EngineCore pid=125) INFO 08-12 14:12:17 [core.py:452] Iteration(1062): 1 context requests, 1024 context tokens, 0 generation requests, 0 generation tokens, iteration elapsed time: 157.79 ms
(APIServer pid=88) INFO:     10.250.202.7:38610 - "POST /v1/completions HTTP/1.1" 200 OK
(EngineCore pid=125) INFO 08-12 14:12:17 [core.py:452] Iteration(1063): 1 context requests, 1024 context tokens, 0 generation requests, 0 generation tokens, iteration elapsed time: 296.47 ms
(APIServer pid=88) INFO:     192.168.200.27:47244 - "GET /v1/models HTTP/1.1" 200 OK
(EngineCore pid=125) INFO 08-12 14:12:18 [core.py:452] Iteration(1064): 1 context requests, 1024 context tokens, 0 generation requests, 0 generation tokens, iteration elapsed time: 168.78 ms
(EngineCore pid=125) INFO 08-12 14:12:18 [pool_scheduler.py:663] Reqid: cmpl-c39a5c68-a074-48de-b5a6-233d36bd76a4-0-b7089361, Total tokens 16384, kvpool hit tokens: 13312, need to load: 13312
(EngineCore pid=125) INFO 08-12 14:12:18 [pool_scheduler.py:683] KV pool load spec created req=cmpl-c39a5c68-a074-48de-b5a6-233d36bd76a4-0-b7089361 vllm_cached=0 kvpool_cached=13312 need_to_allocate=13312 load_async=False use_layerwise=False
(EngineCore pid=125) INFO 08-12 14:12:18 [core.py:452] Iteration(1065): 1 context requests, 1024 context tokens, 0 generation requests, 0 generation tokens, iteration elapsed time: 160.49 ms
(APIServer pid=88) INFO:     10.250.202.7:38626 - "POST /v1/completions HTTP/1.1" 200 OK
(EngineCore pid=125) INFO 08-12 14:12:18 [core.py:452] Iteration(1066): 1 context requests, 1024 context tokens, 0 generation requests, 0 generation tokens, iteration elapsed time: 282.62 ms
(EngineCore pid=125) INFO 08-12 14:12:18 [core.py:452] Iteration(1067): 1 context requests, 1024 context tokens, 0 generation requests, 0 generation tokens, iteration elapsed time: 162.15 ms
(EngineCore pid=125) INFO 08-12 14:12:18 [pool_scheduler.py:663] Reqid: cmpl-a9d3fa88-d0bd-46e4-ad53-5d5f3505dec4-0-9af86739, Total tokens 16384, kvpool hit tokens: 13312, need to load: 13312
(EngineCore pid=125) INFO 08-12 14:12:18 [pool_scheduler.py:683] KV pool load spec created req=cmpl-a9d3fa88-d0bd-46e4-ad53-5d5f3505dec4-0-9af86739 vllm_cached=0 kvpool_cached=13312 need_to_allocate=13312 load_async=False use_layerwise=False
(EngineCore pid=125) INFO 08-12 14:12:18 [core.py:452] Iteration(1068): 1 context requests, 1024 context tokens, 0 generation requests, 0 generation tokens, iteration elapsed time: 161.17 ms
(APIServer pid=88) INFO:     10.250.202.7:38642 - "POST /v1/completions HTTP/1.1" 200 OK
(EngineCore pid=125) INFO 08-12 14:12:19 [core.py:452] Iteration(1069): 1 context requests, 1024 context tokens, 0 generation requests, 0 generation tokens, iteration elapsed time: 294.37 ms
(EngineCore pid=125) INFO 08-12 14:12:19 [core.py:452] Iteration(1070): 1 context requests, 1024 context tokens, 0 generation requests, 0 generation tokens, iteration elapsed time: 163.70 ms
(EngineCore pid=125) INFO 08-12 14:12:19 [pool_scheduler.py:663] Reqid: cmpl-8d72b76f-8f76-4897-8772-24eb402c38a8-0-907d0907, Total tokens 16384, kvpool hit tokens: 13312, need to load: 13312
(EngineCore pid=125) INFO 08-12 14:12:19 [pool_scheduler.py:683] KV pool load spec created req=cmpl-8d72b76f-8f76-4897-8772-24eb402c38a8-0-907d0907 vllm_cached=0 kvpool_cached=13312 need_to_allocate=13312 load_async=False use_layerwise=False
(EngineCore pid=125) INFO 08-12 14:12:19 [core.py:452] Iteration(1071): 1 context requests, 1024 context tokens, 0 generation requests, 0 generation tokens, iteration elapsed time: 165.29 ms
(APIServer pid=88) INFO:     10.250.202.7:38652 - "POST /v1/completions HTTP/1.1" 200 OK
(EngineCore pid=125) INFO 08-12 14:12:19 [core.py:452] Iteration(1072): 1 context requests, 1024 context tokens, 0 generation requests, 0 generation tokens, iteration elapsed time: 310.41 ms
(EngineCore pid=125) INFO 08-12 14:12:19 [core.py:452] Iteration(1073): 1 context requests, 1024 context tokens, 0 generation requests, 0 generation tokens, iteration elapsed time: 163.18 ms
(EngineCore pid=125) INFO 08-12 14:12:19 [pool_scheduler.py:663] Reqid: cmpl-c71e1d6d-7c5d-4140-8efc-c10b8f7400ef-0-bc6ee453, Total tokens 16384, kvpool hit tokens: 13312, need to load: 13312
(EngineCore pid=125) INFO 08-12 14:12:19 [pool_scheduler.py:683] KV pool load spec created req=cmpl-c71e1d6d-7c5d-4140-8efc-c10b8f7400ef-0-bc6ee453 vllm_cached=0 kvpool_cached=13312 need_to_allocate=13312 load_async=False use_layerwise=False
(EngineCore pid=125) INFO 08-12 14:12:20 [core.py:452] Iteration(1074): 1 context requests, 1024 context tokens, 0 generation requests, 0 generation tokens, iteration elapsed time: 166.34 ms
(APIServer pid=88) INFO:     10.250.202.7:38584 - "POST /v1/completions HTTP/1.1" 200 OK
(EngineCore pid=125) INFO 08-12 14:12:20 [core.py:452] Iteration(1075): 1 context requests, 1024 context tokens, 0 generation requests, 0 generation tokens, iteration elapsed time: 272.66 ms
(EngineCore pid=125) INFO 08-12 14:12:20 [core.py:452] Iteration(1076): 1 context requests, 1024 context tokens, 0 generation requests, 0 generation tokens, iteration elapsed time: 168.39 ms
(EngineCore pid=125) INFO 08-12 14:12:20 [pool_scheduler.py:663] Reqid: cmpl-43719521-e9ba-42dc-b419-1cf7f7e2412b-0-8ff5fe38, Total tokens 16384, kvpool hit tokens: 13312, need to load: 13312
(EngineCore pid=125) INFO 08-12 14:12:20 [pool_scheduler.py:683] KV pool load spec created req=cmpl-43719521-e9ba-42dc-b419-1cf7f7e2412b-0-8ff5fe38 vllm_cached=0 kvpool_cached=13312 need_to_allocate=13312 load_async=False use_layerwise=False
(EngineCore pid=125) INFO 08-12 14:12:20 [core.py:452] Iteration(1077): 1 context requests, 1024 context tokens, 0 generation requests, 0 generation tokens, iteration elapsed time: 159.13 ms
(APIServer pid=88) INFO:     10.250.202.7:38594 - "POST /v1/completions HTTP/1.1" 200 OK
(EngineCore pid=125) INFO 08-12 14:12:21 [core.py:452] Iteration(1078): 1 context requests, 1024 context tokens, 0 generation requests, 0 generation tokens, iteration elapsed time: 286.14 ms
(EngineCore pid=125) INFO 08-12 14:12:21 [core.py:452] Iteration(1079): 1 context requests, 1024 context tokens, 0 generation requests, 0 generation tokens, iteration elapsed time: 164.91 ms
(EngineCore pid=125) INFO 08-12 14:12:21 [pool_scheduler.py:663] Reqid: cmpl-69eb5e30-d7ec-4068-a693-8f0865a20755-0-ae600dad, Total tokens 16384, kvpool hit tokens: 13312, need to load: 13312
(EngineCore pid=125) INFO 08-12 14:12:21 [pool_scheduler.py:683] KV pool load spec created req=cmpl-69eb5e30-d7ec-4068-a693-8f0865a20755-0-ae600dad vllm_cached=0 kvpool_cached=13312 need_to_allocate=13312 load_async=False use_layerwise=False
(EngineCore pid=125) INFO 08-12 14:12:21 [core.py:452] Iteration(1080): 1 context requests, 1024 context tokens, 0 generation requests, 0 generation tokens, iteration elapsed time: 160.65 ms
(APIServer pid=88) INFO:     10.250.202.7:38604 - "POST /v1/completions HTTP/1.1" 200 OK
(EngineCore pid=125) INFO 08-12 14:12:21 [core.py:452] Iteration(1081): 1 context requests, 1024 context tokens, 0 generation requests, 0 generation tokens, iteration elapsed time: 280.19 ms
(EngineCore pid=125) INFO 08-12 14:12:21 [core.py:452] Iteration(1082): 1 context requests, 1024 context tokens, 0 generation requests, 0 generation tokens, iteration elapsed time: 162.84 ms
(EngineCore pid=125) INFO 08-12 14:12:21 [pool_scheduler.py:663] Reqid: cmpl-b55edd45-f3f1-4468-b2f5-3b4b4e32fd38-0-8eb60ca4, Total tokens 16384, kvpool hit tokens: 13312, need to load: 13312
(EngineCore pid=125) INFO 08-12 14:12:21 [pool_scheduler.py:683] KV pool load spec created req=cmpl-b55edd45-f3f1-4468-b2f5-3b4b4e32fd38-0-8eb60ca4 vllm_cached=0 kvpool_cached=13312 need_to_allocate=13312 load_async=False use_layerwise=False
(EngineCore pid=125) INFO 08-12 14:12:22 [core.py:452] Iteration(1083): 1 context requests, 1024 context tokens, 0 generation requests, 0 generation tokens, iteration elapsed time: 178.16 ms
(APIServer pid=88) INFO:     10.250.202.7:38606 - "POST /v1/completions HTTP/1.1" 200 OK
(EngineCore pid=125) INFO 08-12 14:12:22 [core.py:452] Iteration(1084): 1 context requests, 1024 context tokens, 0 generation requests, 0 generation tokens, iteration elapsed time: 309.06 ms
(EngineCore pid=125) INFO 08-12 14:12:22 [core.py:452] Iteration(1085): 1 context requests, 1024 context tokens, 0 generation requests, 0 generation tokens, iteration elapsed time: 164.54 ms
(EngineCore pid=125) INFO 08-12 14:12:22 [pool_scheduler.py:663] Reqid: cmpl-86c09c18-e8ba-4f52-8be0-2730bdebcaf3-0-996174b4, Total tokens 16384, kvpool hit tokens: 13312, need to load: 13312
(EngineCore pid=125) INFO 08-12 14:12:22 [pool_scheduler.py:683] KV pool load spec created req=cmpl-86c09c18-e8ba-4f52-8be0-2730bdebcaf3-0-996174b4 vllm_cached=0 kvpool_cached=13312 need_to_allocate=13312 load_async=False use_layerwise=False
(EngineCore pid=125) INFO 08-12 14:12:22 [core.py:452] Iteration(1086): 1 context requests, 1024 context tokens, 0 generation requests, 0 generation tokens, iteration elapsed time: 182.67 ms
(APIServer pid=88) INFO:     10.250.202.7:38610 - "POST /v1/completions HTTP/1.1" 200 OK
(EngineCore pid=125) INFO 08-12 14:12:22 [core.py:452] Iteration(1087): 1 context requests, 1024 context tokens, 0 generation requests, 0 generation tokens, iteration elapsed time: 299.70 ms
(APIServer pid=88) INFO:     192.168.200.27:47256 - "GET /v1/models HTTP/1.1" 200 OK
(EngineCore pid=125) INFO 08-12 14:12:23 [core.py:452] Iteration(1088): 1 context requests, 1024 context tokens, 0 generation requests, 0 generation tokens, iteration elapsed time: 163.26 ms
(EngineCore pid=125) INFO 08-12 14:12:23 [pool_scheduler.py:663] Reqid: cmpl-614803cf-3ca9-4161-9451-fbc485f4848b-0-b1ad9ade, Total tokens 16384, kvpool hit tokens: 13312, need to load: 13312
(EngineCore pid=125) INFO 08-12 14:12:23 [pool_scheduler.py:683] KV pool load spec created req=cmpl-614803cf-3ca9-4161-9451-fbc485f4848b-0-b1ad9ade vllm_cached=0 kvpool_cached=13312 need_to_allocate=13312 load_async=False use_layerwise=False
(EngineCore pid=125) INFO 08-12 14:12:23 [core.py:452] Iteration(1089): 1 context requests, 1024 context tokens, 0 generation requests, 0 generation tokens, iteration elapsed time: 155.39 ms
(APIServer pid=88) INFO:     10.250.202.7:38626 - "POST /v1/completions HTTP/1.1" 200 OK
(EngineCore pid=125) INFO 08-12 14:12:23 [core.py:452] Iteration(1090): 1 context requests, 1024 context tokens, 0 generation requests, 0 generation tokens, iteration elapsed time: 280.85 ms
(EngineCore pid=125) INFO 08-12 14:12:23 [core.py:452] Iteration(1091): 1 context requests, 1024 context tokens, 0 generation requests, 0 generation tokens, iteration elapsed time: 165.24 ms
(EngineCore pid=125) INFO 08-12 14:12:23 [pool_scheduler.py:663] Reqid: cmpl-0fa07bf9-9bda-4ecb-86d1-9f595d628d0c-0-ad39e1a0, Total tokens 16384, kvpool hit tokens: 13312, need to load: 13312
(EngineCore pid=125) INFO 08-12 14:12:23 [pool_scheduler.py:683] KV pool load spec created req=cmpl-0fa07bf9-9bda-4ecb-86d1-9f595d628d0c-0-ad39e1a0 vllm_cached=0 kvpool_cached=13312 need_to_allocate=13312 load_async=False use_layerwise=False
(EngineCore pid=125) INFO 08-12 14:12:23 [core.py:452] Iteration(1092): 1 context requests, 1024 context tokens, 0 generation requests, 0 generation tokens, iteration elapsed time: 170.11 ms
(APIServer pid=88) INFO:     10.250.202.7:38642 - "POST /v1/completions HTTP/1.1" 200 OK
(EngineCore pid=125) INFO 08-12 14:12:24 [core.py:452] Iteration(1093): 1 context requests, 1024 context tokens, 0 generation requests, 0 generation tokens, iteration elapsed time: 297.43 ms
(EngineCore pid=125) INFO 08-12 14:12:24 [core.py:452] Iteration(1094): 1 context requests, 1024 context tokens, 0 generation requests, 0 generation tokens, iteration elapsed time: 160.38 ms
(EngineCore pid=125) INFO 08-12 14:12:24 [pool_scheduler.py:663] Reqid: cmpl-38b2c7e1-496c-4c3b-944a-272afa08d107-0-9f808c05, Total tokens 16384, kvpool hit tokens: 13312, need to load: 13312
(EngineCore pid=125) INFO 08-12 14:12:24 [pool_scheduler.py:683] KV pool load spec created req=cmpl-38b2c7e1-496c-4c3b-944a-272afa08d107-0-9f808c05 vllm_cached=0 kvpool_cached=13312 need_to_allocate=13312 load_async=False use_layerwise=False
(EngineCore pid=125) INFO 08-12 14:12:24 [core.py:452] Iteration(1095): 1 context requests, 1024 context tokens, 0 generation requests, 0 generation tokens, iteration elapsed time: 165.48 ms
(APIServer pid=88) INFO:     10.250.202.7:38652 - "POST /v1/completions HTTP/1.1" 200 OK
(EngineCore pid=125) INFO 08-12 14:12:24 [core.py:452] Iteration(1096): 1 context requests, 1024 context tokens, 0 generation requests, 0 generation tokens, iteration elapsed time: 297.54 ms
(EngineCore pid=125) INFO 08-12 14:12:25 [core.py:452] Iteration(1097): 1 context requests, 1024 context tokens, 0 generation requests, 0 generation tokens, iteration elapsed time: 170.43 ms
(EngineCore pid=125) INFO 08-12 14:12:25 [pool_scheduler.py:663] Reqid: cmpl-29729625-c7d1-4bcd-812b-f4a04c9a2a0d-0-bb4966dc, Total tokens 16384, kvpool hit tokens: 13312, need to load: 13312
(EngineCore pid=125) INFO 08-12 14:12:25 [pool_scheduler.py:683] KV pool load spec created req=cmpl-29729625-c7d1-4bcd-812b-f4a04c9a2a0d-0-bb4966dc vllm_cached=0 kvpool_cached=13312 need_to_allocate=13312 load_async=False use_layerwise=False
(EngineCore pid=125) INFO 08-12 14:12:25 [core.py:452] Iteration(1098): 1 context requests, 1024 context tokens, 0 generation requests, 0 generation tokens, iteration elapsed time: 161.56 ms
(APIServer pid=88) INFO:     10.250.202.7:38584 - "POST /v1/completions HTTP/1.1" 200 OK
(EngineCore pid=125) INFO 08-12 14:12:25 [core.py:452] Iteration(1099): 1 context requests, 1024 context tokens, 0 generation requests, 0 generation tokens, iteration elapsed time: 286.81 ms
(APIServer pid=88) INFO 08-12 14:12:25 [loggers.py:273] Engine 000: Avg prompt throughput: 4914.7 tokens/s, Avg generation throughput: 1.6 tokens/s, Running: 1 reqs, Waiting: 6 reqs, GPU KV cache usage: 5.0%, Prefix cache hit rate: 0.0%, External prefix cache hit rate: 33.1%
(EngineCore pid=125) INFO 08-12 14:12:25 [core.py:452] Iteration(1100): 1 context requests, 1024 context tokens, 0 generation requests, 0 generation tokens, iteration elapsed time: 161.41 ms
(EngineCore pid=125) INFO 08-12 14:12:25 [pool_scheduler.py:663] Reqid: cmpl-d0831caf-a94b-47d0-b54a-655f73c0db41-0-96a3e623, Total tokens 16384, kvpool hit tokens: 13312, need to load: 13312
(EngineCore pid=125) INFO 08-12 14:12:25 [pool_scheduler.py:683] KV pool load spec created req=cmpl-d0831caf-a94b-47d0-b54a-655f73c0db41-0-96a3e623 vllm_cached=0 kvpool_cached=13312 need_to_allocate=13312 load_async=False use_layerwise=False
(EngineCore pid=125) INFO 08-12 14:12:25 [core.py:452] Iteration(1101): 1 context requests, 1024 context tokens, 0 generation requests, 0 generation tokens, iteration elapsed time: 155.92 ms
(APIServer pid=88) INFO:     10.250.202.7:38594 - "POST /v1/completions HTTP/1.1" 200 OK
(EngineCore pid=125) INFO 08-12 14:12:26 [core.py:452] Iteration(1102): 1 context requests, 1024 context tokens, 0 generation requests, 0 generation tokens, iteration elapsed time: 284.59 ms
(EngineCore pid=125) INFO 08-12 14:12:26 [core.py:452] Iteration(1103): 1 context requests, 1024 context tokens, 0 generation requests, 0 generation tokens, iteration elapsed time: 159.88 ms
(EngineCore pid=125) INFO 08-12 14:12:26 [pool_scheduler.py:663] Reqid: cmpl-13f7a3cd-8f61-4661-b59e-288f974aa375-0-9ec14055, Total tokens 16384, kvpool hit tokens: 13312, need to load: 13312
(EngineCore pid=125) INFO 08-12 14:12:26 [pool_scheduler.py:683] KV pool load spec created req=cmpl-13f7a3cd-8f61-4661-b59e-288f974aa375-0-9ec14055 vllm_cached=0 kvpool_cached=13312 need_to_allocate=13312 load_async=False use_layerwise=False
(EngineCore pid=125) INFO 08-12 14:12:26 [core.py:452] Iteration(1104): 1 context requests, 1024 context tokens, 0 generation requests, 0 generation tokens, iteration elapsed time: 156.03 ms
(APIServer pid=88) INFO:     10.250.202.7:38604 - "POST /v1/completions HTTP/1.1" 200 OK
(EngineCore pid=125) INFO 08-12 14:12:26 [core.py:452] Iteration(1105): 1 context requests, 1024 context tokens, 0 generation requests, 0 generation tokens, iteration elapsed time: 275.37 ms
(EngineCore pid=125) INFO 08-12 14:12:26 [core.py:452] Iteration(1106): 1 context requests, 1024 context tokens, 0 generation requests, 0 generation tokens, iteration elapsed time: 164.66 ms
(EngineCore pid=125) INFO 08-12 14:12:26 [pool_scheduler.py:663] Reqid: cmpl-1c14bf21-ea10-457c-85ee-d82c916a09f5-0-9cf91fef, Total tokens 16384, kvpool hit tokens: 13312, need to load: 13312
(EngineCore pid=125) INFO 08-12 14:12:26 [pool_scheduler.py:683] KV pool load spec created req=cmpl-1c14bf21-ea10-457c-85ee-d82c916a09f5-0-9cf91fef vllm_cached=0 kvpool_cached=13312 need_to_allocate=13312 load_async=False use_layerwise=False
(EngineCore pid=125) INFO 08-12 14:12:27 [core.py:452] Iteration(1107): 1 context requests, 1024 context tokens, 0 generation requests, 0 generation tokens, iteration elapsed time: 169.13 ms
(APIServer pid=88) INFO:     10.250.202.7:38606 - "POST /v1/completions HTTP/1.1" 200 OK
(EngineCore pid=125) INFO 08-12 14:12:27 [core.py:452] Iteration(1108): 1 context requests, 1024 context tokens, 0 generation requests, 0 generation tokens, iteration elapsed time: 285.49 ms
(EngineCore pid=125) INFO 08-12 14:12:27 [core.py:452] Iteration(1109): 1 context requests, 1024 context tokens, 0 generation requests, 0 generation tokens, iteration elapsed time: 169.35 ms
(EngineCore pid=125) INFO 08-12 14:12:27 [pool_scheduler.py:663] Reqid: cmpl-63b0789c-75c4-4431-bf64-dad9c74f4cd5-0-ac538459, Total tokens 16384, kvpool hit tokens: 13312, need to load: 13312
(EngineCore pid=125) INFO 08-12 14:12:27 [pool_scheduler.py:683] KV pool load spec created req=cmpl-63b0789c-75c4-4431-bf64-dad9c74f4cd5-0-ac538459 vllm_cached=0 kvpool_cached=13312 need_to_allocate=13312 load_async=False use_layerwise=False
(EngineCore pid=125) INFO 08-12 14:12:27 [core.py:452] Iteration(1110): 1 context requests, 1024 context tokens, 0 generation requests, 0 generation tokens, iteration elapsed time: 168.57 ms
(APIServer pid=88) INFO:     10.250.202.7:38610 - "POST /v1/completions HTTP/1.1" 200 OK
(EngineCore pid=125) INFO 08-12 14:12:27 [core.py:452] Iteration(1111): 1 context requests, 1024 context tokens, 0 generation requests, 0 generation tokens, iteration elapsed time: 278.64 ms
(APIServer pid=88) INFO:     192.168.200.27:49950 - "GET /v1/models HTTP/1.1" 200 OK
(EngineCore pid=125) INFO 08-12 14:12:28 [core.py:452] Iteration(1112): 1 context requests, 1024 context tokens, 0 generation requests, 0 generation tokens, iteration elapsed time: 168.57 ms
(EngineCore pid=125) INFO 08-12 14:12:28 [pool_scheduler.py:663] Reqid: cmpl-209e28aa-b191-4c99-b3d0-c456a17a9647-0-bb58e719, Total tokens 16384, kvpool hit tokens: 13312, need to load: 13312
(EngineCore pid=125) INFO 08-12 14:12:28 [pool_scheduler.py:683] KV pool load spec created req=cmpl-209e28aa-b191-4c99-b3d0-c456a17a9647-0-bb58e719 vllm_cached=0 kvpool_cached=13312 need_to_allocate=13312 load_async=False use_layerwise=False
(EngineCore pid=125) INFO 08-12 14:12:28 [core.py:452] Iteration(1113): 1 context requests, 1024 context tokens, 0 generation requests, 0 generation tokens, iteration elapsed time: 170.96 ms
(APIServer pid=88) INFO:     10.250.202.7:38626 - "POST /v1/completions HTTP/1.1" 200 OK
(EngineCore pid=125) INFO 08-12 14:12:28 [core.py:452] Iteration(1114): 1 context requests, 1024 context tokens, 0 generation requests, 0 generation tokens, iteration elapsed time: 298.57 ms
(EngineCore pid=125) INFO 08-12 14:12:28 [core.py:452] Iteration(1115): 1 context requests, 1024 context tokens, 0 generation requests, 0 generation tokens, iteration elapsed time: 171.90 ms
(EngineCore pid=125) INFO 08-12 14:12:28 [pool_scheduler.py:663] Reqid: cmpl-39e20410-aac4-4eaa-ba3e-39338362194c-0-8d5531df, Total tokens 16384, kvpool hit tokens: 13312, need to load: 13312
(EngineCore pid=125) INFO 08-12 14:12:28 [pool_scheduler.py:683] KV pool load spec created req=cmpl-39e20410-aac4-4eaa-ba3e-39338362194c-0-8d5531df vllm_cached=0 kvpool_cached=13312 need_to_allocate=13312 load_async=False use_layerwise=False
(EngineCore pid=125) INFO 08-12 14:12:28 [core.py:452] Iteration(1116): 1 context requests, 1024 context tokens, 0 generation requests, 0 generation tokens, iteration elapsed time: 172.55 ms
(APIServer pid=88) INFO:     10.250.202.7:38642 - "POST /v1/completions HTTP/1.1" 200 OK
(EngineCore pid=125) INFO 08-12 14:12:29 [core.py:452] Iteration(1117): 1 context requests, 1024 context tokens, 0 generation requests, 0 generation tokens, iteration elapsed time: 281.98 ms
(EngineCore pid=125) INFO 08-12 14:12:29 [core.py:452] Iteration(1118): 1 context requests, 1024 context tokens, 0 generation requests, 0 generation tokens, iteration elapsed time: 189.41 ms
(EngineCore pid=125) INFO 08-12 14:12:29 [pool_scheduler.py:663] Reqid: cmpl-d80ab8ef-47cd-4a7b-a786-dbd25a96a7c0-0-a19a813b, Total tokens 16384, kvpool hit tokens: 13312, need to load: 13312
(EngineCore pid=125) INFO 08-12 14:12:29 [pool_scheduler.py:683] KV pool load spec created req=cmpl-d80ab8ef-47cd-4a7b-a786-dbd25a96a7c0-0-a19a813b vllm_cached=0 kvpool_cached=13312 need_to_allocate=13312 load_async=False use_layerwise=False
(EngineCore pid=125) INFO 08-12 14:12:29 [core.py:452] Iteration(1119): 1 context requests, 1024 context tokens, 0 generation requests, 0 generation tokens, iteration elapsed time: 170.69 ms
(APIServer pid=88) INFO:     10.250.202.7:38652 - "POST /v1/completions HTTP/1.1" 200 OK
(EngineCore pid=125) INFO 08-12 14:12:29 [core.py:452] Iteration(1120): 1 context requests, 1024 context tokens, 0 generation requests, 0 generation tokens, iteration elapsed time: 317.52 ms
(EngineCore pid=125) INFO 08-12 14:12:30 [core.py:452] Iteration(1121): 1 context requests, 1024 context tokens, 0 generation requests, 0 generation tokens, iteration elapsed time: 164.05 ms
(EngineCore pid=125) INFO 08-12 14:12:30 [pool_scheduler.py:663] Reqid: cmpl-31970368-7fd4-4277-aaec-6c0a17fc7509-0-9ae09a74, Total tokens 16384, kvpool hit tokens: 13312, need to load: 13312
(EngineCore pid=125) INFO 08-12 14:12:30 [pool_scheduler.py:683] KV pool load spec created req=cmpl-31970368-7fd4-4277-aaec-6c0a17fc7509-0-9ae09a74 vllm_cached=0 kvpool_cached=13312 need_to_allocate=13312 load_async=False use_layerwise=False
(EngineCore pid=125) INFO 08-12 14:12:30 [core.py:452] Iteration(1122): 1 context requests, 1024 context tokens, 0 generation requests, 0 generation tokens, iteration elapsed time: 159.87 ms
(APIServer pid=88) INFO:     10.250.202.7:38584 - "POST /v1/completions HTTP/1.1" 200 OK
(EngineCore pid=125) INFO 08-12 14:12:30 [core.py:452] Iteration(1123): 1 context requests, 1024 context tokens, 0 generation requests, 0 generation tokens, iteration elapsed time: 294.46 ms
(EngineCore pid=125) INFO 08-12 14:12:30 [core.py:452] Iteration(1124): 1 context requests, 1024 context tokens, 0 generation requests, 0 generation tokens, iteration elapsed time: 289.43 ms
(EngineCore pid=125) INFO 08-12 14:12:30 [pool_scheduler.py:663] Reqid: cmpl-edb7c8c3-fb04-41c4-842b-a11fef7f7515-0-98d1b44f, Total tokens 16384, kvpool hit tokens: 13312, need to load: 13312
(EngineCore pid=125) INFO 08-12 14:12:30 [pool_scheduler.py:683] KV pool load spec created req=cmpl-edb7c8c3-fb04-41c4-842b-a11fef7f7515-0-98d1b44f vllm_cached=0 kvpool_cached=13312 need_to_allocate=13312 load_async=False use_layerwise=False
(EngineCore pid=125) INFO 08-12 14:12:31 [core.py:452] Iteration(1125): 1 context requests, 1024 context tokens, 0 generation requests, 0 generation tokens, iteration elapsed time: 167.99 ms
(APIServer pid=88) INFO:     10.250.202.7:38594 - "POST /v1/completions HTTP/1.1" 200 OK
(EngineCore pid=125) INFO 08-12 14:12:31 [core.py:452] Iteration(1126): 1 context requests, 1024 context tokens, 0 generation requests, 0 generation tokens, iteration elapsed time: 300.46 ms
(EngineCore pid=125) INFO 08-12 14:12:31 [core.py:452] Iteration(1127): 1 context requests, 1024 context tokens, 0 generation requests, 0 generation tokens, iteration elapsed time: 163.31 ms
(EngineCore pid=125) INFO 08-12 14:12:31 [pool_scheduler.py:663] Reqid: cmpl-53f094a9-0352-4d8d-8871-1be454f2673d-0-bf4623af, Total tokens 16384, kvpool hit tokens: 13312, need to load: 13312
(EngineCore pid=125) INFO 08-12 14:12:31 [pool_scheduler.py:683] KV pool load spec created req=cmpl-53f094a9-0352-4d8d-8871-1be454f2673d-0-bf4623af vllm_cached=0 kvpool_cached=13312 need_to_allocate=13312 load_async=False use_layerwise=False
(EngineCore pid=125) INFO 08-12 14:12:31 [core.py:452] Iteration(1128): 1 context requests, 1024 context tokens, 0 generation requests, 0 generation tokens, iteration elapsed time: 164.95 ms
(APIServer pid=88) INFO:     10.250.202.7:38604 - "POST /v1/completions HTTP/1.1" 200 OK
(EngineCore pid=125) INFO 08-12 14:12:32 [core.py:452] Iteration(1129): 1 context requests, 1024 context tokens, 0 generation requests, 0 generation tokens, iteration elapsed time: 322.86 ms
(EngineCore pid=125) INFO 08-12 14:12:32 [core.py:452] Iteration(1130): 1 context requests, 1024 context tokens, 0 generation requests, 0 generation tokens, iteration elapsed time: 168.11 ms
(EngineCore pid=125) INFO 08-12 14:12:32 [pool_scheduler.py:663] Reqid: cmpl-cdb8e6d9-6dd3-4bb1-9c20-ba8565e942e8-0-a785b242, Total tokens 16384, kvpool hit tokens: 13312, need to load: 13312
(EngineCore pid=125) INFO 08-12 14:12:32 [pool_scheduler.py:683] KV pool load spec created req=cmpl-cdb8e6d9-6dd3-4bb1-9c20-ba8565e942e8-0-a785b242 vllm_cached=0 kvpool_cached=13312 need_to_allocate=13312 load_async=False use_layerwise=False
(EngineCore pid=125) INFO 08-12 14:12:32 [core.py:452] Iteration(1131): 1 context requests, 1024 context tokens, 0 generation requests, 0 generation tokens, iteration elapsed time: 171.09 ms
(APIServer pid=88) INFO:     10.250.202.7:38606 - "POST /v1/completions HTTP/1.1" 200 OK
(EngineCore pid=125) INFO 08-12 14:12:32 [core.py:452] Iteration(1132): 1 context requests, 1024 context tokens, 0 generation requests, 0 generation tokens, iteration elapsed time: 315.29 ms
(EngineCore pid=125) INFO 08-12 14:12:32 [core.py:452] Iteration(1133): 1 context requests, 1024 context tokens, 0 generation requests, 0 generation tokens, iteration elapsed time: 168.73 ms
(EngineCore pid=125) INFO 08-12 14:12:32 [pool_scheduler.py:663] Reqid: cmpl-3a1204c0-c0d3-4276-ac01-8de0aba1ae58-0-964b1b95, Total tokens 16384, kvpool hit tokens: 13312, need to load: 13312
(EngineCore pid=125) INFO 08-12 14:12:32 [pool_scheduler.py:683] KV pool load spec created req=cmpl-3a1204c0-c0d3-4276-ac01-8de0aba1ae58-0-964b1b95 vllm_cached=0 kvpool_cached=13312 need_to_allocate=13312 load_async=False use_layerwise=False
(EngineCore pid=125) INFO 08-12 14:12:33 [core.py:452] Iteration(1134): 1 context requests, 1024 context tokens, 0 generation requests, 0 generation tokens, iteration elapsed time: 167.08 ms
(APIServer pid=88) INFO:     10.250.202.7:38610 - "POST /v1/completions HTTP/1.1" 200 OK
(APIServer pid=88) INFO:     192.168.200.27:49952 - "GET /v1/models HTTP/1.1" 200 OK
(EngineCore pid=125) INFO 08-12 14:12:33 [core.py:452] Iteration(1135): 1 context requests, 1024 context tokens, 0 generation requests, 0 generation tokens, iteration elapsed time: 298.17 ms
(EngineCore pid=125) INFO 08-12 14:12:33 [core.py:452] Iteration(1136): 1 context requests, 1024 context tokens, 0 generation requests, 0 generation tokens, iteration elapsed time: 162.64 ms
(EngineCore pid=125) INFO 08-12 14:12:33 [pool_scheduler.py:663] Reqid: cmpl-3db4d9f8-24ea-4f6f-b6d8-03476028328e-0-9e068561, Total tokens 16384, kvpool hit tokens: 13312, need to load: 13312
(EngineCore pid=125) INFO 08-12 14:12:33 [pool_scheduler.py:683] KV pool load spec created req=cmpl-3db4d9f8-24ea-4f6f-b6d8-03476028328e-0-9e068561 vllm_cached=0 kvpool_cached=13312 need_to_allocate=13312 load_async=False use_layerwise=False
(EngineCore pid=125) INFO 08-12 14:12:33 [core.py:452] Iteration(1137): 1 context requests, 1024 context tokens, 0 generation requests, 0 generation tokens, iteration elapsed time: 164.39 ms
(APIServer pid=88) INFO:     10.250.202.7:38626 - "POST /v1/completions HTTP/1.1" 200 OK
(EngineCore pid=125) INFO 08-12 14:12:33 [core.py:452] Iteration(1138): 1 context requests, 1024 context tokens, 0 generation requests, 0 generation tokens, iteration elapsed time: 278.33 ms
(EngineCore pid=125) INFO 08-12 14:12:34 [core.py:452] Iteration(1139): 1 context requests, 1024 context tokens, 0 generation requests, 0 generation tokens, iteration elapsed time: 167.05 ms
(EngineCore pid=125) INFO 08-12 14:12:34 [pool_scheduler.py:663] Reqid: cmpl-2f56a392-8081-4aa1-98ae-396839d4809b-0-8784d7d5, Total tokens 16384, kvpool hit tokens: 13312, need to load: 13312
(EngineCore pid=125) INFO 08-12 14:12:34 [pool_scheduler.py:683] KV pool load spec created req=cmpl-2f56a392-8081-4aa1-98ae-396839d4809b-0-8784d7d5 vllm_cached=0 kvpool_cached=13312 need_to_allocate=13312 load_async=False use_layerwise=False
(EngineCore pid=125) INFO 08-12 14:12:34 [core.py:452] Iteration(1140): 1 context requests, 1024 context tokens, 0 generation requests, 0 generation tokens, iteration elapsed time: 165.47 ms
(APIServer pid=88) INFO:     10.250.202.7:38642 - "POST /v1/completions HTTP/1.1" 200 OK
(EngineCore pid=125) INFO 08-12 14:12:34 [core.py:452] Iteration(1141): 1 context requests, 1024 context tokens, 0 generation requests, 0 generation tokens, iteration elapsed time: 339.52 ms
(EngineCore pid=125) INFO 08-12 14:12:34 [core.py:452] Iteration(1142): 1 context requests, 1024 context tokens, 0 generation requests, 0 generation tokens, iteration elapsed time: 170.73 ms
(EngineCore pid=125) INFO 08-12 14:12:34 [pool_scheduler.py:663] Reqid: cmpl-8a21824e-71aa-4f5d-b90f-de18196973ba-0-b9ca5e76, Total tokens 16384, kvpool hit tokens: 13312, need to load: 13312
(EngineCore pid=125) INFO 08-12 14:12:34 [pool_scheduler.py:683] KV pool load spec created req=cmpl-8a21824e-71aa-4f5d-b90f-de18196973ba-0-b9ca5e76 vllm_cached=0 kvpool_cached=13312 need_to_allocate=13312 load_async=False use_layerwise=False
(EngineCore pid=125) INFO 08-12 14:12:34 [core.py:452] Iteration(1143): 1 context requests, 1024 context tokens, 0 generation requests, 0 generation tokens, iteration elapsed time: 160.22 ms
(APIServer pid=88) INFO:     10.250.202.7:38652 - "POST /v1/completions HTTP/1.1" 200 OK
(EngineCore pid=125) INFO 08-12 14:12:35 [core.py:452] Iteration(1144): 1 context requests, 1024 context tokens, 0 generation requests, 0 generation tokens, iteration elapsed time: 306.22 ms
(EngineCore pid=125) INFO 08-12 14:12:35 [core.py:452] Iteration(1145): 1 context requests, 1024 context tokens, 0 generation requests, 0 generation tokens, iteration elapsed time: 159.15 ms
(EngineCore pid=125) INFO 08-12 14:12:35 [pool_scheduler.py:663] Reqid: cmpl-f8fcc230-e562-4a5f-8bf1-36fc0a009a6c-0-b22284f9, Total tokens 16384, kvpool hit tokens: 13312, need to load: 13312
(EngineCore pid=125) INFO 08-12 14:12:35 [pool_scheduler.py:683] KV pool load spec created req=cmpl-f8fcc230-e562-4a5f-8bf1-36fc0a009a6c-0-b22284f9 vllm_cached=0 kvpool_cached=13312 need_to_allocate=13312 load_async=False use_layerwise=False
(APIServer pid=88) INFO 08-12 14:12:35 [loggers.py:273] Engine 000: Avg prompt throughput: 4607.9 tokens/s, Avg generation throughput: 1.5 tokens/s, Running: 1 reqs, Waiting: 6 reqs, GPU KV cache usage: 2.6%, Prefix cache hit rate: 0.0%, External prefix cache hit rate: 39.2%
(EngineCore pid=125) INFO 08-12 14:12:35 [core.py:452] Iteration(1146): 1 context requests, 1024 context tokens, 0 generation requests, 0 generation tokens, iteration elapsed time: 160.02 ms
(APIServer pid=88) INFO:     10.250.202.7:38584 - "POST /v1/completions HTTP/1.1" 200 OK
(EngineCore pid=125) INFO 08-12 14:12:35 [core.py:452] Iteration(1147): 1 context requests, 1024 context tokens, 0 generation requests, 0 generation tokens, iteration elapsed time: 308.61 ms
(EngineCore pid=125) INFO 08-12 14:12:36 [core.py:452] Iteration(1148): 1 context requests, 1024 context tokens, 0 generation requests, 0 generation tokens, iteration elapsed time: 168.09 ms
(EngineCore pid=125) INFO 08-12 14:12:36 [pool_scheduler.py:663] Reqid: cmpl-b88ff7ab-2503-490b-a38a-7b2c12262e4a-0-ba367d70, Total tokens 16384, kvpool hit tokens: 13312, need to load: 13312
(EngineCore pid=125) INFO 08-12 14:12:36 [pool_scheduler.py:683] KV pool load spec created req=cmpl-b88ff7ab-2503-490b-a38a-7b2c12262e4a-0-ba367d70 vllm_cached=0 kvpool_cached=13312 need_to_allocate=13312 load_async=False use_layerwise=False
(EngineCore pid=125) INFO 08-12 14:12:36 [core.py:452] Iteration(1149): 1 context requests, 1024 context tokens, 0 generation requests, 0 generation tokens, iteration elapsed time: 156.75 ms
(APIServer pid=88) INFO:     10.250.202.7:38594 - "POST /v1/completions HTTP/1.1" 200 OK
(EngineCore pid=125) INFO 08-12 14:12:36 [core.py:452] Iteration(1150): 1 context requests, 1024 context tokens, 0 generation requests, 0 generation tokens, iteration elapsed time: 312.05 ms
(EngineCore pid=125) INFO 08-12 14:12:36 [core.py:452] Iteration(1151): 1 context requests, 1024 context tokens, 0 generation requests, 0 generation tokens, iteration elapsed time: 177.97 ms
(EngineCore pid=125) INFO 08-12 14:12:36 [pool_scheduler.py:663] Reqid: cmpl-1b1d9ddd-c3a9-4d30-9050-704d998b2262-0-ae12146e, Total tokens 16384, kvpool hit tokens: 13312, need to load: 13312
(EngineCore pid=125) INFO 08-12 14:12:36 [pool_scheduler.py:683] KV pool load spec created req=cmpl-1b1d9ddd-c3a9-4d30-9050-704d998b2262-0-ae12146e vllm_cached=0 kvpool_cached=13312 need_to_allocate=13312 load_async=False use_layerwise=False
(EngineCore pid=125) INFO 08-12 14:12:36 [core.py:452] Iteration(1152): 1 context requests, 1024 context tokens, 0 generation requests, 0 generation tokens, iteration elapsed time: 164.02 ms
(APIServer pid=88) INFO:     10.250.202.7:38604 - "POST /v1/completions HTTP/1.1" 200 OK
(EngineCore pid=125) INFO 08-12 14:12:37 [core.py:452] Iteration(1153): 1 context requests, 1024 context tokens, 0 generation requests, 0 generation tokens, iteration elapsed time: 284.00 ms
(EngineCore pid=125) INFO 08-12 14:12:37 [core.py:452] Iteration(1154): 1 context requests, 1024 context tokens, 0 generation requests, 0 generation tokens, iteration elapsed time: 168.10 ms
(EngineCore pid=125) INFO 08-12 14:12:37 [pool_scheduler.py:663] Reqid: cmpl-ea40954d-eebd-404f-a160-9430b94f5b01-0-9225f050, Total tokens 16384, kvpool hit tokens: 13312, need to load: 13312
(EngineCore pid=125) INFO 08-12 14:12:37 [pool_scheduler.py:683] KV pool load spec created req=cmpl-ea40954d-eebd-404f-a160-9430b94f5b01-0-9225f050 vllm_cached=0 kvpool_cached=13312 need_to_allocate=13312 load_async=False use_layerwise=False
(EngineCore pid=125) INFO 08-12 14:12:37 [core.py:452] Iteration(1155): 1 context requests, 1024 context tokens, 0 generation requests, 0 generation tokens, iteration elapsed time: 164.62 ms
(APIServer pid=88) INFO:     10.250.202.7:38606 - "POST /v1/completions HTTP/1.1" 200 OK
(EngineCore pid=125) INFO 08-12 14:12:37 [core.py:452] Iteration(1156): 1 context requests, 1024 context tokens, 0 generation requests, 0 generation tokens, iteration elapsed time: 285.56 ms
(EngineCore pid=125) INFO 08-12 14:12:37 [core.py:452] Iteration(1157): 1 context requests, 1024 context tokens, 0 generation requests, 0 generation tokens, iteration elapsed time: 166.85 ms
(EngineCore pid=125) INFO 08-12 14:12:37 [pool_scheduler.py:663] Reqid: cmpl-785d4694-8dbd-4736-930c-a708ed210bfe-0-a9bb40d1, Total tokens 16384, kvpool hit tokens: 13312, need to load: 13312
(EngineCore pid=125) INFO 08-12 14:12:37 [pool_scheduler.py:683] KV pool load spec created req=cmpl-785d4694-8dbd-4736-930c-a708ed210bfe-0-a9bb40d1 vllm_cached=0 kvpool_cached=13312 need_to_allocate=13312 load_async=False use_layerwise=False
(APIServer pid=88) INFO:     192.168.200.27:48732 - "GET /v1/models HTTP/1.1" 200 OK
(EngineCore pid=125) INFO 08-12 14:12:38 [core.py:452] Iteration(1158): 1 context requests, 1024 context tokens, 0 generation requests, 0 generation tokens, iteration elapsed time: 167.62 ms
(APIServer pid=88) INFO:     10.250.202.7:38610 - "POST /v1/completions HTTP/1.1" 200 OK
(EngineCore pid=125) INFO 08-12 14:12:38 [core.py:452] Iteration(1159): 1 context requests, 1024 context tokens, 0 generation requests, 0 generation tokens, iteration elapsed time: 283.21 ms
(EngineCore pid=125) INFO 08-12 14:12:38 [core.py:452] Iteration(1160): 1 context requests, 1024 context tokens, 0 generation requests, 0 generation tokens, iteration elapsed time: 157.91 ms
(EngineCore pid=125) INFO 08-12 14:12:38 [pool_scheduler.py:663] Reqid: cmpl-6db2cbfe-9722-4842-bdea-44ddc673e5f5-0-9f029698, Total tokens 16384, kvpool hit tokens: 13312, need to load: 13312
(EngineCore pid=125) INFO 08-12 14:12:38 [pool_scheduler.py:683] KV pool load spec created req=cmpl-6db2cbfe-9722-4842-bdea-44ddc673e5f5-0-9f029698 vllm_cached=0 kvpool_cached=13312 need_to_allocate=13312 load_async=False use_layerwise=False
(EngineCore pid=125) INFO 08-12 14:12:38 [core.py:452] Iteration(1161): 1 context requests, 1024 context tokens, 0 generation requests, 0 generation tokens, iteration elapsed time: 163.93 ms
(APIServer pid=88) INFO:     10.250.202.7:38626 - "POST /v1/completions HTTP/1.1" 200 OK
(EngineCore pid=125) INFO 08-12 14:12:39 [core.py:452] Iteration(1162): 1 context requests, 1024 context tokens, 0 generation requests, 0 generation tokens, iteration elapsed time: 294.44 ms
(EngineCore pid=125) INFO 08-12 14:12:39 [core.py:452] Iteration(1163): 1 context requests, 1024 context tokens, 0 generation requests, 0 generation tokens, iteration elapsed time: 236.53 ms
(EngineCore pid=125) INFO 08-12 14:12:39 [pool_scheduler.py:663] Reqid: cmpl-a154e69b-e4d6-4df0-a964-6c22fe8fa5f5-0-a10c7682, Total tokens 16384, kvpool hit tokens: 13312, need to load: 13312
(EngineCore pid=125) INFO 08-12 14:12:39 [pool_scheduler.py:683] KV pool load spec created req=cmpl-a154e69b-e4d6-4df0-a964-6c22fe8fa5f5-0-a10c7682 vllm_cached=0 kvpool_cached=13312 need_to_allocate=13312 load_async=False use_layerwise=False
(EngineCore pid=125) INFO 08-12 14:12:39 [core.py:452] Iteration(1164): 1 context requests, 1024 context tokens, 0 generation requests, 0 generation tokens, iteration elapsed time: 165.10 ms
(APIServer pid=88) INFO:     10.250.202.7:38642 - "POST /v1/completions HTTP/1.1" 200 OK
(EngineCore pid=125) INFO 08-12 14:12:39 [core.py:452] Iteration(1165): 1 context requests, 1024 context tokens, 0 generation requests, 0 generation tokens, iteration elapsed time: 311.41 ms
(EngineCore pid=125) INFO 08-12 14:12:39 [core.py:452] Iteration(1166): 1 context requests, 1024 context tokens, 0 generation requests, 0 generation tokens, iteration elapsed time: 159.61 ms
(EngineCore pid=125) INFO 08-12 14:12:40 [core.py:452] Iteration(1167): 1 context requests, 1024 context tokens, 0 generation requests, 0 generation tokens, iteration elapsed time: 168.31 ms
(APIServer pid=88) INFO:     10.250.202.7:38652 - "POST /v1/completions HTTP/1.1" 200 OK
(APIServer pid=88) INFO:     192.168.200.27:48748 - "GET /v1/models HTTP/1.1" 200 OK
(APIServer pid=88) INFO 08-12 14:12:45 [loggers.py:273] Engine 000: Avg prompt throughput: 2457.2 tokens/s, Avg generation throughput: 0.8 tokens/s, Running: 0 reqs, Waiting: 0 reqs, GPU KV cache usage: 0.0%, Prefix cache hit rate: 0.0%, External prefix cache hit rate: 41.6%
(APIServer pid=88) INFO:     192.168.200.27:51294 - "GET /v1/models HTTP/1.1" 200 OK
