2026-08-12T14:11:32.252527441Z
+------------------------------------------------------------------------------------------------+
| npu-smi 25.5.2                   Version: 25.5.2                                               |
+---------------------------+---------------+----------------------------------------------------+
| NPU   Name                | Health        | Power(W)    Temp(C)           Hugepages-Usage(page)|
| Chip                      | Bus-Id        | AICore(%)   Memory-Usage(MB)  HBM-Usage(MB)        |
+===========================+===============+====================================================+
| 4     910B4               | OK            | 93.7        49                0    / 0             |
| 0                         | 0000:01:00.0  | 0           0    / 0          30933/ 32768         |
+===========================+===============+====================================================+
| 5     910B4               | OK            | 91.4        46                0    / 0             |
| 0                         | 0000:02:00.0  | 0           0    / 0          30801/ 32768         |
+===========================+===============+====================================================+
+---------------------------+---------------+----------------------------------------------------+
| NPU     Chip              | Process id    | Process name             | Process memory(MB)      |
+===========================+===============+====================================================+
| 4       0                 | 125           | VLLMEngineCor            | 184                     |
| 4       0                 | 157           | VLLMWorker_TP            | 27976                   |
+===========================+===============+====================================================+
| 5       0                 | 182           | VLLMWorker_TP            | 27976                   |
+===========================+===============+====================================================+
2026-08-12T14:11:43.033257682Z
+------------------------------------------------------------------------------------------------+
| npu-smi 25.5.2                   Version: 25.5.2                                               |
+---------------------------+---------------+----------------------------------------------------+
| NPU   Name                | Health        | Power(W)    Temp(C)           Hugepages-Usage(page)|
| Chip                      | Bus-Id        | AICore(%)   Memory-Usage(MB)  HBM-Usage(MB)        |
+===========================+===============+====================================================+
| 4     910B4               | OK            | 93.4        48                0    / 0             |
| 0                         | 0000:01:00.0  | 0           0    / 0          30933/ 32768         |
+===========================+===============+====================================================+
| 5     910B4               | OK            | 91.3        46                0    / 0             |
| 0                         | 0000:02:00.0  | 0           0    / 0          30801/ 32768         |
+===========================+===============+====================================================+
+---------------------------+---------------+----------------------------------------------------+
| NPU     Chip              | Process id    | Process name             | Process memory(MB)      |
+===========================+===============+====================================================+
| 4       0                 | 125           | VLLMEngineCor            | 184                     |
| 4       0                 | 157           | VLLMWorker_TP            | 27976                   |
+===========================+===============+====================================================+
| 5       0                 | 182           | VLLMWorker_TP            | 27976                   |
+===========================+===============+====================================================+
2026-08-12T14:11:53.758800682Z
+------------------------------------------------------------------------------------------------+
| npu-smi 25.5.2                   Version: 25.5.2                                               |
+---------------------------+---------------+----------------------------------------------------+
| NPU   Name                | Health        | Power(W)    Temp(C)           Hugepages-Usage(page)|
| Chip                      | Bus-Id        | AICore(%)   Memory-Usage(MB)  HBM-Usage(MB)        |
+===========================+===============+====================================================+
| 4     910B4               | OK            | 93.0        48                0    / 0             |
| 0                         | 0000:01:00.0  | 0           0    / 0          30932/ 32768         |
+===========================+===============+====================================================+
| 5     910B4               | OK            | 91.0        45                0    / 0             |
| 0                         | 0000:02:00.0  | 0           0    / 0          30801/ 32768         |
+===========================+===============+====================================================+
+---------------------------+---------------+----------------------------------------------------+
| NPU     Chip              | Process id    | Process name             | Process memory(MB)      |
+===========================+===============+====================================================+
| 4       0                 | 125           | VLLMEngineCor            | 184                     |
| 4       0                 | 157           | VLLMWorker_TP            | 27976                   |
+===========================+===============+====================================================+
| 5       0                 | 182           | VLLMWorker_TP            | 27976                   |
+===========================+===============+====================================================+
2026-08-12T14:12:04.483024925Z
+------------------------------------------------------------------------------------------------+
| npu-smi 25.5.2                   Version: 25.5.2                                               |
+---------------------------+---------------+----------------------------------------------------+
| NPU   Name                | Health        | Power(W)    Temp(C)           Hugepages-Usage(page)|
| Chip                      | Bus-Id        | AICore(%)   Memory-Usage(MB)  HBM-Usage(MB)        |
+===========================+===============+====================================================+
| 4     910B4               | OK            | 165.0       55                0    / 0             |
| 0                         | 0000:01:00.0  | 100         0    / 0          30933/ 32768         |
+===========================+===============+====================================================+
| 5     910B4               | OK            | 154.2       51                0    / 0             |
| 0                         | 0000:02:00.0  | 73          0    / 0          30801/ 32768         |
+===========================+===============+====================================================+
+---------------------------+---------------+----------------------------------------------------+
| NPU     Chip              | Process id    | Process name             | Process memory(MB)      |
+===========================+===============+====================================================+
| 4       0                 | 125           | VLLMEngineCor            | 184                     |
| 4       0                 | 157           | VLLMWorker_TP            | 27976                   |
+===========================+===============+====================================================+
| 5       0                 | 182           | VLLMWorker_TP            | 27976                   |
+===========================+===============+====================================================+
2026-08-12T14:12:15.252722709Z
+------------------------------------------------------------------------------------------------+
| npu-smi 25.5.2                   Version: 25.5.2                                               |
+---------------------------+---------------+----------------------------------------------------+
| NPU   Name                | Health        | Power(W)    Temp(C)           Hugepages-Usage(page)|
| Chip                      | Bus-Id        | AICore(%)   Memory-Usage(MB)  HBM-Usage(MB)        |
+===========================+===============+====================================================+
| 4     910B4               | OK            | 168.6       57                0    / 0             |
| 0                         | 0000:01:00.0  | 100         0    / 0          30932/ 32768         |
+===========================+===============+====================================================+
| 5     910B4               | OK            | 136.9       48                0    / 0             |
| 0                         | 0000:02:00.0  | 2           0    / 0          30801/ 32768         |
+===========================+===============+====================================================+
+---------------------------+---------------+----------------------------------------------------+
| NPU     Chip              | Process id    | Process name             | Process memory(MB)      |
+===========================+===============+====================================================+
| 4       0                 | 125           | VLLMEngineCor            | 184                     |
| 4       0                 | 157           | VLLMWorker_TP            | 27976                   |
+===========================+===============+====================================================+
| 5       0                 | 182           | VLLMWorker_TP            | 27976                   |
+===========================+===============+====================================================+
2026-08-12T14:12:26.077034442Z
+------------------------------------------------------------------------------------------------+
| npu-smi 25.5.2                   Version: 25.5.2                                               |
+---------------------------+---------------+----------------------------------------------------+
| NPU   Name                | Health        | Power(W)    Temp(C)           Hugepages-Usage(page)|
| Chip                      | Bus-Id        | AICore(%)   Memory-Usage(MB)  HBM-Usage(MB)        |
+===========================+===============+====================================================+
| 4     910B4               | OK            | 157.5       55                0    / 0             |
| 0                         | 0000:01:00.0  | 75          0    / 0          30933/ 32768         |
+===========================+===============+====================================================+
| 5     910B4               | OK            | 123.8       48                0    / 0             |
| 0                         | 0000:02:00.0  | 0           0    / 0          30802/ 32768         |
+===========================+===============+====================================================+
+---------------------------+---------------+----------------------------------------------------+
| NPU     Chip              | Process id    | Process name             | Process memory(MB)      |
+===========================+===============+====================================================+
| 4       0                 | 125           | VLLMEngineCor            | 184                     |
| 4       0                 | 157           | VLLMWorker_TP            | 27976                   |
+===========================+===============+====================================================+
| 5       0                 | 182           | VLLMWorker_TP            | 27976                   |
+===========================+===============+====================================================+
2026-08-12T14:12:36.883938805Z
+------------------------------------------------------------------------------------------------+
| npu-smi 25.5.2                   Version: 25.5.2                                               |
+---------------------------+---------------+----------------------------------------------------+
| NPU   Name                | Health        | Power(W)    Temp(C)           Hugepages-Usage(page)|
| Chip                      | Bus-Id        | AICore(%)   Memory-Usage(MB)  HBM-Usage(MB)        |
+===========================+===============+====================================================+
| 4     910B4               | OK            | 157.2       54                0    / 0             |
| 0                         | 0000:01:00.0  | 70          0    / 0          30933/ 32768         |
+===========================+===============+====================================================+
| 5     910B4               | OK            | 154.9       52                0    / 0             |
| 0                         | 0000:02:00.0  | 91          0    / 0          30801/ 32768         |
+===========================+===============+====================================================+
+---------------------------+---------------+----------------------------------------------------+
| NPU     Chip              | Process id    | Process name             | Process memory(MB)      |
+===========================+===============+====================================================+
| 4       0                 | 125           | VLLMEngineCor            | 184                     |
| 4       0                 | 157           | VLLMWorker_TP            | 27976                   |
+===========================+===============+====================================================+
| 5       0                 | 182           | VLLMWorker_TP            | 27976                   |
+===========================+===============+====================================================+
2026-08-12T14:12:47.614296280Z
+------------------------------------------------------------------------------------------------+
| npu-smi 25.5.2                   Version: 25.5.2                                               |
+---------------------------+---------------+----------------------------------------------------+
| NPU   Name                | Health        | Power(W)    Temp(C)           Hugepages-Usage(page)|
| Chip                      | Bus-Id        | AICore(%)   Memory-Usage(MB)  HBM-Usage(MB)        |
+===========================+===============+====================================================+
| 4     910B4               | OK            | 93.8        49                0    / 0             |
| 0                         | 0000:01:00.0  | 0           0    / 0          30933/ 32768         |
+===========================+===============+====================================================+
| 5     910B4               | OK            | 91.9        47                0    / 0             |
| 0                         | 0000:02:00.0  | 0           0    / 0          30801/ 32768         |
+===========================+===============+====================================================+
+---------------------------+---------------+----------------------------------------------------+
| NPU     Chip              | Process id    | Process name             | Process memory(MB)      |
+===========================+===============+====================================================+
| 4       0                 | 125           | VLLMEngineCor            | 184                     |
| 4       0                 | 157           | VLLMWorker_TP            | 27976                   |
+===========================+===============+====================================================+
| 5       0                 | 182           | VLLMWorker_TP            | 27976                   |
+===========================+===============+====================================================+
