2026-08-09T19:06:07.868582440Z
+------------------------------------------------------------------------------------------------+
| npu-smi 25.5.2                   Version: 25.5.2                                               |
+---------------------------+---------------+----------------------------------------------------+
| NPU   Name                | Health        | Power(W)    Temp(C)           Hugepages-Usage(page)|
| Chip                      | Bus-Id        | AICore(%)   Memory-Usage(MB)  HBM-Usage(MB)        |
+===========================+===============+====================================================+
| 5     910B4               | OK            | 91.9        47                0    / 0             |
| 0                         | 0000:02:00.0  | 0           0    / 0          30691/ 32768         |
+===========================+===============+====================================================+
| 6     910B4               | OK            | 92.4        44                0    / 0             |
| 0                         | 0000:41:00.0  | 0           0    / 0          30560/ 32768         |
+===========================+===============+====================================================+
+---------------------------+---------------+----------------------------------------------------+
| NPU     Chip              | Process id    | Process name             | Process memory(MB)      |
+===========================+===============+====================================================+
| 5       0                 | 157           | VLLMWorker_TP            | 27738                   |
| 5       0                 | 125           | VLLMEngineCor            | 184                     |
+===========================+===============+====================================================+
| 6       0                 | 181           | VLLMWorker_TP            | 27738                   |
+===========================+===============+====================================================+
2026-08-09T19:06:18.618075208Z
+------------------------------------------------------------------------------------------------+
| npu-smi 25.5.2                   Version: 25.5.2                                               |
+---------------------------+---------------+----------------------------------------------------+
| NPU   Name                | Health        | Power(W)    Temp(C)           Hugepages-Usage(page)|
| Chip                      | Bus-Id        | AICore(%)   Memory-Usage(MB)  HBM-Usage(MB)        |
+===========================+===============+====================================================+
| 5     910B4               | OK            | 91.6        47                0    / 0             |
| 0                         | 0000:02:00.0  | 0           0    / 0          30691/ 32768         |
+===========================+===============+====================================================+
| 6     910B4               | OK            | 92.4        45                0    / 0             |
| 0                         | 0000:41:00.0  | 0           0    / 0          30560/ 32768         |
+===========================+===============+====================================================+
+---------------------------+---------------+----------------------------------------------------+
| NPU     Chip              | Process id    | Process name             | Process memory(MB)      |
+===========================+===============+====================================================+
| 5       0                 | 157           | VLLMWorker_TP            | 27738                   |
| 5       0                 | 125           | VLLMEngineCor            | 184                     |
+===========================+===============+====================================================+
| 6       0                 | 181           | VLLMWorker_TP            | 27738                   |
+===========================+===============+====================================================+
2026-08-09T19:06:29.365328314Z
+------------------------------------------------------------------------------------------------+
| npu-smi 25.5.2                   Version: 25.5.2                                               |
+---------------------------+---------------+----------------------------------------------------+
| NPU   Name                | Health        | Power(W)    Temp(C)           Hugepages-Usage(page)|
| Chip                      | Bus-Id        | AICore(%)   Memory-Usage(MB)  HBM-Usage(MB)        |
+===========================+===============+====================================================+
| 5     910B4               | OK            | 91.6        47                0    / 0             |
| 0                         | 0000:02:00.0  | 0           0    / 0          30691/ 32768         |
+===========================+===============+====================================================+
| 6     910B4               | OK            | 92.2        44                0    / 0             |
| 0                         | 0000:41:00.0  | 0           0    / 0          30560/ 32768         |
+===========================+===============+====================================================+
+---------------------------+---------------+----------------------------------------------------+
| NPU     Chip              | Process id    | Process name             | Process memory(MB)      |
+===========================+===============+====================================================+
| 5       0                 | 157           | VLLMWorker_TP            | 27738                   |
| 5       0                 | 125           | VLLMEngineCor            | 184                     |
+===========================+===============+====================================================+
| 6       0                 | 181           | VLLMWorker_TP            | 27738                   |
+===========================+===============+====================================================+
2026-08-09T19:06:40.129187756Z
+------------------------------------------------------------------------------------------------+
| npu-smi 25.5.2                   Version: 25.5.2                                               |
+---------------------------+---------------+----------------------------------------------------+
| NPU   Name                | Health        | Power(W)    Temp(C)           Hugepages-Usage(page)|
| Chip                      | Bus-Id        | AICore(%)   Memory-Usage(MB)  HBM-Usage(MB)        |
+===========================+===============+====================================================+
| 5     910B4               | OK            | 97.7        46                0    / 0             |
| 0                         | 0000:02:00.0  | 0           0    / 0          30692/ 32768         |
+===========================+===============+====================================================+
| 6     910B4               | OK            | 98.6        44                0    / 0             |
| 0                         | 0000:41:00.0  | 0           0    / 0          30560/ 32768         |
+===========================+===============+====================================================+
+---------------------------+---------------+----------------------------------------------------+
| NPU     Chip              | Process id    | Process name             | Process memory(MB)      |
+===========================+===============+====================================================+
| 5       0                 | 157           | VLLMWorker_TP            | 27738                   |
| 5       0                 | 125           | VLLMEngineCor            | 184                     |
+===========================+===============+====================================================+
| 6       0                 | 181           | VLLMWorker_TP            | 27738                   |
+===========================+===============+====================================================+
2026-08-09T19:06:50.903648115Z
+------------------------------------------------------------------------------------------------+
| npu-smi 25.5.2                   Version: 25.5.2                                               |
+---------------------------+---------------+----------------------------------------------------+
| NPU   Name                | Health        | Power(W)    Temp(C)           Hugepages-Usage(page)|
| Chip                      | Bus-Id        | AICore(%)   Memory-Usage(MB)  HBM-Usage(MB)        |
+===========================+===============+====================================================+
| 5     910B4               | OK            | 97.8        47                0    / 0             |
| 0                         | 0000:02:00.0  | 0           0    / 0          30692/ 32768         |
+===========================+===============+====================================================+
| 6     910B4               | OK            | 98.1        45                0    / 0             |
| 0                         | 0000:41:00.0  | 0           0    / 0          30560/ 32768         |
+===========================+===============+====================================================+
+---------------------------+---------------+----------------------------------------------------+
| NPU     Chip              | Process id    | Process name             | Process memory(MB)      |
+===========================+===============+====================================================+
| 5       0                 | 157           | VLLMWorker_TP            | 27738                   |
| 5       0                 | 125           | VLLMEngineCor            | 184                     |
+===========================+===============+====================================================+
| 6       0                 | 181           | VLLMWorker_TP            | 27738                   |
+===========================+===============+====================================================+
2026-08-09T19:07:01.643350941Z
+------------------------------------------------------------------------------------------------+
| npu-smi 25.5.2                   Version: 25.5.2                                               |
+---------------------------+---------------+----------------------------------------------------+
| NPU   Name                | Health        | Power(W)    Temp(C)           Hugepages-Usage(page)|
| Chip                      | Bus-Id        | AICore(%)   Memory-Usage(MB)  HBM-Usage(MB)        |
+===========================+===============+====================================================+
| 5     910B4               | OK            | 97.9        47                0    / 0             |
| 0                         | 0000:02:00.0  | 0           0    / 0          30691/ 32768         |
+===========================+===============+====================================================+
| 6     910B4               | OK            | 99.0        45                0    / 0             |
| 0                         | 0000:41:00.0  | 0           0    / 0          30560/ 32768         |
+===========================+===============+====================================================+
+---------------------------+---------------+----------------------------------------------------+
| NPU     Chip              | Process id    | Process name             | Process memory(MB)      |
+===========================+===============+====================================================+
| 5       0                 | 157           | VLLMWorker_TP            | 27738                   |
| 5       0                 | 125           | VLLMEngineCor            | 184                     |
+===========================+===============+====================================================+
| 6       0                 | 181           | VLLMWorker_TP            | 27738                   |
+===========================+===============+====================================================+
2026-08-09T19:07:12.435236921Z
+------------------------------------------------------------------------------------------------+
| npu-smi 25.5.2                   Version: 25.5.2                                               |
+---------------------------+---------------+----------------------------------------------------+
| NPU   Name                | Health        | Power(W)    Temp(C)           Hugepages-Usage(page)|
| Chip                      | Bus-Id        | AICore(%)   Memory-Usage(MB)  HBM-Usage(MB)        |
+===========================+===============+====================================================+
| 5     910B4               | OK            | 91.6        47                0    / 0             |
| 0                         | 0000:02:00.0  | 0           0    / 0          30691/ 32768         |
+===========================+===============+====================================================+
| 6     910B4               | OK            | 92.4        44                0    / 0             |
| 0                         | 0000:41:00.0  | 0           0    / 0          30560/ 32768         |
+===========================+===============+====================================================+
+---------------------------+---------------+----------------------------------------------------+
| NPU     Chip              | Process id    | Process name             | Process memory(MB)      |
+===========================+===============+====================================================+
| 5       0                 | 157           | VLLMWorker_TP            | 27738                   |
| 5       0                 | 125           | VLLMEngineCor            | 184                     |
+===========================+===============+====================================================+
| 6       0                 | 181           | VLLMWorker_TP            | 27738                   |
+===========================+===============+====================================================+
