2026-08-09T19:06:07.867659885Z
+------------------------------------------------------------------------------------------------+
| npu-smi 25.5.2                   Version: 25.5.2                                               |
+---------------------------+---------------+----------------------------------------------------+
| NPU   Name                | Health        | Power(W)    Temp(C)           Hugepages-Usage(page)|
| Chip                      | Bus-Id        | AICore(%)   Memory-Usage(MB)  HBM-Usage(MB)        |
+===========================+===============+====================================================+
| 2     910B4               | OK            | 90.6        43                0    / 0             |
| 0                         | 0000:81:00.0  | 0           0    / 0          30931/ 32768         |
+===========================+===============+====================================================+
| 3     910B4               | OK            | 95.3        44                0    / 0             |
| 0                         | 0000:82:00.0  | 0           0    / 0          30798/ 32768         |
+===========================+===============+====================================================+
+---------------------------+---------------+----------------------------------------------------+
| NPU     Chip              | Process id    | Process name             | Process memory(MB)      |
+===========================+===============+====================================================+
| 2       0                 | 126           | VLLMEngineCor            | 184                     |
| 2       0                 | 159           | VLLMWorker_TP            | 27976                   |
+===========================+===============+====================================================+
| 3       0                 | 183           | VLLMWorker_TP            | 27976                   |
+===========================+===============+====================================================+
2026-08-09T19:06:18.613697245Z
+------------------------------------------------------------------------------------------------+
| npu-smi 25.5.2                   Version: 25.5.2                                               |
+---------------------------+---------------+----------------------------------------------------+
| NPU   Name                | Health        | Power(W)    Temp(C)           Hugepages-Usage(page)|
| Chip                      | Bus-Id        | AICore(%)   Memory-Usage(MB)  HBM-Usage(MB)        |
+===========================+===============+====================================================+
| 2     910B4               | OK            | 90.2        43                0    / 0             |
| 0                         | 0000:81:00.0  | 0           0    / 0          30930/ 32768         |
+===========================+===============+====================================================+
| 3     910B4               | OK            | 95.0        43                0    / 0             |
| 0                         | 0000:82:00.0  | 0           0    / 0          30799/ 32768         |
+===========================+===============+====================================================+
+---------------------------+---------------+----------------------------------------------------+
| NPU     Chip              | Process id    | Process name             | Process memory(MB)      |
+===========================+===============+====================================================+
| 2       0                 | 126           | VLLMEngineCor            | 184                     |
| 2       0                 | 159           | VLLMWorker_TP            | 27976                   |
+===========================+===============+====================================================+
| 3       0                 | 183           | VLLMWorker_TP            | 27976                   |
+===========================+===============+====================================================+
2026-08-09T19:06:29.366245208Z
+------------------------------------------------------------------------------------------------+
| npu-smi 25.5.2                   Version: 25.5.2                                               |
+---------------------------+---------------+----------------------------------------------------+
| NPU   Name                | Health        | Power(W)    Temp(C)           Hugepages-Usage(page)|
| Chip                      | Bus-Id        | AICore(%)   Memory-Usage(MB)  HBM-Usage(MB)        |
+===========================+===============+====================================================+
| 2     910B4               | OK            | 90.5        42                0    / 0             |
| 0                         | 0000:81:00.0  | 0           0    / 0          30931/ 32768         |
+===========================+===============+====================================================+
| 3     910B4               | OK            | 95.2        44                0    / 0             |
| 0                         | 0000:82:00.0  | 0           0    / 0          30799/ 32768         |
+===========================+===============+====================================================+
+---------------------------+---------------+----------------------------------------------------+
| NPU     Chip              | Process id    | Process name             | Process memory(MB)      |
+===========================+===============+====================================================+
| 2       0                 | 126           | VLLMEngineCor            | 184                     |
| 2       0                 | 159           | VLLMWorker_TP            | 27976                   |
+===========================+===============+====================================================+
| 3       0                 | 183           | VLLMWorker_TP            | 27976                   |
+===========================+===============+====================================================+
2026-08-09T19:06:40.132992586Z
+------------------------------------------------------------------------------------------------+
| npu-smi 25.5.2                   Version: 25.5.2                                               |
+---------------------------+---------------+----------------------------------------------------+
| NPU   Name                | Health        | Power(W)    Temp(C)           Hugepages-Usage(page)|
| Chip                      | Bus-Id        | AICore(%)   Memory-Usage(MB)  HBM-Usage(MB)        |
+===========================+===============+====================================================+
| 2     910B4               | OK            | 121.8       44                0    / 0             |
| 0                         | 0000:81:00.0  | 70          0    / 0          30930/ 32768         |
+===========================+===============+====================================================+
| 3     910B4               | OK            | 122.3       45                0    / 0             |
| 0                         | 0000:82:00.0  | 23          0    / 0          30799/ 32768         |
+===========================+===============+====================================================+
+---------------------------+---------------+----------------------------------------------------+
| NPU     Chip              | Process id    | Process name             | Process memory(MB)      |
+===========================+===============+====================================================+
| 2       0                 | 126           | VLLMEngineCor            | 184                     |
| 2       0                 | 159           | VLLMWorker_TP            | 27976                   |
+===========================+===============+====================================================+
| 3       0                 | 183           | VLLMWorker_TP            | 27976                   |
+===========================+===============+====================================================+
2026-08-09T19:06:50.905298073Z
+------------------------------------------------------------------------------------------------+
| npu-smi 25.5.2                   Version: 25.5.2                                               |
+---------------------------+---------------+----------------------------------------------------+
| NPU   Name                | Health        | Power(W)    Temp(C)           Hugepages-Usage(page)|
| Chip                      | Bus-Id        | AICore(%)   Memory-Usage(MB)  HBM-Usage(MB)        |
+===========================+===============+====================================================+
| 2     910B4               | OK            | 136.1       47                0    / 0             |
| 0                         | 0000:81:00.0  | 100         0    / 0          30930/ 32768         |
+===========================+===============+====================================================+
| 3     910B4               | OK            | 130.1       45                0    / 0             |
| 0                         | 0000:82:00.0  | 28          0    / 0          30798/ 32768         |
+===========================+===============+====================================================+
+---------------------------+---------------+----------------------------------------------------+
| NPU     Chip              | Process id    | Process name             | Process memory(MB)      |
+===========================+===============+====================================================+
| 2       0                 | 126           | VLLMEngineCor            | 184                     |
| 2       0                 | 159           | VLLMWorker_TP            | 27976                   |
+===========================+===============+====================================================+
| 3       0                 | 183           | VLLMWorker_TP            | 27976                   |
+===========================+===============+====================================================+
2026-08-09T19:07:01.635089568Z
+------------------------------------------------------------------------------------------------+
| npu-smi 25.5.2                   Version: 25.5.2                                               |
+---------------------------+---------------+----------------------------------------------------+
| NPU   Name                | Health        | Power(W)    Temp(C)           Hugepages-Usage(page)|
| Chip                      | Bus-Id        | AICore(%)   Memory-Usage(MB)  HBM-Usage(MB)        |
+===========================+===============+====================================================+
| 2     910B4               | OK            | 128.6       45                0    / 0             |
| 0                         | 0000:81:00.0  | 83          0    / 0          30931/ 32768         |
+===========================+===============+====================================================+
| 3     910B4               | OK            | 122.5       46                0    / 0             |
| 0                         | 0000:82:00.0  | 25          0    / 0          30799/ 32768         |
+===========================+===============+====================================================+
+---------------------------+---------------+----------------------------------------------------+
| NPU     Chip              | Process id    | Process name             | Process memory(MB)      |
+===========================+===============+====================================================+
| 2       0                 | 126           | VLLMEngineCor            | 184                     |
| 2       0                 | 159           | VLLMWorker_TP            | 27976                   |
+===========================+===============+====================================================+
| 3       0                 | 183           | VLLMWorker_TP            | 27976                   |
+===========================+===============+====================================================+
2026-08-09T19:07:12.382016352Z
+------------------------------------------------------------------------------------------------+
| npu-smi 25.5.2                   Version: 25.5.2                                               |
+---------------------------+---------------+----------------------------------------------------+
| NPU   Name                | Health        | Power(W)    Temp(C)           Hugepages-Usage(page)|
| Chip                      | Bus-Id        | AICore(%)   Memory-Usage(MB)  HBM-Usage(MB)        |
+===========================+===============+====================================================+
| 2     910B4               | OK            | 90.9        43                0    / 0             |
| 0                         | 0000:81:00.0  | 0           0    / 0          30930/ 32768         |
+===========================+===============+====================================================+
| 3     910B4               | OK            | 95.6        45                0    / 0             |
| 0                         | 0000:82:00.0  | 0           0    / 0          30799/ 32768         |
+===========================+===============+====================================================+
+---------------------------+---------------+----------------------------------------------------+
| NPU     Chip              | Process id    | Process name             | Process memory(MB)      |
+===========================+===============+====================================================+
| 2       0                 | 126           | VLLMEngineCor            | 184                     |
| 2       0                 | 159           | VLLMWorker_TP            | 27976                   |
+===========================+===============+====================================================+
| 3       0                 | 183           | VLLMWorker_TP            | 27976                   |
+===========================+===============+====================================================+
