2026-08-12T10:55:38.428529907Z
+------------------------------------------------------------------------------------------------+
| npu-smi 25.5.2                   Version: 25.5.2                                               |
+---------------------------+---------------+----------------------------------------------------+
| NPU   Name                | Health        | Power(W)    Temp(C)           Hugepages-Usage(page)|
| Chip                      | Bus-Id        | AICore(%)   Memory-Usage(MB)  HBM-Usage(MB)        |
+===========================+===============+====================================================+
| 4     910B4               | OK            | 92.4        47                0    / 0             |
| 0                         | 0000:01:00.0  | 0           0    / 0          30690/ 32768         |
+===========================+===============+====================================================+
| 5     910B4               | OK            | 90.2        45                0    / 0             |
| 0                         | 0000:02:00.0  | 0           0    / 0          30559/ 32768         |
+===========================+===============+====================================================+
+---------------------------+---------------+----------------------------------------------------+
| NPU     Chip              | Process id    | Process name             | Process memory(MB)      |
+===========================+===============+====================================================+
| 4       0                 | 131           | VLLMEngineCor            | 184                     |
| 4       0                 | 171           | VLLMWorker_TP            | 27736                   |
+===========================+===============+====================================================+
| 5       0                 | 195           | VLLMWorker_TP            | 27736                   |
+===========================+===============+====================================================+
2026-08-12T10:55:49.161316540Z
+------------------------------------------------------------------------------------------------+
| npu-smi 25.5.2                   Version: 25.5.2                                               |
+---------------------------+---------------+----------------------------------------------------+
| NPU   Name                | Health        | Power(W)    Temp(C)           Hugepages-Usage(page)|
| Chip                      | Bus-Id        | AICore(%)   Memory-Usage(MB)  HBM-Usage(MB)        |
+===========================+===============+====================================================+
| 4     910B4               | OK            | 92.2        47                0    / 0             |
| 0                         | 0000:01:00.0  | 0           0    / 0          30690/ 32768         |
+===========================+===============+====================================================+
| 5     910B4               | OK            | 90.2        44                0    / 0             |
| 0                         | 0000:02:00.0  | 0           0    / 0          30559/ 32768         |
+===========================+===============+====================================================+
+---------------------------+---------------+----------------------------------------------------+
| NPU     Chip              | Process id    | Process name             | Process memory(MB)      |
+===========================+===============+====================================================+
| 4       0                 | 131           | VLLMEngineCor            | 184                     |
| 4       0                 | 171           | VLLMWorker_TP            | 27736                   |
+===========================+===============+====================================================+
| 5       0                 | 195           | VLLMWorker_TP            | 27736                   |
+===========================+===============+====================================================+
2026-08-12T10:55:59.897972563Z
+------------------------------------------------------------------------------------------------+
| npu-smi 25.5.2                   Version: 25.5.2                                               |
+---------------------------+---------------+----------------------------------------------------+
| NPU   Name                | Health        | Power(W)    Temp(C)           Hugepages-Usage(page)|
| Chip                      | Bus-Id        | AICore(%)   Memory-Usage(MB)  HBM-Usage(MB)        |
+===========================+===============+====================================================+
| 4     910B4               | OK            | 92.5        47                0    / 0             |
| 0                         | 0000:01:00.0  | 0           0    / 0          30690/ 32768         |
+===========================+===============+====================================================+
| 5     910B4               | OK            | 90.2        44                0    / 0             |
| 0                         | 0000:02:00.0  | 0           0    / 0          30559/ 32768         |
+===========================+===============+====================================================+
+---------------------------+---------------+----------------------------------------------------+
| NPU     Chip              | Process id    | Process name             | Process memory(MB)      |
+===========================+===============+====================================================+
| 4       0                 | 131           | VLLMEngineCor            | 184                     |
| 4       0                 | 171           | VLLMWorker_TP            | 27736                   |
+===========================+===============+====================================================+
| 5       0                 | 195           | VLLMWorker_TP            | 27736                   |
+===========================+===============+====================================================+
2026-08-12T10:56:10.710748357Z
+------------------------------------------------------------------------------------------------+
| npu-smi 25.5.2                   Version: 25.5.2                                               |
+---------------------------+---------------+----------------------------------------------------+
| NPU   Name                | Health        | Power(W)    Temp(C)           Hugepages-Usage(page)|
| Chip                      | Bus-Id        | AICore(%)   Memory-Usage(MB)  HBM-Usage(MB)        |
+===========================+===============+====================================================+
| 4     910B4               | OK            | 101.1       47                0    / 0             |
| 0                         | 0000:01:00.0  | 6           0    / 0          30689/ 32768         |
+===========================+===============+====================================================+
| 5     910B4               | OK            | 98.5        45                0    / 0             |
| 0                         | 0000:02:00.0  | 7           0    / 0          30559/ 32768         |
+===========================+===============+====================================================+
+---------------------------+---------------+----------------------------------------------------+
| NPU     Chip              | Process id    | Process name             | Process memory(MB)      |
+===========================+===============+====================================================+
| 4       0                 | 131           | VLLMEngineCor            | 184                     |
| 4       0                 | 171           | VLLMWorker_TP            | 27736                   |
+===========================+===============+====================================================+
| 5       0                 | 195           | VLLMWorker_TP            | 27736                   |
+===========================+===============+====================================================+
2026-08-12T10:56:21.432089031Z
+------------------------------------------------------------------------------------------------+
| npu-smi 25.5.2                   Version: 25.5.2                                               |
+---------------------------+---------------+----------------------------------------------------+
| NPU   Name                | Health        | Power(W)    Temp(C)           Hugepages-Usage(page)|
| Chip                      | Bus-Id        | AICore(%)   Memory-Usage(MB)  HBM-Usage(MB)        |
+===========================+===============+====================================================+
| 4     910B4               | OK            | 105.5       47                0    / 0             |
| 0                         | 0000:01:00.0  | 13          0    / 0          30692/ 32768         |
+===========================+===============+====================================================+
| 5     910B4               | OK            | 101.2       45                0    / 0             |
| 0                         | 0000:02:00.0  | 13          0    / 0          30561/ 32768         |
+===========================+===============+====================================================+
+---------------------------+---------------+----------------------------------------------------+
| NPU     Chip              | Process id    | Process name             | Process memory(MB)      |
+===========================+===============+====================================================+
| 4       0                 | 131           | VLLMEngineCor            | 184                     |
| 4       0                 | 171           | VLLMWorker_TP            | 27738                   |
+===========================+===============+====================================================+
| 5       0                 | 195           | VLLMWorker_TP            | 27738                   |
+===========================+===============+====================================================+
2026-08-12T10:56:32.181947612Z
+------------------------------------------------------------------------------------------------+
| npu-smi 25.5.2                   Version: 25.5.2                                               |
+---------------------------+---------------+----------------------------------------------------+
| NPU   Name                | Health        | Power(W)    Temp(C)           Hugepages-Usage(page)|
| Chip                      | Bus-Id        | AICore(%)   Memory-Usage(MB)  HBM-Usage(MB)        |
+===========================+===============+====================================================+
| 4     910B4               | OK            | 105.4       47                0    / 0             |
| 0                         | 0000:01:00.0  | 14          0    / 0          30692/ 32768         |
+===========================+===============+====================================================+
| 5     910B4               | OK            | 100.2       45                0    / 0             |
| 0                         | 0000:02:00.0  | 14          0    / 0          30561/ 32768         |
+===========================+===============+====================================================+
+---------------------------+---------------+----------------------------------------------------+
| NPU     Chip              | Process id    | Process name             | Process memory(MB)      |
+===========================+===============+====================================================+
| 4       0                 | 131           | VLLMEngineCor            | 184                     |
| 4       0                 | 171           | VLLMWorker_TP            | 27738                   |
+===========================+===============+====================================================+
| 5       0                 | 195           | VLLMWorker_TP            | 27738                   |
+===========================+===============+====================================================+
2026-08-12T10:56:42.958218048Z
+------------------------------------------------------------------------------------------------+
| npu-smi 25.5.2                   Version: 25.5.2                                               |
+---------------------------+---------------+----------------------------------------------------+
| NPU   Name                | Health        | Power(W)    Temp(C)           Hugepages-Usage(page)|
| Chip                      | Bus-Id        | AICore(%)   Memory-Usage(MB)  HBM-Usage(MB)        |
+===========================+===============+====================================================+
| 4     910B4               | OK            | 102.9       47                0    / 0             |
| 0                         | 0000:01:00.0  | 9           0    / 0          30692/ 32768         |
+===========================+===============+====================================================+
| 5     910B4               | OK            | 98.8        45                0    / 0             |
| 0                         | 0000:02:00.0  | 9           0    / 0          30561/ 32768         |
+===========================+===============+====================================================+
+---------------------------+---------------+----------------------------------------------------+
| NPU     Chip              | Process id    | Process name             | Process memory(MB)      |
+===========================+===============+====================================================+
| 4       0                 | 131           | VLLMEngineCor            | 184                     |
| 4       0                 | 171           | VLLMWorker_TP            | 27738                   |
+===========================+===============+====================================================+
| 5       0                 | 195           | VLLMWorker_TP            | 27738                   |
+===========================+===============+====================================================+
2026-08-12T10:56:53.674182016Z
+------------------------------------------------------------------------------------------------+
| npu-smi 25.5.2                   Version: 25.5.2                                               |
+---------------------------+---------------+----------------------------------------------------+
| NPU   Name                | Health        | Power(W)    Temp(C)           Hugepages-Usage(page)|
| Chip                      | Bus-Id        | AICore(%)   Memory-Usage(MB)  HBM-Usage(MB)        |
+===========================+===============+====================================================+
| 4     910B4               | OK            | 92.4        47                0    / 0             |
| 0                         | 0000:01:00.0  | 0           0    / 0          30692/ 32768         |
+===========================+===============+====================================================+
| 5     910B4               | OK            | 90.6        45                0    / 0             |
| 0                         | 0000:02:00.0  | 0           0    / 0          30561/ 32768         |
+===========================+===============+====================================================+
+---------------------------+---------------+----------------------------------------------------+
| NPU     Chip              | Process id    | Process name             | Process memory(MB)      |
+===========================+===============+====================================================+
| 4       0                 | 131           | VLLMEngineCor            | 184                     |
| 4       0                 | 171           | VLLMWorker_TP            | 27738                   |
+===========================+===============+====================================================+
| 5       0                 | 195           | VLLMWorker_TP            | 27738                   |
+===========================+===============+====================================================+
