2026-08-12T10:55:38.428075924Z
+------------------------------------------------------------------------------------------------+
| npu-smi 25.5.2                   Version: 25.5.2                                               |
+---------------------------+---------------+----------------------------------------------------+
| NPU   Name                | Health        | Power(W)    Temp(C)           Hugepages-Usage(page)|
| Chip                      | Bus-Id        | AICore(%)   Memory-Usage(MB)  HBM-Usage(MB)        |
+===========================+===============+====================================================+
| 1     910B4               | OK            | 82.6        40                0    / 0             |
| 0                         | 0000:C2:00.0  | 0           0    / 0          30931/ 32768         |
+===========================+===============+====================================================+
| 2     910B4               | OK            | 89.3        40                0    / 0             |
| 0                         | 0000:81:00.0  | 0           0    / 0          30799/ 32768         |
+===========================+===============+====================================================+
+---------------------------+---------------+----------------------------------------------------+
| NPU     Chip              | Process id    | Process name             | Process memory(MB)      |
+===========================+===============+====================================================+
| 1       0                 | 158           | VLLMWorker_TP            | 27976                   |
| 1       0                 | 126           | VLLMEngineCor            | 184                     |
+===========================+===============+====================================================+
| 2       0                 | 183           | VLLMWorker_TP            | 27976                   |
+===========================+===============+====================================================+
2026-08-12T10:55:49.172268026Z
+------------------------------------------------------------------------------------------------+
| npu-smi 25.5.2                   Version: 25.5.2                                               |
+---------------------------+---------------+----------------------------------------------------+
| NPU   Name                | Health        | Power(W)    Temp(C)           Hugepages-Usage(page)|
| Chip                      | Bus-Id        | AICore(%)   Memory-Usage(MB)  HBM-Usage(MB)        |
+===========================+===============+====================================================+
| 1     910B4               | OK            | 82.5        40                0    / 0             |
| 0                         | 0000:C2:00.0  | 0           0    / 0          30931/ 32768         |
+===========================+===============+====================================================+
| 2     910B4               | OK            | 89.3        40                0    / 0             |
| 0                         | 0000:81:00.0  | 0           0    / 0          30798/ 32768         |
+===========================+===============+====================================================+
+---------------------------+---------------+----------------------------------------------------+
| NPU     Chip              | Process id    | Process name             | Process memory(MB)      |
+===========================+===============+====================================================+
| 1       0                 | 158           | VLLMWorker_TP            | 27976                   |
| 1       0                 | 126           | VLLMEngineCor            | 184                     |
+===========================+===============+====================================================+
| 2       0                 | 183           | VLLMWorker_TP            | 27976                   |
+===========================+===============+====================================================+
2026-08-12T10:55:59.904012884Z
+------------------------------------------------------------------------------------------------+
| npu-smi 25.5.2                   Version: 25.5.2                                               |
+---------------------------+---------------+----------------------------------------------------+
| NPU   Name                | Health        | Power(W)    Temp(C)           Hugepages-Usage(page)|
| Chip                      | Bus-Id        | AICore(%)   Memory-Usage(MB)  HBM-Usage(MB)        |
+===========================+===============+====================================================+
| 1     910B4               | OK            | 82.5        40                0    / 0             |
| 0                         | 0000:C2:00.0  | 0           0    / 0          30931/ 32768         |
+===========================+===============+====================================================+
| 2     910B4               | OK            | 89.4        40                0    / 0             |
| 0                         | 0000:81:00.0  | 0           0    / 0          30798/ 32768         |
+===========================+===============+====================================================+
+---------------------------+---------------+----------------------------------------------------+
| NPU     Chip              | Process id    | Process name             | Process memory(MB)      |
+===========================+===============+====================================================+
| 1       0                 | 158           | VLLMWorker_TP            | 27976                   |
| 1       0                 | 126           | VLLMEngineCor            | 184                     |
+===========================+===============+====================================================+
| 2       0                 | 183           | VLLMWorker_TP            | 27976                   |
+===========================+===============+====================================================+
2026-08-12T10:56:10.717905093Z
+------------------------------------------------------------------------------------------------+
| npu-smi 25.5.2                   Version: 25.5.2                                               |
+---------------------------+---------------+----------------------------------------------------+
| NPU   Name                | Health        | Power(W)    Temp(C)           Hugepages-Usage(page)|
| Chip                      | Bus-Id        | AICore(%)   Memory-Usage(MB)  HBM-Usage(MB)        |
+===========================+===============+====================================================+
| 1     910B4               | OK            | 128.9       44                0    / 0             |
| 0                         | 0000:C2:00.0  | 100         0    / 0          30931/ 32768         |
+===========================+===============+====================================================+
| 2     910B4               | OK            | 142.2       45                0    / 0             |
| 0                         | 0000:81:00.0  | 100         0    / 0          30799/ 32768         |
+===========================+===============+====================================================+
+---------------------------+---------------+----------------------------------------------------+
| NPU     Chip              | Process id    | Process name             | Process memory(MB)      |
+===========================+===============+====================================================+
| 1       0                 | 158           | VLLMWorker_TP            | 27976                   |
| 1       0                 | 126           | VLLMEngineCor            | 184                     |
+===========================+===============+====================================================+
| 2       0                 | 183           | VLLMWorker_TP            | 27976                   |
+===========================+===============+====================================================+
2026-08-12T10:56:21.466728489Z
+------------------------------------------------------------------------------------------------+
| npu-smi 25.5.2                   Version: 25.5.2                                               |
+---------------------------+---------------+----------------------------------------------------+
| NPU   Name                | Health        | Power(W)    Temp(C)           Hugepages-Usage(page)|
| Chip                      | Bus-Id        | AICore(%)   Memory-Usage(MB)  HBM-Usage(MB)        |
+===========================+===============+====================================================+
| 1     910B4               | OK            | 132.6       45                0    / 0             |
| 0                         | 0000:C2:00.0  | 100         0    / 0          30931/ 32768         |
+===========================+===============+====================================================+
| 2     910B4               | OK            | 142.1       46                0    / 0             |
| 0                         | 0000:81:00.0  | 100         0    / 0          30799/ 32768         |
+===========================+===============+====================================================+
+---------------------------+---------------+----------------------------------------------------+
| NPU     Chip              | Process id    | Process name             | Process memory(MB)      |
+===========================+===============+====================================================+
| 1       0                 | 158           | VLLMWorker_TP            | 27976                   |
| 1       0                 | 126           | VLLMEngineCor            | 184                     |
+===========================+===============+====================================================+
| 2       0                 | 183           | VLLMWorker_TP            | 27976                   |
+===========================+===============+====================================================+
2026-08-12T10:56:32.225927148Z
+------------------------------------------------------------------------------------------------+
| npu-smi 25.5.2                   Version: 25.5.2                                               |
+---------------------------+---------------+----------------------------------------------------+
| NPU   Name                | Health        | Power(W)    Temp(C)           Hugepages-Usage(page)|
| Chip                      | Bus-Id        | AICore(%)   Memory-Usage(MB)  HBM-Usage(MB)        |
+===========================+===============+====================================================+
| 1     910B4               | OK            | 88.9        41                0    / 0             |
| 0                         | 0000:C2:00.0  | 0           0    / 0          30931/ 32768         |
+===========================+===============+====================================================+
| 2     910B4               | OK            | 98.2        41                0    / 0             |
| 0                         | 0000:81:00.0  | 0           0    / 0          30798/ 32768         |
+===========================+===============+====================================================+
+---------------------------+---------------+----------------------------------------------------+
| NPU     Chip              | Process id    | Process name             | Process memory(MB)      |
+===========================+===============+====================================================+
| 1       0                 | 158           | VLLMWorker_TP            | 27976                   |
| 1       0                 | 126           | VLLMEngineCor            | 184                     |
+===========================+===============+====================================================+
| 2       0                 | 183           | VLLMWorker_TP            | 27976                   |
+===========================+===============+====================================================+
2026-08-12T10:56:43.092578077Z
+------------------------------------------------------------------------------------------------+
| npu-smi 25.5.2                   Version: 25.5.2                                               |
+---------------------------+---------------+----------------------------------------------------+
| NPU   Name                | Health        | Power(W)    Temp(C)           Hugepages-Usage(page)|
| Chip                      | Bus-Id        | AICore(%)   Memory-Usage(MB)  HBM-Usage(MB)        |
+===========================+===============+====================================================+
| 1     910B4               | OK            | 83.0        41                0    / 0             |
| 0                         | 0000:C2:00.0  | 0           0    / 0          30931/ 32768         |
+===========================+===============+====================================================+
| 2     910B4               | OK            | 90.1        41                0    / 0             |
| 0                         | 0000:81:00.0  | 0           0    / 0          30799/ 32768         |
+===========================+===============+====================================================+
+---------------------------+---------------+----------------------------------------------------+
| NPU     Chip              | Process id    | Process name             | Process memory(MB)      |
+===========================+===============+====================================================+
| 1       0                 | 158           | VLLMWorker_TP            | 27976                   |
| 1       0                 | 126           | VLLMEngineCor            | 184                     |
+===========================+===============+====================================================+
| 2       0                 | 183           | VLLMWorker_TP            | 27976                   |
+===========================+===============+====================================================+
2026-08-12T10:56:53.791362646Z
+------------------------------------------------------------------------------------------------+
| npu-smi 25.5.2                   Version: 25.5.2                                               |
+---------------------------+---------------+----------------------------------------------------+
| NPU   Name                | Health        | Power(W)    Temp(C)           Hugepages-Usage(page)|
| Chip                      | Bus-Id        | AICore(%)   Memory-Usage(MB)  HBM-Usage(MB)        |
+===========================+===============+====================================================+
| 1     910B4               | OK            | 82.7        41                0    / 0             |
| 0                         | 0000:C2:00.0  | 0           0    / 0          30931/ 32768         |
+===========================+===============+====================================================+
| 2     910B4               | OK            | 89.7        40                0    / 0             |
| 0                         | 0000:81:00.0  | 0           0    / 0          30798/ 32768         |
+===========================+===============+====================================================+
+---------------------------+---------------+----------------------------------------------------+
| NPU     Chip              | Process id    | Process name             | Process memory(MB)      |
+===========================+===============+====================================================+
| 1       0                 | 158           | VLLMWorker_TP            | 27976                   |
| 1       0                 | 126           | VLLMEngineCor            | 184                     |
+===========================+===============+====================================================+
| 2       0                 | 183           | VLLMWorker_TP            | 27976                   |
+===========================+===============+====================================================+
