2026-08-09T19:03:09.221844356Z
+------------------------------------------------------------------------------------------------+
| npu-smi 25.5.2                   Version: 25.5.2                                               |
+---------------------------+---------------+----------------------------------------------------+
| NPU   Name                | Health        | Power(W)    Temp(C)           Hugepages-Usage(page)|
| Chip                      | Bus-Id        | AICore(%)   Memory-Usage(MB)  HBM-Usage(MB)        |
+===========================+===============+====================================================+
| 5     910B4               | OK            | 91.7        46                0    / 0             |
| 0                         | 0000:02:00.0  | 0           0    / 0          30689/ 32768         |
+===========================+===============+====================================================+
| 6     910B4               | OK            | 92.0        44                0    / 0             |
| 0                         | 0000:41:00.0  | 0           0    / 0          30558/ 32768         |
+===========================+===============+====================================================+
+---------------------------+---------------+----------------------------------------------------+
| NPU     Chip              | Process id    | Process name             | Process memory(MB)      |
+===========================+===============+====================================================+
| 5       0                 | 157           | VLLMWorker_TP            | 27736                   |
| 5       0                 | 125           | VLLMEngineCor            | 184                     |
+===========================+===============+====================================================+
| 6       0                 | 181           | VLLMWorker_TP            | 27736                   |
+===========================+===============+====================================================+
2026-08-09T19:03:19.961108940Z
+------------------------------------------------------------------------------------------------+
| npu-smi 25.5.2                   Version: 25.5.2                                               |
+---------------------------+---------------+----------------------------------------------------+
| NPU   Name                | Health        | Power(W)    Temp(C)           Hugepages-Usage(page)|
| Chip                      | Bus-Id        | AICore(%)   Memory-Usage(MB)  HBM-Usage(MB)        |
+===========================+===============+====================================================+
| 5     910B4               | OK            | 91.3        47                0    / 0             |
| 0                         | 0000:02:00.0  | 0           0    / 0          30690/ 32768         |
+===========================+===============+====================================================+
| 6     910B4               | OK            | 92.1        44                0    / 0             |
| 0                         | 0000:41:00.0  | 0           0    / 0          30558/ 32768         |
+===========================+===============+====================================================+
+---------------------------+---------------+----------------------------------------------------+
| NPU     Chip              | Process id    | Process name             | Process memory(MB)      |
+===========================+===============+====================================================+
| 5       0                 | 157           | VLLMWorker_TP            | 27736                   |
| 5       0                 | 125           | VLLMEngineCor            | 184                     |
+===========================+===============+====================================================+
| 6       0                 | 181           | VLLMWorker_TP            | 27736                   |
+===========================+===============+====================================================+
2026-08-09T19:03:30.723078383Z
+------------------------------------------------------------------------------------------------+
| npu-smi 25.5.2                   Version: 25.5.2                                               |
+---------------------------+---------------+----------------------------------------------------+
| NPU   Name                | Health        | Power(W)    Temp(C)           Hugepages-Usage(page)|
| Chip                      | Bus-Id        | AICore(%)   Memory-Usage(MB)  HBM-Usage(MB)        |
+===========================+===============+====================================================+
| 5     910B4               | OK            | 91.5        46                0    / 0             |
| 0                         | 0000:02:00.0  | 0           0    / 0          30690/ 32768         |
+===========================+===============+====================================================+
| 6     910B4               | OK            | 92.1        44                0    / 0             |
| 0                         | 0000:41:00.0  | 0           0    / 0          30558/ 32768         |
+===========================+===============+====================================================+
+---------------------------+---------------+----------------------------------------------------+
| NPU     Chip              | Process id    | Process name             | Process memory(MB)      |
+===========================+===============+====================================================+
| 5       0                 | 157           | VLLMWorker_TP            | 27736                   |
| 5       0                 | 125           | VLLMEngineCor            | 184                     |
+===========================+===============+====================================================+
| 6       0                 | 181           | VLLMWorker_TP            | 27736                   |
+===========================+===============+====================================================+
2026-08-09T19:03:41.432326580Z
+------------------------------------------------------------------------------------------------+
| npu-smi 25.5.2                   Version: 25.5.2                                               |
+---------------------------+---------------+----------------------------------------------------+
| NPU   Name                | Health        | Power(W)    Temp(C)           Hugepages-Usage(page)|
| Chip                      | Bus-Id        | AICore(%)   Memory-Usage(MB)  HBM-Usage(MB)        |
+===========================+===============+====================================================+
| 5     910B4               | OK            | 99.5        46                0    / 0             |
| 0                         | 0000:02:00.0  | 5           0    / 0          30689/ 32768         |
+===========================+===============+====================================================+
| 6     910B4               | OK            | 99.9        44                0    / 0             |
| 0                         | 0000:41:00.0  | 7           0    / 0          30558/ 32768         |
+===========================+===============+====================================================+
+---------------------------+---------------+----------------------------------------------------+
| NPU     Chip              | Process id    | Process name             | Process memory(MB)      |
+===========================+===============+====================================================+
| 5       0                 | 157           | VLLMWorker_TP            | 27736                   |
| 5       0                 | 125           | VLLMEngineCor            | 184                     |
+===========================+===============+====================================================+
| 6       0                 | 181           | VLLMWorker_TP            | 27736                   |
+===========================+===============+====================================================+
2026-08-09T19:03:52.190891875Z
+------------------------------------------------------------------------------------------------+
| npu-smi 25.5.2                   Version: 25.5.2                                               |
+---------------------------+---------------+----------------------------------------------------+
| NPU   Name                | Health        | Power(W)    Temp(C)           Hugepages-Usage(page)|
| Chip                      | Bus-Id        | AICore(%)   Memory-Usage(MB)  HBM-Usage(MB)        |
+===========================+===============+====================================================+
| 5     910B4               | OK            | 100.2       47                0    / 0             |
| 0                         | 0000:02:00.0  | 9           0    / 0          30691/ 32768         |
+===========================+===============+====================================================+
| 6     910B4               | OK            | 102.9       44                0    / 0             |
| 0                         | 0000:41:00.0  | 11          0    / 0          30560/ 32768         |
+===========================+===============+====================================================+
+---------------------------+---------------+----------------------------------------------------+
| NPU     Chip              | Process id    | Process name             | Process memory(MB)      |
+===========================+===============+====================================================+
| 5       0                 | 157           | VLLMWorker_TP            | 27738                   |
| 5       0                 | 125           | VLLMEngineCor            | 184                     |
+===========================+===============+====================================================+
| 6       0                 | 181           | VLLMWorker_TP            | 27738                   |
+===========================+===============+====================================================+
2026-08-09T19:04:03.005407293Z
+------------------------------------------------------------------------------------------------+
| npu-smi 25.5.2                   Version: 25.5.2                                               |
+---------------------------+---------------+----------------------------------------------------+
| NPU   Name                | Health        | Power(W)    Temp(C)           Hugepages-Usage(page)|
| Chip                      | Bus-Id        | AICore(%)   Memory-Usage(MB)  HBM-Usage(MB)        |
+===========================+===============+====================================================+
| 5     910B4               | OK            | 101.7       47                0    / 0             |
| 0                         | 0000:02:00.0  | 13          0    / 0          30691/ 32768         |
+===========================+===============+====================================================+
| 6     910B4               | OK            | 102.6       45                0    / 0             |
| 0                         | 0000:41:00.0  | 14          0    / 0          30561/ 32768         |
+===========================+===============+====================================================+
+---------------------------+---------------+----------------------------------------------------+
| NPU     Chip              | Process id    | Process name             | Process memory(MB)      |
+===========================+===============+====================================================+
| 5       0                 | 157           | VLLMWorker_TP            | 27738                   |
| 5       0                 | 125           | VLLMEngineCor            | 184                     |
+===========================+===============+====================================================+
| 6       0                 | 181           | VLLMWorker_TP            | 27738                   |
+===========================+===============+====================================================+
2026-08-09T19:04:13.744126734Z
+------------------------------------------------------------------------------------------------+
| npu-smi 25.5.2                   Version: 25.5.2                                               |
+---------------------------+---------------+----------------------------------------------------+
| NPU   Name                | Health        | Power(W)    Temp(C)           Hugepages-Usage(page)|
| Chip                      | Bus-Id        | AICore(%)   Memory-Usage(MB)  HBM-Usage(MB)        |
+===========================+===============+====================================================+
| 5     910B4               | OK            | 102.1       47                0    / 0             |
| 0                         | 0000:02:00.0  | 11          0    / 0          30691/ 32768         |
+===========================+===============+====================================================+
| 6     910B4               | OK            | 101.6       45                0    / 0             |
| 0                         | 0000:41:00.0  | 12          0    / 0          30560/ 32768         |
+===========================+===============+====================================================+
+---------------------------+---------------+----------------------------------------------------+
| NPU     Chip              | Process id    | Process name             | Process memory(MB)      |
+===========================+===============+====================================================+
| 5       0                 | 157           | VLLMWorker_TP            | 27738                   |
| 5       0                 | 125           | VLLMEngineCor            | 184                     |
+===========================+===============+====================================================+
| 6       0                 | 181           | VLLMWorker_TP            | 27738                   |
+===========================+===============+====================================================+
2026-08-09T19:04:24.536467136Z
+------------------------------------------------------------------------------------------------+
| npu-smi 25.5.2                   Version: 25.5.2                                               |
+---------------------------+---------------+----------------------------------------------------+
| NPU   Name                | Health        | Power(W)    Temp(C)           Hugepages-Usage(page)|
| Chip                      | Bus-Id        | AICore(%)   Memory-Usage(MB)  HBM-Usage(MB)        |
+===========================+===============+====================================================+
| 5     910B4               | OK            | 99.5        47                0    / 0             |
| 0                         | 0000:02:00.0  | 5           0    / 0          30692/ 32768         |
+===========================+===============+====================================================+
| 6     910B4               | OK            | 99.7        45                0    / 0             |
| 0                         | 0000:41:00.0  | 5           0    / 0          30560/ 32768         |
+===========================+===============+====================================================+
+---------------------------+---------------+----------------------------------------------------+
| NPU     Chip              | Process id    | Process name             | Process memory(MB)      |
+===========================+===============+====================================================+
| 5       0                 | 157           | VLLMWorker_TP            | 27738                   |
| 5       0                 | 125           | VLLMEngineCor            | 184                     |
+===========================+===============+====================================================+
| 6       0                 | 181           | VLLMWorker_TP            | 27738                   |
+===========================+===============+====================================================+
2026-08-09T19:04:35.273030986Z
+------------------------------------------------------------------------------------------------+
| npu-smi 25.5.2                   Version: 25.5.2                                               |
+---------------------------+---------------+----------------------------------------------------+
| NPU   Name                | Health        | Power(W)    Temp(C)           Hugepages-Usage(page)|
| Chip                      | Bus-Id        | AICore(%)   Memory-Usage(MB)  HBM-Usage(MB)        |
+===========================+===============+====================================================+
| 5     910B4               | OK            | 91.8        47                0    / 0             |
| 0                         | 0000:02:00.0  | 0           0    / 0          30692/ 32768         |
+===========================+===============+====================================================+
| 6     910B4               | OK            | 92.2        45                0    / 0             |
| 0                         | 0000:41:00.0  | 0           0    / 0          30560/ 32768         |
+===========================+===============+====================================================+
+---------------------------+---------------+----------------------------------------------------+
| NPU     Chip              | Process id    | Process name             | Process memory(MB)      |
+===========================+===============+====================================================+
| 5       0                 | 157           | VLLMWorker_TP            | 27738                   |
| 5       0                 | 125           | VLLMEngineCor            | 184                     |
+===========================+===============+====================================================+
| 6       0                 | 181           | VLLMWorker_TP            | 27738                   |
+===========================+===============+====================================================+
