2026-08-09T19:03:09.222098037Z
+------------------------------------------------------------------------------------------------+
| npu-smi 25.5.2                   Version: 25.5.2                                               |
+---------------------------+---------------+----------------------------------------------------+
| NPU   Name                | Health        | Power(W)    Temp(C)           Hugepages-Usage(page)|
| Chip                      | Bus-Id        | AICore(%)   Memory-Usage(MB)  HBM-Usage(MB)        |
+===========================+===============+====================================================+
| 2     910B4               | OK            | 90.1        42                0    / 0             |
| 0                         | 0000:81:00.0  | 0           0    / 0          30931/ 32768         |
+===========================+===============+====================================================+
| 3     910B4               | OK            | 94.9        43                0    / 0             |
| 0                         | 0000:82:00.0  | 0           0    / 0          30799/ 32768         |
+===========================+===============+====================================================+
+---------------------------+---------------+----------------------------------------------------+
| NPU     Chip              | Process id    | Process name             | Process memory(MB)      |
+===========================+===============+====================================================+
| 2       0                 | 126           | VLLMEngineCor            | 184                     |
| 2       0                 | 159           | VLLMWorker_TP            | 27976                   |
+===========================+===============+====================================================+
| 3       0                 | 183           | VLLMWorker_TP            | 27976                   |
+===========================+===============+====================================================+
2026-08-09T19:03:19.956296685Z
+------------------------------------------------------------------------------------------------+
| npu-smi 25.5.2                   Version: 25.5.2                                               |
+---------------------------+---------------+----------------------------------------------------+
| NPU   Name                | Health        | Power(W)    Temp(C)           Hugepages-Usage(page)|
| Chip                      | Bus-Id        | AICore(%)   Memory-Usage(MB)  HBM-Usage(MB)        |
+===========================+===============+====================================================+
| 2     910B4               | OK            | 90.1        42                0    / 0             |
| 0                         | 0000:81:00.0  | 0           0    / 0          30930/ 32768         |
+===========================+===============+====================================================+
| 3     910B4               | OK            | 94.7        43                0    / 0             |
| 0                         | 0000:82:00.0  | 0           0    / 0          30799/ 32768         |
+===========================+===============+====================================================+
+---------------------------+---------------+----------------------------------------------------+
| NPU     Chip              | Process id    | Process name             | Process memory(MB)      |
+===========================+===============+====================================================+
| 2       0                 | 126           | VLLMEngineCor            | 184                     |
| 2       0                 | 159           | VLLMWorker_TP            | 27976                   |
+===========================+===============+====================================================+
| 3       0                 | 183           | VLLMWorker_TP            | 27976                   |
+===========================+===============+====================================================+
2026-08-09T19:03:30.705656232Z
+------------------------------------------------------------------------------------------------+
| npu-smi 25.5.2                   Version: 25.5.2                                               |
+---------------------------+---------------+----------------------------------------------------+
| NPU   Name                | Health        | Power(W)    Temp(C)           Hugepages-Usage(page)|
| Chip                      | Bus-Id        | AICore(%)   Memory-Usage(MB)  HBM-Usage(MB)        |
+===========================+===============+====================================================+
| 2     910B4               | OK            | 90.1        43                0    / 0             |
| 0                         | 0000:81:00.0  | 0           0    / 0          30930/ 32768         |
+===========================+===============+====================================================+
| 3     910B4               | OK            | 94.7        43                0    / 0             |
| 0                         | 0000:82:00.0  | 0           0    / 0          30798/ 32768         |
+===========================+===============+====================================================+
+---------------------------+---------------+----------------------------------------------------+
| NPU     Chip              | Process id    | Process name             | Process memory(MB)      |
+===========================+===============+====================================================+
| 2       0                 | 126           | VLLMEngineCor            | 184                     |
| 2       0                 | 159           | VLLMWorker_TP            | 27976                   |
+===========================+===============+====================================================+
| 3       0                 | 183           | VLLMWorker_TP            | 27976                   |
+===========================+===============+====================================================+
2026-08-09T19:03:41.426364948Z
+------------------------------------------------------------------------------------------------+
| npu-smi 25.5.2                   Version: 25.5.2                                               |
+---------------------------+---------------+----------------------------------------------------+
| NPU   Name                | Health        | Power(W)    Temp(C)           Hugepages-Usage(page)|
| Chip                      | Bus-Id        | AICore(%)   Memory-Usage(MB)  HBM-Usage(MB)        |
+===========================+===============+====================================================+
| 2     910B4               | OK            | 126.0       44                0    / 0             |
| 0                         | 0000:81:00.0  | 89          0    / 0          30930/ 32768         |
+===========================+===============+====================================================+
| 3     910B4               | OK            | 124.5       46                0    / 0             |
| 0                         | 0000:82:00.0  | 35          0    / 0          30799/ 32768         |
+===========================+===============+====================================================+
+---------------------------+---------------+----------------------------------------------------+
| NPU     Chip              | Process id    | Process name             | Process memory(MB)      |
+===========================+===============+====================================================+
| 2       0                 | 126           | VLLMEngineCor            | 184                     |
| 2       0                 | 159           | VLLMWorker_TP            | 27976                   |
+===========================+===============+====================================================+
| 3       0                 | 183           | VLLMWorker_TP            | 27976                   |
+===========================+===============+====================================================+
2026-08-09T19:03:52.180157388Z
+------------------------------------------------------------------------------------------------+
| npu-smi 25.5.2                   Version: 25.5.2                                               |
+---------------------------+---------------+----------------------------------------------------+
| NPU   Name                | Health        | Power(W)    Temp(C)           Hugepages-Usage(page)|
| Chip                      | Bus-Id        | AICore(%)   Memory-Usage(MB)  HBM-Usage(MB)        |
+===========================+===============+====================================================+
| 2     910B4               | OK            | 133.5       47                0    / 0             |
| 0                         | 0000:81:00.0  | 100         0    / 0          30930/ 32768         |
+===========================+===============+====================================================+
| 3     910B4               | OK            | 126.6       45                0    / 0             |
| 0                         | 0000:82:00.0  | 27          0    / 0          30799/ 32768         |
+===========================+===============+====================================================+
+---------------------------+---------------+----------------------------------------------------+
| NPU     Chip              | Process id    | Process name             | Process memory(MB)      |
+===========================+===============+====================================================+
| 2       0                 | 126           | VLLMEngineCor            | 184                     |
| 2       0                 | 159           | VLLMWorker_TP            | 27976                   |
+===========================+===============+====================================================+
| 3       0                 | 183           | VLLMWorker_TP            | 27976                   |
+===========================+===============+====================================================+
2026-08-09T19:04:02.988359624Z
+------------------------------------------------------------------------------------------------+
| npu-smi 25.5.2                   Version: 25.5.2                                               |
+---------------------------+---------------+----------------------------------------------------+
| NPU   Name                | Health        | Power(W)    Temp(C)           Hugepages-Usage(page)|
| Chip                      | Bus-Id        | AICore(%)   Memory-Usage(MB)  HBM-Usage(MB)        |
+===========================+===============+====================================================+
| 2     910B4               | OK            | 122.8       46                0    / 0             |
| 0                         | 0000:81:00.0  | 73          0    / 0          30930/ 32768         |
+===========================+===============+====================================================+
| 3     910B4               | OK            | 119.0       45                0    / 0             |
| 0                         | 0000:82:00.0  | 20          0    / 0          30799/ 32768         |
+===========================+===============+====================================================+
+---------------------------+---------------+----------------------------------------------------+
| NPU     Chip              | Process id    | Process name             | Process memory(MB)      |
+===========================+===============+====================================================+
| 2       0                 | 126           | VLLMEngineCor            | 184                     |
| 2       0                 | 159           | VLLMWorker_TP            | 27976                   |
+===========================+===============+====================================================+
| 3       0                 | 183           | VLLMWorker_TP            | 27976                   |
+===========================+===============+====================================================+
2026-08-09T19:04:13.722498701Z
+------------------------------------------------------------------------------------------------+
| npu-smi 25.5.2                   Version: 25.5.2                                               |
+---------------------------+---------------+----------------------------------------------------+
| NPU   Name                | Health        | Power(W)    Temp(C)           Hugepages-Usage(page)|
| Chip                      | Bus-Id        | AICore(%)   Memory-Usage(MB)  HBM-Usage(MB)        |
+===========================+===============+====================================================+
| 2     910B4               | OK            | 91.2        43                0    / 0             |
| 0                         | 0000:81:00.0  | 0           0    / 0          30930/ 32768         |
+===========================+===============+====================================================+
| 3     910B4               | OK            | 95.7        44                0    / 0             |
| 0                         | 0000:82:00.0  | 0           0    / 0          30799/ 32768         |
+===========================+===============+====================================================+
+---------------------------+---------------+----------------------------------------------------+
| NPU     Chip              | Process id    | Process name             | Process memory(MB)      |
+===========================+===============+====================================================+
| 2       0                 | 126           | VLLMEngineCor            | 184                     |
| 2       0                 | 159           | VLLMWorker_TP            | 27976                   |
+===========================+===============+====================================================+
| 3       0                 | 183           | VLLMWorker_TP            | 27976                   |
+===========================+===============+====================================================+
2026-08-09T19:04:24.498639808Z
+------------------------------------------------------------------------------------------------+
| npu-smi 25.5.2                   Version: 25.5.2                                               |
+---------------------------+---------------+----------------------------------------------------+
| NPU   Name                | Health        | Power(W)    Temp(C)           Hugepages-Usage(page)|
| Chip                      | Bus-Id        | AICore(%)   Memory-Usage(MB)  HBM-Usage(MB)        |
+===========================+===============+====================================================+
| 2     910B4               | OK            | 90.6        43                0    / 0             |
| 0                         | 0000:81:00.0  | 0           0    / 0          30930/ 32768         |
+===========================+===============+====================================================+
| 3     910B4               | OK            | 95.4        44                0    / 0             |
| 0                         | 0000:82:00.0  | 0           0    / 0          30799/ 32768         |
+===========================+===============+====================================================+
+---------------------------+---------------+----------------------------------------------------+
| NPU     Chip              | Process id    | Process name             | Process memory(MB)      |
+===========================+===============+====================================================+
| 2       0                 | 126           | VLLMEngineCor            | 184                     |
| 2       0                 | 159           | VLLMWorker_TP            | 27976                   |
+===========================+===============+====================================================+
| 3       0                 | 183           | VLLMWorker_TP            | 27976                   |
+===========================+===============+====================================================+
2026-08-09T19:04:35.260266819Z
+------------------------------------------------------------------------------------------------+
| npu-smi 25.5.2                   Version: 25.5.2                                               |
+---------------------------+---------------+----------------------------------------------------+
| NPU   Name                | Health        | Power(W)    Temp(C)           Hugepages-Usage(page)|
| Chip                      | Bus-Id        | AICore(%)   Memory-Usage(MB)  HBM-Usage(MB)        |
+===========================+===============+====================================================+
| 2     910B4               | OK            | 90.6        43                0    / 0             |
| 0                         | 0000:81:00.0  | 0           0    / 0          30930/ 32768         |
+===========================+===============+====================================================+
| 3     910B4               | OK            | 95.2        44                0    / 0             |
| 0                         | 0000:82:00.0  | 0           0    / 0          30799/ 32768         |
+===========================+===============+====================================================+
+---------------------------+---------------+----------------------------------------------------+
| NPU     Chip              | Process id    | Process name             | Process memory(MB)      |
+===========================+===============+====================================================+
| 2       0                 | 126           | VLLMEngineCor            | 184                     |
| 2       0                 | 159           | VLLMWorker_TP            | 27976                   |
+===========================+===============+====================================================+
| 3       0                 | 183           | VLLMWorker_TP            | 27976                   |
+===========================+===============+====================================================+
