2026-08-09T18:52:49.529455224Z
+------------------------------------------------------------------------------------------------+
| npu-smi 25.5.2                   Version: 25.5.2                                               |
+---------------------------+---------------+----------------------------------------------------+
| NPU   Name                | Health        | Power(W)    Temp(C)           Hugepages-Usage(page)|
| Chip                      | Bus-Id        | AICore(%)   Memory-Usage(MB)  HBM-Usage(MB)        |
+===========================+===============+====================================================+
| 1     910B4               | OK            | 83.3        43                0    / 0             |
| 0                         | 0000:C2:00.0  | 0           0    / 0          30694/ 32768         |
+===========================+===============+====================================================+
| 7     910B4               | OK            | 88.3        44                0    / 0             |
| 0                         | 0000:42:00.0  | 0           0    / 0          30564/ 32768         |
+===========================+===============+====================================================+
+---------------------------+---------------+----------------------------------------------------+
| NPU     Chip              | Process id    | Process name             | Process memory(MB)      |
+===========================+===============+====================================================+
| 1       0                 | 157           | VLLMWorker_TP            | 27738                   |
| 1       0                 | 125           | VLLMEngineCor            | 184                     |
+===========================+===============+====================================================+
| 7       0                 | 181           | VLLMWorker_TP            | 27738                   |
+===========================+===============+====================================================+
2026-08-09T18:53:00.260427404Z
+------------------------------------------------------------------------------------------------+
| npu-smi 25.5.2                   Version: 25.5.2                                               |
+---------------------------+---------------+----------------------------------------------------+
| NPU   Name                | Health        | Power(W)    Temp(C)           Hugepages-Usage(page)|
| Chip                      | Bus-Id        | AICore(%)   Memory-Usage(MB)  HBM-Usage(MB)        |
+===========================+===============+====================================================+
| 1     910B4               | OK            | 83.4        43                0    / 0             |
| 0                         | 0000:C2:00.0  | 0           0    / 0          30694/ 32768         |
+===========================+===============+====================================================+
| 7     910B4               | OK            | 88.4        44                0    / 0             |
| 0                         | 0000:42:00.0  | 0           0    / 0          30564/ 32768         |
+===========================+===============+====================================================+
+---------------------------+---------------+----------------------------------------------------+
| NPU     Chip              | Process id    | Process name             | Process memory(MB)      |
+===========================+===============+====================================================+
| 1       0                 | 157           | VLLMWorker_TP            | 27738                   |
| 1       0                 | 125           | VLLMEngineCor            | 184                     |
+===========================+===============+====================================================+
| 7       0                 | 181           | VLLMWorker_TP            | 27738                   |
+===========================+===============+====================================================+
2026-08-09T18:53:11.053394209Z
+------------------------------------------------------------------------------------------------+
| npu-smi 25.5.2                   Version: 25.5.2                                               |
+---------------------------+---------------+----------------------------------------------------+
| NPU   Name                | Health        | Power(W)    Temp(C)           Hugepages-Usage(page)|
| Chip                      | Bus-Id        | AICore(%)   Memory-Usage(MB)  HBM-Usage(MB)        |
+===========================+===============+====================================================+
| 1     910B4               | OK            | 83.2        43                0    / 0             |
| 0                         | 0000:C2:00.0  | 0           0    / 0          30694/ 32768         |
+===========================+===============+====================================================+
| 7     910B4               | OK            | 88.4        44                0    / 0             |
| 0                         | 0000:42:00.0  | 0           0    / 0          30564/ 32768         |
+===========================+===============+====================================================+
+---------------------------+---------------+----------------------------------------------------+
| NPU     Chip              | Process id    | Process name             | Process memory(MB)      |
+===========================+===============+====================================================+
| 1       0                 | 157           | VLLMWorker_TP            | 27738                   |
| 1       0                 | 125           | VLLMEngineCor            | 184                     |
+===========================+===============+====================================================+
| 7       0                 | 181           | VLLMWorker_TP            | 27738                   |
+===========================+===============+====================================================+
2026-08-09T18:53:21.803810082Z
+------------------------------------------------------------------------------------------------+
| npu-smi 25.5.2                   Version: 25.5.2                                               |
+---------------------------+---------------+----------------------------------------------------+
| NPU   Name                | Health        | Power(W)    Temp(C)           Hugepages-Usage(page)|
| Chip                      | Bus-Id        | AICore(%)   Memory-Usage(MB)  HBM-Usage(MB)        |
+===========================+===============+====================================================+
| 1     910B4               | OK            | 89.0        43                0    / 0             |
| 0                         | 0000:C2:00.0  | 0           0    / 0          30695/ 32768         |
+===========================+===============+====================================================+
| 7     910B4               | OK            | 95.9        44                0    / 0             |
| 0                         | 0000:42:00.0  | 0           0    / 0          30564/ 32768         |
+===========================+===============+====================================================+
+---------------------------+---------------+----------------------------------------------------+
| NPU     Chip              | Process id    | Process name             | Process memory(MB)      |
+===========================+===============+====================================================+
| 1       0                 | 157           | VLLMWorker_TP            | 27738                   |
| 1       0                 | 125           | VLLMEngineCor            | 184                     |
+===========================+===============+====================================================+
| 7       0                 | 181           | VLLMWorker_TP            | 27738                   |
+===========================+===============+====================================================+
2026-08-09T18:53:32.563767674Z
+------------------------------------------------------------------------------------------------+
| npu-smi 25.5.2                   Version: 25.5.2                                               |
+---------------------------+---------------+----------------------------------------------------+
| NPU   Name                | Health        | Power(W)    Temp(C)           Hugepages-Usage(page)|
| Chip                      | Bus-Id        | AICore(%)   Memory-Usage(MB)  HBM-Usage(MB)        |
+===========================+===============+====================================================+
| 1     910B4               | OK            | 89.7        43                0    / 0             |
| 0                         | 0000:C2:00.0  | 0           0    / 0          30694/ 32768         |
+===========================+===============+====================================================+
| 7     910B4               | OK            | 95.1        44                0    / 0             |
| 0                         | 0000:42:00.0  | 0           0    / 0          30564/ 32768         |
+===========================+===============+====================================================+
+---------------------------+---------------+----------------------------------------------------+
| NPU     Chip              | Process id    | Process name             | Process memory(MB)      |
+===========================+===============+====================================================+
| 1       0                 | 157           | VLLMWorker_TP            | 27738                   |
| 1       0                 | 125           | VLLMEngineCor            | 184                     |
+===========================+===============+====================================================+
| 7       0                 | 181           | VLLMWorker_TP            | 27738                   |
+===========================+===============+====================================================+
2026-08-09T18:53:43.291707719Z
+------------------------------------------------------------------------------------------------+
| npu-smi 25.5.2                   Version: 25.5.2                                               |
+---------------------------+---------------+----------------------------------------------------+
| NPU   Name                | Health        | Power(W)    Temp(C)           Hugepages-Usage(page)|
| Chip                      | Bus-Id        | AICore(%)   Memory-Usage(MB)  HBM-Usage(MB)        |
+===========================+===============+====================================================+
| 1     910B4               | OK            | 83.4        43                0    / 0             |
| 0                         | 0000:C2:00.0  | 0           0    / 0          30694/ 32768         |
+===========================+===============+====================================================+
| 7     910B4               | OK            | 88.5        44                0    / 0             |
| 0                         | 0000:42:00.0  | 0           0    / 0          30564/ 32768         |
+===========================+===============+====================================================+
+---------------------------+---------------+----------------------------------------------------+
| NPU     Chip              | Process id    | Process name             | Process memory(MB)      |
+===========================+===============+====================================================+
| 1       0                 | 157           | VLLMWorker_TP            | 27738                   |
| 1       0                 | 125           | VLLMEngineCor            | 184                     |
+===========================+===============+====================================================+
| 7       0                 | 181           | VLLMWorker_TP            | 27738                   |
+===========================+===============+====================================================+
