2026-08-09T18:52:49.529980386Z
+------------------------------------------------------------------------------------------------+
| npu-smi 25.5.2                   Version: 25.5.2                                               |
+---------------------------+---------------+----------------------------------------------------+
| NPU   Name                | Health        | Power(W)    Temp(C)           Hugepages-Usage(page)|
| Chip                      | Bus-Id        | AICore(%)   Memory-Usage(MB)  HBM-Usage(MB)        |
+===========================+===============+====================================================+
| 5     910B4               | OK            | 92.4        47                0    / 0             |
| 0                         | 0000:02:00.0  | 0           0    / 0          30932/ 32768         |
+===========================+===============+====================================================+
| 6     910B4               | OK            | 92.7        45                0    / 0             |
| 0                         | 0000:41:00.0  | 0           0    / 0          30801/ 32768         |
+===========================+===============+====================================================+
+---------------------------+---------------+----------------------------------------------------+
| NPU     Chip              | Process id    | Process name             | Process memory(MB)      |
+===========================+===============+====================================================+
| 5       0                 | 159           | VLLMWorker_TP            | 27976                   |
| 5       0                 | 126           | VLLMEngineCor            | 184                     |
+===========================+===============+====================================================+
| 6       0                 | 184           | VLLMWorker_TP            | 27976                   |
+===========================+===============+====================================================+
2026-08-09T18:53:00.283810237Z
+------------------------------------------------------------------------------------------------+
| npu-smi 25.5.2                   Version: 25.5.2                                               |
+---------------------------+---------------+----------------------------------------------------+
| NPU   Name                | Health        | Power(W)    Temp(C)           Hugepages-Usage(page)|
| Chip                      | Bus-Id        | AICore(%)   Memory-Usage(MB)  HBM-Usage(MB)        |
+===========================+===============+====================================================+
| 5     910B4               | OK            | 92.1        48                0    / 0             |
| 0                         | 0000:02:00.0  | 0           0    / 0          30932/ 32768         |
+===========================+===============+====================================================+
| 6     910B4               | OK            | 92.3        45                0    / 0             |
| 0                         | 0000:41:00.0  | 0           0    / 0          30801/ 32768         |
+===========================+===============+====================================================+
+---------------------------+---------------+----------------------------------------------------+
| NPU     Chip              | Process id    | Process name             | Process memory(MB)      |
+===========================+===============+====================================================+
| 5       0                 | 159           | VLLMWorker_TP            | 27976                   |
| 5       0                 | 126           | VLLMEngineCor            | 184                     |
+===========================+===============+====================================================+
| 6       0                 | 184           | VLLMWorker_TP            | 27976                   |
+===========================+===============+====================================================+
2026-08-09T18:53:11.037336155Z
+------------------------------------------------------------------------------------------------+
| npu-smi 25.5.2                   Version: 25.5.2                                               |
+---------------------------+---------------+----------------------------------------------------+
| NPU   Name                | Health        | Power(W)    Temp(C)           Hugepages-Usage(page)|
| Chip                      | Bus-Id        | AICore(%)   Memory-Usage(MB)  HBM-Usage(MB)        |
+===========================+===============+====================================================+
| 5     910B4               | OK            | 91.9        47                0    / 0             |
| 0                         | 0000:02:00.0  | 0           0    / 0          30932/ 32768         |
+===========================+===============+====================================================+
| 6     910B4               | OK            | 92.3        45                0    / 0             |
| 0                         | 0000:41:00.0  | 0           0    / 0          30801/ 32768         |
+===========================+===============+====================================================+
+---------------------------+---------------+----------------------------------------------------+
| NPU     Chip              | Process id    | Process name             | Process memory(MB)      |
+===========================+===============+====================================================+
| 5       0                 | 159           | VLLMWorker_TP            | 27976                   |
| 5       0                 | 126           | VLLMEngineCor            | 184                     |
+===========================+===============+====================================================+
| 6       0                 | 184           | VLLMWorker_TP            | 27976                   |
+===========================+===============+====================================================+
2026-08-09T18:53:21.789048744Z
+------------------------------------------------------------------------------------------------+
| npu-smi 25.5.2                   Version: 25.5.2                                               |
+---------------------------+---------------+----------------------------------------------------+
| NPU   Name                | Health        | Power(W)    Temp(C)           Hugepages-Usage(page)|
| Chip                      | Bus-Id        | AICore(%)   Memory-Usage(MB)  HBM-Usage(MB)        |
+===========================+===============+====================================================+
| 5     910B4               | OK            | 133.7       49                0    / 0             |
| 0                         | 0000:02:00.0  | 60          0    / 0          30932/ 32768         |
+===========================+===============+====================================================+
| 6     910B4               | OK            | 137.2       48                0    / 0             |
| 0                         | 0000:41:00.0  | 38          0    / 0          30801/ 32768         |
+===========================+===============+====================================================+
+---------------------------+---------------+----------------------------------------------------+
| NPU     Chip              | Process id    | Process name             | Process memory(MB)      |
+===========================+===============+====================================================+
| 5       0                 | 159           | VLLMWorker_TP            | 27976                   |
| 5       0                 | 126           | VLLMEngineCor            | 184                     |
+===========================+===============+====================================================+
| 6       0                 | 184           | VLLMWorker_TP            | 27976                   |
+===========================+===============+====================================================+
2026-08-09T18:53:32.545570289Z
+------------------------------------------------------------------------------------------------+
| npu-smi 25.5.2                   Version: 25.5.2                                               |
+---------------------------+---------------+----------------------------------------------------+
| NPU   Name                | Health        | Power(W)    Temp(C)           Hugepages-Usage(page)|
| Chip                      | Bus-Id        | AICore(%)   Memory-Usage(MB)  HBM-Usage(MB)        |
+===========================+===============+====================================================+
| 5     910B4               | OK            | 144.6       51                0    / 0             |
| 0                         | 0000:02:00.0  | 76          0    / 0          30932/ 32768         |
+===========================+===============+====================================================+
| 6     910B4               | OK            | 146.6       51                0    / 0             |
| 0                         | 0000:41:00.0  | 72          0    / 0          30801/ 32768         |
+===========================+===============+====================================================+
+---------------------------+---------------+----------------------------------------------------+
| NPU     Chip              | Process id    | Process name             | Process memory(MB)      |
+===========================+===============+====================================================+
| 5       0                 | 159           | VLLMWorker_TP            | 27976                   |
| 5       0                 | 126           | VLLMEngineCor            | 184                     |
+===========================+===============+====================================================+
| 6       0                 | 184           | VLLMWorker_TP            | 27976                   |
+===========================+===============+====================================================+
2026-08-09T18:53:43.279004152Z
+------------------------------------------------------------------------------------------------+
| npu-smi 25.5.2                   Version: 25.5.2                                               |
+---------------------------+---------------+----------------------------------------------------+
| NPU   Name                | Health        | Power(W)    Temp(C)           Hugepages-Usage(page)|
| Chip                      | Bus-Id        | AICore(%)   Memory-Usage(MB)  HBM-Usage(MB)        |
+===========================+===============+====================================================+
| 5     910B4               | OK            | 92.4        48                0    / 0             |
| 0                         | 0000:02:00.0  | 0           0    / 0          30932/ 32768         |
+===========================+===============+====================================================+
| 6     910B4               | OK            | 92.7        45                0    / 0             |
| 0                         | 0000:41:00.0  | 0           0    / 0          30801/ 32768         |
+===========================+===============+====================================================+
+---------------------------+---------------+----------------------------------------------------+
| NPU     Chip              | Process id    | Process name             | Process memory(MB)      |
+===========================+===============+====================================================+
| 5       0                 | 159           | VLLMWorker_TP            | 27976                   |
| 5       0                 | 126           | VLLMEngineCor            | 184                     |
+===========================+===============+====================================================+
| 6       0                 | 184           | VLLMWorker_TP            | 27976                   |
+===========================+===============+====================================================+
