2026-08-09T18:49:18.397872499Z
+------------------------------------------------------------------------------------------------+
| npu-smi 25.5.2                   Version: 25.5.2                                               |
+---------------------------+---------------+----------------------------------------------------+
| NPU   Name                | Health        | Power(W)    Temp(C)           Hugepages-Usage(page)|
| Chip                      | Bus-Id        | AICore(%)   Memory-Usage(MB)  HBM-Usage(MB)        |
+===========================+===============+====================================================+
| 1     910B4               | OK            | 83.3        43                0    / 0             |
| 0                         | 0000:C2:00.0  | 0           0    / 0          30692/ 32768         |
+===========================+===============+====================================================+
| 7     910B4               | OK            | 88.5        44                0    / 0             |
| 0                         | 0000:42:00.0  | 0           0    / 0          30562/ 32768         |
+===========================+===============+====================================================+
+---------------------------+---------------+----------------------------------------------------+
| NPU     Chip              | Process id    | Process name             | Process memory(MB)      |
+===========================+===============+====================================================+
| 1       0                 | 157           | VLLMWorker_TP            | 27736                   |
| 1       0                 | 125           | VLLMEngineCor            | 184                     |
+===========================+===============+====================================================+
| 7       0                 | 181           | VLLMWorker_TP            | 27736                   |
+===========================+===============+====================================================+
2026-08-09T18:49:29.267863787Z
+------------------------------------------------------------------------------------------------+
| npu-smi 25.5.2                   Version: 25.5.2                                               |
+---------------------------+---------------+----------------------------------------------------+
| NPU   Name                | Health        | Power(W)    Temp(C)           Hugepages-Usage(page)|
| Chip                      | Bus-Id        | AICore(%)   Memory-Usage(MB)  HBM-Usage(MB)        |
+===========================+===============+====================================================+
| 1     910B4               | OK            | 83.3        43                0    / 0             |
| 0                         | 0000:C2:00.0  | 0           0    / 0          30692/ 32768         |
+===========================+===============+====================================================+
| 7     910B4               | OK            | 88.4        44                0    / 0             |
| 0                         | 0000:42:00.0  | 0           0    / 0          30561/ 32768         |
+===========================+===============+====================================================+
+---------------------------+---------------+----------------------------------------------------+
| NPU     Chip              | Process id    | Process name             | Process memory(MB)      |
+===========================+===============+====================================================+
| 1       0                 | 157           | VLLMWorker_TP            | 27736                   |
| 1       0                 | 125           | VLLMEngineCor            | 184                     |
+===========================+===============+====================================================+
| 7       0                 | 181           | VLLMWorker_TP            | 27736                   |
+===========================+===============+====================================================+
2026-08-09T18:49:40.130738439Z
+------------------------------------------------------------------------------------------------+
| npu-smi 25.5.2                   Version: 25.5.2                                               |
+---------------------------+---------------+----------------------------------------------------+
| NPU   Name                | Health        | Power(W)    Temp(C)           Hugepages-Usage(page)|
| Chip                      | Bus-Id        | AICore(%)   Memory-Usage(MB)  HBM-Usage(MB)        |
+===========================+===============+====================================================+
| 1     910B4               | OK            | 83.3        43                0    / 0             |
| 0                         | 0000:C2:00.0  | 0           0    / 0          30692/ 32768         |
+===========================+===============+====================================================+
| 7     910B4               | OK            | 88.6        44                0    / 0             |
| 0                         | 0000:42:00.0  | 0           0    / 0          30562/ 32768         |
+===========================+===============+====================================================+
+---------------------------+---------------+----------------------------------------------------+
| NPU     Chip              | Process id    | Process name             | Process memory(MB)      |
+===========================+===============+====================================================+
| 1       0                 | 157           | VLLMWorker_TP            | 27736                   |
| 1       0                 | 125           | VLLMEngineCor            | 184                     |
+===========================+===============+====================================================+
| 7       0                 | 181           | VLLMWorker_TP            | 27736                   |
+===========================+===============+====================================================+
2026-08-09T18:49:50.894218969Z
+------------------------------------------------------------------------------------------------+
| npu-smi 25.5.2                   Version: 25.5.2                                               |
+---------------------------+---------------+----------------------------------------------------+
| NPU   Name                | Health        | Power(W)    Temp(C)           Hugepages-Usage(page)|
| Chip                      | Bus-Id        | AICore(%)   Memory-Usage(MB)  HBM-Usage(MB)        |
+===========================+===============+====================================================+
| 1     910B4               | OK            | 93.1        43                0    / 0             |
| 0                         | 0000:C2:00.0  | 19          0    / 0          30696/ 32768         |
+===========================+===============+====================================================+
| 7     910B4               | OK            | 99.6        45                0    / 0             |
| 0                         | 0000:42:00.0  | 8           0    / 0          30566/ 32768         |
+===========================+===============+====================================================+
+---------------------------+---------------+----------------------------------------------------+
| NPU     Chip              | Process id    | Process name             | Process memory(MB)      |
+===========================+===============+====================================================+
| 1       0                 | 157           | VLLMWorker_TP            | 27738                   |
| 1       0                 | 125           | VLLMEngineCor            | 184                     |
+===========================+===============+====================================================+
| 7       0                 | 181           | VLLMWorker_TP            | 27738                   |
+===========================+===============+====================================================+
2026-08-09T18:50:01.625543262Z
+------------------------------------------------------------------------------------------------+
| npu-smi 25.5.2                   Version: 25.5.2                                               |
+---------------------------+---------------+----------------------------------------------------+
| NPU   Name                | Health        | Power(W)    Temp(C)           Hugepages-Usage(page)|
| Chip                      | Bus-Id        | AICore(%)   Memory-Usage(MB)  HBM-Usage(MB)        |
+===========================+===============+====================================================+
| 1     910B4               | OK            | 97.5        43                0    / 0             |
| 0                         | 0000:C2:00.0  | 43          0    / 0          30694/ 32768         |
+===========================+===============+====================================================+
| 7     910B4               | OK            | 99.8        46                0    / 0             |
| 0                         | 0000:42:00.0  | 18          0    / 0          30563/ 32768         |
+===========================+===============+====================================================+
+---------------------------+---------------+----------------------------------------------------+
| NPU     Chip              | Process id    | Process name             | Process memory(MB)      |
+===========================+===============+====================================================+
| 1       0                 | 157           | VLLMWorker_TP            | 27738                   |
| 1       0                 | 125           | VLLMEngineCor            | 184                     |
+===========================+===============+====================================================+
| 7       0                 | 181           | VLLMWorker_TP            | 27738                   |
+===========================+===============+====================================================+
2026-08-09T18:50:12.391647466Z
+------------------------------------------------------------------------------------------------+
| npu-smi 25.5.2                   Version: 25.5.2                                               |
+---------------------------+---------------+----------------------------------------------------+
| NPU   Name                | Health        | Power(W)    Temp(C)           Hugepages-Usage(page)|
| Chip                      | Bus-Id        | AICore(%)   Memory-Usage(MB)  HBM-Usage(MB)        |
+===========================+===============+====================================================+
| 1     910B4               | OK            | 95.8        44                0    / 0             |
| 0                         | 0000:C2:00.0  | 35          0    / 0          30694/ 32768         |
+===========================+===============+====================================================+
| 7     910B4               | OK            | 102.3       46                0    / 0             |
| 0                         | 0000:42:00.0  | 12          0    / 0          30563/ 32768         |
+===========================+===============+====================================================+
+---------------------------+---------------+----------------------------------------------------+
| NPU     Chip              | Process id    | Process name             | Process memory(MB)      |
+===========================+===============+====================================================+
| 1       0                 | 157           | VLLMWorker_TP            | 27738                   |
| 1       0                 | 125           | VLLMEngineCor            | 184                     |
+===========================+===============+====================================================+
| 7       0                 | 181           | VLLMWorker_TP            | 27738                   |
+===========================+===============+====================================================+
2026-08-09T18:50:23.134339728Z
+------------------------------------------------------------------------------------------------+
| npu-smi 25.5.2                   Version: 25.5.2                                               |
+---------------------------+---------------+----------------------------------------------------+
| NPU   Name                | Health        | Power(W)    Temp(C)           Hugepages-Usage(page)|
| Chip                      | Bus-Id        | AICore(%)   Memory-Usage(MB)  HBM-Usage(MB)        |
+===========================+===============+====================================================+
| 1     910B4               | OK            | 92.3        43                0    / 0             |
| 0                         | 0000:C2:00.0  | 11          0    / 0          30694/ 32768         |
+===========================+===============+====================================================+
| 7     910B4               | OK            | 97.3        45                0    / 0             |
| 0                         | 0000:42:00.0  | 6           0    / 0          30564/ 32768         |
+===========================+===============+====================================================+
+---------------------------+---------------+----------------------------------------------------+
| NPU     Chip              | Process id    | Process name             | Process memory(MB)      |
+===========================+===============+====================================================+
| 1       0                 | 157           | VLLMWorker_TP            | 27738                   |
| 1       0                 | 125           | VLLMEngineCor            | 184                     |
+===========================+===============+====================================================+
| 7       0                 | 181           | VLLMWorker_TP            | 27738                   |
+===========================+===============+====================================================+
