2026-08-09T18:49:18.397876879Z
+------------------------------------------------------------------------------------------------+
| npu-smi 25.5.2                   Version: 25.5.2                                               |
+---------------------------+---------------+----------------------------------------------------+
| NPU   Name                | Health        | Power(W)    Temp(C)           Hugepages-Usage(page)|
| Chip                      | Bus-Id        | AICore(%)   Memory-Usage(MB)  HBM-Usage(MB)        |
+===========================+===============+====================================================+
| 5     910B4               | OK            | 91.6        47                0    / 0             |
| 0                         | 0000:02:00.0  | 0           0    / 0          30932/ 32768         |
+===========================+===============+====================================================+
| 6     910B4               | OK            | 91.9        44                0    / 0             |
| 0                         | 0000:41:00.0  | 0           0    / 0          30801/ 32768         |
+===========================+===============+====================================================+
+---------------------------+---------------+----------------------------------------------------+
| NPU     Chip              | Process id    | Process name             | Process memory(MB)      |
+===========================+===============+====================================================+
| 5       0                 | 159           | VLLMWorker_TP            | 27976                   |
| 5       0                 | 126           | VLLMEngineCor            | 184                     |
+===========================+===============+====================================================+
| 6       0                 | 184           | VLLMWorker_TP            | 27976                   |
+===========================+===============+====================================================+
2026-08-09T18:49:29.267868097Z
+------------------------------------------------------------------------------------------------+
| npu-smi 25.5.2                   Version: 25.5.2                                               |
+---------------------------+---------------+----------------------------------------------------+
| NPU   Name                | Health        | Power(W)    Temp(C)           Hugepages-Usage(page)|
| Chip                      | Bus-Id        | AICore(%)   Memory-Usage(MB)  HBM-Usage(MB)        |
+===========================+===============+====================================================+
| 5     910B4               | OK            | 91.5        47                0    / 0             |
| 0                         | 0000:02:00.0  | 0           0    / 0          30932/ 32768         |
+===========================+===============+====================================================+
| 6     910B4               | OK            | 92.0        44                0    / 0             |
| 0                         | 0000:41:00.0  | 0           0    / 0          30801/ 32768         |
+===========================+===============+====================================================+
+---------------------------+---------------+----------------------------------------------------+
| NPU     Chip              | Process id    | Process name             | Process memory(MB)      |
+===========================+===============+====================================================+
| 5       0                 | 159           | VLLMWorker_TP            | 27976                   |
| 5       0                 | 126           | VLLMEngineCor            | 184                     |
+===========================+===============+====================================================+
| 6       0                 | 184           | VLLMWorker_TP            | 27976                   |
+===========================+===============+====================================================+
2026-08-09T18:49:40.104179369Z
+------------------------------------------------------------------------------------------------+
| npu-smi 25.5.2                   Version: 25.5.2                                               |
+---------------------------+---------------+----------------------------------------------------+
| NPU   Name                | Health        | Power(W)    Temp(C)           Hugepages-Usage(page)|
| Chip                      | Bus-Id        | AICore(%)   Memory-Usage(MB)  HBM-Usage(MB)        |
+===========================+===============+====================================================+
| 5     910B4               | OK            | 91.6        47                0    / 0             |
| 0                         | 0000:02:00.0  | 0           0    / 0          30932/ 32768         |
+===========================+===============+====================================================+
| 6     910B4               | OK            | 92.1        44                0    / 0             |
| 0                         | 0000:41:00.0  | 0           0    / 0          30801/ 32768         |
+===========================+===============+====================================================+
+---------------------------+---------------+----------------------------------------------------+
| NPU     Chip              | Process id    | Process name             | Process memory(MB)      |
+===========================+===============+====================================================+
| 5       0                 | 159           | VLLMWorker_TP            | 27976                   |
| 5       0                 | 126           | VLLMEngineCor            | 184                     |
+===========================+===============+====================================================+
| 6       0                 | 184           | VLLMWorker_TP            | 27976                   |
+===========================+===============+====================================================+
2026-08-09T18:49:50.885777655Z
+------------------------------------------------------------------------------------------------+
| npu-smi 25.5.2                   Version: 25.5.2                                               |
+---------------------------+---------------+----------------------------------------------------+
| NPU   Name                | Health        | Power(W)    Temp(C)           Hugepages-Usage(page)|
| Chip                      | Bus-Id        | AICore(%)   Memory-Usage(MB)  HBM-Usage(MB)        |
+===========================+===============+====================================================+
| 5     910B4               | OK            | 134.3       49                0    / 0             |
| 0                         | 0000:02:00.0  | 53          0    / 0          30932/ 32768         |
+===========================+===============+====================================================+
| 6     910B4               | OK            | 134.3       47                0    / 0             |
| 0                         | 0000:41:00.0  | 43          0    / 0          30801/ 32768         |
+===========================+===============+====================================================+
+---------------------------+---------------+----------------------------------------------------+
| NPU     Chip              | Process id    | Process name             | Process memory(MB)      |
+===========================+===============+====================================================+
| 5       0                 | 159           | VLLMWorker_TP            | 27976                   |
| 5       0                 | 126           | VLLMEngineCor            | 184                     |
+===========================+===============+====================================================+
| 6       0                 | 184           | VLLMWorker_TP            | 27976                   |
+===========================+===============+====================================================+
2026-08-09T18:50:01.629645943Z
+------------------------------------------------------------------------------------------------+
| npu-smi 25.5.2                   Version: 25.5.2                                               |
+---------------------------+---------------+----------------------------------------------------+
| NPU   Name                | Health        | Power(W)    Temp(C)           Hugepages-Usage(page)|
| Chip                      | Bus-Id        | AICore(%)   Memory-Usage(MB)  HBM-Usage(MB)        |
+===========================+===============+====================================================+
| 5     910B4               | OK            | 124.7       49                0    / 0             |
| 0                         | 0000:02:00.0  | 35          0    / 0          30932/ 32768         |
+===========================+===============+====================================================+
| 6     910B4               | OK            | 136.8       48                0    / 0             |
| 0                         | 0000:41:00.0  | 48          0    / 0          30801/ 32768         |
+===========================+===============+====================================================+
+---------------------------+---------------+----------------------------------------------------+
| NPU     Chip              | Process id    | Process name             | Process memory(MB)      |
+===========================+===============+====================================================+
| 5       0                 | 159           | VLLMWorker_TP            | 27976                   |
| 5       0                 | 126           | VLLMEngineCor            | 184                     |
+===========================+===============+====================================================+
| 6       0                 | 184           | VLLMWorker_TP            | 27976                   |
+===========================+===============+====================================================+
2026-08-09T18:50:12.391650246Z
+------------------------------------------------------------------------------------------------+
| npu-smi 25.5.2                   Version: 25.5.2                                               |
+---------------------------+---------------+----------------------------------------------------+
| NPU   Name                | Health        | Power(W)    Temp(C)           Hugepages-Usage(page)|
| Chip                      | Bus-Id        | AICore(%)   Memory-Usage(MB)  HBM-Usage(MB)        |
+===========================+===============+====================================================+
| 5     910B4               | OK            | 92.2        48                0    / 0             |
| 0                         | 0000:02:00.0  | 0           0    / 0          30932/ 32768         |
+===========================+===============+====================================================+
| 6     910B4               | OK            | 92.6        46                0    / 0             |
| 0                         | 0000:41:00.0  | 0           0    / 0          30801/ 32768         |
+===========================+===============+====================================================+
+---------------------------+---------------+----------------------------------------------------+
| NPU     Chip              | Process id    | Process name             | Process memory(MB)      |
+===========================+===============+====================================================+
| 5       0                 | 159           | VLLMWorker_TP            | 27976                   |
| 5       0                 | 126           | VLLMEngineCor            | 184                     |
+===========================+===============+====================================================+
| 6       0                 | 184           | VLLMWorker_TP            | 27976                   |
+===========================+===============+====================================================+
2026-08-09T18:50:23.130850920Z
+------------------------------------------------------------------------------------------------+
| npu-smi 25.5.2                   Version: 25.5.2                                               |
+---------------------------+---------------+----------------------------------------------------+
| NPU   Name                | Health        | Power(W)    Temp(C)           Hugepages-Usage(page)|
| Chip                      | Bus-Id        | AICore(%)   Memory-Usage(MB)  HBM-Usage(MB)        |
+===========================+===============+====================================================+
| 5     910B4               | OK            | 92.1        47                0    / 0             |
| 0                         | 0000:02:00.0  | 0           0    / 0          30932/ 32768         |
+===========================+===============+====================================================+
| 6     910B4               | OK            | 92.5        45                0    / 0             |
| 0                         | 0000:41:00.0  | 0           0    / 0          30801/ 32768         |
+===========================+===============+====================================================+
+---------------------------+---------------+----------------------------------------------------+
| NPU     Chip              | Process id    | Process name             | Process memory(MB)      |
+===========================+===============+====================================================+
| 5       0                 | 159           | VLLMWorker_TP            | 27976                   |
| 5       0                 | 126           | VLLMEngineCor            | 184                     |
+===========================+===============+====================================================+
| 6       0                 | 184           | VLLMWorker_TP            | 27976                   |
+===========================+===============+====================================================+
